Archive member included because of file (symbol)

c:/devkitPro/libnds/lib\libmm9.a(mm_comms.o)
                              ClassDefinitions.o (mmStart)
c:/devkitPro/libnds/lib\libmm9.a(mm_main9.o)
                              c:/devkitPro/libnds/lib\libmm9.a(mm_comms.o) (mmCallback)
c:/devkitPro/libnds/lib\libmm9.a(mm_memory.o)
                              ClassDefinitions.o (mmLoad)
c:/devkitPro/libnds/lib\libmm9.a(mm_soundbank.o)
                              c:/devkitPro/libnds/lib\libmm9.a(mm_main9.o) (mmSoundBankInMemory)
c:/devkitPro/libnds/lib\libmm9.a(mm_flusher.o)
                              c:/devkitPro/libnds/lib\libmm9.a(mm_memory.o) (mmFlushBank)
c:/devkitPro/libnds/lib\libnds9.a(background.o)
                              ClassDefinitions.o (bgUpdate)
c:/devkitPro/libnds/lib\libnds9.a(keys.o)
                              ClassDefinitions.o (scanKeys)
c:/devkitPro/libnds/lib\libnds9.a(sassert.o)
                              ClassDefinitions.o (__sassert)
c:/devkitPro/libnds/lib\libnds9.a(sprite.o)
                              ClassDefinitions.o (oamInit)
c:/devkitPro/libnds/lib\libnds9.a(sprite_alloc.o)
                              c:/devkitPro/libnds/lib\libnds9.a(sprite.o) (oamAllocReset)
c:/devkitPro/libnds/lib\libnds9.a(touch.o)
                              ClassDefinitions.o (touchRead)
c:/devkitPro/libnds/lib\libnds9.a(trig.o)
                              c:/devkitPro/libnds/lib\libnds9.a(background.o) (sinLerp)
c:/devkitPro/libnds/lib\libnds9.a(initSystem.o)
                              c:/devkitpro/devkitarm/bin/../lib/gcc/arm-none-eabi/4.7.1/../../../../arm-none-eabi/lib/thumb/ds_arm9_crt0.o (initSystem)
c:/devkitPro/libnds/lib\libnds9.a(fifosystem.o)
                              c:/devkitPro/libnds/lib\libnds9.a(initSystem.o) (fifoSendValue32)
c:/devkitPro/libnds/lib\libnds9.a(interrupts.o)
                              c:/devkitPro/libnds/lib\libnds9.a(fifosystem.o) (irqSet)
c:/devkitPro/libnds/lib\libnds9.a(libnds_exit.arm.o)
                              c:/devkitpro/devkitarm/bin/../lib/gcc/arm-none-eabi/4.7.1/../../../../arm-none-eabi/lib/thumb/ds_arm9_crt0.o (__libnds_exit)
c:/devkitPro/libnds/lib\libnds9.a(dcache.o)
                              c:/devkitPro/libnds/lib\libnds9.a(sprite.o) (DC_FlushRange)
c:/devkitPro/libnds/lib\libnds9.a(mpu_setup.o)
                              c:/devkitpro/devkitarm/bin/../lib/gcc/arm-none-eabi/4.7.1/../../../../arm-none-eabi/lib/thumb/ds_arm9_crt0.o (__libnds_mpu_setup)
c:/devkitPro/libnds/lib\libnds9.a(biosCalls.o)
                              c:/devkitPro/libnds/lib\libnds9.a(fifosystem.o) (swiIntrWait)
c:/devkitPro/libnds/lib\libnds9.a(interruptDispatcher.o)
                              c:/devkitPro/libnds/lib\libnds9.a(interrupts.o) (IntrMain)
c:/devkitPro/libnds/lib\libnds9.a(swiSoftReset.o)
                              c:/devkitPro/libnds/lib\libnds9.a(fifosystem.o) (swiSoftReset)
c:/devkitPro/libnds/lib\libnds9.a(console.o)
                              c:/devkitPro/libnds/lib\libnds9.a(sassert.o) (consoleDemoInit)
c:/devkitPro/libnds/lib\libnds9.a(system.o)
                              c:/devkitPro/libnds/lib\libnds9.a(initSystem.o) (systemMsgHandler)
c:/devkitPro/libnds/lib\libnds9.a(video.o)
                              c:/devkitPro/libnds/lib\libnds9.a(initSystem.o) (vramDefault)
c:/devkitPro/libnds/lib\libnds9.a(debugprint.o)
                              c:/devkitPro/libnds/lib\libnds9.a(console.o) (nocashWrite)
c:/devkitPro/libnds/lib\libnds9.a(default_font.bin.o)
                              c:/devkitPro/libnds/lib\libnds9.a(console.o) (default_font_bin)
c:/devkitpro/devkitarm/bin/../lib/gcc/arm-none-eabi/4.7.1/../../../../arm-none-eabi/lib/thumb\libstdc++.a(new_op.o)
                              Blocks.o (operator new(unsigned int))
c:/devkitpro/devkitarm/bin/../lib/gcc/arm-none-eabi/4.7.1/../../../../arm-none-eabi/lib/thumb\libstdc++.a(eh_call.o)
                              c:/devkitpro/devkitarm/bin/../lib/gcc/arm-none-eabi/4.7.1/../../../../arm-none-eabi/lib/thumb\libstdc++.a(new_op.o) (__cxa_call_unexpected)
c:/devkitpro/devkitarm/bin/../lib/gcc/arm-none-eabi/4.7.1/../../../../arm-none-eabi/lib/thumb\libstdc++.a(eh_personality.o)
                              c:/devkitpro/devkitarm/bin/../lib/gcc/arm-none-eabi/4.7.1/../../../../arm-none-eabi/lib/thumb\libstdc++.a(new_op.o) (__gxx_personality_v0)
c:/devkitpro/devkitarm/bin/../lib/gcc/arm-none-eabi/4.7.1/../../../../arm-none-eabi/lib/thumb\libstdc++.a(del_op.o)
                              ClassDefinitions.o (operator delete(void*))
c:/devkitpro/devkitarm/bin/../lib/gcc/arm-none-eabi/4.7.1/../../../../arm-none-eabi/lib/thumb\libstdc++.a(eh_terminate.o)
                              c:/devkitpro/devkitarm/bin/../lib/gcc/arm-none-eabi/4.7.1/../../../../arm-none-eabi/lib/thumb\libstdc++.a(eh_call.o) (__cxxabiv1::__terminate(void (*)()))
[...]
Memory Configuration

Name             Origin             Length             Attributes
rom              0x08000000         0x02000000
ewram            0x02000000         0x003ff000
dtcm             0x0b000000         0x00004000
vectors          0x01000000         0x00000100
itcm             0x01000100         0x00007f00
*default*        0x00000000         0xffffffff

Linker script and memory map

                0x01000000                __vectors_start = ORIGIN (vectors)
                0x01000100                __itcm_start = ORIGIN (itcm)
                0x023ff000                __ewram_end = (ORIGIN (ewram) + 0x3ff000)
                0x023ff000                __eheap_end = (ORIGIN (ewram) + 0x3ff000)
                0x0b000000                __dtcm_start = ORIGIN (dtcm)
                0x0b004000                __dtcm_top = (ORIGIN (dtcm) + 0x4000)
                0x0b003ff8                __irq_flags = (__dtcm_top - 0x8)
                0x0b003ffc                __irq_vector = (__dtcm_top - 0x4)
                0x0b003f00                __sp_svc = (__dtcm_top - 0x100)
                0x0b003e00                __sp_irq = (__sp_svc - 0x100)
                0x0b003d00                __sp_usr = (__sp_irq - 0x100)

.init           0x02000000      0x23c
                0x02000000                __text_start = .
 *(.init)
 .init          0x02000000      0x230 c:/devkitpro/devkitarm/bin/../lib/gcc/arm-none-eabi/4.7.1/../../../../arm-none-eabi/lib/thumb/ds_arm9_crt0.o
                0x02000000                _start
 .init          0x02000230        0x4 c:/devkitpro/devkitarm/bin/../lib/gcc/arm-none-eabi/4.7.1/thumb/crti.o
                0x02000230                _init
 .init          0x02000234        0x8 c:/devkitpro/devkitarm/bin/../lib/gcc/arm-none-eabi/4.7.1/thumb/crtn.o
                0x0200023c                . = ALIGN (0x4)

.plt
 *(.plt)

.text           0x02000240    0x19428
 *(EXCLUDE_FILE(*.itcm*) .text)
 .text          0x02000240        0x0 c:/devkitpro/devkitarm/bin/../lib/gcc/arm-none-eabi/4.7.1/../../../../arm-none-eabi/lib/thumb/ds_arm9_crt0.o
 .text          0x02000240        0x0 c:/devkitpro/devkitarm/bin/../lib/gcc/arm-none-eabi/4.7.1/thumb/crti.o
 .text          0x02000240       0xd0 c:/devkitpro/devkitarm/bin/../lib/gcc/arm-none-eabi/4.7.1/thumb/crtbegin.o
 .text          0x02000310        0x0 soundbank.bin.o
 .text          0x02000310      0x2a8 Blocks.o
                0x02000310                Triggerable::trigger(bool)
                0x02000320                Actuator::trigger(bool)
                0x02000368                Plate::tick()
                0x020003a8                Door::useOn(Item*, Entity*)
                0x02000404                Wall::Wall()
                0x02000404                Wall::Wall()
                0x02000424                Floor::Floor()
                0x02000424                Floor::Floor()
                0x02000440                Door::Door()
                0x02000440                Door::Door()
                0x02000468                Door::linkToBlock(int, int)
                0x02000498                Door::linkToLevel(Level*)
                0x020004a8                Triggerable::Triggerable()
                0x020004a8                Triggerable::Triggerable()
                0x020004c4                Actuator::Actuator()
                0x020004c4                Actuator::Actuator()
                0x020004e8                Plate::Plate()
                0x020004e8                Plate::Plate()
                0x02000508                Plate::linkTrigger(Triggerable*)
                0x0200050c                BlockFactory::makeWall(unsigned short)
                0x02000528                BlockFactory::makeFloor(unsigned short)
                0x02000544                BlockFactory::makeDoor(unsigned short)
                0x02000560                BlockFactory::makeActuator(unsigned short)
                0x0200057c                BlockFactory::makePlate(unsigned short, Triggerable*)
                0x0200059c                BlockFactory::makePlate(unsigned short)
 .text          0x020005b8      0xd68 ClassDefinitions.o
                0x020005b8                Entity::useOn(Item*, Entity*)
                0x020005bc                Block::onLoad(int, int)
                0x020005c8                Block::onEnter(Entity*)
                0x020005cc                Block::onUnload()
                0x020005dc                Level::onUnload()
                0x02000630                Block::tick()
                0x02000644                Block::useOn(Item*, Entity*)
                0x02000658                Level::~Level()
                0x02000658                Level::~Level()
                0x02000674                Level::~Level()
                0x02000688                Sprite::Sprite()
                0x02000688                Sprite::Sprite()
                0x020006ac                Sprite::writeOam()
                0x02000724                Sprite::setAnimFrame(unsigned char)
                0x02000728                Sprite::setGfxBase(int)
                0x0200073c                Sprite::setSpriteEntry(unsigned char)
                0x02000740                Sprite::onUnload()
                0x02000780                Entity::onUnload()
                0x0200078c                Item::getAtt()
                0x02000790                Item::getDef()
                0x02000794                Item::Item(unsigned char, unsigned char)
                0x02000794                Item::Item(unsigned char, unsigned char)
                0x0200079c                Item::Item()
                0x0200079c                Item::Item()
                0x020007a4                Entity::Entity()
                0x020007a4                Entity::Entity()
                0x020007dc                Entity::loadCommon()
                0x02000834                Entity::onLoad()
                0x02000844                Entity::calcSprite()
                0x0200089c                Entity::tick()
                0x020008b4                Entity::calcGrid()
                0x020008c8                Block::Block()
                0x020008c8                Block::Block()
                0x020008e0                Block::getTileIndex()
                0x020008e4                Block::setEntity(Entity*)
                0x02000904                Block::setTileIndex(unsigned short)
                0x02000908                Level::loadCommon()
                0x0200097c                Level::getOamEntry()
                0x02000990                Level::isPlayer(Entity*)
                0x0200099c                Level::getBlock(int, int)
                0x020009c4                Entity::translate(int, int)
                0x02000a2c                Level::testSolid(int, int)
                0x02000a38                Level::calcLight(int, int, unsigned char)
                0x02000ae4                Level::drawLevel()
                0x02000c84                Level::tick()
                0x02000e4c                SoundManager::SoundManager()
                0x02000e4c                SoundManager::SoundManager()
                0x02000ec4                SoundManager::playBGM(unsigned char, bool)
                0x02000ef8                SoundManager::stopBGM()
                0x02000f10                SoundManager::setBGMVol(unsigned int)
                0x02000f24                SoundManager::setBGMTempo(unsigned int)
                0x02000f48                SoundManager::playSFX(unsigned char, unsigned int)
                0x02000f68                Level::onLoad()
                0x02000ff0                Game::Game()
                0x02000ff0                Game::Game()
                0x02001190                Game::loadLevel(Level*)
                0x020011d0                Game::setLevel(Level*)
                0x020011dc                Game::mainLoop()
                0x0200127c                Level::initBlocks()
 .text          0x02001320      0x764 Entities.o
                0x02001320                Rock::tick()
                0x02001394                Rock::onLoad()
                0x020013ac                Mob::onLoad()
                0x020013d0                Mob::useOn(Item*, Entity*)
                0x02001478                Player::onLoad()
                0x020014a0                Player::tick()
                0x02001708                Rock::useOn(Item*, Entity*)
                0x0200185c                Mob::move(int)
                0x020019c8                Mob::moveIdle()
                0x020019fc                Mob::tick()
 .text          0x02001a84        0x0 Items.o
 .text          0x02001a84      0x4b8 Levels.o
                0x02001a84                Level1::onLoad()
                0x02001b64                LevelMainMenu::onLoad()
                0x02001c4c                LevelMainMenu::initBlocks()
                0x02001d68                Level1::initBlocks()
 .text          0x02001f3c        0x0 main.o
 .text          0x02001f3c        0x0 LevelMainMenu.o
 .text          0x02001f3c        0x0 LevelTest.o
 .text          0x02001f3c        0x0 Sprites.o
 .text          0x02001f3c        0x0 Tileset.o
 .text          0x02001f3c        0x0 Wall.o
 .text          0x02001f3c      0x24c c:/devkitPro/libnds/lib\libmm9.a(mm_comms.o)
                0x02001f3c                mmSetupComms
                0x02001f8e                mmSendBank
                0x02001f98                mmLockChannels
                0x02001f9e                mmUnlockChannels
                0x02001fa4                mmStart
                0x02001fae                mmPause
                0x02001fb2                mmResume
                0x02001fb6                mmStop
                0x02001fba                mmPosition
                0x02001fbe                mmJingle
                0x02001fc2                mmSetModuleVolume
                0x02001fc6                mmSetJingleVolume
                0x02001fca                mmSetModuleTempo
                0x02001fce                mmSetModulePitch
                0x02001fd2                mmSetEffectsVolume
                0x02001fd6                mmSelectMode
                0x02001fda                mmStreamBegin
                0x02001fee                mmStreamEnd
                0x02002044                mmEffect
                0x02002068                mmEffectVolume
                0x0200206c                mmEffectPanning
                0x02002070                mmEffectRate
                0x0200207a                mmEffectScaleRate
                0x02002084                mmEffectRelease
                0x0200208a                mmEffectCancel
                0x02002090                mmEffectEx
                0x020020ce                mmEffectCancelAll
                0x020020d2                mmReverbEnable
                0x020020d6                mmReverbDisable
                0x020020da                mmReverbConfigure
                0x02002136                mmReverbStart
                0x0200213a                mmReverbStop
 .text          0x02002188      0x108 c:/devkitPro/libnds/lib\libmm9.a(mm_main9.o)
                0x02002188                mmActive
                0x0200218e                mmSetEventHandler
                0x02002194                mmInit
                0x020021be                mmInitDefault
                0x02002208                mmInitDefaultMem
                0x0200222a                mmSuspendIRQ_t
                0x02002248                mmRestoreIRQ_t
 .text          0x02002290      0x120 c:/devkitPro/libnds/lib\libmm9.a(mm_memory.o)
                0x02002290                mmLoad
                0x020022e0                mmUnload
                0x02002338                mmLoadEffect
                0x02002370                mmUnloadEffect
 .text          0x020023b0      0x100 c:/devkitPro/libnds/lib\libmm9.a(mm_soundbank.o)
                0x020023b0                mmSoundBankInMemory
                0x020023b8                mmSoundBankInFiles
                0x020023ca                mmSetCustomSoundBankHandler
                0x020023f6                mmsHandleFileOp
 .text          0x020024b0       0x3c c:/devkitPro/libnds/lib\libmm9.a(mm_flusher.o)
                0x020024b0                mmFlushBank
 .text          0x020024ec      0x2e8 c:/devkitPro/libnds/lib\libnds9.a(background.o)
                0x020024ec                bgIsText
                0x020024f8                checkIfText
                0x02002550                bgUpdate
                0x02002644                bgInit_call
                0x02002708                bgInitSub_call
 .text          0x020027d4       0xf4 c:/devkitPro/libnds/lib\libnds9.a(keys.o)
                0x020027d4                scanKeys
                0x02002840                keysHeld
                0x0200284c                keysDown
                0x0200285c                keysDownRepeat
                0x0200286c                keysSetRepeat
                0x02002884                keysUp
                0x02002894                keysCurrent
 .text          0x020028c8       0x24 c:/devkitPro/libnds/lib\libnds9.a(sassert.o)
                0x020028c8                __sassert
 .text          0x020028ec      0x3f4 c:/devkitPro/libnds/lib\libnds9.a(sprite.o)
                0x020028ec                oamInit
                0x02002a00                oamDisable
                0x02002a30                oamEnable
                0x02002a54                oamGetGfxPtr
                0x02002a88                oamClear
                0x02002ab0                oamGfxPtrToOffset
                0x02002ae4                oamSet
                0x02002c34                oamUpdate
                0x02002c94                oamRotateScale
 .text          0x02002ce0      0x450 c:/devkitPro/libnds/lib\libnds9.a(sprite_alloc.o)
                0x02002d10                oamAllocReset
                0x02002d44                oamAllocateGfx
                0x02002f48                oamFreeGfx
                0x020030e4                oamCountFragments
 .text          0x02003130       0x4c c:/devkitPro/libnds/lib\libnds9.a(touch.o)
                0x02003130                touchRead
                0x02003158                touchReadXY
 .text          0x0200317c      0x244 c:/devkitPro/libnds/lib\libnds9.a(trig.o)
                0x0200317c                asinComp
                0x020031a4                sinLutLookup
                0x020031e0                sinLerp
                0x02003218                cosLerp
                0x0200322c                tanLutLookup
                0x02003264                tanLerp
                0x02003308                asinLerp
                0x02003384                acosLerp
                0x02003398                atanComp
 .text          0x020033c0      0x140 c:/devkitPro/libnds/lib\libnds9.a(initSystem.o)
                0x020033c0                initSystem
 .text          0x02003500      0xc58 c:/devkitPro/libnds/lib\libnds9.a(fifosystem.o)
                0x02003754                fifoSendAddress
                0x02003780                fifoSendValue32
                0x020037c0                fifoSendDatamsg
                0x02003830                fifoGetAddress
                0x020038a8                fifoSetAddressHandler
                0x0200391c                fifoGetValue32
                0x02003990                fifoSetValue32Handler
                0x02003a04                fifoGetDatamsg
                0x02003e88                fifoSetDatamsgHandler
                0x02003f20                fifoCheckAddress
                0x02003f44                fifoCheckDatamsg
                0x02003f68                fifoCheckValue32
                0x02003f8c                fifoInit
 .text          0x02004158      0x1ec c:/devkitPro/libnds/lib\libnds9.a(interrupts.o)
                0x02004158                irqDummy
                0x0200415c                irqSet
                0x020041c8                irqInit
                0x02004214                irqInitHandler
                0x02004244                irqEnable
                0x020042a8                irqDisable
                0x0200430c                irqClear
 .text          0x02004344       0x58 c:/devkitPro/libnds/lib\libnds9.a(libnds_exit.arm.o)
                0x02004344                systemErrorExit
                0x02004348                __libnds_exit
 .text          0x0200439c       0x70 c:/devkitPro/libnds/lib\libnds9.a(dcache.o)
                0x0200439c                DC_FlushAll
                0x020043c8                DC_FlushRange
                0x020043e4                DC_InvalidateAll
                0x020043f0                DC_InvalidateRange
 .text          0x0200440c      0x1b4 c:/devkitPro/libnds/lib\libnds9.a(mpu_setup.o)
                0x0200440c                __libnds_mpu_setup
                0x0200454c                memCached
                0x02004564                memUncached
 .text          0x020045c0       0x70 c:/devkitPro/libnds/lib\libnds9.a(biosCalls.o)
                0x020045c0                swiDelay
                0x020045c4                swiIntrWait
                0x020045c8                swiWaitForVBlank
                0x020045cc                swiSleep
                0x020045d0                swiChangeSoundBias
                0x020045d4                swiDivide
                0x020045d8                swiRemainder
                0x020045de                swiDivMod
                0x020045ea                swiCopy
                0x020045ee                swiFastCopy
                0x020045f2                swiSqrt
                0x020045f6                swiCRC16
                0x020045fa                swiIsDebugger
                0x020045fe                swiUnpackBits
                0x02004602                swiDecompressLZSSWram
                0x02004606                swiDecompressLZSSVramNTR
                0x0200460a                swiDecompressLZSSVramTWL
                0x0200460e                swiDecompressHuffman
                0x02004612                swiDecompressRLEWram
                0x02004616                swiDecompressRLEVram
                0x0200461a                swiWaitForIRQ
                0x0200461e                swiDecodeDelta8
                0x02004622                swiDecodeDelta16
                0x02004626                swiSetHaltCR
 .text          0x02004630        0x0 c:/devkitPro/libnds/lib\libnds9.a(interruptDispatcher.o)
 .text          0x02004630       0x30 c:/devkitPro/libnds/lib\libnds9.a(swiSoftReset.o)
                0x02004630                swiSoftReset
 .text          0x02004660      0xa4c c:/devkitPro/libnds/lib\libnds9.a(console.o)
                0x02004700                nocash_write
                0x02004710                consoleGetDefault
                0x0200471c                consoleSelect
                0x0200472c                consoleDebugInit
                0x0200477c                consolePrintChar
                0x02004948                consoleLoadFont
                0x02004bd0                consoleSetFont
                0x02004bf0                consoleInit
                0x02004d58                consoleDemoInit
                0x02004d9c                con_write
                0x02005078                consoleClear
                0x02005088                consoleSetWindow
 .text          0x020050ac      0x128 c:/devkitPro/libnds/lib\libnds9.a(system.o)
                0x020050ac                setSDcallback
                0x020050b8                systemMsgHandler
                0x020050fc                systemSleep
                0x02005114                systemValueHandler
                0x02005150                powerOn
                0x0200517c                powerOff
                0x020051a4                ledBlink
                0x020051b4                getBatteryLevel
 .text          0x020051d4      0x1f8 c:/devkitPro/libnds/lib\libnds9.a(video.o)
                0x020051d4                vramSetPrimaryBanks
                0x02005218                vramSetMainBanks
                0x0200525c                vramSetBanks_EFG
                0x02005294                vramRestorePrimaryBanks
                0x020052a0                vramRestoreMainBanks
                0x020052ac                vramRestoreBanks_EFG
                0x020052b8                setBrightness
                0x020052f8                vramDefault
 .text          0x020053cc       0xa4 c:/devkitPro/libnds/lib\libnds9.a(debugprint.o)
                0x020053cc                nocashWrite
                0x020053ce                nocashMessage
 .text          0x02005470        0x0 c:/devkitPro/libnds/lib\libnds9.a(default_font.bin.o)
 .text          0x02005470        0x0 c:/devkitpro/devkitarm/bin/../lib/gcc/arm-none-eabi/4.7.1/../../../../arm-none-eabi/lib/thumb\libstdc++.a(new_op.o)
 .text          0x02005470        0x0 c:/devkitpro/devkitarm/bin/../lib/gcc/arm-none-eabi/4.7.1/../../../../arm-none-eabi/lib/thumb\libstdc++.a(eh_call.o)
 .text          0x02005470        0x0 c:/devkitpro/devkitarm/bin/../lib/gcc/arm-none-eabi/4.7.1/../../../../arm-none-eabi/lib/thumb\libstdc++.a(eh_personality.o)
 .text          0x02005470        0x0 c:/devkitpro/devkitarm/bin/../lib/gcc/arm-none-eabi/4.7.1/../../../../arm-none-eabi/lib/thumb\libstdc++.a(del_op.o)
 .text          0x02005470        0x0 c:/devkitpro/devkitarm/bin/../lib/gcc/arm-none-eabi/4.7.1/../../../../arm-none-eabi/lib/thumb\libstdc++.a(eh_terminate.o)
 .text          0x02005470        0x0 c:/devkitpro/devkitarm/bin/../lib/gcc/arm-none-eabi/4.7.1/../../../../arm-none-eabi/lib/thumb\libstdc++.a(eh_exception.o)
 .text          0x02005470        0x0 c:/devkitpro/devkitarm/bin/../lib/gcc/arm-none-eabi/4.7.1/../../../../arm-none-eabi/lib/thumb\libstdc++.a(eh_alloc.o)
 .text          0x02005470        0x0 c:/devkitpro/devkitarm/bin/../lib/gcc/arm-none-eabi/4.7.1/../../../../arm-none-eabi/lib/thumb\libstdc++.a(bad_alloc.o)
 .text          0x02005470        0x0 c:/devkitpro/devkitarm/bin/../lib/gcc/arm-none-eabi/4.7.1/../../../../arm-none-eabi/lib/thumb\libstdc++.a(class_type_info.o)
 .text          0x02005470        0x0 c:/devkitpro/devkitarm/bin/../lib/gcc/arm-none-eabi/4.7.1/../../../../arm-none-eabi/lib/thumb\libstdc++.a(new_handler.o)
 .text          0x02005470        0x0 c:/devkitpro/devkitarm/bin/../lib/gcc/arm-none-eabi/4.7.1/../../../../arm-none-eabi/lib/thumb\libstdc++.a(eh_arm.o)
 .text          0x02005470        0x0 c:/devkitpro/devkitarm/bin/../lib/gcc/arm-none-eabi/4.7.1/../../../../arm-none-eabi/lib/thumb\libstdc++.a(eh_throw.o)
 .text          0x02005470        0x0 c:/devkitpro/devkitarm/bin/../lib/gcc/arm-none-eabi/4.7.1/../../../../arm-none-eabi/lib/thumb\libstdc++.a(pure.o)
 .text          0x02005470        0x0 c:/devkitpro/devkitarm/bin/../lib/gcc/arm-none-eabi/4.7.1/../../../../arm-none-eabi/lib/thumb\libstdc++.a(eh_globals.o)
 .text          0x02005470        0x0 c:/devkitpro/devkitarm/bin/../lib/gcc/arm-none-eabi/4.7.1/../../../../arm-none-eabi/lib/thumb\libstdc++.a(eh_catch.o)
 .text          0x02005470        0x0 c:/devkitpro/devkitarm/bin/../lib/gcc/arm-none-eabi/4.7.1/../../../../arm-none-eabi/lib/thumb\libstdc++.a(si_class_type_info.o)
 .text          0x02005470        0x0 c:/devkitpro/devkitarm/bin/../lib/gcc/arm-none-eabi/4.7.1/../../../../arm-none-eabi/lib/thumb\libstdc++.a(eh_unex_handler.o)
 .text          0x02005470        0x0 c:/devkitpro/devkitarm/bin/../lib/gcc/arm-none-eabi/4.7.1/../../../../arm-none-eabi/lib/thumb\libstdc++.a(tinfo.o)
 .text          0x02005470        0x0 c:/devkitpro/devkitarm/bin/../lib/gcc/arm-none-eabi/4.7.1/../../../../arm-none-eabi/lib/thumb\libstdc++.a(eh_term_handler.o)
 .text          0x02005470        0x0 c:/devkitpro/devkitarm/bin/../lib/gcc/arm-none-eabi/4.7.1/../../../../arm-none-eabi/lib/thumb\libstdc++.a(vterminate.o)
 .text          0x02005470        0x0 c:/devkitpro/devkitarm/bin/../lib/gcc/arm-none-eabi/4.7.1/../../../../arm-none-eabi/lib/thumb\libstdc++.a(eh_type.o)
 .text          0x02005470     0x5984 c:/devkitpro/devkitarm/bin/../lib/gcc/arm-none-eabi/4.7.1/../../../../arm-none-eabi/lib/thumb\libstdc++.a(cp-demangle.o)
                0x0200ad00                __cxa_demangle
                0x0200adc8                __gcclibcxx_demangle_callback
 .text          0x0200adf4      0x11c c:/devkitpro/devkitarm/bin/../lib/gcc/arm-none-eabi/4.7.1/thumb\libgcc.a(_udivsi3.o)
                0x0200adf4                __aeabi_uidiv
                0x0200adf4                __udivsi3
                0x0200aef0                __aeabi_uidivmod
 .text          0x0200af10      0x150 c:/devkitpro/devkitarm/bin/../lib/gcc/arm-none-eabi/4.7.1/thumb\libgcc.a(_divsi3.o)
                0x0200af10                __divsi3
                0x0200af10                __aeabi_idiv
                0x0200b040                __aeabi_idivmod
 .text          0x0200b060        0x4 c:/devkitpro/devkitarm/bin/../lib/gcc/arm-none-eabi/4.7.1/thumb\libgcc.a(_dvmd_tls.o)
                0x0200b060                __aeabi_idiv0
                0x0200b060                __aeabi_ldiv0
 .text          0x0200b064      0xab4 c:/devkitpro/devkitarm/bin/../lib/gcc/arm-none-eabi/4.7.1/thumb\libgcc.a(unwind-arm.o)
                0x0200b360                _Unwind_GetCFA
                0x0200b364                __gnu_Unwind_RaiseException
                0x0200b3c4                __gnu_Unwind_ForcedUnwind
                0x0200b3dc                __gnu_Unwind_Resume
                0x0200b424                __gnu_Unwind_Resume_or_Rethrow
                0x0200b444                _Unwind_Complete
                0x0200b448                _Unwind_DeleteException
                0x0200b460                _Unwind_VRS_Get
                0x0200b4ac                _Unwind_VRS_Set
                0x0200b808                __aeabi_unwind_cpp_pr2
                0x0200b818                __aeabi_unwind_cpp_pr1
                0x0200b828                __aeabi_unwind_cpp_pr0
                0x0200b838                __gnu_Unwind_Backtrace
                0x0200b8ac                _Unwind_VRS_Pop
 .text          0x0200bb18      0x1d8 c:/devkitpro/devkitarm/bin/../lib/gcc/arm-none-eabi/4.7.1/thumb\libgcc.a(libunwind.o)
                0x0200bb18                __restore_core_regs
                0x0200bb18                restore_core_regs
                0x0200bb34                __gnu_Unwind_Restore_VFP
                0x0200bb3c                __gnu_Unwind_Save_VFP
                0x0200bb44                __gnu_Unwind_Restore_VFP_D
                0x0200bb4c                __gnu_Unwind_Save_VFP_D
                0x0200bb54                __gnu_Unwind_Restore_VFP_D_16_to_31
                0x0200bb5c                __gnu_Unwind_Save_VFP_D_16_to_31
                0x0200bb64                __gnu_Unwind_Restore_WMMXD
                0x0200bba8                __gnu_Unwind_Save_WMMXD
                0x0200bbec                __gnu_Unwind_Restore_WMMXC
                0x0200bc00                __gnu_Unwind_Save_WMMXC
                0x0200bc14                ___Unwind_RaiseException
                0x0200bc14                _Unwind_RaiseException
                0x0200bc40                _Unwind_Resume
                0x0200bc40                ___Unwind_Resume
                0x0200bc6c                _Unwind_Resume_or_Rethrow
                0x0200bc6c                ___Unwind_Resume_or_Rethrow
                0x0200bc98                _Unwind_ForcedUnwind
                0x0200bc98                ___Unwind_ForcedUnwind
                0x0200bcc4                ___Unwind_Backtrace
                0x0200bcc4                _Unwind_Backtrace
 .text          0x0200bcf0      0x3e0 c:/devkitpro/devkitarm/bin/../lib/gcc/arm-none-eabi/4.7.1/thumb\libgcc.a(pr-support.o)
                0x0200bd4c                __gnu_unwind_execute
                0x0200c06c                __gnu_unwind_frame
                0x0200c098                _Unwind_GetRegionStart
                0x0200c0a8                _Unwind_GetLanguageSpecificData
                0x0200c0c0                _Unwind_GetDataRelBase
                0x0200c0c8                _Unwind_GetTextRelBase
 .text          0x0200c0d0       0x10 c:/devkitpro/devkitarm/bin/../lib/gcc/arm-none-eabi/4.7.1/../../../../arm-none-eabi/lib/thumb\libg.a(lib_a-abort.o)
                0x0200c0d0                abort
 .text          0x0200c0e0       0x64 c:/devkitpro/devkitarm/bin/../lib/gcc/arm-none-eabi/4.7.1/../../../../arm-none-eabi/lib/thumb\libg.a(lib_a-bsearch.o)
                0x0200c0e0                bsearch
 .text          0x0200c144       0xb0 c:/devkitpro/devkitarm/bin/../lib/gcc/arm-none-eabi/4.7.1/../../../../arm-none-eabi/lib/thumb\libg.a(lib_a-fclose.o)
                0x0200c144                _fclose_r
                0x0200c1d8                fclose
 .text          0x0200c1f4      0x1b8 c:/devkitpro/devkitarm/bin/../lib/gcc/arm-none-eabi/4.7.1/../../../../arm-none-eabi/lib/thumb\libg.a(lib_a-fflush.o)
                0x0200c1f4                __sflush_r
                0x0200c34c                _fflush_r
                0x0200c37c                fflush
 .text          0x0200c3ac      0x1d8 c:/devkitpro/devkitarm/bin/../lib/gcc/arm-none-eabi/4.7.1/../../../../arm-none-eabi/lib/thumb\libg.a(lib_a-findfp.o)
                0x0200c3b4                _cleanup_r
                0x0200c414                __sfmoreglue
                0x0200c444                _cleanup
                0x0200c458                __sinit
                0x0200c4ac                __sfp
                0x0200c53c                __sfp_lock_acquire
                0x0200c540                __sfp_lock_release
                0x0200c544                __sinit_lock_acquire
                0x0200c548                __sinit_lock_release
                0x0200c54c                __fp_lock_all
                0x0200c568                __fp_unlock_all
 .text          0x0200c584       0xa8 c:/devkitpro/devkitarm/bin/../lib/gcc/arm-none-eabi/4.7.1/../../../../arm-none-eabi/lib/thumb\libg.a(lib_a-fopen.o)
                0x0200c584                _fopen_r
                0x0200c610                fopen
 .text          0x0200c62c       0x54 c:/devkitpro/devkitarm/bin/../lib/gcc/arm-none-eabi/4.7.1/../../../../arm-none-eabi/lib/thumb\libg.a(lib_a-fputc.o)
                0x0200c62c                _fputc_r
                0x0200c654                fputc
 .text          0x0200c680       0x78 c:/devkitpro/devkitarm/bin/../lib/gcc/arm-none-eabi/4.7.1/../../../../arm-none-eabi/lib/thumb\libg.a(lib_a-fputs.o)
                0x0200c680                _fputs_r
                0x0200c6dc                fputs
 .text          0x0200c6f8      0x190 c:/devkitpro/devkitarm/bin/../lib/gcc/arm-none-eabi/4.7.1/../../../../arm-none-eabi/lib/thumb\libg.a(lib_a-fread.o)
                0x0200c6f8                _fread_r
                0x0200c860                fread
 .text          0x0200c888      0x238 c:/devkitpro/devkitarm/bin/../lib/gcc/arm-none-eabi/4.7.1/../../../../arm-none-eabi/lib/thumb\libg.a(lib_a-freer.o)
                0x0200c888                _malloc_trim_r
                0x0200c92c                _free_r
 .text          0x0200cac0      0x328 c:/devkitpro/devkitarm/bin/../lib/gcc/arm-none-eabi/4.7.1/../../../../arm-none-eabi/lib/thumb\libg.a(lib_a-fseek.o)
                0x0200cac0                _fseek_r
                0x0200cdc4                fseek
 .text          0x0200cde8      0x2fc c:/devkitpro/devkitarm/bin/../lib/gcc/arm-none-eabi/4.7.1/../../../../arm-none-eabi/lib/thumb\libg.a(lib_a-fvwrite.o)
                0x0200cde8                __sfvwrite_r
 .text          0x0200d0e4       0xb4 c:/devkitpro/devkitarm/bin/../lib/gcc/arm-none-eabi/4.7.1/../../../../arm-none-eabi/lib/thumb\libg.a(lib_a-fwalk.o)
                0x0200d0e4                _fwalk
                0x0200d138                _fwalk_reent
 .text          0x0200d198       0x9c c:/devkitpro/devkitarm/bin/../lib/gcc/arm-none-eabi/4.7.1/../../../../arm-none-eabi/lib/thumb\libg.a(lib_a-fwrite.o)
                0x0200d198                _fwrite_r
                0x0200d20c                fwrite
 .text          0x0200d234        0x0 c:/devkitpro/devkitarm/bin/../lib/gcc/arm-none-eabi/4.7.1/../../../../arm-none-eabi/lib/thumb\libg.a(lib_a-impure.o)
 .text          0x0200d234       0x54 c:/devkitpro/devkitarm/bin/../lib/gcc/arm-none-eabi/4.7.1/../../../../arm-none-eabi/lib/thumb\libg.a(lib_a-init.o)
                0x0200d234                __libc_init_array
 .text          0x0200d288       0x40 c:/devkitpro/devkitarm/bin/../lib/gcc/arm-none-eabi/4.7.1/../../../../arm-none-eabi/lib/thumb\libg.a(lib_a-iprintf.o)
                0x0200d288                iprintf
                0x0200d2ac                _iprintf_r
 .text          0x0200d2c8       0xe0 c:/devkitpro/devkitarm/bin/../lib/gcc/arm-none-eabi/4.7.1/../../../../arm-none-eabi/lib/thumb\libg.a(lib_a-makebuf.o)
                0x0200d2c8                __smakebuf_r
 .text          0x0200d3a8       0x30 c:/devkitpro/devkitarm/bin/../lib/gcc/arm-none-eabi/4.7.1/../../../../arm-none-eabi/lib/thumb\libg.a(lib_a-malloc.o)
                0x0200d3a8                malloc
                0x0200d3c0                free
 .text          0x0200d3d8      0x51c c:/devkitpro/devkitarm/bin/../lib/gcc/arm-none-eabi/4.7.1/../../../../arm-none-eabi/lib/thumb\libg.a(lib_a-mallocr.o)
                0x0200d3d8                _malloc_r
 .text          0x0200d8f4       0x98 c:/devkitpro/devkitarm/bin/../lib/gcc/arm-none-eabi/4.7.1/../../../../arm-none-eabi/lib/thumb\libg.a(lib_a-memchr-stub.o)
                0x0200d8f4                memchr
 .text          0x0200d98c       0x60 c:/devkitpro/devkitarm/bin/../lib/gcc/arm-none-eabi/4.7.1/../../../../arm-none-eabi/lib/thumb\libg.a(lib_a-memcmp.o)
                0x0200d98c                memcmp
 .text          0x0200d9ec       0x90 c:/devkitpro/devkitarm/bin/../lib/gcc/arm-none-eabi/4.7.1/../../../../arm-none-eabi/lib/thumb\libg.a(lib_a-memcpy-stub.o)
                0x0200d9ec                memcpy
 .text          0x0200da7c       0xb0 c:/devkitpro/devkitarm/bin/../lib/gcc/arm-none-eabi/4.7.1/../../../../arm-none-eabi/lib/thumb\libg.a(lib_a-memmove.o)
                0x0200da7c                memmove
 .text          0x0200db2c       0x98 c:/devkitpro/devkitarm/bin/../lib/gcc/arm-none-eabi/4.7.1/../../../../arm-none-eabi/lib/thumb\libg.a(lib_a-memset.o)
                0x0200db2c                memset
 .text          0x0200dbc4        0x8 c:/devkitpro/devkitarm/bin/../lib/gcc/arm-none-eabi/4.7.1/../../../../arm-none-eabi/lib/thumb\libg.a(lib_a-mlock.o)
                0x0200dbc4                __malloc_lock
                0x0200dbc8                __malloc_unlock
 .text          0x0200dbcc       0xc4 c:/devkitpro/devkitarm/bin/../lib/gcc/arm-none-eabi/4.7.1/../../../../arm-none-eabi/lib/thumb\libg.a(lib_a-putc.o)
                0x0200dbcc                _putc_r
                0x0200dc2c                putc
 .text          0x0200dc90       0x1c c:/devkitpro/devkitarm/bin/../lib/gcc/arm-none-eabi/4.7.1/../../../../arm-none-eabi/lib/thumb\libg.a(lib_a-realloc.o)
                0x0200dc90                realloc
 .text          0x0200dcac      0x3e8 c:/devkitpro/devkitarm/bin/../lib/gcc/arm-none-eabi/4.7.1/../../../../arm-none-eabi/lib/thumb\libg.a(lib_a-reallocr.o)
                0x0200dcac                _realloc_r
 .text          0x0200e094      0x144 c:/devkitpro/devkitarm/bin/../lib/gcc/arm-none-eabi/4.7.1/../../../../arm-none-eabi/lib/thumb\libg.a(lib_a-refill.o)
                0x0200e0b4                __srefill_r
 .text          0x0200e1d8      0x120 c:/devkitpro/devkitarm/bin/../lib/gcc/arm-none-eabi/4.7.1/../../../../arm-none-eabi/lib/thumb\libg.a(lib_a-setvbuf.o)
                0x0200e1d8                setvbuf
 .text          0x0200e2f8      0x198 c:/devkitpro/devkitarm/bin/../lib/gcc/arm-none-eabi/4.7.1/../../../../arm-none-eabi/lib/thumb\libg.a(lib_a-signal.o)
                0x0200e2f8                _init_signal_r
                0x0200e338                _signal_r
                0x0200e378                _raise_r
                0x0200e3d8                __sigtramp_r
                0x0200e42c                raise
                0x0200e444                signal
                0x0200e460                _init_signal
                0x0200e474                __sigtramp
 .text          0x0200e490       0xa0 c:/devkitpro/devkitarm/bin/../lib/gcc/arm-none-eabi/4.7.1/../../../../arm-none-eabi/lib/thumb\libg.a(lib_a-siscanf.o)
                0x0200e490                siscanf
                0x0200e4e0                _siscanf_r
 .text          0x0200e530       0x84 c:/devkitpro/devkitarm/bin/../lib/gcc/arm-none-eabi/4.7.1/../../../../arm-none-eabi/lib/thumb\libg.a(lib_a-sprintf.o)
                0x0200e530                _sprintf_r
                0x0200e570                sprintf
 .text          0x0200e5b4       0xac c:/devkitpro/devkitarm/bin/../lib/gcc/arm-none-eabi/4.7.1/../../../../arm-none-eabi/lib/thumb\libg.a(lib_a-stdio.o)
                0x0200e5b4                __sread
                0x0200e5e0                __seofread
                0x0200e5e4                __swrite
                0x0200e620                __sseek
                0x0200e650                __sclose
 .text          0x0200e660       0x14 c:/devkitpro/devkitarm/bin/../lib/gcc/arm-none-eabi/4.7.1/../../../../arm-none-eabi/lib/thumb\libg.a(lib_a-strcmp.o)
                0x0200e660                strcmp
 .text          0x0200e674       0x10 c:/devkitpro/devkitarm/bin/../lib/gcc/arm-none-eabi/4.7.1/../../../../arm-none-eabi/lib/thumb\libg.a(lib_a-strlen.o)
                0x0200e674                strlen
 .text          0x0200e684       0xbc c:/devkitpro/devkitarm/bin/../lib/gcc/arm-none-eabi/4.7.1/../../../../arm-none-eabi/lib/thumb\libg.a(lib_a-strncmp.o)
                0x0200e684                strncmp
 .text          0x0200e740      0xa98 c:/devkitpro/devkitarm/bin/../lib/gcc/arm-none-eabi/4.7.1/../../../../arm-none-eabi/lib/thumb\libg.a(lib_a-svfiscanf.o)
                0x0200e740                _sungetc_r
                0x0200e7c8                __ssrefill_r
                0x0200e80c                _sfread_r
                0x0200e898                __ssvfiscanf_r
 .text          0x0200f1d8     0x1728 c:/devkitpro/devkitarm/bin/../lib/gcc/arm-none-eabi/4.7.1/../../../../arm-none-eabi/lib/thumb\libg.a(lib_a-svfprintf.o)
                0x0200f1d8                _svfprintf_r
 .text          0x02010900       0x20 c:/devkitpro/devkitarm/bin/../lib/gcc/arm-none-eabi/4.7.1/../../../../arm-none-eabi/lib/thumb\libg.a(lib_a-syswrite.o)
                0x02010900                write
 .text          0x02010920      0x188 c:/devkitpro/devkitarm/bin/../lib/gcc/arm-none-eabi/4.7.1/../../../../arm-none-eabi/lib/thumb\libg.a(lib_a-ungetc.o)
                0x02010920                __submore
                0x020109a8                _ungetc_r
                0x02010a8c                ungetc
 .text          0x02010aa8      0xed4 c:/devkitpro/devkitarm/bin/../lib/gcc/arm-none-eabi/4.7.1/../../../../arm-none-eabi/lib/thumb\libg.a(lib_a-vfiprintf.o)
                0x02010aa8                __sprint_r
                0x02010b2c                _vfiprintf_r
                0x02011958                vfiprintf
 .text          0x0201197c       0xd0 c:/devkitpro/devkitarm/bin/../lib/gcc/arm-none-eabi/4.7.1/../../../../arm-none-eabi/lib/thumb\libg.a(lib_a-wbuf.o)
                0x0201197c                __swbuf_r
                0x02011a30                __swbuf
 .text          0x02011a4c       0xe8 c:/devkitpro/devkitarm/bin/../lib/gcc/arm-none-eabi/4.7.1/../../../../arm-none-eabi/lib/thumb\libg.a(lib_a-wcrtomb.o)
                0x02011a4c                _wcrtomb_r
                0x02011ab4                wcrtomb
 .text          0x02011b34       0x40 c:/devkitpro/devkitarm/bin/../lib/gcc/arm-none-eabi/4.7.1/../../../../arm-none-eabi/lib/thumb\libg.a(lib_a-wcsrtombs.o)
                0x02011b34                _wcsrtombs_r
                0x02011b4c                wcsrtombs
 .text          0x02011b74      0x2a4 c:/devkitpro/devkitarm/bin/../lib/gcc/arm-none-eabi/4.7.1/../../../../arm-none-eabi/lib/thumb\libg.a(lib_a-wctomb_r.o)
                0x02011b74                __utf8_wctomb
                0x02011c28                _wctomb_r
                0x02011c60                __ascii_wctomb
                0x02011c80                __sjis_wctomb
                0x02011cfc                __eucjp_wctomb
                0x02011d98                __jis_wctomb
 .text          0x02011e18       0xd0 c:/devkitpro/devkitarm/bin/../lib/gcc/arm-none-eabi/4.7.1/../../../../arm-none-eabi/lib/thumb\libg.a(lib_a-wsetup.o)
                0x02011e18                __swsetup_r
 .text          0x02011ee8       0x10 c:/devkitpro/devkitarm/bin/../lib/gcc/arm-none-eabi/4.7.1/../../../../arm-none-eabi/lib/thumb\libg.a(lib_a-ctype_.o)
                0x02011ee8                __set_ctype
 .text          0x02011ef8     0x10a0 c:/devkitpro/devkitarm/bin/../lib/gcc/arm-none-eabi/4.7.1/../../../../arm-none-eabi/lib/thumb\libg.a(lib_a-dtoa.o)
                0x02012050                _dtoa_r
 .text          0x02012f98       0x70 c:/devkitpro/devkitarm/bin/../lib/gcc/arm-none-eabi/4.7.1/../../../../arm-none-eabi/lib/thumb\libg.a(lib_a-flags.o)
                0x02012f98                __sflags
 .text          0x02013008      0x104 c:/devkitpro/devkitarm/bin/../lib/gcc/arm-none-eabi/4.7.1/../../../../arm-none-eabi/lib/thumb\libg.a(lib_a-fputwc.o)
                0x02013008                _fputwc_r
                0x020130e0                fputwc
 .text          0x0201310c       0x78 c:/devkitpro/devkitarm/bin/../lib/gcc/arm-none-eabi/4.7.1/../../../../arm-none-eabi/lib/thumb\libg.a(lib_a-iswspace.o)
                0x0201310c                iswspace
 .text          0x02013184      0x1f0 c:/devkitpro/devkitarm/bin/../lib/gcc/arm-none-eabi/4.7.1/../../../../arm-none-eabi/lib/thumb\libg.a(lib_a-jp2uc.o)
                0x02013310                _jp2uc
 .text          0x02013374      0x950 c:/devkitpro/devkitarm/bin/../lib/gcc/arm-none-eabi/4.7.1/../../../../arm-none-eabi/lib/thumb\libg.a(lib_a-locale.o)
                0x02013a68                _setlocale_r
                0x02013c64                __locale_charset
                0x02013c6c                __locale_mb_cur_max
                0x02013c78                __locale_msgcharset
                0x02013c84                __locale_cjk_lang
                0x02013c90                _localeconv_r
                0x02013c9c                setlocale
                0x02013cb8                localeconv
 .text          0x02013cc4      0x104 c:/devkitpro/devkitarm/bin/../lib/gcc/arm-none-eabi/4.7.1/../../../../arm-none-eabi/lib/thumb\libg.a(lib_a-mbrtowc.o)
                0x02013cc4                _mbrtowc_r
                0x02013d3c                mbrtowc
 .text          0x02013dc8      0x584 c:/devkitpro/devkitarm/bin/../lib/gcc/arm-none-eabi/4.7.1/../../../../arm-none-eabi/lib/thumb\libg.a(lib_a-mbtowc_r.o)
                0x02013dc8                __utf8_mbtowc
                0x02014028                _mbtowc_r
                0x02014064                __ascii_mbtowc
                0x02014094                __sjis_mbtowc
                0x02014154                __eucjp_mbtowc
                0x0201421c                __jis_mbtowc
 *fill*         0x0201434c        0x4 ff
 .text          0x02014350      0x978 c:/devkitpro/devkitarm/bin/../lib/gcc/arm-none-eabi/4.7.1/../../../../arm-none-eabi/lib/thumb\libg.a(lib_a-mprec.o)
                0x02014350                _Balloc
                0x020143a4                _Bfree
                0x020143bc                __multadd
                0x02014468                __s2b
                0x02014504                __hi0bits
                0x0201453c                __lo0bits
                0x0201459c                __i2b
                0x020145b4                __multiply
                0x02014718                __pow5mult
                0x020147c8                __lshift
                0x02014898                __mcmp
                0x020148d4                __mdiff
                0x020149c4                __ulp
                0x02014a0c                __b2d
                0x02014ab0                __d2b
                0x02014b68                __ratio
                0x02014be4                _mprec_log10
                0x02014c24                __copybits
                0x02014c6c                __any_on
 .text          0x02014cc8       0x7c c:/devkitpro/devkitarm/bin/../lib/gcc/arm-none-eabi/4.7.1/../../../../arm-none-eabi/lib/thumb\libg.a(lib_a-sccl.o)
                0x02014cc8                __sccl
 .text          0x02014d44       0x5c c:/devkitpro/devkitarm/bin/../lib/gcc/arm-none-eabi/4.7.1/../../../../arm-none-eabi/lib/thumb\libg.a(lib_a-s_fpclassify.o)
                0x02014d44                __fpclassifyd
 .text          0x02014da0       0x50 c:/devkitpro/devkitarm/bin/../lib/gcc/arm-none-eabi/4.7.1/../../../../arm-none-eabi/lib/thumb\libg.a(lib_a-strcasecmp.o)
                0x02014da0                strcasecmp
 .text          0x02014df0       0x50 c:/devkitpro/devkitarm/bin/../lib/gcc/arm-none-eabi/4.7.1/../../../../arm-none-eabi/lib/thumb\libg.a(lib_a-strcat.o)
                0x02014df0                strcat
 .text          0x02014e40       0xd4 c:/devkitpro/devkitarm/bin/../lib/gcc/arm-none-eabi/4.7.1/../../../../arm-none-eabi/lib/thumb\libg.a(lib_a-strchr.o)
                0x02014e40                strchr
 .text          0x02014f14       0x10 c:/devkitpro/devkitarm/bin/../lib/gcc/arm-none-eabi/4.7.1/../../../../arm-none-eabi/lib/thumb\libg.a(lib_a-strcpy.o)
                0x02014f14                strcpy
 .text          0x02014f24       0x48 c:/devkitpro/devkitarm/bin/../lib/gcc/arm-none-eabi/4.7.1/../../../../arm-none-eabi/lib/thumb\libg.a(lib_a-strlcpy.o)
                0x02014f24                strlcpy
 .text          0x02014f6c       0x60 c:/devkitpro/devkitarm/bin/../lib/gcc/arm-none-eabi/4.7.1/../../../../arm-none-eabi/lib/thumb\libg.a(lib_a-strncasecmp.o)
                0x02014f6c                strncasecmp
 .text          0x02014fcc       0x60 c:/devkitpro/devkitarm/bin/../lib/gcc/arm-none-eabi/4.7.1/../../../../arm-none-eabi/lib/thumb\libg.a(lib_a-strncpy.o)
                0x02014fcc                strncpy
 *fill*         0x0201502c        0x4 ff
 .text          0x02015030      0x208 c:/devkitpro/devkitarm/bin/../lib/gcc/arm-none-eabi/4.7.1/../../../../arm-none-eabi/lib/thumb\libg.a(lib_a-strtoll_r.o)
                0x02015030                _strtoll_r
 .text          0x02015238      0x190 c:/devkitpro/devkitarm/bin/../lib/gcc/arm-none-eabi/4.7.1/../../../../arm-none-eabi/lib/thumb\libg.a(lib_a-strtol.o)
                0x02015238                _strtol_r
                0x020153a8                strtol
 .text          0x020153c8      0x238 c:/devkitpro/devkitarm/bin/../lib/gcc/arm-none-eabi/4.7.1/../../../../arm-none-eabi/lib/thumb\libg.a(lib_a-strtoull_r.o)
                0x020153c8                _strtoull_r
 .text          0x02015600      0x198 c:/devkitpro/devkitarm/bin/../lib/gcc/arm-none-eabi/4.7.1/../../../../arm-none-eabi/lib/thumb\libg.a(lib_a-strtoul.o)
                0x02015600                _strtoul_r
                0x02015778                strtoul
 .text          0x02015798      0xeb4 c:/devkitpro/devkitarm/bin/../lib/gcc/arm-none-eabi/4.7.1/../../../../arm-none-eabi/lib/thumb\libg.a(lib_a-svfiprintf.o)
                0x02015798                __ssprint_r
                0x020158c8                _svfiprintf_r
 .text          0x0201664c      0x150 c:/devkitpro/devkitarm/bin/../lib/gcc/arm-none-eabi/4.7.1/../../../../arm-none-eabi/lib/thumb\libg.a(lib_a-wcsnrtombs.o)
                0x0201664c                _wcsnrtombs_r
                0x0201676c                wcsnrtombs
 .text          0x0201679c       0x64 c:/devkitpro/devkitarm/bin/../lib/gcc/arm-none-eabi/4.7.1/../../../../arm-none-eabi/lib/thumb\libg.a(lib_a-callocr.o)
                0x0201679c                _calloc_r
 .text          0x02016800       0xa8 c:/devkitpro/devkitarm/bin/../lib/gcc/arm-none-eabi/4.7.1/../../../../arm-none-eabi/lib/thumb\libg.a(lib_a-getenv_r.o)
                0x02016800                _findenv_r
                0x02016898                _getenv_r
 .text          0x020168a8        0x0 c:/devkitpro/devkitarm/bin/../lib/gcc/arm-none-eabi/4.7.1/../../../../arm-none-eabi/lib/thumb\libg.a(lib_a-environ.o)
 .text          0x020168a8        0x8 c:/devkitpro/devkitarm/bin/../lib/gcc/arm-none-eabi/4.7.1/../../../../arm-none-eabi/lib/thumb\libg.a(lib_a-envlock.o)
                0x020168a8                __env_lock
                0x020168ac                __env_unlock
 .text          0x020168b0      0x144 c:/devkitpro/devkitarm/bin/../lib/gcc/arm-none-eabi/4.7.1/../../../../arm-none-eabi/lib/thumb\libsysbase.a(iosupport.o)
                0x020168b0                setDefaultDevice
                0x020168c4                FindDevice
                0x02016934                RemoveDevice
                0x02016958                AddDevice
                0x020169d4                GetDeviceOpTab
 .text          0x020169f4       0x50 c:/devkitpro/devkitarm/bin/../lib/gcc/arm-none-eabi/4.7.1/../../../../arm-none-eabi/lib/thumb\libsysbase.a(close.o)
                0x020169f4                _close_r
 .text          0x02016a44       0x50 c:/devkitpro/devkitarm/bin/../lib/gcc/arm-none-eabi/4.7.1/../../../../arm-none-eabi/lib/thumb\libsysbase.a(fstat.o)
                0x02016a44                _fstat_r
 .text          0x02016a94        0xc c:/devkitpro/devkitarm/bin/../lib/gcc/arm-none-eabi/4.7.1/../../../../arm-none-eabi/lib/thumb\libsysbase.a(getpid.o)
                0x02016a94                _getpid_r
 .text          0x02016aa0        0x4 c:/devkitpro/devkitarm/bin/../lib/gcc/arm-none-eabi/4.7.1/../../../../arm-none-eabi/lib/thumb\libsysbase.a(isatty.o)
                0x02016aa0                _isatty_r
 .text          0x02016aa4        0xc c:/devkitpro/devkitarm/bin/../lib/gcc/arm-none-eabi/4.7.1/../../../../arm-none-eabi/lib/thumb\libsysbase.a(kill.o)
                0x02016aa4                _kill_r
 .text          0x02016ab0       0x50 c:/devkitpro/devkitarm/bin/../lib/gcc/arm-none-eabi/4.7.1/../../../../arm-none-eabi/lib/thumb\libsysbase.a(lseek.o)
                0x02016ab0                _lseek_r
 .text          0x02016b00       0xa0 c:/devkitpro/devkitarm/bin/../lib/gcc/arm-none-eabi/4.7.1/../../../../arm-none-eabi/lib/thumb\libsysbase.a(open.o)
                0x02016b00                _open_r
 .text          0x02016ba0       0x50 c:/devkitpro/devkitarm/bin/../lib/gcc/arm-none-eabi/4.7.1/../../../../arm-none-eabi/lib/thumb\libsysbase.a(read.o)
                0x02016ba0                _read_r
 .text          0x02016bf0       0x54 c:/devkitpro/devkitarm/bin/../lib/gcc/arm-none-eabi/4.7.1/../../../../arm-none-eabi/lib/thumb\libsysbase.a(sbrk.o)
                0x02016bf0                _sbrk_r
 .text          0x02016c44       0x44 c:/devkitpro/devkitarm/bin/../lib/gcc/arm-none-eabi/4.7.1/../../../../arm-none-eabi/lib/thumb\libsysbase.a(times.o)
                0x02016c44                _times
                0x02016c58                _times_r
                0x02016c60                _gettimeofday_r
 .text          0x02016c88       0x58 c:/devkitpro/devkitarm/bin/../lib/gcc/arm-none-eabi/4.7.1/../../../../arm-none-eabi/lib/thumb\libsysbase.a(write.o)
                0x02016c88                _write_r
 .text          0x02016ce0       0x18 c:/devkitpro/devkitarm/bin/../lib/gcc/arm-none-eabi/4.7.1/../../../../arm-none-eabi/lib/thumb\libsysbase.a(_exit.o)
                0x02016ce0                _exit
 .text          0x02016cf8        0x0 c:/devkitpro/devkitarm/bin/../lib/gcc/arm-none-eabi/4.7.1/../../../../arm-none-eabi/lib/thumb\libsysbase.a(malloc_vars.o)
 .text          0x02016cf8       0x4c c:/devkitpro/devkitarm/bin/../lib/gcc/arm-none-eabi/4.7.1/../../../../arm-none-eabi/lib/thumb\libsysbase.a(build_argv.o)
                0x02016cf8                build_argv
 .text          0x02016d44        0x0 c:/devkitpro/devkitarm/bin/../lib/gcc/arm-none-eabi/4.7.1/../../../../arm-none-eabi/lib/thumb\libsysbase.a(syscall_support.o)
 .text          0x02016d44       0x84 c:/devkitpro/devkitarm/bin/../lib/gcc/arm-none-eabi/4.7.1/../../../../arm-none-eabi/lib/thumb\libsysbase.a(handle_manager.o)
                0x02016d44                __release_handle
                0x02016d70                __alloc_handle
                0x02016da8                __get_handle
 .text          0x02016dc8      0x41c c:/devkitpro/devkitarm/bin/../lib/gcc/arm-none-eabi/4.7.1/thumb\libgcc.a(_arm_addsubdf3.o)
                0x02016dc8                __aeabi_drsub
                0x02016dd0                __aeabi_dsub
                0x02016dd0                __subdf3
                0x02016dd4                __aeabi_dadd
                0x02016dd4                __adddf3
                0x020170e4                __floatunsidf
                0x020170e4                __aeabi_ui2d
                0x02017108                __floatsidf
                0x02017108                __aeabi_i2d
                0x02017130                __aeabi_f2d
                0x02017130                __extendsfdf2
                0x02017170                __floatundidf
                0x02017170                __aeabi_ul2d
                0x02017184                __floatdidf
                0x02017184                __aeabi_l2d
 .text          0x020171e4      0x49c c:/devkitpro/devkitarm/bin/../lib/gcc/arm-none-eabi/4.7.1/thumb\libgcc.a(_arm_muldivdf3.o)
                0x020171e4                __aeabi_dmul
                0x020171e4                __muldf3
                0x02017474                __divdf3
                0x02017474                __aeabi_ddiv
 .text          0x02017680      0x144 c:/devkitpro/devkitarm/bin/../lib/gcc/arm-none-eabi/4.7.1/thumb\libgcc.a(_arm_cmpdf2.o)
                0x02017680                __gtdf2
                0x02017680                __gedf2
                0x02017688                __ltdf2
                0x02017688                __ledf2
                0x02017690                __nedf2
                0x02017690                __eqdf2
                0x02017690                __cmpdf2
                0x02017718                __aeabi_cdrcmple
                0x02017734                __aeabi_cdcmpeq
                0x02017734                __aeabi_cdcmple
                0x0201774c                __aeabi_dcmpeq
                0x02017764                __aeabi_dcmplt
                0x0201777c                __aeabi_dcmple
                0x02017794                __aeabi_dcmpge
                0x020177ac                __aeabi_dcmpgt
 .text          0x020177c4       0x5c c:/devkitpro/devkitarm/bin/../lib/gcc/arm-none-eabi/4.7.1/thumb\libgcc.a(_arm_fixdfsi.o)
                0x020177c4                __aeabi_d2iz
                0x020177c4                __fixdfsi
 .text          0x02017820       0x3c c:/devkitpro/devkitarm/bin/../lib/gcc/arm-none-eabi/4.7.1/thumb\libgcc.a(_aeabi_uldivmod.o)
                0x02017820                __aeabi_uldivmod
 .text          0x0201785c       0x4c c:/devkitpro/devkitarm/bin/../lib/gcc/arm-none-eabi/4.7.1/thumb\libgcc.a(_muldi3.o)
                0x0201785c                __muldi3
                0x0201785c                __aeabi_lmul
 .text          0x020178a8       0x7c c:/devkitpro/devkitarm/bin/../lib/gcc/arm-none-eabi/4.7.1/thumb\libgcc.a(bpabi.o)
                0x020178a8                __gnu_ldivmod_helper
                0x020178e8                __gnu_uldivmod_helper
 .text          0x02017924      0x3d4 c:/devkitpro/devkitarm/bin/../lib/gcc/arm-none-eabi/4.7.1/thumb\libgcc.a(_divdi3.o)
                0x02017924                __divdi3
 .text          0x02017cf8      0x3a0 c:/devkitpro/devkitarm/bin/../lib/gcc/arm-none-eabi/4.7.1/thumb\libgcc.a(_udivdi3.o)
                0x02017cf8                __udivdi3
 .text          0x02018098       0x48 c:/devkitpro/devkitarm/bin/../lib/gcc/arm-none-eabi/4.7.1/thumb\libgcc.a(_clzsi2.o)
                0x02018098                __clzsi2
 .text          0x020180e0        0xc c:/devkitpro/devkitarm/bin/../lib/gcc/arm-none-eabi/4.7.1/../../../../arm-none-eabi/lib/thumb\libg.a(lib_a-errno.o)
                0x020180e0                __errno
 .text          0x020180ec        0x0 c:/devkitpro/devkitarm/bin/../lib/gcc/arm-none-eabi/4.7.1/thumb/crtend.o
 .text          0x020180ec        0x0 c:/devkitpro/devkitarm/bin/../lib/gcc/arm-none-eabi/4.7.1/thumb/crtn.o
 *(.text.*)
 .text._ZNSt6vectorIP5BlockSaIS1_EE13_M_insert_auxEN9__gnu_cxx17__normal_iteratorIPS1_S3_EERKS1_
                0x020180ec       0xec ClassDefinitions.o
                0x020180ec                std::vector<Block*, std::allocator<Block*> >::_M_insert_aux(__gnu_cxx::__normal_iterator<Block**, std::vector<Block*, std::allocator<Block*> > >, Block* const&)
 .text._ZN6Level1D2Ev
                0x020181d8       0x18 Levels.o
                0x020181d8                Level1::~Level1()
                0x020181d8                Level1::~Level1()
 .text._ZN13LevelMainMenuD2Ev
                0x020181f0       0x18 Levels.o
                0x020181f0                LevelMainMenu::~LevelMainMenu()
                0x020181f0                LevelMainMenu::~LevelMainMenu()
 .text._ZN13LevelMainMenuD0Ev
                0x02018208       0x1c Levels.o
                0x02018208                LevelMainMenu::~LevelMainMenu()
 .text._ZN6Level1D0Ev
                0x02018224       0x1c Levels.o
                0x02018224                Level1::~Level1()
 .text.startup  0x02018240       0x48 main.o
                0x02018240                main
 .text._Znwj    0x02018288       0x60 c:/devkitpro/devkitarm/bin/../lib/gcc/arm-none-eabi/4.7.1/../../../../arm-none-eabi/lib/thumb\libstdc++.a(new_op.o)
                0x02018288                operator new(unsigned int)
 .text._ZN10__cxxabiv1L24__is_gxx_exception_classEPc
                0x020182e8       0x40 c:/devkitpro/devkitarm/bin/../lib/gcc/arm-none-eabi/4.7.1/../../../../arm-none-eabi/lib/thumb\libstdc++.a(eh_call.o)
 .text.__cxa_call_terminate
                0x02018328       0x24 c:/devkitpro/devkitarm/bin/../lib/gcc/arm-none-eabi/4.7.1/../../../../arm-none-eabi/lib/thumb\libstdc++.a(eh_call.o)
                0x02018328                __cxa_call_terminate
 .text.__cxa_call_unexpected
                0x0201834c       0xec c:/devkitpro/devkitarm/bin/../lib/gcc/arm-none-eabi/4.7.1/../../../../arm-none-eabi/lib/thumb\libstdc++.a(eh_call.o)
                0x0201834c                __cxa_call_unexpected
 .text._ZL12read_sleb128PKhPl
                0x02018438       0x34 c:/devkitpro/devkitarm/bin/../lib/gcc/arm-none-eabi/4.7.1/../../../../arm-none-eabi/lib/thumb\libstdc++.a(eh_personality.o)
 .text._ZL28read_encoded_value_with_basehjPKhPj
                0x0201846c       0xd8 c:/devkitpro/devkitarm/bin/../lib/gcc/arm-none-eabi/4.7.1/../../../../arm-none-eabi/lib/thumb\libstdc++.a(eh_personality.o)
 .text._ZL21base_of_encoded_valuehP15_Unwind_Context
                0x02018544       0x4c c:/devkitpro/devkitarm/bin/../lib/gcc/arm-none-eabi/4.7.1/../../../../arm-none-eabi/lib/thumb\libstdc++.a(eh_personality.o)
 .text._ZL17parse_lsda_headerP15_Unwind_ContextPKhP16lsda_header_info
                0x02018590       0x98 c:/devkitpro/devkitarm/bin/../lib/gcc/arm-none-eabi/4.7.1/../../../../arm-none-eabi/lib/thumb\libstdc++.a(eh_personality.o)
 .text.__gxx_personality_v0
                0x02018628      0x3ec c:/devkitpro/devkitarm/bin/../lib/gcc/arm-none-eabi/4.7.1/../../../../arm-none-eabi/lib/thumb\libstdc++.a(eh_personality.o)
                0x02018628                __gxx_personality_v0
 .text._ZdlPv   0x02018a14       0x10 c:/devkitpro/devkitarm/bin/../lib/gcc/arm-none-eabi/4.7.1/../../../../arm-none-eabi/lib/thumb\libstdc++.a(del_op.o)
                0x02018a14                operator delete(void*)
 .text._ZN10__cxxabiv111__terminateEPFvvE
                0x02018a24       0x2c c:/devkitpro/devkitarm/bin/../lib/gcc/arm-none-eabi/4.7.1/../../../../arm-none-eabi/lib/thumb\libstdc++.a(eh_terminate.o)
                0x02018a24                __cxxabiv1::__terminate(void (*)())
 .text._ZSt9terminatev
                0x02018a50       0x10 c:/devkitpro/devkitarm/bin/../lib/gcc/arm-none-eabi/4.7.1/../../../../arm-none-eabi/lib/thumb\libstdc++.a(eh_terminate.o)
                0x02018a50                std::terminate()
 .text._ZN10__cxxabiv112__unexpectedEPFvvE
                0x02018a60        0xc c:/devkitpro/devkitarm/bin/../lib/gcc/arm-none-eabi/4.7.1/../../../../arm-none-eabi/lib/thumb\libstdc++.a(eh_terminate.o)
                0x02018a60                __cxxabiv1::__unexpected(void (*)())
 .text._ZSt10unexpectedv
                0x02018a6c       0x10 c:/devkitpro/devkitarm/bin/../lib/gcc/arm-none-eabi/4.7.1/../../../../arm-none-eabi/lib/thumb\libstdc++.a(eh_terminate.o)
                0x02018a6c                std::unexpected()
 .text._ZSt13set_terminatePFvvE
                0x02018a7c       0x10 c:/devkitpro/devkitarm/bin/../lib/gcc/arm-none-eabi/4.7.1/../../../../arm-none-eabi/lib/thumb\libstdc++.a(eh_terminate.o)
                0x02018a7c                std::set_terminate(void (*)())
 .text._ZSt14set_unexpectedPFvvE
                0x02018a8c       0x10 c:/devkitpro/devkitarm/bin/../lib/gcc/arm-none-eabi/4.7.1/../../../../arm-none-eabi/lib/thumb\libstdc++.a(eh_terminate.o)
                0x02018a8c                std::set_unexpected(void (*)())
 .text._ZNSt9exceptionD2Ev
                0x02018a9c        0xc c:/devkitpro/devkitarm/bin/../lib/gcc/arm-none-eabi/4.7.1/../../../../arm-none-eabi/lib/thumb\libstdc++.a(eh_exception.o)
                0x02018a9c                std::exception::~exception()
                0x02018a9c                std::exception::~exception()
 .text._ZNSt13bad_exceptionD2Ev
                0x02018aa8        0xc c:/devkitpro/devkitarm/bin/../lib/gcc/arm-none-eabi/4.7.1/../../../../arm-none-eabi/lib/thumb\libstdc++.a(eh_exception.o)
                0x02018aa8                std::bad_exception::~bad_exception()
                0x02018aa8                std::bad_exception::~bad_exception()
 .text._ZN10__cxxabiv115__forced_unwindD2Ev
                0x02018ab4        0xc c:/devkitpro/devkitarm/bin/../lib/gcc/arm-none-eabi/4.7.1/../../../../arm-none-eabi/lib/thumb\libstdc++.a(eh_exception.o)
                0x02018ab4                __cxxabiv1::__forced_unwind::~__forced_unwind()
                0x02018ab4                __cxxabiv1::__forced_unwind::~__forced_unwind()
 .text._ZN10__cxxabiv119__foreign_exceptionD2Ev
                0x02018ac0        0xc c:/devkitpro/devkitarm/bin/../lib/gcc/arm-none-eabi/4.7.1/../../../../arm-none-eabi/lib/thumb\libstdc++.a(eh_exception.o)
                0x02018ac0                __cxxabiv1::__foreign_exception::~__foreign_exception()
                0x02018ac0                __cxxabiv1::__foreign_exception::~__foreign_exception()
 .text._ZNKSt9exception4whatEv
                0x02018acc        0x8 c:/devkitpro/devkitarm/bin/../lib/gcc/arm-none-eabi/4.7.1/../../../../arm-none-eabi/lib/thumb\libstdc++.a(eh_exception.o)
                0x02018acc                std::exception::what() const
 .text._ZNKSt13bad_exception4whatEv
                0x02018ad4        0x8 c:/devkitpro/devkitarm/bin/../lib/gcc/arm-none-eabi/4.7.1/../../../../arm-none-eabi/lib/thumb\libstdc++.a(eh_exception.o)
                0x02018ad4                std::bad_exception::what() const
 .text._ZN10__cxxabiv119__foreign_exceptionD0Ev
                0x02018adc       0x1c c:/devkitpro/devkitarm/bin/../lib/gcc/arm-none-eabi/4.7.1/../../../../arm-none-eabi/lib/thumb\libstdc++.a(eh_exception.o)
                0x02018adc                __cxxabiv1::__foreign_exception::~__foreign_exception()
 .text._ZN10__cxxabiv115__forced_unwindD0Ev
                0x02018af8       0x1c c:/devkitpro/devkitarm/bin/../lib/gcc/arm-none-eabi/4.7.1/../../../../arm-none-eabi/lib/thumb\libstdc++.a(eh_exception.o)
                0x02018af8                __cxxabiv1::__forced_unwind::~__forced_unwind()
 .text._ZNSt9exceptionD0Ev
                0x02018b14       0x1c c:/devkitpro/devkitarm/bin/../lib/gcc/arm-none-eabi/4.7.1/../../../../arm-none-eabi/lib/thumb\libstdc++.a(eh_exception.o)
                0x02018b14                std::exception::~exception()
 .text._ZNSt13bad_exceptionD0Ev
                0x02018b30       0x1c c:/devkitpro/devkitarm/bin/../lib/gcc/arm-none-eabi/4.7.1/../../../../arm-none-eabi/lib/thumb\libstdc++.a(eh_exception.o)
                0x02018b30                std::bad_exception::~bad_exception()
 .text.__cxa_allocate_exception
                0x02018b4c       0x68 c:/devkitpro/devkitarm/bin/../lib/gcc/arm-none-eabi/4.7.1/../../../../arm-none-eabi/lib/thumb\libstdc++.a(eh_alloc.o)
                0x02018b4c                __cxa_allocate_exception
 .text.__cxa_free_exception
                0x02018bb4       0x38 c:/devkitpro/devkitarm/bin/../lib/gcc/arm-none-eabi/4.7.1/../../../../arm-none-eabi/lib/thumb\libstdc++.a(eh_alloc.o)
                0x02018bb4                __cxa_free_exception
 .text.__cxa_allocate_dependent_exception
                0x02018bec       0x60 c:/devkitpro/devkitarm/bin/../lib/gcc/arm-none-eabi/4.7.1/../../../../arm-none-eabi/lib/thumb\libstdc++.a(eh_alloc.o)
                0x02018bec                __cxa_allocate_dependent_exception
 .text.__cxa_free_dependent_exception
                0x02018c4c       0x3c c:/devkitpro/devkitarm/bin/../lib/gcc/arm-none-eabi/4.7.1/../../../../arm-none-eabi/lib/thumb\libstdc++.a(eh_alloc.o)
                0x02018c4c                __cxa_free_dependent_exception
 .text._ZNKSt9bad_alloc4whatEv
                0x02018c88        0x8 c:/devkitpro/devkitarm/bin/../lib/gcc/arm-none-eabi/4.7.1/../../../../arm-none-eabi/lib/thumb\libstdc++.a(bad_alloc.o)
                0x02018c88                std::bad_alloc::what() const
 .text._ZNSt9bad_allocD2Ev
                0x02018c90       0x1c c:/devkitpro/devkitarm/bin/../lib/gcc/arm-none-eabi/4.7.1/../../../../arm-none-eabi/lib/thumb\libstdc++.a(bad_alloc.o)
                0x02018c90                std::bad_alloc::~bad_alloc()
                0x02018c90                std::bad_alloc::~bad_alloc()
 .text._ZNSt9bad_allocD0Ev
                0x02018cac       0x18 c:/devkitpro/devkitarm/bin/../lib/gcc/arm-none-eabi/4.7.1/../../../../arm-none-eabi/lib/thumb\libstdc++.a(bad_alloc.o)
                0x02018cac                std::bad_alloc::~bad_alloc()
 .text._ZNK10__cxxabiv117__class_type_info11__do_upcastEPKS0_PPv
                0x02018cc4       0x40 c:/devkitpro/devkitarm/bin/../lib/gcc/arm-none-eabi/4.7.1/../../../../arm-none-eabi/lib/thumb\libstdc++.a(class_type_info.o)
                0x02018cc4                __cxxabiv1::__class_type_info::__do_upcast(__cxxabiv1::__class_type_info const*, void**) const
 .text._ZNK10__cxxabiv117__class_type_info20__do_find_public_srcEiPKvPKS0_S2_
                0x02018d04       0x14 c:/devkitpro/devkitarm/bin/../lib/gcc/arm-none-eabi/4.7.1/../../../../arm-none-eabi/lib/thumb\libstdc++.a(class_type_info.o)
                0x02018d04                __cxxabiv1::__class_type_info::__do_find_public_src(int, void const*, __cxxabiv1::__class_type_info const*, void const*) const
 .text._ZNK10__cxxabiv117__class_type_info11__do_upcastEPKS0_PKvRNS0_15__upcast_resultE
                0x02018d18       0x24 c:/devkitpro/devkitarm/bin/../lib/gcc/arm-none-eabi/4.7.1/../../../../arm-none-eabi/lib/thumb\libstdc++.a(class_type_info.o)
                0x02018d18                __cxxabiv1::__class_type_info::__do_upcast(__cxxabiv1::__class_type_info const*, void const*, __cxxabiv1::__class_type_info::__upcast_result&) const
 .text._ZN10__cxxabiv117__class_type_infoD2Ev
                0x02018d3c       0x1c c:/devkitpro/devkitarm/bin/../lib/gcc/arm-none-eabi/4.7.1/../../../../arm-none-eabi/lib/thumb\libstdc++.a(class_type_info.o)
                0x02018d3c                __cxxabiv1::__class_type_info::~__class_type_info()
                0x02018d3c                __cxxabiv1::__class_type_info::~__class_type_info()
 .text._ZN10__cxxabiv117__class_type_infoD0Ev
                0x02018d58       0x18 c:/devkitpro/devkitarm/bin/../lib/gcc/arm-none-eabi/4.7.1/../../../../arm-none-eabi/lib/thumb\libstdc++.a(class_type_info.o)
                0x02018d58                __cxxabiv1::__class_type_info::~__class_type_info()
 .text._ZNK10__cxxabiv117__class_type_info12__do_dyncastEiNS0_10__sub_kindEPKS0_PKvS3_S5_RNS0_16__dyncast_resultE
                0x02018d70       0x44 c:/devkitpro/devkitarm/bin/../lib/gcc/arm-none-eabi/4.7.1/../../../../arm-none-eabi/lib/thumb\libstdc++.a(class_type_info.o)
                0x02018d70                __cxxabiv1::__class_type_info::__do_dyncast(int, __cxxabiv1::__class_type_info::__sub_kind, __cxxabiv1::__class_type_info const*, void const*, __cxxabiv1::__class_type_info const*, void const*, __cxxabiv1::__class_type_info::__dyncast_result&) const
 .text._ZNK10__cxxabiv117__class_type_info10__do_catchEPKSt9type_infoPPvj
                0x02018db4       0x40 c:/devkitpro/devkitarm/bin/../lib/gcc/arm-none-eabi/4.7.1/../../../../arm-none-eabi/lib/thumb\libstdc++.a(class_type_info.o)
                0x02018db4                __cxxabiv1::__class_type_info::__do_catch(std::type_info const*, void**, unsigned int) const
 .text._ZSt15set_new_handlerPFvvE
                0x02018df4       0x10 c:/devkitpro/devkitarm/bin/../lib/gcc/arm-none-eabi/4.7.1/../../../../arm-none-eabi/lib/thumb\libstdc++.a(new_handler.o)
                0x02018df4                std::set_new_handler(void (*)())
 .text.__cxa_end_cleanup
                0x02018e04        0xc c:/devkitpro/devkitarm/bin/../lib/gcc/arm-none-eabi/4.7.1/../../../../arm-none-eabi/lib/thumb\libstdc++.a(eh_arm.o)
                0x02018e04                __cxa_end_cleanup
 .text.__cxa_type_match
                0x02018e10       0xcc c:/devkitpro/devkitarm/bin/../lib/gcc/arm-none-eabi/4.7.1/../../../../arm-none-eabi/lib/thumb\libstdc++.a(eh_arm.o)
                0x02018e10                __cxa_type_match
 .text.__cxa_begin_cleanup
                0x02018edc       0x64 c:/devkitpro/devkitarm/bin/../lib/gcc/arm-none-eabi/4.7.1/../../../../arm-none-eabi/lib/thumb\libstdc++.a(eh_arm.o)
                0x02018edc                __cxa_begin_cleanup
 .text.__gnu_end_cleanup
                0x02018f40       0x74 c:/devkitpro/devkitarm/bin/../lib/gcc/arm-none-eabi/4.7.1/../../../../arm-none-eabi/lib/thumb\libstdc++.a(eh_arm.o)
                0x02018f40                __gnu_end_cleanup
 .text._ZL23__gxx_exception_cleanup19_Unwind_Reason_CodeP21_Unwind_Control_Block
                0x02018fb4       0x30 c:/devkitpro/devkitarm/bin/../lib/gcc/arm-none-eabi/4.7.1/../../../../arm-none-eabi/lib/thumb\libstdc++.a(eh_throw.o)
 .text.__cxa_throw
                0x02018fe4       0x68 c:/devkitpro/devkitarm/bin/../lib/gcc/arm-none-eabi/4.7.1/../../../../arm-none-eabi/lib/thumb\libstdc++.a(eh_throw.o)
                0x02018fe4                __cxa_throw
 .text.__cxa_rethrow
                0x0201904c       0x74 c:/devkitpro/devkitarm/bin/../lib/gcc/arm-none-eabi/4.7.1/../../../../arm-none-eabi/lib/thumb\libstdc++.a(eh_throw.o)
                0x0201904c                __cxa_rethrow
 .text.__cxa_pure_virtual
                0x020190c0       0x14 c:/devkitpro/devkitarm/bin/../lib/gcc/arm-none-eabi/4.7.1/../../../../arm-none-eabi/lib/thumb\libstdc++.a(pure.o)
                0x020190c0                __cxa_pure_virtual
 .text.__cxa_deleted_virtual
                0x020190d4       0x14 c:/devkitpro/devkitarm/bin/../lib/gcc/arm-none-eabi/4.7.1/../../../../arm-none-eabi/lib/thumb\libstdc++.a(pure.o)
                0x020190d4                __cxa_deleted_virtual
 .text.__cxa_get_globals_fast
                0x020190e8        0x8 c:/devkitpro/devkitarm/bin/../lib/gcc/arm-none-eabi/4.7.1/../../../../arm-none-eabi/lib/thumb\libstdc++.a(eh_globals.o)
                0x020190e8                __cxa_get_globals_fast
 .text.__cxa_get_globals
                0x020190f0        0x8 c:/devkitpro/devkitarm/bin/../lib/gcc/arm-none-eabi/4.7.1/../../../../arm-none-eabi/lib/thumb\libstdc++.a(eh_globals.o)
                0x020190f0                __cxa_get_globals
 .text.__cxa_get_exception_ptr
                0x020190f8        0x4 c:/devkitpro/devkitarm/bin/../lib/gcc/arm-none-eabi/4.7.1/../../../../arm-none-eabi/lib/thumb\libstdc++.a(eh_catch.o)
                0x020190f8                __cxa_get_exception_ptr
 .text.__cxa_begin_catch
                0x020190fc       0x88 c:/devkitpro/devkitarm/bin/../lib/gcc/arm-none-eabi/4.7.1/../../../../arm-none-eabi/lib/thumb\libstdc++.a(eh_catch.o)
                0x020190fc                __cxa_begin_catch
 .text.__cxa_end_catch
                0x02019184       0x94 c:/devkitpro/devkitarm/bin/../lib/gcc/arm-none-eabi/4.7.1/../../../../arm-none-eabi/lib/thumb\libstdc++.a(eh_catch.o)
                0x02019184                __cxa_end_catch
 .text._ZSt18uncaught_exceptionv
                0x02019218       0x14 c:/devkitpro/devkitarm/bin/../lib/gcc/arm-none-eabi/4.7.1/../../../../arm-none-eabi/lib/thumb\libstdc++.a(eh_catch.o)
                0x02019218                std::uncaught_exception()
 .text._ZNK10__cxxabiv120__si_class_type_info12__do_dyncastEiNS_17__class_type_info10__sub_kindEPKS1_PKvS4_S6_RNS1_16__dyncast_resultE
                0x0201922c       0x90 c:/devkitpro/devkitarm/bin/../lib/gcc/arm-none-eabi/4.7.1/../../../../arm-none-eabi/lib/thumb\libstdc++.a(si_class_type_info.o)
                0x0201922c                __cxxabiv1::__si_class_type_info::__do_dyncast(int, __cxxabiv1::__class_type_info::__sub_kind, __cxxabiv1::__class_type_info const*, void const*, __cxxabiv1::__class_type_info const*, void const*, __cxxabiv1::__class_type_info::__dyncast_result&) const
 .text._ZN10__cxxabiv120__si_class_type_infoD2Ev
                0x020192bc       0x1c c:/devkitpro/devkitarm/bin/../lib/gcc/arm-none-eabi/4.7.1/../../../../arm-none-eabi/lib/thumb\libstdc++.a(si_class_type_info.o)
                0x020192bc                __cxxabiv1::__si_class_type_info::~__si_class_type_info()
                0x020192bc                __cxxabiv1::__si_class_type_info::~__si_class_type_info()
 .text._ZN10__cxxabiv120__si_class_type_infoD0Ev
                0x020192d8       0x18 c:/devkitpro/devkitarm/bin/../lib/gcc/arm-none-eabi/4.7.1/../../../../arm-none-eabi/lib/thumb\libstdc++.a(si_class_type_info.o)
                0x020192d8                __cxxabiv1::__si_class_type_info::~__si_class_type_info()
 .text._ZNK10__cxxabiv120__si_class_type_info11__do_upcastEPKNS_17__class_type_infoEPKvRNS1_15__upcast_resultE
                0x020192f0       0x30 c:/devkitpro/devkitarm/bin/../lib/gcc/arm-none-eabi/4.7.1/../../../../arm-none-eabi/lib/thumb\libstdc++.a(si_class_type_info.o)
                0x020192f0                __cxxabiv1::__si_class_type_info::__do_upcast(__cxxabiv1::__class_type_info const*, void const*, __cxxabiv1::__class_type_info::__upcast_result&) const
 .text._ZNK10__cxxabiv120__si_class_type_info20__do_find_public_srcEiPKvPKNS_17__class_type_infoES2_
                0x02019320       0x40 c:/devkitpro/devkitarm/bin/../lib/gcc/arm-none-eabi/4.7.1/../../../../arm-none-eabi/lib/thumb\libstdc++.a(si_class_type_info.o)
                0x02019320                __cxxabiv1::__si_class_type_info::__do_find_public_src(int, void const*, __cxxabiv1::__class_type_info const*, void const*) const
 .text._ZNSt9type_infoD2Ev
                0x02019360        0xc c:/devkitpro/devkitarm/bin/../lib/gcc/arm-none-eabi/4.7.1/../../../../arm-none-eabi/lib/thumb\libstdc++.a(tinfo.o)
                0x02019360                std::type_info::~type_info()
                0x02019360                std::type_info::~type_info()
 .text._ZNKSt9type_info14__is_pointer_pEv
                0x0201936c        0x4 c:/devkitpro/devkitarm/bin/../lib/gcc/arm-none-eabi/4.7.1/../../../../arm-none-eabi/lib/thumb\libstdc++.a(tinfo.o)
                0x0201936c                std::type_info::__is_pointer_p() const
 .text._ZNKSt9type_info15__is_function_pEv
                0x02019370        0x4 c:/devkitpro/devkitarm/bin/../lib/gcc/arm-none-eabi/4.7.1/../../../../arm-none-eabi/lib/thumb\libstdc++.a(tinfo.o)
                0x02019370                std::type_info::__is_function_p() const
 .text._ZNKSt9type_info11__do_upcastEPKN10__cxxabiv117__class_type_infoEPPv
                0x02019374        0x4 c:/devkitpro/devkitarm/bin/../lib/gcc/arm-none-eabi/4.7.1/../../../../arm-none-eabi/lib/thumb\libstdc++.a(tinfo.o)
                0x02019374                std::type_info::__do_upcast(__cxxabiv1::__class_type_info const*, void**) const
 .text._ZNSt9type_infoD0Ev
                0x02019378       0x1c c:/devkitpro/devkitarm/bin/../lib/gcc/arm-none-eabi/4.7.1/../../../../arm-none-eabi/lib/thumb\libstdc++.a(tinfo.o)
                0x02019378                std::type_info::~type_info()
 .text._ZNKSt9type_infoeqERKS_
                0x02019394       0x30 c:/devkitpro/devkitarm/bin/../lib/gcc/arm-none-eabi/4.7.1/../../../../arm-none-eabi/lib/thumb\libstdc++.a(tinfo.o)
                0x02019394                std::type_info::operator==(std::type_info const&) const
 .text._ZNKSt9type_info10__do_catchEPKS_PPvj
                0x020193c4        0xc c:/devkitpro/devkitarm/bin/../lib/gcc/arm-none-eabi/4.7.1/../../../../arm-none-eabi/lib/thumb\libstdc++.a(tinfo.o)
                0x020193c4                std::type_info::__do_catch(std::type_info const*, void**, unsigned int) const
 .text._ZN9__gnu_cxx27__verbose_terminate_handlerEv
                0x020193d0      0x11c c:/devkitpro/devkitarm/bin/../lib/gcc/arm-none-eabi/4.7.1/../../../../arm-none-eabi/lib/thumb\libstdc++.a(vterminate.o)
                0x020193d0                __gnu_cxx::__verbose_terminate_handler()
 .text.__cxa_current_exception_type
                0x020194ec       0x28 c:/devkitpro/devkitarm/bin/../lib/gcc/arm-none-eabi/4.7.1/../../../../arm-none-eabi/lib/thumb\libstdc++.a(eh_type.o)
                0x020194ec                __cxa_current_exception_type
 *fill*         0x02019514        0x4 ff
 .text.__cxa_current_exception_type.stub
                0x02019518      0x140 linker stubs
 *(.stub)
 *(.gnu.warning)
 *(.gnu.linkonce.t*)
 *(.glue_7)
 .glue_7        0x00000000        0x0 linker stubs
 *(.glue_7t)
 .glue_7t       0x00000000        0x0 linker stubs
                0x02019658                . = ALIGN (0x4)

.vfp11_veneer   0x02019668        0x0
 .vfp11_veneer  0x00000000        0x0 linker stubs

.v4_bx          0x02019668        0x0
 .v4_bx         0x00000000        0x0 linker stubs

.iplt           0x02019668        0x0
 .iplt          0x00000000        0x0 c:/devkitpro/devkitarm/bin/../lib/gcc/arm-none-eabi/4.7.1/../../../../arm-none-eabi/lib/thumb/ds_arm9_crt0.o

.fini           0x02019668        0xc
 *(.fini)
 .fini          0x02019668        0x4 c:/devkitpro/devkitarm/bin/../lib/gcc/arm-none-eabi/4.7.1/thumb/crti.o
                0x02019668                _fini
 .fini          0x0201966c        0x8 c:/devkitpro/devkitarm/bin/../lib/gcc/arm-none-eabi/4.7.1/thumb/crtn.o
                0x02019674                __text_end = .

.rodata         0x02019678   0x1ae384
 *(.rodata)
 .rodata        0x02019678   0x181718 soundbank.bin.o
                0x02019678                soundbank_bin
                0x0219ad8c                soundbank_bin_size
                0x0219ad8c                soundbank_bin_end
 .rodata        0x0219ad90       0x80 Blocks.o
                0x0219ad90                vtable for Door
                0x0219adb0                vtable for Triggerable
                0x0219add0                vtable for Actuator
                0x0219adf0                vtable for Plate
 .rodata        0x0219ae10       0x58 ClassDefinitions.o
                0x0219ae10                vtable for Level
                0x0219ae30                vtable for Entity
                0x0219ae48                vtable for Block
 .rodata        0x0219ae68       0x48 Entities.o
                0x0219ae68                vtable for Player
                0x0219ae80                vtable for Mob
                0x0219ae98                vtable for Rock
 .rodata        0x0219aeb0       0x60 Levels.o
                0x0219aed0                vtable for Level1
                0x0219aef0                vtable for LevelMainMenu
 .rodata        0x0219af10       0x60 LevelMainMenu.o
                0x0219af10                LevelMainMenuBitmap
 .rodata        0x0219af70      0x100 LevelTest.o
                0x0219af70                LevelTestBitmap
 .rodata        0x0219b070     0x8200 Sprites.o
                0x0219b070                SpritesPal
                0x0219b270                SpritesTiles
 .rodata        0x021a3270    0x10200 Tileset.o
                0x021a3270                TilesetPal
                0x021a3470                TilesetTiles
 .rodata        0x021b3470     0xc200 Wall.o
                0x021b3470                WallPal
                0x021b3670                WallBitmap
 .rodata        0x021bf670      0x308 c:/devkitPro/libnds/lib\libnds9.a(trig.o)
                0x021bf670                SIN_LUT
                0x021bf774                TAN_LUT
 .rodata        0x021bf978      0x200 c:/devkitPro/libnds/lib\libnds9.a(console.o)
 .rodata        0x021bfb78     0x2004 c:/devkitPro/libnds/lib\libnds9.a(default_font.bin.o)
                0x021bfb78                default_font_bin
                0x021c1b78                default_font_bin_size
                0x021c1b78                default_font_bin_end
 .rodata        0x021c1b7c      0xf7c c:/devkitpro/devkitarm/bin/../lib/gcc/arm-none-eabi/4.7.1/../../../../arm-none-eabi/lib/thumb\libstdc++.a(cp-demangle.o)
 .rodata        0x021c2af8       0x14 c:/devkitpro/devkitarm/bin/../lib/gcc/arm-none-eabi/4.7.1/thumb\libgcc.a(unwind-arm.o)
 .rodata        0x021c2b0c        0x4 c:/devkitpro/devkitarm/bin/../lib/gcc/arm-none-eabi/4.7.1/../../../../arm-none-eabi/lib/thumb\libg.a(lib_a-impure.o)
                0x021c2b0c                _global_impure_ptr
 .rodata        0x021c2b10      0x340 c:/devkitpro/devkitarm/bin/../lib/gcc/arm-none-eabi/4.7.1/../../../../arm-none-eabi/lib/thumb\libg.a(lib_a-svfiscanf.o)
 .rodata        0x021c2e50      0x184 c:/devkitpro/devkitarm/bin/../lib/gcc/arm-none-eabi/4.7.1/../../../../arm-none-eabi/lib/thumb\libg.a(lib_a-svfprintf.o)
 .rodata        0x021c2fd4      0x184 c:/devkitpro/devkitarm/bin/../lib/gcc/arm-none-eabi/4.7.1/../../../../arm-none-eabi/lib/thumb\libg.a(lib_a-vfiprintf.o)
 .rodata        0x021c3158      0x104 c:/devkitpro/devkitarm/bin/../lib/gcc/arm-none-eabi/4.7.1/../../../../arm-none-eabi/lib/thumb\libg.a(lib_a-ctype_.o)
                0x021c3158                _ctype_
 .rodata        0x021c325c     0x34f0 c:/devkitpro/devkitarm/bin/../lib/gcc/arm-none-eabi/4.7.1/../../../../arm-none-eabi/lib/thumb\libg.a(lib_a-jp2uc.o)
 .rodata        0x021c674c       0xf0 c:/devkitpro/devkitarm/bin/../lib/gcc/arm-none-eabi/4.7.1/../../../../arm-none-eabi/lib/thumb\libg.a(lib_a-locale.o)
 .rodata        0x021c683c       0xa8 c:/devkitpro/devkitarm/bin/../lib/gcc/arm-none-eabi/4.7.1/../../../../arm-none-eabi/lib/thumb\libg.a(lib_a-mbtowc_r.o)
 *fill*         0x021c68e4        0x4 ff
 .rodata        0x021c68e8      0x128 c:/devkitpro/devkitarm/bin/../lib/gcc/arm-none-eabi/4.7.1/../../../../arm-none-eabi/lib/thumb\libg.a(lib_a-mprec.o)
                0x021c68f8                __mprec_tens
                0x021c69c0                __mprec_tinytens
                0x021c69e8                __mprec_bigtens
 .rodata        0x021c6a10      0x184 c:/devkitpro/devkitarm/bin/../lib/gcc/arm-none-eabi/4.7.1/../../../../arm-none-eabi/lib/thumb\libg.a(lib_a-svfiprintf.o)
 .rodata        0x021c6b94       0x64 c:/devkitpro/devkitarm/bin/../lib/gcc/arm-none-eabi/4.7.1/../../../../arm-none-eabi/lib/thumb\libsysbase.a(iosupport.o)
                0x021c6b94                dotab_stdnull
 *all.rodata*(*)
 *(.roda)
 *(.rodata.*)
 .rodata._ZTV4Wall
                0x021c6bf8       0x20 Blocks.o
                0x021c6bf8                vtable for Wall
 .rodata._ZTV5Floor
                0x021c6c18       0x20 Blocks.o
                0x021c6c18                vtable for Floor
 .rodata.str1.4
                0x021c6c38       0x27 Blocks.o
                                 0x28 (size before relaxing)
 *fill*         0x021c6c5f        0x1 ff
 .rodata.str1.4
                0x021c6c60       0x8f ClassDefinitions.o
                                 0x90 (size before relaxing)
 *fill*         0x021c6cef        0x1 ff
 .rodata.str1.4
                0x021c6cf0       0x15 Entities.o
                                 0x18 (size before relaxing)
 *fill*         0x021c6d05        0x3 ff
 .rodata.str1.4
                0x021c6d08        0x6 Levels.o
                                  0x8 (size before relaxing)
 *fill*         0x021c6d0e        0x2 ff
 .rodata.str1.4
                0x021c6d10        0xe main.o
                                 0x10 (size before relaxing)
 *fill*         0x021c6d1e        0x2 ff
 .rodata.str1.4
                0x021c6d20       0x44 c:/devkitPro/libnds/lib\libnds9.a(sassert.o)
 .rodata.str1.4
                0x021c6d64       0x49 c:/devkitPro/libnds/lib\libnds9.a(console.o)
                                 0x4c (size before relaxing)
 *fill*         0x021c6dad        0x3 ff
 .rodata._ZL28read_encoded_value_with_basehjPKhPj
                0x021c6db0       0x34 c:/devkitpro/devkitarm/bin/../lib/gcc/arm-none-eabi/4.7.1/../../../../arm-none-eabi/lib/thumb\libstdc++.a(eh_personality.o)
 *fill*         0x021c6de4        0x4 ff
 .rodata._ZTVN10__cxxabiv115__forced_unwindE
                0x021c6de8       0x18 c:/devkitpro/devkitarm/bin/../lib/gcc/arm-none-eabi/4.7.1/../../../../arm-none-eabi/lib/thumb\libstdc++.a(eh_exception.o)
                0x021c6de8                vtable for __cxxabiv1::__forced_unwind
 .rodata._ZTVSt9exception
                0x021c6e00       0x18 c:/devkitpro/devkitarm/bin/../lib/gcc/arm-none-eabi/4.7.1/../../../../arm-none-eabi/lib/thumb\libstdc++.a(eh_exception.o)
                0x021c6e00                vtable for std::exception
 .rodata._ZTIN10__cxxabiv115__forced_unwindE
                0x021c6e18        0x8 c:/devkitpro/devkitarm/bin/../lib/gcc/arm-none-eabi/4.7.1/../../../../arm-none-eabi/lib/thumb\libstdc++.a(eh_exception.o)
                0x021c6e18                typeinfo for __cxxabiv1::__forced_unwind
 .rodata._ZTISt9exception
                0x021c6e20        0x8 c:/devkitpro/devkitarm/bin/../lib/gcc/arm-none-eabi/4.7.1/../../../../arm-none-eabi/lib/thumb\libstdc++.a(eh_exception.o)
                0x021c6e20                typeinfo for std::exception
 .rodata._ZTSSt13bad_exception
                0x021c6e28       0x14 c:/devkitpro/devkitarm/bin/../lib/gcc/arm-none-eabi/4.7.1/../../../../arm-none-eabi/lib/thumb\libstdc++.a(eh_exception.o)
                0x021c6e28                typeinfo name for std::bad_exception
 .rodata.str1.4
                0x021c6e3c       0x23 c:/devkitpro/devkitarm/bin/../lib/gcc/arm-none-eabi/4.7.1/../../../../arm-none-eabi/lib/thumb\libstdc++.a(eh_exception.o)
                                 0x24 (size before relaxing)
 *fill*         0x021c6e5f        0x1 ff
 .rodata._ZTSN10__cxxabiv119__foreign_exceptionE
                0x021c6e60       0x24 c:/devkitpro/devkitarm/bin/../lib/gcc/arm-none-eabi/4.7.1/../../../../arm-none-eabi/lib/thumb\libstdc++.a(eh_exception.o)
                0x021c6e60                typeinfo name for __cxxabiv1::__foreign_exception
 .rodata._ZTIN10__cxxabiv119__foreign_exceptionE
                0x021c6e84        0x8 c:/devkitpro/devkitarm/bin/../lib/gcc/arm-none-eabi/4.7.1/../../../../arm-none-eabi/lib/thumb\libstdc++.a(eh_exception.o)
                0x021c6e84                typeinfo for __cxxabiv1::__foreign_exception
 *fill*         0x021c6e8c        0x4 ff
 .rodata._ZTVSt13bad_exception
                0x021c6e90       0x18 c:/devkitpro/devkitarm/bin/../lib/gcc/arm-none-eabi/4.7.1/../../../../arm-none-eabi/lib/thumb\libstdc++.a(eh_exception.o)
                0x021c6e90                vtable for std::bad_exception
 .rodata._ZTSSt9exception
                0x021c6ea8       0x10 c:/devkitpro/devkitarm/bin/../lib/gcc/arm-none-eabi/4.7.1/../../../../arm-none-eabi/lib/thumb\libstdc++.a(eh_exception.o)
                0x021c6ea8                typeinfo name for std::exception
 .rodata._ZTVN10__cxxabiv119__foreign_exceptionE
                0x021c6eb8       0x18 c:/devkitpro/devkitarm/bin/../lib/gcc/arm-none-eabi/4.7.1/../../../../arm-none-eabi/lib/thumb\libstdc++.a(eh_exception.o)
                0x021c6eb8                vtable for __cxxabiv1::__foreign_exception
 .rodata._ZTSN10__cxxabiv115__forced_unwindE
                0x021c6ed0       0x20 c:/devkitpro/devkitarm/bin/../lib/gcc/arm-none-eabi/4.7.1/../../../../arm-none-eabi/lib/thumb\libstdc++.a(eh_exception.o)
                0x021c6ed0                typeinfo name for __cxxabiv1::__forced_unwind
 .rodata._ZTISt13bad_exception
                0x021c6ef0        0xc c:/devkitpro/devkitarm/bin/../lib/gcc/arm-none-eabi/4.7.1/../../../../arm-none-eabi/lib/thumb\libstdc++.a(eh_exception.o)
                0x021c6ef0                typeinfo for std::bad_exception
 *fill*         0x021c6efc        0x4 ff
 .rodata._ZTVSt9bad_alloc
                0x021c6f00       0x18 c:/devkitpro/devkitarm/bin/../lib/gcc/arm-none-eabi/4.7.1/../../../../arm-none-eabi/lib/thumb\libstdc++.a(bad_alloc.o)
                0x021c6f00                vtable for std::bad_alloc
 .rodata._ZTISt9bad_alloc
                0x021c6f18        0xc c:/devkitpro/devkitarm/bin/../lib/gcc/arm-none-eabi/4.7.1/../../../../arm-none-eabi/lib/thumb\libstdc++.a(bad_alloc.o)
                0x021c6f18                typeinfo for std::bad_alloc
 .rodata.str1.4
                0x021c6f24        0xf c:/devkitpro/devkitarm/bin/../lib/gcc/arm-none-eabi/4.7.1/../../../../arm-none-eabi/lib/thumb\libstdc++.a(bad_alloc.o)
                                 0x10 (size before relaxing)
 *fill*         0x021c6f33        0x1 ff
 .rodata._ZTSSt9bad_alloc
                0x021c6f34       0x10 c:/devkitpro/devkitarm/bin/../lib/gcc/arm-none-eabi/4.7.1/../../../../arm-none-eabi/lib/thumb\libstdc++.a(bad_alloc.o)
                0x021c6f34                typeinfo name for std::bad_alloc
 *fill*         0x021c6f44        0x4 ff
 .rodata._ZTVN10__cxxabiv117__class_type_infoE
                0x021c6f48       0x30 c:/devkitpro/devkitarm/bin/../lib/gcc/arm-none-eabi/4.7.1/../../../../arm-none-eabi/lib/thumb\libstdc++.a(class_type_info.o)
                0x021c6f48                vtable for __cxxabiv1::__class_type_info
 .rodata._ZTIN10__cxxabiv117__class_type_infoE
                0x021c6f78        0xc c:/devkitpro/devkitarm/bin/../lib/gcc/arm-none-eabi/4.7.1/../../../../arm-none-eabi/lib/thumb\libstdc++.a(class_type_info.o)
                0x021c6f78                typeinfo for __cxxabiv1::__class_type_info
 .rodata._ZTSN10__cxxabiv117__class_type_infoE
                0x021c6f84       0x24 c:/devkitpro/devkitarm/bin/../lib/gcc/arm-none-eabi/4.7.1/../../../../arm-none-eabi/lib/thumb\libstdc++.a(class_type_info.o)
                0x021c6f84                typeinfo name for __cxxabiv1::__class_type_info
 .rodata._ZSt7nothrow
                0x021c6fa8        0x4 c:/devkitpro/devkitarm/bin/../lib/gcc/arm-none-eabi/4.7.1/../../../../arm-none-eabi/lib/thumb\libstdc++.a(new_handler.o)
                0x021c6fa8                std::nothrow
 .rodata.str1.4
                0x021c6fac       0x3b c:/devkitpro/devkitarm/bin/../lib/gcc/arm-none-eabi/4.7.1/../../../../arm-none-eabi/lib/thumb\libstdc++.a(pure.o)
                                 0x3c (size before relaxing)
 *fill*         0x021c6fe7        0x1 ff
 .rodata._ZTVN10__cxxabiv120__si_class_type_infoE
                0x021c6fe8       0x30 c:/devkitpro/devkitarm/bin/../lib/gcc/arm-none-eabi/4.7.1/../../../../arm-none-eabi/lib/thumb\libstdc++.a(si_class_type_info.o)
                0x021c6fe8                vtable for __cxxabiv1::__si_class_type_info
 .rodata._ZTIN10__cxxabiv120__si_class_type_infoE
                0x021c7018        0xc c:/devkitpro/devkitarm/bin/../lib/gcc/arm-none-eabi/4.7.1/../../../../arm-none-eabi/lib/thumb\libstdc++.a(si_class_type_info.o)
                0x021c7018                typeinfo for __cxxabiv1::__si_class_type_info
 .rodata._ZTSN10__cxxabiv120__si_class_type_infoE
                0x021c7024       0x28 c:/devkitpro/devkitarm/bin/../lib/gcc/arm-none-eabi/4.7.1/../../../../arm-none-eabi/lib/thumb\libstdc++.a(si_class_type_info.o)
                0x021c7024                typeinfo name for __cxxabiv1::__si_class_type_info
 .rodata._ZTISt9type_info
                0x021c704c        0x8 c:/devkitpro/devkitarm/bin/../lib/gcc/arm-none-eabi/4.7.1/../../../../arm-none-eabi/lib/thumb\libstdc++.a(tinfo.o)
                0x021c704c                typeinfo for std::type_info
 .rodata._ZTSSt9type_info
                0x021c7054       0x10 c:/devkitpro/devkitarm/bin/../lib/gcc/arm-none-eabi/4.7.1/../../../../arm-none-eabi/lib/thumb\libstdc++.a(tinfo.o)
                0x021c7054                typeinfo name for std::type_info
 *fill*         0x021c7064        0x4 ff
 .rodata._ZTVSt9type_info
                0x021c7068       0x20 c:/devkitpro/devkitarm/bin/../lib/gcc/arm-none-eabi/4.7.1/../../../../arm-none-eabi/lib/thumb\libstdc++.a(tinfo.o)
                0x021c7068                vtable for std::type_info
 .rodata.str1.4
                0x021c7088       0x94 c:/devkitpro/devkitarm/bin/../lib/gcc/arm-none-eabi/4.7.1/../../../../arm-none-eabi/lib/thumb\libstdc++.a(vterminate.o)
 .rodata.str1.4
                0x021c711c      0x75f c:/devkitpro/devkitarm/bin/../lib/gcc/arm-none-eabi/4.7.1/../../../../arm-none-eabi/lib/thumb\libstdc++.a(cp-demangle.o)
                                0x7b4 (size before relaxing)
 *fill*         0x021c787b        0x1 ff
 .rodata.str1.4
                0x021c787c        0x2 c:/devkitpro/devkitarm/bin/../lib/gcc/arm-none-eabi/4.7.1/../../../../arm-none-eabi/lib/thumb\libg.a(lib_a-impure.o)
                                  0x4 (size before relaxing)