Archive member included because of file (symbol)

c:/devkitPro/libnds/lib\libmm9.a(mm_comms.o)
                              ClassDefinitions.o (mmStart)
c:/devkitPro/libnds/lib\libmm9.a(mm_main9.o)
                              c:/devkitPro/libnds/lib\libmm9.a(mm_comms.o) (mmCallback)
c:/devkitPro/libnds/lib\libmm9.a(mm_memory.o)
                              ClassDefinitions.o (mmLoad)
c:/devkitPro/libnds/lib\libmm9.a(mm_soundbank.o)
                              c:/devkitPro/libnds/lib\libmm9.a(mm_main9.o) (mmSoundBankInMemory)
c:/devkitPro/libnds/lib\libmm9.a(mm_flusher.o)
                              c:/devkitPro/libnds/lib\libmm9.a(mm_memory.o) (mmFlushBank)
c:/devkitPro/libnds/lib\libnds9.a(console.o)
                              main.o (consoleDemoInit)
c:/devkitPro/libnds/lib\libnds9.a(keys.o)
                              main.o (scanKeys)
c:/devkitPro/libnds/lib\libnds9.a(sprite.o)
                              ClassDefinitions.o (oamInit)
c:/devkitPro/libnds/lib\libnds9.a(sprite_alloc.o)
                              c:/devkitPro/libnds/lib\libnds9.a(sprite.o) (oamAllocReset)
c:/devkitPro/libnds/lib\libnds9.a(trig.o)
                              c:/devkitPro/libnds/lib\libnds9.a(sprite.o) (sinLerp)
c:/devkitPro/libnds/lib\libnds9.a(initSystem.o)
                              c:/devkitpro/devkitarm/bin/../lib/gcc/arm-none-eabi/4.7.1/../../../../arm-none-eabi/lib/thumb/ds_arm9_crt0.o (initSystem)
c:/devkitPro/libnds/lib\libnds9.a(fifosystem.o)
                              c:/devkitPro/libnds/lib\libnds9.a(initSystem.o) (fifoSendValue32)
c:/devkitPro/libnds/lib\libnds9.a(interrupts.o)
                              c:/devkitPro/libnds/lib\libnds9.a(fifosystem.o) (irqSet)
c:/devkitPro/libnds/lib\libnds9.a(libnds_exit.arm.o)
                              c:/devkitpro/devkitarm/bin/../lib/gcc/arm-none-eabi/4.7.1/../../../../arm-none-eabi/lib/thumb/ds_arm9_crt0.o (__libnds_exit)
c:/devkitPro/libnds/lib\libnds9.a(dcache.o)
                              c:/devkitPro/libnds/lib\libnds9.a(sprite.o) (DC_FlushRange)
c:/devkitPro/libnds/lib\libnds9.a(mpu_setup.o)
                              c:/devkitpro/devkitarm/bin/../lib/gcc/arm-none-eabi/4.7.1/../../../../arm-none-eabi/lib/thumb/ds_arm9_crt0.o (__libnds_mpu_setup)
c:/devkitPro/libnds/lib\libnds9.a(biosCalls.o)
                              c:/devkitPro/libnds/lib\libnds9.a(fifosystem.o) (swiIntrWait)
c:/devkitPro/libnds/lib\libnds9.a(debugprint.o)
                              c:/devkitPro/libnds/lib\libnds9.a(console.o) (nocashWrite)
c:/devkitPro/libnds/lib\libnds9.a(interruptDispatcher.o)
                              c:/devkitPro/libnds/lib\libnds9.a(interrupts.o) (IntrMain)
c:/devkitPro/libnds/lib\libnds9.a(swiSoftReset.o)
                              c:/devkitPro/libnds/lib\libnds9.a(fifosystem.o) (swiSoftReset)
c:/devkitPro/libnds/lib\libnds9.a(default_font.bin.o)
                              c:/devkitPro/libnds/lib\libnds9.a(console.o) (default_font_bin)
c:/devkitPro/libnds/lib\libnds9.a(background.o)
                              c:/devkitPro/libnds/lib\libnds9.a(console.o) (bgState)
c:/devkitPro/libnds/lib\libnds9.a(system.o)
                              c:/devkitPro/libnds/lib\libnds9.a(initSystem.o) (systemMsgHandler)
c:/devkitPro/libnds/lib\libnds9.a(video.o)
                              c:/devkitPro/libnds/lib\libnds9.a(initSystem.o) (vramDefault)
c:/devkitpro/devkitarm/bin/../lib/gcc/arm-none-eabi/4.7.1/../../../../arm-none-eabi/lib/thumb\libstdc++.a(new_op.o)
                              ClassDefinitions.o (operator new(unsigned int))
c:/devkitpro/devkitarm/bin/../lib/gcc/arm-none-eabi/4.7.1/../../../../arm-none-eabi/lib/thumb\libstdc++.a(eh_call.o)
                              c:/devkitpro/devkitarm/bin/../lib/gcc/arm-none-eabi/4.7.1/../../../../arm-none-eabi/lib/thumb\libstdc++.a(new_op.o) (__cxa_call_unexpected)
c:/devkitpro/devkitarm/bin/../lib/gcc/arm-none-eabi/4.7.1/../../../../arm-none-eabi/lib/thumb\libstdc++.a(eh_personality.o)
                              c:/devkitpro/devkitarm/bin/../lib/gcc/arm-none-eabi/4.7.1/../../../../arm-none-eabi/lib/thumb\libstdc++.a(new_op.o) (__gxx_personality_v0)
c:/devkitpro/devkitarm/bin/../lib/gcc/arm-none-eabi/4.7.1/../../../../arm-none-eabi/lib/thumb\libstdc++.a(del_op.o)
                              ClassDefinitions.o (operator delete(void*))
c:/devkitpro/devkitarm/bin/../lib/gcc/arm-none-eabi/4.7.1/../../../../arm-none-eabi/lib/thumb\libstdc++.a(eh_terminate.o)
                              c:/devkitpro/devkitarm/bin/../lib/gcc/arm-none-eabi/4.7.1/../../../../arm-none-eabi/lib/thumb\libstdc++.a(eh_call.o) (__cxxabiv1::__terminate(void (*)()))
c:/devkitpro/devkitarm/bin/../lib/gcc/arm-none-eabi/4.7.1/../../../../arm-none-eabi/lib/thumb\libstdc++.a(eh_exception.o)
                              c:/devkitpro/devkitarm/bin/../lib/gcc/arm-none-eabi/4.7.1/../../../../arm-none-eabi/lib/thumb\libstdc++.a(eh_call.o) (std::bad_exception::~bad_exception())
[...]
Memory Configuration

Name             Origin             Length             Attributes
rom              0x08000000         0x02000000
ewram            0x02000000         0x003ff000
dtcm             0x0b000000         0x00004000
vectors          0x01000000         0x00000100
itcm             0x01000100         0x00007f00
*default*        0x00000000         0xffffffff

Linker script and memory map

                0x01000000                __vectors_start = ORIGIN (vectors)
                0x01000100                __itcm_start = ORIGIN (itcm)
                0x023ff000                __ewram_end = (ORIGIN (ewram) + 0x3ff000)
                0x023ff000                __eheap_end = (ORIGIN (ewram) + 0x3ff000)
                0x0b000000                __dtcm_start = ORIGIN (dtcm)
                0x0b004000                __dtcm_top = (ORIGIN (dtcm) + 0x4000)
                0x0b003ff8                __irq_flags = (__dtcm_top - 0x8)
                0x0b003ffc                __irq_vector = (__dtcm_top - 0x4)
                0x0b003f00                __sp_svc = (__dtcm_top - 0x100)
                0x0b003e00                __sp_irq = (__sp_svc - 0x100)
                0x0b003d00                __sp_usr = (__sp_irq - 0x100)

.init           0x02000000      0x23c
                0x02000000                __text_start = .
 *(.init)
 .init          0x02000000      0x230 c:/devkitpro/devkitarm/bin/../lib/gcc/arm-none-eabi/4.7.1/../../../../arm-none-eabi/lib/thumb/ds_arm9_crt0.o
                0x02000000                _start
 .init          0x02000230        0x4 c:/devkitpro/devkitarm/bin/../lib/gcc/arm-none-eabi/4.7.1/thumb/crti.o
                0x02000230                _init
 .init          0x02000234        0x8 c:/devkitpro/devkitarm/bin/../lib/gcc/arm-none-eabi/4.7.1/thumb/crtn.o
                0x0200023c                . = ALIGN (0x4)

.plt
 *(.plt)

.text           0x02000240    0x18060
 *(EXCLUDE_FILE(*.itcm*) .text)
 .text          0x02000240        0x0 c:/devkitpro/devkitarm/bin/../lib/gcc/arm-none-eabi/4.7.1/../../../../arm-none-eabi/lib/thumb/ds_arm9_crt0.o
 .text          0x02000240        0x0 c:/devkitpro/devkitarm/bin/../lib/gcc/arm-none-eabi/4.7.1/thumb/crti.o
 .text          0x02000240       0xd0 c:/devkitpro/devkitarm/bin/../lib/gcc/arm-none-eabi/4.7.1/thumb/crtbegin.o
 .text          0x02000310        0x0 soundbank.bin.o
 .text          0x02000310      0x744 ClassDefinitions.o
                0x02000310                Entity::onLoad()
                0x02000368                Entity::useOn(Item*, Entity*)
                0x0200036c                Block::onLoad(int, int)
                0x02000374                Block::useOn(Item*, Entity*)
                0x02000378                Level::onUnload()
                0x02000390                Block::tick()
                0x020003a4                Sprite::Sprite()
                0x020003a4                Sprite::Sprite()
                0x020003c8                Sprite::writeOam()
                0x02000410                Entity::tick()
                0x02000470                Sprite::setAnimFrame(unsigned char)
                0x02000474                Sprite::setGfxPointer(unsigned short*)
                0x02000478                Sprite::setSpriteEntry(unsigned char)
                0x0200047c                Entity::Entity()
                0x0200047c                Entity::Entity()
                0x020004b4                Block::Block()
                0x020004b4                Block::Block()
                0x020004c4                Block::getTileIndex()
                0x020004c8                Block::setEntity(Entity*)
                0x020004e4                Level::drawLevel()
                0x020005d4                Level::tick()
                0x0200069c                Level::getOamEntry()
                0x020006b0                SoundManager::SoundManager()
                0x020006b0                SoundManager::SoundManager()
                0x0200070c                SoundManager::playBGM(unsigned char, bool)
                0x02000740                SoundManager::stopBGM()
                0x02000758                SoundManager::setBGMVol(unsigned int)
                0x0200076c                SoundManager::setBGMTempo(unsigned int)
                0x02000790                SoundManager::playSFX(unsigned char, unsigned int)
                0x020007b0                Game::Game()
                0x020007b0                Game::Game()
                0x02000828                Game::loadLevel(Level*)
                0x02000858                Game::mainLoop()
                0x02000878                Level::onLoad()
 .text          0x02000a54        0x0 main.o
 .text          0x02000a54        0x0 Sprites.o
 .text          0x02000a54        0x0 Tileset.o
 .text          0x02000a54      0x24c c:/devkitPro/libnds/lib\libmm9.a(mm_comms.o)
                0x02000a54                mmSetupComms
                0x02000aa6                mmSendBank
                0x02000ab0                mmLockChannels
                0x02000ab6                mmUnlockChannels
                0x02000abc                mmStart
                0x02000ac6                mmPause
                0x02000aca                mmResume
                0x02000ace                mmStop
                0x02000ad2                mmPosition
                0x02000ad6                mmJingle
                0x02000ada                mmSetModuleVolume
                0x02000ade                mmSetJingleVolume
                0x02000ae2                mmSetModuleTempo
                0x02000ae6                mmSetModulePitch
                0x02000aea                mmSetEffectsVolume
                0x02000aee                mmSelectMode
                0x02000af2                mmStreamBegin
                0x02000b06                mmStreamEnd
                0x02000b5c                mmEffect
                0x02000b80                mmEffectVolume
                0x02000b84                mmEffectPanning
                0x02000b88                mmEffectRate
                0x02000b92                mmEffectScaleRate
                0x02000b9c                mmEffectRelease
                0x02000ba2                mmEffectCancel
                0x02000ba8                mmEffectEx
                0x02000be6                mmEffectCancelAll
                0x02000bea                mmReverbEnable
                0x02000bee                mmReverbDisable
                0x02000bf2                mmReverbConfigure
                0x02000c4e                mmReverbStart
                0x02000c52                mmReverbStop
 .text          0x02000ca0      0x108 c:/devkitPro/libnds/lib\libmm9.a(mm_main9.o)
                0x02000ca0                mmActive
                0x02000ca6                mmSetEventHandler
                0x02000cac                mmInit
                0x02000cd6                mmInitDefault
                0x02000d20                mmInitDefaultMem
                0x02000d42                mmSuspendIRQ_t
                0x02000d60                mmRestoreIRQ_t
 .text          0x02000da8      0x120 c:/devkitPro/libnds/lib\libmm9.a(mm_memory.o)
                0x02000da8                mmLoad
                0x02000df8                mmUnload
                0x02000e50                mmLoadEffect
                0x02000e88                mmUnloadEffect
 .text          0x02000ec8      0x100 c:/devkitPro/libnds/lib\libmm9.a(mm_soundbank.o)
                0x02000ec8                mmSoundBankInMemory
                0x02000ed0                mmSoundBankInFiles
                0x02000ee2                mmSetCustomSoundBankHandler
                0x02000f0e                mmsHandleFileOp
 .text          0x02000fc8       0x3c c:/devkitPro/libnds/lib\libmm9.a(mm_flusher.o)
                0x02000fc8                mmFlushBank
 .text          0x02001004      0xa4c c:/devkitPro/libnds/lib\libnds9.a(console.o)
                0x020010a4                nocash_write
                0x020010b4                consoleGetDefault
                0x020010c0                consoleSelect
                0x020010d0                consoleDebugInit
                0x02001120                consolePrintChar
                0x020012ec                consoleLoadFont
                0x02001574                consoleSetFont
                0x02001594                consoleInit
                0x020016fc                consoleDemoInit
                0x02001740                con_write
                0x02001a1c                consoleClear
                0x02001a2c                consoleSetWindow
 .text          0x02001a50       0xf4 c:/devkitPro/libnds/lib\libnds9.a(keys.o)
                0x02001a50                scanKeys
                0x02001abc                keysHeld
                0x02001ac8                keysDown
                0x02001ad8                keysDownRepeat
                0x02001ae8                keysSetRepeat
                0x02001b00                keysUp
                0x02001b10                keysCurrent
 .text          0x02001b44      0x3f4 c:/devkitPro/libnds/lib\libnds9.a(sprite.o)
                0x02001b44                oamInit
                0x02001c58                oamDisable
                0x02001c88                oamEnable
                0x02001cac                oamGetGfxPtr
                0x02001ce0                oamClear
                0x02001d08                oamGfxPtrToOffset
                0x02001d3c                oamSet
                0x02001e8c                oamUpdate
                0x02001eec                oamRotateScale
 .text          0x02001f38      0x450 c:/devkitPro/libnds/lib\libnds9.a(sprite_alloc.o)
                0x02001f68                oamAllocReset
                0x02001f9c                oamAllocateGfx
                0x020021a0                oamFreeGfx
                0x0200233c                oamCountFragments
 .text          0x02002388      0x244 c:/devkitPro/libnds/lib\libnds9.a(trig.o)
                0x02002388                asinComp
                0x020023b0                sinLutLookup
                0x020023ec                sinLerp
                0x02002424                cosLerp
                0x02002438                tanLutLookup
                0x02002470                tanLerp
                0x02002514                asinLerp
                0x02002590                acosLerp
                0x020025a4                atanComp
 .text          0x020025cc      0x140 c:/devkitPro/libnds/lib\libnds9.a(initSystem.o)
                0x020025cc                initSystem
 .text          0x0200270c      0xc58 c:/devkitPro/libnds/lib\libnds9.a(fifosystem.o)
                0x02002960                fifoSendAddress
                0x0200298c                fifoSendValue32
                0x020029cc                fifoSendDatamsg
                0x02002a3c                fifoGetAddress
                0x02002ab4                fifoSetAddressHandler
                0x02002b28                fifoGetValue32
                0x02002b9c                fifoSetValue32Handler
                0x02002c10                fifoGetDatamsg
                0x02003094                fifoSetDatamsgHandler
                0x0200312c                fifoCheckAddress
                0x02003150                fifoCheckDatamsg
                0x02003174                fifoCheckValue32
                0x02003198                fifoInit
 .text          0x02003364      0x1ec c:/devkitPro/libnds/lib\libnds9.a(interrupts.o)
                0x02003364                irqDummy
                0x02003368                irqSet
                0x020033d4                irqInit
                0x02003420                irqInitHandler
                0x02003450                irqEnable
                0x020034b4                irqDisable
                0x02003518                irqClear
 .text          0x02003550       0x58 c:/devkitPro/libnds/lib\libnds9.a(libnds_exit.arm.o)
                0x02003550                systemErrorExit
                0x02003554                __libnds_exit
 .text          0x020035a8       0x70 c:/devkitPro/libnds/lib\libnds9.a(dcache.o)
                0x020035a8                DC_FlushAll
                0x020035d4                DC_FlushRange
                0x020035f0                DC_InvalidateAll
                0x020035fc                DC_InvalidateRange
 .text          0x02003618      0x1b4 c:/devkitPro/libnds/lib\libnds9.a(mpu_setup.o)
                0x02003618                __libnds_mpu_setup
                0x02003758                memCached
                0x02003770                memUncached
 *fill*         0x020037cc        0x4 ff
 .text          0x020037d0       0x70 c:/devkitPro/libnds/lib\libnds9.a(biosCalls.o)
                0x020037d0                swiDelay
                0x020037d4                swiIntrWait
                0x020037d8                swiWaitForVBlank
                0x020037dc                swiSleep
                0x020037e0                swiChangeSoundBias
                0x020037e4                swiDivide
                0x020037e8                swiRemainder
                0x020037ee                swiDivMod
                0x020037fa                swiCopy
                0x020037fe                swiFastCopy
                0x02003802                swiSqrt
                0x02003806                swiCRC16
                0x0200380a                swiIsDebugger
                0x0200380e                swiUnpackBits
                0x02003812                swiDecompressLZSSWram
                0x02003816                swiDecompressLZSSVramNTR
                0x0200381a                swiDecompressLZSSVramTWL
                0x0200381e                swiDecompressHuffman
                0x02003822                swiDecompressRLEWram
                0x02003826                swiDecompressRLEVram
                0x0200382a                swiWaitForIRQ
                0x0200382e                swiDecodeDelta8
                0x02003832                swiDecodeDelta16
                0x02003836                swiSetHaltCR
 .text          0x02003840       0xa4 c:/devkitPro/libnds/lib\libnds9.a(debugprint.o)
                0x02003840                nocashWrite
                0x02003842                nocashMessage
 .text          0x020038e4        0x0 c:/devkitPro/libnds/lib\libnds9.a(interruptDispatcher.o)
 *fill*         0x020038e4        0xc ff
 .text          0x020038f0       0x30 c:/devkitPro/libnds/lib\libnds9.a(swiSoftReset.o)
                0x020038f0                swiSoftReset
 .text          0x02003920        0x0 c:/devkitPro/libnds/lib\libnds9.a(default_font.bin.o)
 .text          0x02003920      0x2e8 c:/devkitPro/libnds/lib\libnds9.a(background.o)
                0x02003920                bgIsText
                0x0200392c                checkIfText
                0x02003984                bgUpdate
                0x02003a78                bgInit_call
                0x02003b3c                bgInitSub_call
 .text          0x02003c08      0x128 c:/devkitPro/libnds/lib\libnds9.a(system.o)
                0x02003c08                setSDcallback
                0x02003c14                systemMsgHandler
                0x02003c58                systemSleep
                0x02003c70                systemValueHandler
                0x02003cac                powerOn
                0x02003cd8                powerOff
                0x02003d00                ledBlink
                0x02003d10                getBatteryLevel
 .text          0x02003d30      0x1f8 c:/devkitPro/libnds/lib\libnds9.a(video.o)
                0x02003d30                vramSetPrimaryBanks
                0x02003d74                vramSetMainBanks
                0x02003db8                vramSetBanks_EFG
                0x02003df0                vramRestorePrimaryBanks
                0x02003dfc                vramRestoreMainBanks
                0x02003e08                vramRestoreBanks_EFG
                0x02003e14                setBrightness
                0x02003e54                vramDefault
 .text          0x02003f28        0x0 c:/devkitpro/devkitarm/bin/../lib/gcc/arm-none-eabi/4.7.1/../../../../arm-none-eabi/lib/thumb\libstdc++.a(new_op.o)
 .text          0x02003f28        0x0 c:/devkitpro/devkitarm/bin/../lib/gcc/arm-none-eabi/4.7.1/../../../../arm-none-eabi/lib/thumb\libstdc++.a(eh_call.o)
 .text          0x02003f28        0x0 c:/devkitpro/devkitarm/bin/../lib/gcc/arm-none-eabi/4.7.1/../../../../arm-none-eabi/lib/thumb\libstdc++.a(eh_personality.o)
 .text          0x02003f28        0x0 c:/devkitpro/devkitarm/bin/../lib/gcc/arm-none-eabi/4.7.1/../../../../arm-none-eabi/lib/thumb\libstdc++.a(del_op.o)
 .text          0x02003f28        0x0 c:/devkitpro/devkitarm/bin/../lib/gcc/arm-none-eabi/4.7.1/../../../../arm-none-eabi/lib/thumb\libstdc++.a(eh_terminate.o)
 .text          0x02003f28        0x0 c:/devkitpro/devkitarm/bin/../lib/gcc/arm-none-eabi/4.7.1/../../../../arm-none-eabi/lib/thumb\libstdc++.a(eh_exception.o)
 .text          0x02003f28        0x0 c:/devkitpro/devkitarm/bin/../lib/gcc/arm-none-eabi/4.7.1/../../../../arm-none-eabi/lib/thumb\libstdc++.a(eh_alloc.o)
 .text          0x02003f28        0x0 c:/devkitpro/devkitarm/bin/../lib/gcc/arm-none-eabi/4.7.1/../../../../arm-none-eabi/lib/thumb\libstdc++.a(bad_alloc.o)
 .text          0x02003f28        0x0 c:/devkitpro/devkitarm/bin/../lib/gcc/arm-none-eabi/4.7.1/../../../../arm-none-eabi/lib/thumb\libstdc++.a(class_type_info.o)
 .text          0x02003f28        0x0 c:/devkitpro/devkitarm/bin/../lib/gcc/arm-none-eabi/4.7.1/../../../../arm-none-eabi/lib/thumb\libstdc++.a(new_handler.o)
 .text          0x02003f28        0x0 c:/devkitpro/devkitarm/bin/../lib/gcc/arm-none-eabi/4.7.1/../../../../arm-none-eabi/lib/thumb\libstdc++.a(eh_arm.o)
 .text          0x02003f28        0x0 c:/devkitpro/devkitarm/bin/../lib/gcc/arm-none-eabi/4.7.1/../../../../arm-none-eabi/lib/thumb\libstdc++.a(eh_throw.o)
 .text          0x02003f28        0x0 c:/devkitpro/devkitarm/bin/../lib/gcc/arm-none-eabi/4.7.1/../../../../arm-none-eabi/lib/thumb\libstdc++.a(pure.o)
 .text          0x02003f28        0x0 c:/devkitpro/devkitarm/bin/../lib/gcc/arm-none-eabi/4.7.1/../../../../arm-none-eabi/lib/thumb\libstdc++.a(eh_globals.o)
 .text          0x02003f28        0x0 c:/devkitpro/devkitarm/bin/../lib/gcc/arm-none-eabi/4.7.1/../../../../arm-none-eabi/lib/thumb\libstdc++.a(eh_catch.o)
 .text          0x02003f28        0x0 c:/devkitpro/devkitarm/bin/../lib/gcc/arm-none-eabi/4.7.1/../../../../arm-none-eabi/lib/thumb\libstdc++.a(si_class_type_info.o)
 .text          0x02003f28        0x0 c:/devkitpro/devkitarm/bin/../lib/gcc/arm-none-eabi/4.7.1/../../../../arm-none-eabi/lib/thumb\libstdc++.a(eh_unex_handler.o)
 .text          0x02003f28        0x0 c:/devkitpro/devkitarm/bin/../lib/gcc/arm-none-eabi/4.7.1/../../../../arm-none-eabi/lib/thumb\libstdc++.a(tinfo.o)
 .text          0x02003f28        0x0 c:/devkitpro/devkitarm/bin/../lib/gcc/arm-none-eabi/4.7.1/../../../../arm-none-eabi/lib/thumb\libstdc++.a(eh_term_handler.o)
 .text          0x02003f28        0x0 c:/devkitpro/devkitarm/bin/../lib/gcc/arm-none-eabi/4.7.1/../../../../arm-none-eabi/lib/thumb\libstdc++.a(vterminate.o)
 .text          0x02003f28        0x0 c:/devkitpro/devkitarm/bin/../lib/gcc/arm-none-eabi/4.7.1/../../../../arm-none-eabi/lib/thumb\libstdc++.a(eh_type.o)
 .text          0x02003f28     0x5984 c:/devkitpro/devkitarm/bin/../lib/gcc/arm-none-eabi/4.7.1/../../../../arm-none-eabi/lib/thumb\libstdc++.a(cp-demangle.o)
                0x020097b8                __cxa_demangle
                0x02009880                __gcclibcxx_demangle_callback
 .text          0x020098ac      0x11c c:/devkitpro/devkitarm/bin/../lib/gcc/arm-none-eabi/4.7.1/thumb\libgcc.a(_udivsi3.o)
                0x020098ac                __aeabi_uidiv
                0x020098ac                __udivsi3
                0x020099a8                __aeabi_uidivmod
 .text          0x020099c8      0x150 c:/devkitpro/devkitarm/bin/../lib/gcc/arm-none-eabi/4.7.1/thumb\libgcc.a(_divsi3.o)
                0x020099c8                __divsi3
                0x020099c8                __aeabi_idiv
                0x02009af8                __aeabi_idivmod
 .text          0x02009b18        0x4 c:/devkitpro/devkitarm/bin/../lib/gcc/arm-none-eabi/4.7.1/thumb\libgcc.a(_dvmd_tls.o)
                0x02009b18                __aeabi_idiv0
                0x02009b18                __aeabi_ldiv0
 .text          0x02009b1c      0xab4 c:/devkitpro/devkitarm/bin/../lib/gcc/arm-none-eabi/4.7.1/thumb\libgcc.a(unwind-arm.o)
                0x02009e18                _Unwind_GetCFA
                0x02009e1c                __gnu_Unwind_RaiseException
                0x02009e7c                __gnu_Unwind_ForcedUnwind
                0x02009e94                __gnu_Unwind_Resume
                0x02009edc                __gnu_Unwind_Resume_or_Rethrow
                0x02009efc                _Unwind_Complete
                0x02009f00                _Unwind_DeleteException
                0x02009f18                _Unwind_VRS_Get
                0x02009f64                _Unwind_VRS_Set
                0x0200a2c0                __aeabi_unwind_cpp_pr2
                0x0200a2d0                __aeabi_unwind_cpp_pr1
                0x0200a2e0                __aeabi_unwind_cpp_pr0
                0x0200a2f0                __gnu_Unwind_Backtrace
                0x0200a364                _Unwind_VRS_Pop
 .text          0x0200a5d0      0x1d8 c:/devkitpro/devkitarm/bin/../lib/gcc/arm-none-eabi/4.7.1/thumb\libgcc.a(libunwind.o)
                0x0200a5d0                __restore_core_regs
                0x0200a5d0                restore_core_regs
                0x0200a5ec                __gnu_Unwind_Restore_VFP
                0x0200a5f4                __gnu_Unwind_Save_VFP
                0x0200a5fc                __gnu_Unwind_Restore_VFP_D
                0x0200a604                __gnu_Unwind_Save_VFP_D
                0x0200a60c                __gnu_Unwind_Restore_VFP_D_16_to_31
                0x0200a614                __gnu_Unwind_Save_VFP_D_16_to_31
                0x0200a61c                __gnu_Unwind_Restore_WMMXD
                0x0200a660                __gnu_Unwind_Save_WMMXD
                0x0200a6a4                __gnu_Unwind_Restore_WMMXC
                0x0200a6b8                __gnu_Unwind_Save_WMMXC
                0x0200a6cc                ___Unwind_RaiseException
                0x0200a6cc                _Unwind_RaiseException
                0x0200a6f8                _Unwind_Resume
                0x0200a6f8                ___Unwind_Resume
                0x0200a724                _Unwind_Resume_or_Rethrow
                0x0200a724                ___Unwind_Resume_or_Rethrow
                0x0200a750                _Unwind_ForcedUnwind
                0x0200a750                ___Unwind_ForcedUnwind
                0x0200a77c                ___Unwind_Backtrace
                0x0200a77c                _Unwind_Backtrace
 .text          0x0200a7a8      0x3e0 c:/devkitpro/devkitarm/bin/../lib/gcc/arm-none-eabi/4.7.1/thumb\libgcc.a(pr-support.o)
                0x0200a804                __gnu_unwind_execute
                0x0200ab24                __gnu_unwind_frame
                0x0200ab50                _Unwind_GetRegionStart
                0x0200ab60                _Unwind_GetLanguageSpecificData
                0x0200ab78                _Unwind_GetDataRelBase
                0x0200ab80                _Unwind_GetTextRelBase
 .text          0x0200ab88       0x10 c:/devkitpro/devkitarm/bin/../lib/gcc/arm-none-eabi/4.7.1/../../../../arm-none-eabi/lib/thumb\libg.a(lib_a-abort.o)
                0x0200ab88                abort
 .text          0x0200ab98       0x64 c:/devkitpro/devkitarm/bin/../lib/gcc/arm-none-eabi/4.7.1/../../../../arm-none-eabi/lib/thumb\libg.a(lib_a-bsearch.o)
                0x0200ab98                bsearch
 .text          0x0200abfc       0xb0 c:/devkitpro/devkitarm/bin/../lib/gcc/arm-none-eabi/4.7.1/../../../../arm-none-eabi/lib/thumb\libg.a(lib_a-fclose.o)
                0x0200abfc                _fclose_r
                0x0200ac90                fclose
 .text          0x0200acac      0x1b8 c:/devkitpro/devkitarm/bin/../lib/gcc/arm-none-eabi/4.7.1/../../../../arm-none-eabi/lib/thumb\libg.a(lib_a-fflush.o)
                0x0200acac                __sflush_r
                0x0200ae04                _fflush_r
                0x0200ae34                fflush
 .text          0x0200ae64      0x1d8 c:/devkitpro/devkitarm/bin/../lib/gcc/arm-none-eabi/4.7.1/../../../../arm-none-eabi/lib/thumb\libg.a(lib_a-findfp.o)
                0x0200ae6c                _cleanup_r
                0x0200aecc                __sfmoreglue
                0x0200aefc                _cleanup
                0x0200af10                __sinit
                0x0200af64                __sfp
                0x0200aff4                __sfp_lock_acquire
                0x0200aff8                __sfp_lock_release
                0x0200affc                __sinit_lock_acquire
                0x0200b000                __sinit_lock_release
                0x0200b004                __fp_lock_all
                0x0200b020                __fp_unlock_all
 .text          0x0200b03c       0xa8 c:/devkitpro/devkitarm/bin/../lib/gcc/arm-none-eabi/4.7.1/../../../../arm-none-eabi/lib/thumb\libg.a(lib_a-fopen.o)
                0x0200b03c                _fopen_r
                0x0200b0c8                fopen
 .text          0x0200b0e4       0x54 c:/devkitpro/devkitarm/bin/../lib/gcc/arm-none-eabi/4.7.1/../../../../arm-none-eabi/lib/thumb\libg.a(lib_a-fputc.o)
                0x0200b0e4                _fputc_r
                0x0200b10c                fputc
 .text          0x0200b138       0x78 c:/devkitpro/devkitarm/bin/../lib/gcc/arm-none-eabi/4.7.1/../../../../arm-none-eabi/lib/thumb\libg.a(lib_a-fputs.o)
                0x0200b138                _fputs_r
                0x0200b194                fputs
 .text          0x0200b1b0      0x190 c:/devkitpro/devkitarm/bin/../lib/gcc/arm-none-eabi/4.7.1/../../../../arm-none-eabi/lib/thumb\libg.a(lib_a-fread.o)
                0x0200b1b0                _fread_r
                0x0200b318                fread
 .text          0x0200b340      0x238 c:/devkitpro/devkitarm/bin/../lib/gcc/arm-none-eabi/4.7.1/../../../../arm-none-eabi/lib/thumb\libg.a(lib_a-freer.o)
                0x0200b340                _malloc_trim_r
                0x0200b3e4                _free_r
 .text          0x0200b578      0x328 c:/devkitpro/devkitarm/bin/../lib/gcc/arm-none-eabi/4.7.1/../../../../arm-none-eabi/lib/thumb\libg.a(lib_a-fseek.o)
                0x0200b578                _fseek_r
                0x0200b87c                fseek
 .text          0x0200b8a0      0x2fc c:/devkitpro/devkitarm/bin/../lib/gcc/arm-none-eabi/4.7.1/../../../../arm-none-eabi/lib/thumb\libg.a(lib_a-fvwrite.o)
                0x0200b8a0                __sfvwrite_r
 .text          0x0200bb9c       0xb4 c:/devkitpro/devkitarm/bin/../lib/gcc/arm-none-eabi/4.7.1/../../../../arm-none-eabi/lib/thumb\libg.a(lib_a-fwalk.o)
                0x0200bb9c                _fwalk
                0x0200bbf0                _fwalk_reent
 .text          0x0200bc50       0x9c c:/devkitpro/devkitarm/bin/../lib/gcc/arm-none-eabi/4.7.1/../../../../arm-none-eabi/lib/thumb\libg.a(lib_a-fwrite.o)
                0x0200bc50                _fwrite_r
                0x0200bcc4                fwrite
 .text          0x0200bcec        0x0 c:/devkitpro/devkitarm/bin/../lib/gcc/arm-none-eabi/4.7.1/../../../../arm-none-eabi/lib/thumb\libg.a(lib_a-impure.o)
 .text          0x0200bcec       0x54 c:/devkitpro/devkitarm/bin/../lib/gcc/arm-none-eabi/4.7.1/../../../../arm-none-eabi/lib/thumb\libg.a(lib_a-init.o)
                0x0200bcec                __libc_init_array
 .text          0x0200bd40       0x40 c:/devkitpro/devkitarm/bin/../lib/gcc/arm-none-eabi/4.7.1/../../../../arm-none-eabi/lib/thumb\libg.a(lib_a-iprintf.o)
                0x0200bd40                iprintf
                0x0200bd64                _iprintf_r
 .text          0x0200bd80       0xe0 c:/devkitpro/devkitarm/bin/../lib/gcc/arm-none-eabi/4.7.1/../../../../arm-none-eabi/lib/thumb\libg.a(lib_a-makebuf.o)
                0x0200bd80                __smakebuf_r
 .text          0x0200be60       0x30 c:/devkitpro/devkitarm/bin/../lib/gcc/arm-none-eabi/4.7.1/../../../../arm-none-eabi/lib/thumb\libg.a(lib_a-malloc.o)
                0x0200be60                malloc
                0x0200be78                free
 .text          0x0200be90      0x51c c:/devkitpro/devkitarm/bin/../lib/gcc/arm-none-eabi/4.7.1/../../../../arm-none-eabi/lib/thumb\libg.a(lib_a-mallocr.o)
                0x0200be90                _malloc_r
 .text          0x0200c3ac       0x98 c:/devkitpro/devkitarm/bin/../lib/gcc/arm-none-eabi/4.7.1/../../../../arm-none-eabi/lib/thumb\libg.a(lib_a-memchr-stub.o)
                0x0200c3ac                memchr
 .text          0x0200c444       0x60 c:/devkitpro/devkitarm/bin/../lib/gcc/arm-none-eabi/4.7.1/../../../../arm-none-eabi/lib/thumb\libg.a(lib_a-memcmp.o)
                0x0200c444                memcmp
 .text          0x0200c4a4       0x90 c:/devkitpro/devkitarm/bin/../lib/gcc/arm-none-eabi/4.7.1/../../../../arm-none-eabi/lib/thumb\libg.a(lib_a-memcpy-stub.o)
                0x0200c4a4                memcpy
 .text          0x0200c534       0xb0 c:/devkitpro/devkitarm/bin/../lib/gcc/arm-none-eabi/4.7.1/../../../../arm-none-eabi/lib/thumb\libg.a(lib_a-memmove.o)
                0x0200c534                memmove
 .text          0x0200c5e4       0x98 c:/devkitpro/devkitarm/bin/../lib/gcc/arm-none-eabi/4.7.1/../../../../arm-none-eabi/lib/thumb\libg.a(lib_a-memset.o)
                0x0200c5e4                memset
 .text          0x0200c67c        0x8 c:/devkitpro/devkitarm/bin/../lib/gcc/arm-none-eabi/4.7.1/../../../../arm-none-eabi/lib/thumb\libg.a(lib_a-mlock.o)
                0x0200c67c                __malloc_lock
                0x0200c680                __malloc_unlock
 .text          0x0200c684       0xc4 c:/devkitpro/devkitarm/bin/../lib/gcc/arm-none-eabi/4.7.1/../../../../arm-none-eabi/lib/thumb\libg.a(lib_a-putc.o)
                0x0200c684                _putc_r
                0x0200c6e4                putc
 .text          0x0200c748       0x1c c:/devkitpro/devkitarm/bin/../lib/gcc/arm-none-eabi/4.7.1/../../../../arm-none-eabi/lib/thumb\libg.a(lib_a-realloc.o)
                0x0200c748                realloc
 .text          0x0200c764      0x3e8 c:/devkitpro/devkitarm/bin/../lib/gcc/arm-none-eabi/4.7.1/../../../../arm-none-eabi/lib/thumb\libg.a(lib_a-reallocr.o)
                0x0200c764                _realloc_r
 .text          0x0200cb4c      0x144 c:/devkitpro/devkitarm/bin/../lib/gcc/arm-none-eabi/4.7.1/../../../../arm-none-eabi/lib/thumb\libg.a(lib_a-refill.o)
                0x0200cb6c                __srefill_r
 .text          0x0200cc90      0x120 c:/devkitpro/devkitarm/bin/../lib/gcc/arm-none-eabi/4.7.1/../../../../arm-none-eabi/lib/thumb\libg.a(lib_a-setvbuf.o)
                0x0200cc90                setvbuf
 .text          0x0200cdb0      0x198 c:/devkitpro/devkitarm/bin/../lib/gcc/arm-none-eabi/4.7.1/../../../../arm-none-eabi/lib/thumb\libg.a(lib_a-signal.o)
                0x0200cdb0                _init_signal_r
                0x0200cdf0                _signal_r
                0x0200ce30                _raise_r
                0x0200ce90                __sigtramp_r
                0x0200cee4                raise
                0x0200cefc                signal
                0x0200cf18                _init_signal
                0x0200cf2c                __sigtramp
 .text          0x0200cf48       0xa0 c:/devkitpro/devkitarm/bin/../lib/gcc/arm-none-eabi/4.7.1/../../../../arm-none-eabi/lib/thumb\libg.a(lib_a-siscanf.o)
                0x0200cf48                siscanf
                0x0200cf98                _siscanf_r
 .text          0x0200cfe8       0x84 c:/devkitpro/devkitarm/bin/../lib/gcc/arm-none-eabi/4.7.1/../../../../arm-none-eabi/lib/thumb\libg.a(lib_a-sprintf.o)
                0x0200cfe8                _sprintf_r
                0x0200d028                sprintf
 .text          0x0200d06c       0xac c:/devkitpro/devkitarm/bin/../lib/gcc/arm-none-eabi/4.7.1/../../../../arm-none-eabi/lib/thumb\libg.a(lib_a-stdio.o)
                0x0200d06c                __sread
                0x0200d098                __seofread
                0x0200d09c                __swrite
                0x0200d0d8                __sseek
                0x0200d108                __sclose
 .text          0x0200d118       0x14 c:/devkitpro/devkitarm/bin/../lib/gcc/arm-none-eabi/4.7.1/../../../../arm-none-eabi/lib/thumb\libg.a(lib_a-strcmp.o)
                0x0200d118                strcmp
 .text          0x0200d12c       0x10 c:/devkitpro/devkitarm/bin/../lib/gcc/arm-none-eabi/4.7.1/../../../../arm-none-eabi/lib/thumb\libg.a(lib_a-strlen.o)
                0x0200d12c                strlen
 .text          0x0200d13c       0xbc c:/devkitpro/devkitarm/bin/../lib/gcc/arm-none-eabi/4.7.1/../../../../arm-none-eabi/lib/thumb\libg.a(lib_a-strncmp.o)
                0x0200d13c                strncmp
 .text          0x0200d1f8      0xa98 c:/devkitpro/devkitarm/bin/../lib/gcc/arm-none-eabi/4.7.1/../../../../arm-none-eabi/lib/thumb\libg.a(lib_a-svfiscanf.o)
                0x0200d1f8                _sungetc_r
                0x0200d280                __ssrefill_r
                0x0200d2c4                _sfread_r
                0x0200d350                __ssvfiscanf_r
 .text          0x0200dc90     0x1728 c:/devkitpro/devkitarm/bin/../lib/gcc/arm-none-eabi/4.7.1/../../../../arm-none-eabi/lib/thumb\libg.a(lib_a-svfprintf.o)
                0x0200dc90                _svfprintf_r
 .text          0x0200f3b8       0x20 c:/devkitpro/devkitarm/bin/../lib/gcc/arm-none-eabi/4.7.1/../../../../arm-none-eabi/lib/thumb\libg.a(lib_a-syswrite.o)
                0x0200f3b8                write
 .text          0x0200f3d8      0x188 c:/devkitpro/devkitarm/bin/../lib/gcc/arm-none-eabi/4.7.1/../../../../arm-none-eabi/lib/thumb\libg.a(lib_a-ungetc.o)
                0x0200f3d8                __submore
                0x0200f460                _ungetc_r
                0x0200f544                ungetc
 .text          0x0200f560      0xed4 c:/devkitpro/devkitarm/bin/../lib/gcc/arm-none-eabi/4.7.1/../../../../arm-none-eabi/lib/thumb\libg.a(lib_a-vfiprintf.o)
                0x0200f560                __sprint_r
                0x0200f5e4                _vfiprintf_r
                0x02010410                vfiprintf
 .text          0x02010434       0xd0 c:/devkitpro/devkitarm/bin/../lib/gcc/arm-none-eabi/4.7.1/../../../../arm-none-eabi/lib/thumb\libg.a(lib_a-wbuf.o)
                0x02010434                __swbuf_r
                0x020104e8                __swbuf
 .text          0x02010504       0xe8 c:/devkitpro/devkitarm/bin/../lib/gcc/arm-none-eabi/4.7.1/../../../../arm-none-eabi/lib/thumb\libg.a(lib_a-wcrtomb.o)
                0x02010504                _wcrtomb_r
                0x0201056c                wcrtomb
 .text          0x020105ec       0x40 c:/devkitpro/devkitarm/bin/../lib/gcc/arm-none-eabi/4.7.1/../../../../arm-none-eabi/lib/thumb\libg.a(lib_a-wcsrtombs.o)
                0x020105ec                _wcsrtombs_r
                0x02010604                wcsrtombs
 .text          0x0201062c      0x2a4 c:/devkitpro/devkitarm/bin/../lib/gcc/arm-none-eabi/4.7.1/../../../../arm-none-eabi/lib/thumb\libg.a(lib_a-wctomb_r.o)
                0x0201062c                __utf8_wctomb
                0x020106e0                _wctomb_r
                0x02010718                __ascii_wctomb
                0x02010738                __sjis_wctomb
                0x020107b4                __eucjp_wctomb
                0x02010850                __jis_wctomb
 .text          0x020108d0       0xd0 c:/devkitpro/devkitarm/bin/../lib/gcc/arm-none-eabi/4.7.1/../../../../arm-none-eabi/lib/thumb\libg.a(lib_a-wsetup.o)
                0x020108d0                __swsetup_r
 .text          0x020109a0       0x10 c:/devkitpro/devkitarm/bin/../lib/gcc/arm-none-eabi/4.7.1/../../../../arm-none-eabi/lib/thumb\libg.a(lib_a-ctype_.o)
                0x020109a0                __set_ctype
 .text          0x020109b0     0x10a0 c:/devkitpro/devkitarm/bin/../lib/gcc/arm-none-eabi/4.7.1/../../../../arm-none-eabi/lib/thumb\libg.a(lib_a-dtoa.o)
                0x02010b08                _dtoa_r
 .text          0x02011a50       0x70 c:/devkitpro/devkitarm/bin/../lib/gcc/arm-none-eabi/4.7.1/../../../../arm-none-eabi/lib/thumb\libg.a(lib_a-flags.o)
                0x02011a50                __sflags
 .text          0x02011ac0      0x104 c:/devkitpro/devkitarm/bin/../lib/gcc/arm-none-eabi/4.7.1/../../../../arm-none-eabi/lib/thumb\libg.a(lib_a-fputwc.o)
                0x02011ac0                _fputwc_r
                0x02011b98                fputwc
 .text          0x02011bc4       0x78 c:/devkitpro/devkitarm/bin/../lib/gcc/arm-none-eabi/4.7.1/../../../../arm-none-eabi/lib/thumb\libg.a(lib_a-iswspace.o)
                0x02011bc4                iswspace
 .text          0x02011c3c      0x1f0 c:/devkitpro/devkitarm/bin/../lib/gcc/arm-none-eabi/4.7.1/../../../../arm-none-eabi/lib/thumb\libg.a(lib_a-jp2uc.o)
                0x02011dc8                _jp2uc
 .text          0x02011e2c      0x950 c:/devkitpro/devkitarm/bin/../lib/gcc/arm-none-eabi/4.7.1/../../../../arm-none-eabi/lib/thumb\libg.a(lib_a-locale.o)
                0x02012520                _setlocale_r
                0x0201271c                __locale_charset
                0x02012724                __locale_mb_cur_max
                0x02012730                __locale_msgcharset
                0x0201273c                __locale_cjk_lang
                0x02012748                _localeconv_r
                0x02012754                setlocale
                0x02012770                localeconv
 .text          0x0201277c      0x104 c:/devkitpro/devkitarm/bin/../lib/gcc/arm-none-eabi/4.7.1/../../../../arm-none-eabi/lib/thumb\libg.a(lib_a-mbrtowc.o)
                0x0201277c                _mbrtowc_r
                0x020127f4                mbrtowc
 .text          0x02012880      0x584 c:/devkitpro/devkitarm/bin/../lib/gcc/arm-none-eabi/4.7.1/../../../../arm-none-eabi/lib/thumb\libg.a(lib_a-mbtowc_r.o)
                0x02012880                __utf8_mbtowc
                0x02012ae0                _mbtowc_r
                0x02012b1c                __ascii_mbtowc
                0x02012b4c                __sjis_mbtowc
                0x02012c0c                __eucjp_mbtowc
                0x02012cd4                __jis_mbtowc
 *fill*         0x02012e04        0x4 ff
 .text          0x02012e08      0x978 c:/devkitpro/devkitarm/bin/../lib/gcc/arm-none-eabi/4.7.1/../../../../arm-none-eabi/lib/thumb\libg.a(lib_a-mprec.o)
                0x02012e08                _Balloc
                0x02012e5c                _Bfree
                0x02012e74                __multadd
                0x02012f20                __s2b
                0x02012fbc                __hi0bits
                0x02012ff4                __lo0bits
                0x02013054                __i2b
                0x0201306c                __multiply
                0x020131d0                __pow5mult
                0x02013280                __lshift
                0x02013350                __mcmp
                0x0201338c                __mdiff
                0x0201347c                __ulp
                0x020134c4                __b2d
                0x02013568                __d2b
                0x02013620                __ratio
                0x0201369c                _mprec_log10
                0x020136dc                __copybits
                0x02013724                __any_on
 .text          0x02013780       0x7c c:/devkitpro/devkitarm/bin/../lib/gcc/arm-none-eabi/4.7.1/../../../../arm-none-eabi/lib/thumb\libg.a(lib_a-sccl.o)
                0x02013780                __sccl
 .text          0x020137fc       0x5c c:/devkitpro/devkitarm/bin/../lib/gcc/arm-none-eabi/4.7.1/../../../../arm-none-eabi/lib/thumb\libg.a(lib_a-s_fpclassify.o)
                0x020137fc                __fpclassifyd
 .text          0x02013858       0x50 c:/devkitpro/devkitarm/bin/../lib/gcc/arm-none-eabi/4.7.1/../../../../arm-none-eabi/lib/thumb\libg.a(lib_a-strcasecmp.o)
                0x02013858                strcasecmp
 .text          0x020138a8       0x50 c:/devkitpro/devkitarm/bin/../lib/gcc/arm-none-eabi/4.7.1/../../../../arm-none-eabi/lib/thumb\libg.a(lib_a-strcat.o)
                0x020138a8                strcat
 .text          0x020138f8       0xd4 c:/devkitpro/devkitarm/bin/../lib/gcc/arm-none-eabi/4.7.1/../../../../arm-none-eabi/lib/thumb\libg.a(lib_a-strchr.o)
                0x020138f8                strchr
 .text          0x020139cc       0x10 c:/devkitpro/devkitarm/bin/../lib/gcc/arm-none-eabi/4.7.1/../../../../arm-none-eabi/lib/thumb\libg.a(lib_a-strcpy.o)
                0x020139cc                strcpy
 .text          0x020139dc       0x48 c:/devkitpro/devkitarm/bin/../lib/gcc/arm-none-eabi/4.7.1/../../../../arm-none-eabi/lib/thumb\libg.a(lib_a-strlcpy.o)
                0x020139dc                strlcpy
 .text          0x02013a24       0x60 c:/devkitpro/devkitarm/bin/../lib/gcc/arm-none-eabi/4.7.1/../../../../arm-none-eabi/lib/thumb\libg.a(lib_a-strncasecmp.o)
                0x02013a24                strncasecmp
 .text          0x02013a84       0x60 c:/devkitpro/devkitarm/bin/../lib/gcc/arm-none-eabi/4.7.1/../../../../arm-none-eabi/lib/thumb\libg.a(lib_a-strncpy.o)
                0x02013a84                strncpy
 *fill*         0x02013ae4        0x4 ff
 .text          0x02013ae8      0x208 c:/devkitpro/devkitarm/bin/../lib/gcc/arm-none-eabi/4.7.1/../../../../arm-none-eabi/lib/thumb\libg.a(lib_a-strtoll_r.o)
                0x02013ae8                _strtoll_r
 .text          0x02013cf0      0x190 c:/devkitpro/devkitarm/bin/../lib/gcc/arm-none-eabi/4.7.1/../../../../arm-none-eabi/lib/thumb\libg.a(lib_a-strtol.o)
                0x02013cf0                _strtol_r
                0x02013e60                strtol
 .text          0x02013e80      0x238 c:/devkitpro/devkitarm/bin/../lib/gcc/arm-none-eabi/4.7.1/../../../../arm-none-eabi/lib/thumb\libg.a(lib_a-strtoull_r.o)
                0x02013e80                _strtoull_r
 .text          0x020140b8      0x198 c:/devkitpro/devkitarm/bin/../lib/gcc/arm-none-eabi/4.7.1/../../../../arm-none-eabi/lib/thumb\libg.a(lib_a-strtoul.o)
                0x020140b8                _strtoul_r
                0x02014230                strtoul
 .text          0x02014250      0xeb4 c:/devkitpro/devkitarm/bin/../lib/gcc/arm-none-eabi/4.7.1/../../../../arm-none-eabi/lib/thumb\libg.a(lib_a-svfiprintf.o)
                0x02014250                __ssprint_r
                0x02014380                _svfiprintf_r
 .text          0x02015104      0x150 c:/devkitpro/devkitarm/bin/../lib/gcc/arm-none-eabi/4.7.1/../../../../arm-none-eabi/lib/thumb\libg.a(lib_a-wcsnrtombs.o)
                0x02015104                _wcsnrtombs_r
                0x02015224                wcsnrtombs
 .text          0x02015254       0x64 c:/devkitpro/devkitarm/bin/../lib/gcc/arm-none-eabi/4.7.1/../../../../arm-none-eabi/lib/thumb\libg.a(lib_a-callocr.o)
                0x02015254                _calloc_r
 .text          0x020152b8       0xa8 c:/devkitpro/devkitarm/bin/../lib/gcc/arm-none-eabi/4.7.1/../../../../arm-none-eabi/lib/thumb\libg.a(lib_a-getenv_r.o)
                0x020152b8                _findenv_r
                0x02015350                _getenv_r
 .text          0x02015360        0x0 c:/devkitpro/devkitarm/bin/../lib/gcc/arm-none-eabi/4.7.1/../../../../arm-none-eabi/lib/thumb\libg.a(lib_a-environ.o)
 .text          0x02015360        0x8 c:/devkitpro/devkitarm/bin/../lib/gcc/arm-none-eabi/4.7.1/../../../../arm-none-eabi/lib/thumb\libg.a(lib_a-envlock.o)
                0x02015360                __env_lock
                0x02015364                __env_unlock
 .text          0x02015368      0x144 c:/devkitpro/devkitarm/bin/../lib/gcc/arm-none-eabi/4.7.1/../../../../arm-none-eabi/lib/thumb\libsysbase.a(iosupport.o)
                0x02015368                setDefaultDevice
                0x0201537c                FindDevice
                0x020153ec                RemoveDevice
                0x02015410                AddDevice
                0x0201548c                GetDeviceOpTab
 .text          0x020154ac       0x50 c:/devkitpro/devkitarm/bin/../lib/gcc/arm-none-eabi/4.7.1/../../../../arm-none-eabi/lib/thumb\libsysbase.a(close.o)
                0x020154ac                _close_r
 .text          0x020154fc       0x50 c:/devkitpro/devkitarm/bin/../lib/gcc/arm-none-eabi/4.7.1/../../../../arm-none-eabi/lib/thumb\libsysbase.a(fstat.o)
                0x020154fc                _fstat_r
 .text          0x0201554c        0xc c:/devkitpro/devkitarm/bin/../lib/gcc/arm-none-eabi/4.7.1/../../../../arm-none-eabi/lib/thumb\libsysbase.a(getpid.o)
                0x0201554c                _getpid_r
 .text          0x02015558        0x4 c:/devkitpro/devkitarm/bin/../lib/gcc/arm-none-eabi/4.7.1/../../../../arm-none-eabi/lib/thumb\libsysbase.a(isatty.o)
                0x02015558                _isatty_r
 .text          0x0201555c        0xc c:/devkitpro/devkitarm/bin/../lib/gcc/arm-none-eabi/4.7.1/../../../../arm-none-eabi/lib/thumb\libsysbase.a(kill.o)
                0x0201555c                _kill_r
 .text          0x02015568       0x50 c:/devkitpro/devkitarm/bin/../lib/gcc/arm-none-eabi/4.7.1/../../../../arm-none-eabi/lib/thumb\libsysbase.a(lseek.o)
                0x02015568                _lseek_r
 .text          0x020155b8       0xa0 c:/devkitpro/devkitarm/bin/../lib/gcc/arm-none-eabi/4.7.1/../../../../arm-none-eabi/lib/thumb\libsysbase.a(open.o)
                0x020155b8                _open_r
 .text          0x02015658       0x50 c:/devkitpro/devkitarm/bin/../lib/gcc/arm-none-eabi/4.7.1/../../../../arm-none-eabi/lib/thumb\libsysbase.a(read.o)
                0x02015658                _read_r
 .text          0x020156a8       0x54 c:/devkitpro/devkitarm/bin/../lib/gcc/arm-none-eabi/4.7.1/../../../../arm-none-eabi/lib/thumb\libsysbase.a(sbrk.o)
                0x020156a8                _sbrk_r
 .text          0x020156fc       0x44 c:/devkitpro/devkitarm/bin/../lib/gcc/arm-none-eabi/4.7.1/../../../../arm-none-eabi/lib/thumb\libsysbase.a(times.o)
                0x020156fc                _times
                0x02015710                _times_r
                0x02015718                _gettimeofday_r
 .text          0x02015740       0x58 c:/devkitpro/devkitarm/bin/../lib/gcc/arm-none-eabi/4.7.1/../../../../arm-none-eabi/lib/thumb\libsysbase.a(write.o)
                0x02015740                _write_r
 .text          0x02015798       0x18 c:/devkitpro/devkitarm/bin/../lib/gcc/arm-none-eabi/4.7.1/../../../../arm-none-eabi/lib/thumb\libsysbase.a(_exit.o)
                0x02015798                _exit
 .text          0x020157b0        0x0 c:/devkitpro/devkitarm/bin/../lib/gcc/arm-none-eabi/4.7.1/../../../../arm-none-eabi/lib/thumb\libsysbase.a(malloc_vars.o)
 .text          0x020157b0       0x4c c:/devkitpro/devkitarm/bin/../lib/gcc/arm-none-eabi/4.7.1/../../../../arm-none-eabi/lib/thumb\libsysbase.a(build_argv.o)
                0x020157b0                build_argv
 .text          0x020157fc        0x0 c:/devkitpro/devkitarm/bin/../lib/gcc/arm-none-eabi/4.7.1/../../../../arm-none-eabi/lib/thumb\libsysbase.a(syscall_support.o)
 .text          0x020157fc       0x84 c:/devkitpro/devkitarm/bin/../lib/gcc/arm-none-eabi/4.7.1/../../../../arm-none-eabi/lib/thumb\libsysbase.a(handle_manager.o)
                0x020157fc                __release_handle
                0x02015828                __alloc_handle
                0x02015860                __get_handle
 .text          0x02015880      0x41c c:/devkitpro/devkitarm/bin/../lib/gcc/arm-none-eabi/4.7.1/thumb\libgcc.a(_arm_addsubdf3.o)
                0x02015880                __aeabi_drsub
                0x02015888                __aeabi_dsub
                0x02015888                __subdf3
                0x0201588c                __aeabi_dadd
                0x0201588c                __adddf3
                0x02015b9c                __floatunsidf
                0x02015b9c                __aeabi_ui2d
                0x02015bc0                __floatsidf
                0x02015bc0                __aeabi_i2d
                0x02015be8                __aeabi_f2d
                0x02015be8                __extendsfdf2
                0x02015c28                __floatundidf
                0x02015c28                __aeabi_ul2d
                0x02015c3c                __floatdidf
                0x02015c3c                __aeabi_l2d
 .text          0x02015c9c      0x49c c:/devkitpro/devkitarm/bin/../lib/gcc/arm-none-eabi/4.7.1/thumb\libgcc.a(_arm_muldivdf3.o)
                0x02015c9c                __aeabi_dmul
                0x02015c9c                __muldf3
                0x02015f2c                __divdf3
                0x02015f2c                __aeabi_ddiv
 .text          0x02016138      0x144 c:/devkitpro/devkitarm/bin/../lib/gcc/arm-none-eabi/4.7.1/thumb\libgcc.a(_arm_cmpdf2.o)
                0x02016138                __gtdf2
                0x02016138                __gedf2
                0x02016140                __ltdf2
                0x02016140                __ledf2
                0x02016148                __nedf2
                0x02016148                __eqdf2
                0x02016148                __cmpdf2
                0x020161d0                __aeabi_cdrcmple
                0x020161ec                __aeabi_cdcmpeq
                0x020161ec                __aeabi_cdcmple
                0x02016204                __aeabi_dcmpeq
                0x0201621c                __aeabi_dcmplt
                0x02016234                __aeabi_dcmple
                0x0201624c                __aeabi_dcmpge
                0x02016264                __aeabi_dcmpgt
 .text          0x0201627c       0x5c c:/devkitpro/devkitarm/bin/../lib/gcc/arm-none-eabi/4.7.1/thumb\libgcc.a(_arm_fixdfsi.o)
                0x0201627c                __aeabi_d2iz
                0x0201627c                __fixdfsi
 .text          0x020162d8       0x3c c:/devkitpro/devkitarm/bin/../lib/gcc/arm-none-eabi/4.7.1/thumb\libgcc.a(_aeabi_uldivmod.o)
                0x020162d8                __aeabi_uldivmod
 .text          0x02016314       0x4c c:/devkitpro/devkitarm/bin/../lib/gcc/arm-none-eabi/4.7.1/thumb\libgcc.a(_muldi3.o)
                0x02016314                __muldi3
                0x02016314                __aeabi_lmul
 .text          0x02016360       0x7c c:/devkitpro/devkitarm/bin/../lib/gcc/arm-none-eabi/4.7.1/thumb\libgcc.a(bpabi.o)
                0x02016360                __gnu_ldivmod_helper
                0x020163a0                __gnu_uldivmod_helper
 .text          0x020163dc      0x3d4 c:/devkitpro/devkitarm/bin/../lib/gcc/arm-none-eabi/4.7.1/thumb\libgcc.a(_divdi3.o)
                0x020163dc                __divdi3
 .text          0x020167b0      0x3a0 c:/devkitpro/devkitarm/bin/../lib/gcc/arm-none-eabi/4.7.1/thumb\libgcc.a(_udivdi3.o)
                0x020167b0                __udivdi3
 .text          0x02016b50       0x48 c:/devkitpro/devkitarm/bin/../lib/gcc/arm-none-eabi/4.7.1/thumb\libgcc.a(_clzsi2.o)
                0x02016b50                __clzsi2
 .text          0x02016b98        0xc c:/devkitpro/devkitarm/bin/../lib/gcc/arm-none-eabi/4.7.1/../../../../arm-none-eabi/lib/thumb\libg.a(lib_a-errno.o)
                0x02016b98                __errno
 .text          0x02016ba4        0x0 c:/devkitpro/devkitarm/bin/../lib/gcc/arm-none-eabi/4.7.1/thumb/crtend.o
 .text          0x02016ba4        0x0 c:/devkitpro/devkitarm/bin/../lib/gcc/arm-none-eabi/4.7.1/thumb/crtn.o
 *(.text.*)
 .text._ZNSt6vectorI5BlockSaIS0_EE13_M_insert_auxEN9__gnu_cxx17__normal_iteratorIPS0_S2_EERKS0_
                0x02016ba4      0x26c ClassDefinitions.o
                0x02016ba4                std::vector<Block, std::allocator<Block> >::_M_insert_aux(__gnu_cxx::__normal_iterator<Block*, std::vector<Block, std::allocator<Block> > >, Block const&)
 .text.startup  0x02016e10       0xb4 main.o
                0x02016e10                main
 .text._Znwj    0x02016ec4       0x60 c:/devkitpro/devkitarm/bin/../lib/gcc/arm-none-eabi/4.7.1/../../../../arm-none-eabi/lib/thumb\libstdc++.a(new_op.o)
                0x02016ec4                operator new(unsigned int)
 .text._ZN10__cxxabiv1L24__is_gxx_exception_classEPc
                0x02016f24       0x40 c:/devkitpro/devkitarm/bin/../lib/gcc/arm-none-eabi/4.7.1/../../../../arm-none-eabi/lib/thumb\libstdc++.a(eh_call.o)
 .text.__cxa_call_terminate
                0x02016f64       0x24 c:/devkitpro/devkitarm/bin/../lib/gcc/arm-none-eabi/4.7.1/../../../../arm-none-eabi/lib/thumb\libstdc++.a(eh_call.o)
                0x02016f64                __cxa_call_terminate
 .text.__cxa_call_unexpected
                0x02016f88       0xec c:/devkitpro/devkitarm/bin/../lib/gcc/arm-none-eabi/4.7.1/../../../../arm-none-eabi/lib/thumb\libstdc++.a(eh_call.o)
                0x02016f88                __cxa_call_unexpected
 .text._ZL12read_sleb128PKhPl
                0x02017074       0x34 c:/devkitpro/devkitarm/bin/../lib/gcc/arm-none-eabi/4.7.1/../../../../arm-none-eabi/lib/thumb\libstdc++.a(eh_personality.o)
 .text._ZL28read_encoded_value_with_basehjPKhPj
                0x020170a8       0xd8 c:/devkitpro/devkitarm/bin/../lib/gcc/arm-none-eabi/4.7.1/../../../../arm-none-eabi/lib/thumb\libstdc++.a(eh_personality.o)
 .text._ZL21base_of_encoded_valuehP15_Unwind_Context
                0x02017180       0x4c c:/devkitpro/devkitarm/bin/../lib/gcc/arm-none-eabi/4.7.1/../../../../arm-none-eabi/lib/thumb\libstdc++.a(eh_personality.o)
 .text._ZL17parse_lsda_headerP15_Unwind_ContextPKhP16lsda_header_info
                0x020171cc       0x98 c:/devkitpro/devkitarm/bin/../lib/gcc/arm-none-eabi/4.7.1/../../../../arm-none-eabi/lib/thumb\libstdc++.a(eh_personality.o)
 .text.__gxx_personality_v0
                0x02017264      0x3ec c:/devkitpro/devkitarm/bin/../lib/gcc/arm-none-eabi/4.7.1/../../../../arm-none-eabi/lib/thumb\libstdc++.a(eh_personality.o)
                0x02017264                __gxx_personality_v0
 .text._ZdlPv   0x02017650       0x10 c:/devkitpro/devkitarm/bin/../lib/gcc/arm-none-eabi/4.7.1/../../../../arm-none-eabi/lib/thumb\libstdc++.a(del_op.o)
                0x02017650                operator delete(void*)
 .text._ZN10__cxxabiv111__terminateEPFvvE
                0x02017660       0x2c c:/devkitpro/devkitarm/bin/../lib/gcc/arm-none-eabi/4.7.1/../../../../arm-none-eabi/lib/thumb\libstdc++.a(eh_terminate.o)
                0x02017660                __cxxabiv1::__terminate(void (*)())
 .text._ZSt9terminatev
                0x0201768c       0x10 c:/devkitpro/devkitarm/bin/../lib/gcc/arm-none-eabi/4.7.1/../../../../arm-none-eabi/lib/thumb\libstdc++.a(eh_terminate.o)
                0x0201768c                std::terminate()
 .text._ZN10__cxxabiv112__unexpectedEPFvvE
                0x0201769c        0xc c:/devkitpro/devkitarm/bin/../lib/gcc/arm-none-eabi/4.7.1/../../../../arm-none-eabi/lib/thumb\libstdc++.a(eh_terminate.o)
                0x0201769c                __cxxabiv1::__unexpected(void (*)())
 .text._ZSt10unexpectedv
                0x020176a8       0x10 c:/devkitpro/devkitarm/bin/../lib/gcc/arm-none-eabi/4.7.1/../../../../arm-none-eabi/lib/thumb\libstdc++.a(eh_terminate.o)
                0x020176a8                std::unexpected()
 .text._ZSt13set_terminatePFvvE
                0x020176b8       0x10 c:/devkitpro/devkitarm/bin/../lib/gcc/arm-none-eabi/4.7.1/../../../../arm-none-eabi/lib/thumb\libstdc++.a(eh_terminate.o)
                0x020176b8                std::set_terminate(void (*)())
 .text._ZSt14set_unexpectedPFvvE
                0x020176c8       0x10 c:/devkitpro/devkitarm/bin/../lib/gcc/arm-none-eabi/4.7.1/../../../../arm-none-eabi/lib/thumb\libstdc++.a(eh_terminate.o)
                0x020176c8                std::set_unexpected(void (*)())
 .text._ZNSt9exceptionD2Ev
                0x020176d8        0xc c:/devkitpro/devkitarm/bin/../lib/gcc/arm-none-eabi/4.7.1/../../../../arm-none-eabi/lib/thumb\libstdc++.a(eh_exception.o)
                0x020176d8                std::exception::~exception()
                0x020176d8                std::exception::~exception()
 .text._ZNSt13bad_exceptionD2Ev
                0x020176e4        0xc c:/devkitpro/devkitarm/bin/../lib/gcc/arm-none-eabi/4.7.1/../../../../arm-none-eabi/lib/thumb\libstdc++.a(eh_exception.o)
                0x020176e4                std::bad_exception::~bad_exception()
                0x020176e4                std::bad_exception::~bad_exception()
 .text._ZN10__cxxabiv115__forced_unwindD2Ev
                0x020176f0        0xc c:/devkitpro/devkitarm/bin/../lib/gcc/arm-none-eabi/4.7.1/../../../../arm-none-eabi/lib/thumb\libstdc++.a(eh_exception.o)
                0x020176f0                __cxxabiv1::__forced_unwind::~__forced_unwind()
                0x020176f0                __cxxabiv1::__forced_unwind::~__forced_unwind()
 .text._ZN10__cxxabiv119__foreign_exceptionD2Ev
                0x020176fc        0xc c:/devkitpro/devkitarm/bin/../lib/gcc/arm-none-eabi/4.7.1/../../../../arm-none-eabi/lib/thumb\libstdc++.a(eh_exception.o)
                0x020176fc                __cxxabiv1::__foreign_exception::~__foreign_exception()
                0x020176fc                __cxxabiv1::__foreign_exception::~__foreign_exception()
 .text._ZNKSt9exception4whatEv
                0x02017708        0x8 c:/devkitpro/devkitarm/bin/../lib/gcc/arm-none-eabi/4.7.1/../../../../arm-none-eabi/lib/thumb\libstdc++.a(eh_exception.o)
                0x02017708                std::exception::what() const
 .text._ZNKSt13bad_exception4whatEv
                0x02017710        0x8 c:/devkitpro/devkitarm/bin/../lib/gcc/arm-none-eabi/4.7.1/../../../../arm-none-eabi/lib/thumb\libstdc++.a(eh_exception.o)
                0x02017710                std::bad_exception::what() const
 .text._ZN10__cxxabiv119__foreign_exceptionD0Ev
                0x02017718       0x1c c:/devkitpro/devkitarm/bin/../lib/gcc/arm-none-eabi/4.7.1/../../../../arm-none-eabi/lib/thumb\libstdc++.a(eh_exception.o)
                0x02017718                __cxxabiv1::__foreign_exception::~__foreign_exception()
 .text._ZN10__cxxabiv115__forced_unwindD0Ev
                0x02017734       0x1c c:/devkitpro/devkitarm/bin/../lib/gcc/arm-none-eabi/4.7.1/../../../../arm-none-eabi/lib/thumb\libstdc++.a(eh_exception.o)
                0x02017734                __cxxabiv1::__forced_unwind::~__forced_unwind()
 .text._ZNSt9exceptionD0Ev
                0x02017750       0x1c c:/devkitpro/devkitarm/bin/../lib/gcc/arm-none-eabi/4.7.1/../../../../arm-none-eabi/lib/thumb\libstdc++.a(eh_exception.o)
                0x02017750                std::exception::~exception()
 .text._ZNSt13bad_exceptionD0Ev
                0x0201776c       0x1c c:/devkitpro/devkitarm/bin/../lib/gcc/arm-none-eabi/4.7.1/../../../../arm-none-eabi/lib/thumb\libstdc++.a(eh_exception.o)
                0x0201776c                std::bad_exception::~bad_exception()
 .text.__cxa_allocate_exception
                0x02017788       0x68 c:/devkitpro/devkitarm/bin/../lib/gcc/arm-none-eabi/4.7.1/../../../../arm-none-eabi/lib/thumb\libstdc++.a(eh_alloc.o)
                0x02017788                __cxa_allocate_exception
 .text.__cxa_free_exception
                0x020177f0       0x38 c:/devkitpro/devkitarm/bin/../lib/gcc/arm-none-eabi/4.7.1/../../../../arm-none-eabi/lib/thumb\libstdc++.a(eh_alloc.o)
                0x020177f0                __cxa_free_exception
 .text.__cxa_allocate_dependent_exception
                0x02017828       0x60 c:/devkitpro/devkitarm/bin/../lib/gcc/arm-none-eabi/4.7.1/../../../../arm-none-eabi/lib/thumb\libstdc++.a(eh_alloc.o)
                0x02017828                __cxa_allocate_dependent_exception
 .text.__cxa_free_dependent_exception
                0x02017888       0x3c c:/devkitpro/devkitarm/bin/../lib/gcc/arm-none-eabi/4.7.1/../../../../arm-none-eabi/lib/thumb\libstdc++.a(eh_alloc.o)
                0x02017888                __cxa_free_dependent_exception
 .text._ZNKSt9bad_alloc4whatEv
                0x020178c4        0x8 c:/devkitpro/devkitarm/bin/../lib/gcc/arm-none-eabi/4.7.1/../../../../arm-none-eabi/lib/thumb\libstdc++.a(bad_alloc.o)
                0x020178c4                std::bad_alloc::what() const
 .text._ZNSt9bad_allocD2Ev
                0x020178cc       0x1c c:/devkitpro/devkitarm/bin/../lib/gcc/arm-none-eabi/4.7.1/../../../../arm-none-eabi/lib/thumb\libstdc++.a(bad_alloc.o)
                0x020178cc                std::bad_alloc::~bad_alloc()
                0x020178cc                std::bad_alloc::~bad_alloc()
 .text._ZNSt9bad_allocD0Ev
                0x020178e8       0x18 c:/devkitpro/devkitarm/bin/../lib/gcc/arm-none-eabi/4.7.1/../../../../arm-none-eabi/lib/thumb\libstdc++.a(bad_alloc.o)
                0x020178e8                std::bad_alloc::~bad_alloc()
 .text._ZNK10__cxxabiv117__class_type_info11__do_upcastEPKS0_PPv
                0x02017900       0x40 c:/devkitpro/devkitarm/bin/../lib/gcc/arm-none-eabi/4.7.1/../../../../arm-none-eabi/lib/thumb\libstdc++.a(class_type_info.o)
                0x02017900                __cxxabiv1::__class_type_info::__do_upcast(__cxxabiv1::__class_type_info const*, void**) const
 .text._ZNK10__cxxabiv117__class_type_info20__do_find_public_srcEiPKvPKS0_S2_
                0x02017940       0x14 c:/devkitpro/devkitarm/bin/../lib/gcc/arm-none-eabi/4.7.1/../../../../arm-none-eabi/lib/thumb\libstdc++.a(class_type_info.o)
                0x02017940                __cxxabiv1::__class_type_info::__do_find_public_src(int, void const*, __cxxabiv1::__class_type_info const*, void const*) const
 .text._ZNK10__cxxabiv117__class_type_info11__do_upcastEPKS0_PKvRNS0_15__upcast_resultE
                0x02017954       0x24 c:/devkitpro/devkitarm/bin/../lib/gcc/arm-none-eabi/4.7.1/../../../../arm-none-eabi/lib/thumb\libstdc++.a(class_type_info.o)
                0x02017954                __cxxabiv1::__class_type_info::__do_upcast(__cxxabiv1::__class_type_info const*, void const*, __cxxabiv1::__class_type_info::__upcast_result&) const
 .text._ZN10__cxxabiv117__class_type_infoD2Ev
                0x02017978       0x1c c:/devkitpro/devkitarm/bin/../lib/gcc/arm-none-eabi/4.7.1/../../../../arm-none-eabi/lib/thumb\libstdc++.a(class_type_info.o)
                0x02017978                __cxxabiv1::__class_type_info::~__class_type_info()
                0x02017978                __cxxabiv1::__class_type_info::~__class_type_info()
 .text._ZN10__cxxabiv117__class_type_infoD0Ev
                0x02017994       0x18 c:/devkitpro/devkitarm/bin/../lib/gcc/arm-none-eabi/4.7.1/../../../../arm-none-eabi/lib/thumb\libstdc++.a(class_type_info.o)
                0x02017994                __cxxabiv1::__class_type_info::~__class_type_info()
 .text._ZNK10__cxxabiv117__class_type_info12__do_dyncastEiNS0_10__sub_kindEPKS0_PKvS3_S5_RNS0_16__dyncast_resultE
                0x020179ac       0x44 c:/devkitpro/devkitarm/bin/../lib/gcc/arm-none-eabi/4.7.1/../../../../arm-none-eabi/lib/thumb\libstdc++.a(class_type_info.o)
                0x020179ac                __cxxabiv1::__class_type_info::__do_dyncast(int, __cxxabiv1::__class_type_info::__sub_kind, __cxxabiv1::__class_type_info const*, void const*, __cxxabiv1::__class_type_info const*, void const*, __cxxabiv1::__class_type_info::__dyncast_result&) const
 .text._ZNK10__cxxabiv117__class_type_info10__do_catchEPKSt9type_infoPPvj
                0x020179f0       0x40 c:/devkitpro/devkitarm/bin/../lib/gcc/arm-none-eabi/4.7.1/../../../../arm-none-eabi/lib/thumb\libstdc++.a(class_type_info.o)
                0x020179f0                __cxxabiv1::__class_type_info::__do_catch(std::type_info const*, void**, unsigned int) const
 .text._ZSt15set_new_handlerPFvvE
                0x02017a30       0x10 c:/devkitpro/devkitarm/bin/../lib/gcc/arm-none-eabi/4.7.1/../../../../arm-none-eabi/lib/thumb\libstdc++.a(new_handler.o)
                0x02017a30                std::set_new_handler(void (*)())
 .text.__cxa_end_cleanup
                0x02017a40        0xc c:/devkitpro/devkitarm/bin/../lib/gcc/arm-none-eabi/4.7.1/../../../../arm-none-eabi/lib/thumb\libstdc++.a(eh_arm.o)
                0x02017a40                __cxa_end_cleanup
 .text.__cxa_type_match
                0x02017a4c       0xcc c:/devkitpro/devkitarm/bin/../lib/gcc/arm-none-eabi/4.7.1/../../../../arm-none-eabi/lib/thumb\libstdc++.a(eh_arm.o)
                0x02017a4c                __cxa_type_match
 .text.__cxa_begin_cleanup
                0x02017b18       0x64 c:/devkitpro/devkitarm/bin/../lib/gcc/arm-none-eabi/4.7.1/../../../../arm-none-eabi/lib/thumb\libstdc++.a(eh_arm.o)
                0x02017b18                __cxa_begin_cleanup
 .text.__gnu_end_cleanup
                0x02017b7c       0x74 c:/devkitpro/devkitarm/bin/../lib/gcc/arm-none-eabi/4.7.1/../../../../arm-none-eabi/lib/thumb\libstdc++.a(eh_arm.o)
                0x02017b7c                __gnu_end_cleanup
 .text._ZL23__gxx_exception_cleanup19_Unwind_Reason_CodeP21_Unwind_Control_Block
                0x02017bf0       0x30 c:/devkitpro/devkitarm/bin/../lib/gcc/arm-none-eabi/4.7.1/../../../../arm-none-eabi/lib/thumb\libstdc++.a(eh_throw.o)
 .text.__cxa_throw
                0x02017c20       0x68 c:/devkitpro/devkitarm/bin/../lib/gcc/arm-none-eabi/4.7.1/../../../../arm-none-eabi/lib/thumb\libstdc++.a(eh_throw.o)
                0x02017c20                __cxa_throw
 .text.__cxa_rethrow
                0x02017c88       0x74 c:/devkitpro/devkitarm/bin/../lib/gcc/arm-none-eabi/4.7.1/../../../../arm-none-eabi/lib/thumb\libstdc++.a(eh_throw.o)
                0x02017c88                __cxa_rethrow
 .text.__cxa_pure_virtual
                0x02017cfc       0x14 c:/devkitpro/devkitarm/bin/../lib/gcc/arm-none-eabi/4.7.1/../../../../arm-none-eabi/lib/thumb\libstdc++.a(pure.o)
                0x02017cfc                __cxa_pure_virtual
 .text.__cxa_deleted_virtual
                0x02017d10       0x14 c:/devkitpro/devkitarm/bin/../lib/gcc/arm-none-eabi/4.7.1/../../../../arm-none-eabi/lib/thumb\libstdc++.a(pure.o)
                0x02017d10                __cxa_deleted_virtual
 .text.__cxa_get_globals_fast
                0x02017d24        0x8 c:/devkitpro/devkitarm/bin/../lib/gcc/arm-none-eabi/4.7.1/../../../../arm-none-eabi/lib/thumb\libstdc++.a(eh_globals.o)
                0x02017d24                __cxa_get_globals_fast
 .text.__cxa_get_globals
                0x02017d2c        0x8 c:/devkitpro/devkitarm/bin/../lib/gcc/arm-none-eabi/4.7.1/../../../../arm-none-eabi/lib/thumb\libstdc++.a(eh_globals.o)
                0x02017d2c                __cxa_get_globals
 .text.__cxa_get_exception_ptr
                0x02017d34        0x4 c:/devkitpro/devkitarm/bin/../lib/gcc/arm-none-eabi/4.7.1/../../../../arm-none-eabi/lib/thumb\libstdc++.a(eh_catch.o)
                0x02017d34                __cxa_get_exception_ptr
 .text.__cxa_begin_catch
                0x02017d38       0x88 c:/devkitpro/devkitarm/bin/../lib/gcc/arm-none-eabi/4.7.1/../../../../arm-none-eabi/lib/thumb\libstdc++.a(eh_catch.o)
                0x02017d38                __cxa_begin_catch
 .text.__cxa_end_catch
                0x02017dc0       0x94 c:/devkitpro/devkitarm/bin/../lib/gcc/arm-none-eabi/4.7.1/../../../../arm-none-eabi/lib/thumb\libstdc++.a(eh_catch.o)
                0x02017dc0                __cxa_end_catch
 .text._ZSt18uncaught_exceptionv
                0x02017e54       0x14 c:/devkitpro/devkitarm/bin/../lib/gcc/arm-none-eabi/4.7.1/../../../../arm-none-eabi/lib/thumb\libstdc++.a(eh_catch.o)
                0x02017e54                std::uncaught_exception()
 .text._ZNK10__cxxabiv120__si_class_type_info12__do_dyncastEiNS_17__class_type_info10__sub_kindEPKS1_PKvS4_S6_RNS1_16__dyncast_resultE
                0x02017e68       0x90 c:/devkitpro/devkitarm/bin/../lib/gcc/arm-none-eabi/4.7.1/../../../../arm-none-eabi/lib/thumb\libstdc++.a(si_class_type_info.o)
                0x02017e68                __cxxabiv1::__si_class_type_info::__do_dyncast(int, __cxxabiv1::__class_type_info::__sub_kind, __cxxabiv1::__class_type_info const*, void const*, __cxxabiv1::__class_type_info const*, void const*, __cxxabiv1::__class_type_info::__dyncast_result&) const
 .text._ZN10__cxxabiv120__si_class_type_infoD2Ev
                0x02017ef8       0x1c c:/devkitpro/devkitarm/bin/../lib/gcc/arm-none-eabi/4.7.1/../../../../arm-none-eabi/lib/thumb\libstdc++.a(si_class_type_info.o)
                0x02017ef8                __cxxabiv1::__si_class_type_info::~__si_class_type_info()
                0x02017ef8                __cxxabiv1::__si_class_type_info::~__si_class_type_info()
 .text._ZN10__cxxabiv120__si_class_type_infoD0Ev
                0x02017f14       0x18 c:/devkitpro/devkitarm/bin/../lib/gcc/arm-none-eabi/4.7.1/../../../../arm-none-eabi/lib/thumb\libstdc++.a(si_class_type_info.o)
                0x02017f14                __cxxabiv1::__si_class_type_info::~__si_class_type_info()
 .text._ZNK10__cxxabiv120__si_class_type_info11__do_upcastEPKNS_17__class_type_infoEPKvRNS1_15__upcast_resultE
                0x02017f2c       0x30 c:/devkitpro/devkitarm/bin/../lib/gcc/arm-none-eabi/4.7.1/../../../../arm-none-eabi/lib/thumb\libstdc++.a(si_class_type_info.o)
                0x02017f2c                __cxxabiv1::__si_class_type_info::__do_upcast(__cxxabiv1::__class_type_info const*, void const*, __cxxabiv1::__class_type_info::__upcast_result&) const
 .text._ZNK10__cxxabiv120__si_class_type_info20__do_find_public_srcEiPKvPKNS_17__class_type_infoES2_
                0x02017f5c       0x40 c:/devkitpro/devkitarm/bin/../lib/gcc/arm-none-eabi/4.7.1/../../../../arm-none-eabi/lib/thumb\libstdc++.a(si_class_type_info.o)
                0x02017f5c                __cxxabiv1::__si_class_type_info::__do_find_public_src(int, void const*, __cxxabiv1::__class_type_info const*, void const*) const
 .text._ZNSt9type_infoD2Ev
                0x02017f9c        0xc c:/devkitpro/devkitarm/bin/../lib/gcc/arm-none-eabi/4.7.1/../../../../arm-none-eabi/lib/thumb\libstdc++.a(tinfo.o)
                0x02017f9c                std::type_info::~type_info()
                0x02017f9c                std::type_info::~type_info()
 .text._ZNKSt9type_info14__is_pointer_pEv
                0x02017fa8        0x4 c:/devkitpro/devkitarm/bin/../lib/gcc/arm-none-eabi/4.7.1/../../../../arm-none-eabi/lib/thumb\libstdc++.a(tinfo.o)
                0x02017fa8                std::type_info::__is_pointer_p() const
 .text._ZNKSt9type_info15__is_function_pEv
                0x02017fac        0x4 c:/devkitpro/devkitarm/bin/../lib/gcc/arm-none-eabi/4.7.1/../../../../arm-none-eabi/lib/thumb\libstdc++.a(tinfo.o)
                0x02017fac                std::type_info::__is_function_p() const
 .text._ZNKSt9type_info11__do_upcastEPKN10__cxxabiv117__class_type_infoEPPv
                0x02017fb0        0x4 c:/devkitpro/devkitarm/bin/../lib/gcc/arm-none-eabi/4.7.1/../../../../arm-none-eabi/lib/thumb\libstdc++.a(tinfo.o)
                0x02017fb0                std::type_info::__do_upcast(__cxxabiv1::__class_type_info const*, void**) const
 .text._ZNSt9type_infoD0Ev
                0x02017fb4       0x1c c:/devkitpro/devkitarm/bin/../lib/gcc/arm-none-eabi/4.7.1/../../../../arm-none-eabi/lib/thumb\libstdc++.a(tinfo.o)
                0x02017fb4                std::type_info::~type_info()
 .text._ZNKSt9type_infoeqERKS_
                0x02017fd0       0x30 c:/devkitpro/devkitarm/bin/../lib/gcc/arm-none-eabi/4.7.1/../../../../arm-none-eabi/lib/thumb\libstdc++.a(tinfo.o)
                0x02017fd0                std::type_info::operator==(std::type_info const&) const
 .text._ZNKSt9type_info10__do_catchEPKS_PPvj
                0x02018000        0xc c:/devkitpro/devkitarm/bin/../lib/gcc/arm-none-eabi/4.7.1/../../../../arm-none-eabi/lib/thumb\libstdc++.a(tinfo.o)
                0x02018000                std::type_info::__do_catch(std::type_info const*, void**, unsigned int) const
 .text._ZN9__gnu_cxx27__verbose_terminate_handlerEv
                0x0201800c      0x11c c:/devkitpro/devkitarm/bin/../lib/gcc/arm-none-eabi/4.7.1/../../../../arm-none-eabi/lib/thumb\libstdc++.a(vterminate.o)
                0x0201800c                __gnu_cxx::__verbose_terminate_handler()
 .text.__cxa_current_exception_type
                0x02018128       0x28 c:/devkitpro/devkitarm/bin/../lib/gcc/arm-none-eabi/4.7.1/../../../../arm-none-eabi/lib/thumb\libstdc++.a(eh_type.o)
                0x02018128                __cxa_current_exception_type
 .text.__cxa_current_exception_type.stub
                0x02018150      0x140 linker stubs
 *(.stub)
 *(.gnu.warning)
 *(.gnu.linkonce.t*)
 *(.glue_7)
 .glue_7        0x00000000        0x0 linker stubs
 *(.glue_7t)
 .glue_7t       0x00000000        0x0 linker stubs
                0x02018290                . = ALIGN (0x4)

.vfp11_veneer   0x020182a0        0x0
 .vfp11_veneer  0x00000000        0x0 linker stubs

.v4_bx          0x020182a0        0x0
 .v4_bx         0x00000000        0x0 linker stubs

.iplt           0x020182a0        0x0
 .iplt          0x00000000        0x0 c:/devkitpro/devkitarm/bin/../lib/gcc/arm-none-eabi/4.7.1/../../../../arm-none-eabi/lib/thumb/ds_arm9_crt0.o

.fini           0x020182a0        0xc
 *(.fini)
 .fini          0x020182a0        0x4 c:/devkitpro/devkitarm/bin/../lib/gcc/arm-none-eabi/4.7.1/thumb/crti.o
                0x020182a0                _fini
 .fini          0x020182a4        0x8 c:/devkitpro/devkitarm/bin/../lib/gcc/arm-none-eabi/4.7.1/thumb/crtn.o
                0x020182ac                __text_end = .

.rodata         0x020182b0   0x18955c
 *(.rodata)
 .rodata        0x020182b0   0x170dd4 soundbank.bin.o
                0x020182b0                soundbank_bin
                0x02189080                soundbank_bin_size
                0x02189080                soundbank_bin_end
 *fill*         0x02189084        0x4 ff
 .rodata        0x02189088       0x48 ClassDefinitions.o
                0x02189088                vtable for Entity
                0x021890a0                vtable for Block
                0x021890b8                vtable for Level
 .rodata        0x021890d0      0x300 Sprites.o
                0x021890d0                SpritesPal
                0x021892d0                SpritesTiles
 .rodata        0x021893d0    0x10200 Tileset.o
                0x021893d0                TilesetPal
                0x021895d0                TilesetTiles
 .rodata        0x021995d0      0x200 c:/devkitPro/libnds/lib\libnds9.a(console.o)
 .rodata        0x021997d0      0x308 c:/devkitPro/libnds/lib\libnds9.a(trig.o)
                0x021997d0                SIN_LUT
                0x021998d4                TAN_LUT
 .rodata        0x02199ad8     0x2004 c:/devkitPro/libnds/lib\libnds9.a(default_font.bin.o)
                0x02199ad8                default_font_bin
                0x0219bad8                default_font_bin_size
                0x0219bad8                default_font_bin_end
 .rodata        0x0219badc      0xf7c c:/devkitpro/devkitarm/bin/../lib/gcc/arm-none-eabi/4.7.1/../../../../arm-none-eabi/lib/thumb\libstdc++.a(cp-demangle.o)
 .rodata        0x0219ca58       0x14 c:/devkitpro/devkitarm/bin/../lib/gcc/arm-none-eabi/4.7.1/thumb\libgcc.a(unwind-arm.o)
 .rodata        0x0219ca6c        0x4 c:/devkitpro/devkitarm/bin/../lib/gcc/arm-none-eabi/4.7.1/../../../../arm-none-eabi/lib/thumb\libg.a(lib_a-impure.o)
                0x0219ca6c                _global_impure_ptr
 .rodata        0x0219ca70      0x340 c:/devkitpro/devkitarm/bin/../lib/gcc/arm-none-eabi/4.7.1/../../../../arm-none-eabi/lib/thumb\libg.a(lib_a-svfiscanf.o)
 .rodata        0x0219cdb0      0x184 c:/devkitpro/devkitarm/bin/../lib/gcc/arm-none-eabi/4.7.1/../../../../arm-none-eabi/lib/thumb\libg.a(lib_a-svfprintf.o)
 .rodata        0x0219cf34      0x184 c:/devkitpro/devkitarm/bin/../lib/gcc/arm-none-eabi/4.7.1/../../../../arm-none-eabi/lib/thumb\libg.a(lib_a-vfiprintf.o)
 .rodata        0x0219d0b8      0x104 c:/devkitpro/devkitarm/bin/../lib/gcc/arm-none-eabi/4.7.1/../../../../arm-none-eabi/lib/thumb\libg.a(lib_a-ctype_.o)
                0x0219d0b8                _ctype_
 .rodata        0x0219d1bc     0x34f0 c:/devkitpro/devkitarm/bin/../lib/gcc/arm-none-eabi/4.7.1/../../../../arm-none-eabi/lib/thumb\libg.a(lib_a-jp2uc.o)
 .rodata        0x021a06ac       0xf0 c:/devkitpro/devkitarm/bin/../lib/gcc/arm-none-eabi/4.7.1/../../../../arm-none-eabi/lib/thumb\libg.a(lib_a-locale.o)
 .rodata        0x021a079c       0xa8 c:/devkitpro/devkitarm/bin/../lib/gcc/arm-none-eabi/4.7.1/../../../../arm-none-eabi/lib/thumb\libg.a(lib_a-mbtowc_r.o)
 *fill*         0x021a0844        0x4 ff
 .rodata        0x021a0848      0x128 c:/devkitpro/devkitarm/bin/../lib/gcc/arm-none-eabi/4.7.1/../../../../arm-none-eabi/lib/thumb\libg.a(lib_a-mprec.o)
                0x021a0858                __mprec_tens
                0x021a0920                __mprec_tinytens
                0x021a0948                __mprec_bigtens
 .rodata        0x021a0970      0x184 c:/devkitpro/devkitarm/bin/../lib/gcc/arm-none-eabi/4.7.1/../../../../arm-none-eabi/lib/thumb\libg.a(lib_a-svfiprintf.o)
 .rodata        0x021a0af4       0x64 c:/devkitpro/devkitarm/bin/../lib/gcc/arm-none-eabi/4.7.1/../../../../arm-none-eabi/lib/thumb\libsysbase.a(iosupport.o)
                0x021a0af4                dotab_stdnull
 *all.rodata*(*)
 *(.roda)
 *(.rodata.*)
 .rodata.str1.4
                0x021a0b58        0xb ClassDefinitions.o
                                  0xc (size before relaxing)
 *fill*         0x021a0b63        0x1 ff
 .rodata.str1.4
                0x021a0b64        0xe main.o
                                 0x10 (size before relaxing)
 *fill*         0x021a0b72        0x2 ff
 .rodata.str1.4
                0x021a0b74       0x49 c:/devkitPro/libnds/lib\libnds9.a(console.o)
                                 0x4c (size before relaxing)
 *fill*         0x021a0bbd        0x3 ff
 .rodata._ZL28read_encoded_value_with_basehjPKhPj
                0x021a0bc0       0x34 c:/devkitpro/devkitarm/bin/../lib/gcc/arm-none-eabi/4.7.1/../../../../arm-none-eabi/lib/thumb\libstdc++.a(eh_personality.o)
 *fill*         0x021a0bf4        0x4 ff
 .rodata._ZTVN10__cxxabiv115__forced_unwindE
                0x021a0bf8       0x18 c:/devkitpro/devkitarm/bin/../lib/gcc/arm-none-eabi/4.7.1/../../../../arm-none-eabi/lib/thumb\libstdc++.a(eh_exception.o)
                0x021a0bf8                vtable for __cxxabiv1::__forced_unwind
 .rodata._ZTVSt9exception
                0x021a0c10       0x18 c:/devkitpro/devkitarm/bin/../lib/gcc/arm-none-eabi/4.7.1/../../../../arm-none-eabi/lib/thumb\libstdc++.a(eh_exception.o)
                0x021a0c10                vtable for std::exception
 .rodata._ZTIN10__cxxabiv115__forced_unwindE
                0x021a0c28        0x8 c:/devkitpro/devkitarm/bin/../lib/gcc/arm-none-eabi/4.7.1/../../../../arm-none-eabi/lib/thumb\libstdc++.a(eh_exception.o)
                0x021a0c28                typeinfo for __cxxabiv1::__forced_unwind
 .rodata._ZTISt9exception
                0x021a0c30        0x8 c:/devkitpro/devkitarm/bin/../lib/gcc/arm-none-eabi/4.7.1/../../../../arm-none-eabi/lib/thumb\libstdc++.a(eh_exception.o)
                0x021a0c30                typeinfo for std::exception
 .rodata._ZTSSt13bad_exception
                0x021a0c38       0x14 c:/devkitpro/devkitarm/bin/../lib/gcc/arm-none-eabi/4.7.1/../../../../arm-none-eabi/lib/thumb\libstdc++.a(eh_exception.o)
                0x021a0c38                typeinfo name for std::bad_exception
 .rodata.str1.4
                0x021a0c4c       0x23 c:/devkitpro/devkitarm/bin/../lib/gcc/arm-none-eabi/4.7.1/../../../../arm-none-eabi/lib/thumb\libstdc++.a(eh_exception.o)
                                 0x24 (size before relaxing)
 *fill*         0x021a0c6f        0x1 ff
 .rodata._ZTSN10__cxxabiv119__foreign_exceptionE
                0x021a0c70       0x24 c:/devkitpro/devkitarm/bin/../lib/gcc/arm-none-eabi/4.7.1/../../../../arm-none-eabi/lib/thumb\libstdc++.a(eh_exception.o)
                0x021a0c70                typeinfo name for __cxxabiv1::__foreign_exception
 .rodata._ZTIN10__cxxabiv119__foreign_exceptionE
                0x021a0c94        0x8 c:/devkitpro/devkitarm/bin/../lib/gcc/arm-none-eabi/4.7.1/../../../../arm-none-eabi/lib/thumb\libstdc++.a(eh_exception.o)
                0x021a0c94                typeinfo for __cxxabiv1::__foreign_exception
 *fill*         0x021a0c9c        0x4 ff
 .rodata._ZTVSt13bad_exception
                0x021a0ca0       0x18 c:/devkitpro/devkitarm/bin/../lib/gcc/arm-none-eabi/4.7.1/../../../../arm-none-eabi/lib/thumb\libstdc++.a(eh_exception.o)
                0x021a0ca0                vtable for std::bad_exception
 .rodata._ZTSSt9exception
                0x021a0cb8       0x10 c:/devkitpro/devkitarm/bin/../lib/gcc/arm-none-eabi/4.7.1/../../../../arm-none-eabi/lib/thumb\libstdc++.a(eh_exception.o)
                0x021a0cb8                typeinfo name for std::exception
 .rodata._ZTVN10__cxxabiv119__foreign_exceptionE
                0x021a0cc8       0x18 c:/devkitpro/devkitarm/bin/../lib/gcc/arm-none-eabi/4.7.1/../../../../arm-none-eabi/lib/thumb\libstdc++.a(eh_exception.o)
                0x021a0cc8                vtable for __cxxabiv1::__foreign_exception
 .rodata._ZTSN10__cxxabiv115__forced_unwindE
                0x021a0ce0       0x20 c:/devkitpro/devkitarm/bin/../lib/gcc/arm-none-eabi/4.7.1/../../../../arm-none-eabi/lib/thumb\libstdc++.a(eh_exception.o)
                0x021a0ce0                typeinfo name for __cxxabiv1::__forced_unwind
 .rodata._ZTISt13bad_exception
                0x021a0d00        0xc c:/devkitpro/devkitarm/bin/../lib/gcc/arm-none-eabi/4.7.1/../../../../arm-none-eabi/lib/thumb\libstdc++.a(eh_exception.o)
                0x021a0d00                typeinfo for std::bad_exception
 *fill*         0x021a0d0c        0x4 ff
 .rodata._ZTVSt9bad_alloc
                0x021a0d10       0x18 c:/devkitpro/devkitarm/bin/../lib/gcc/arm-none-eabi/4.7.1/../../../../arm-none-eabi/lib/thumb\libstdc++.a(bad_alloc.o)
                0x021a0d10                vtable for std::bad_alloc
 .rodata._ZTISt9bad_alloc
                0x021a0d28        0xc c:/devkitpro/devkitarm/bin/../lib/gcc/arm-none-eabi/4.7.1/../../../../arm-none-eabi/lib/thumb\libstdc++.a(bad_alloc.o)
                0x021a0d28                typeinfo for std::bad_alloc
 .rodata.str1.4
                0x021a0d34        0xf c:/devkitpro/devkitarm/bin/../lib/gcc/arm-none-eabi/4.7.1/../../../../arm-none-eabi/lib/thumb\libstdc++.a(bad_alloc.o)
                                 0x10 (size before relaxing)
 *fill*         0x021a0d43        0x1 ff
 .rodata._ZTSSt9bad_alloc
                0x021a0d44       0x10 c:/devkitpro/devkitarm/bin/../lib/gcc/arm-none-eabi/4.7.1/../../../../arm-none-eabi/lib/thumb\libstdc++.a(bad_alloc.o)
                0x021a0d44                typeinfo name for std::bad_alloc
 *fill*         0x021a0d54        0x4 ff
 .rodata._ZTVN10__cxxabiv117__class_type_infoE
                0x021a0d58       0x30 c:/devkitpro/devkitarm/bin/../lib/gcc/arm-none-eabi/4.7.1/../../../../arm-none-eabi/lib/thumb\libstdc++.a(class_type_info.o)
                0x021a0d58                vtable for __cxxabiv1::__class_type_info
 .rodata._ZTIN10__cxxabiv117__class_type_infoE
                0x021a0d88        0xc c:/devkitpro/devkitarm/bin/../lib/gcc/arm-none-eabi/4.7.1/../../../../arm-none-eabi/lib/thumb\libstdc++.a(class_type_info.o)
                0x021a0d88                typeinfo for __cxxabiv1::__class_type_info
 .rodata._ZTSN10__cxxabiv117__class_type_infoE
                0x021a0d94       0x24 c:/devkitpro/devkitarm/bin/../lib/gcc/arm-none-eabi/4.7.1/../../../../arm-none-eabi/lib/thumb\libstdc++.a(class_type_info.o)
                0x021a0d94                typeinfo name for __cxxabiv1::__class_type_info
 .rodata._ZSt7nothrow
                0x021a0db8        0x4 c:/devkitpro/devkitarm/bin/../lib/gcc/arm-none-eabi/4.7.1/../../../../arm-none-eabi/lib/thumb\libstdc++.a(new_handler.o)
                0x021a0db8                std::nothrow
 .rodata.str1.4
                0x021a0dbc       0x3b c:/devkitpro/devkitarm/bin/../lib/gcc/arm-none-eabi/4.7.1/../../../../arm-none-eabi/lib/thumb\libstdc++.a(pure.o)
                                 0x3c (size before relaxing)
 *fill*         0x021a0df7        0x1 ff
 .rodata._ZTVN10__cxxabiv120__si_class_type_infoE
                0x021a0df8       0x30 c:/devkitpro/devkitarm/bin/../lib/gcc/arm-none-eabi/4.7.1/../../../../arm-none-eabi/lib/thumb\libstdc++.a(si_class_type_info.o)
                0x021a0df8                vtable for __cxxabiv1::__si_class_type_info
 .rodata._ZTIN10__cxxabiv120__si_class_type_infoE
                0x021a0e28        0xc c:/devkitpro/devkitarm/bin/../lib/gcc/arm-none-eabi/4.7.1/../../../../arm-none-eabi/lib/thumb\libstdc++.a(si_class_type_info.o)
                0x021a0e28                typeinfo for __cxxabiv1::__si_class_type_info
 .rodata._ZTSN10__cxxabiv120__si_class_type_infoE
                0x021a0e34       0x28 c:/devkitpro/devkitarm/bin/../lib/gcc/arm-none-eabi/4.7.1/../../../../arm-none-eabi/lib/thumb\libstdc++.a(si_class_type_info.o)
                0x021a0e34                typeinfo name for __cxxabiv1::__si_class_type_info
 .rodata._ZTISt9type_info
                0x021a0e5c        0x8 c:/devkitpro/devkitarm/bin/../lib/gcc/arm-none-eabi/4.7.1/../../../../arm-none-eabi/lib/thumb\libstdc++.a(tinfo.o)
                0x021a0e5c                typeinfo for std::type_info
 .rodata._ZTSSt9type_info
                0x021a0e64       0x10 c:/devkitpro/devkitarm/bin/../lib/gcc/arm-none-eabi/4.7.1/../../../../arm-none-eabi/lib/thumb\libstdc++.a(tinfo.o)
                0x021a0e64                typeinfo name for std::type_info
 *fill*         0x021a0e74        0x4 ff
 .rodata._ZTVSt9type_info
                0x021a0e78       0x20 c:/devkitpro/devkitarm/bin/../lib/gcc/arm-none-eabi/4.7.1/../../../../arm-none-eabi/lib/thumb\libstdc++.a(tinfo.o)
                0x021a0e78                vtable for std::type_info
 .rodata.str1.4
                0x021a0e98       0x94 c:/devkitpro/devkitarm/bin/../lib/gcc/arm-none-eabi/4.7.1/../../../../arm-none-eabi/lib/thumb\libstdc++.a(vterminate.o)
 .rodata.str1.4
                0x021a0f2c      0x75f c:/devkitpro/devkitarm/bin/../lib/gcc/arm-none-eabi/4.7.1/../../../../arm-none-eabi/lib/thumb\libstdc++.a(cp-demangle.o)
                                0x7b4 (size before relaxing)
 *fill*         0x021a168b        0x1 ff
 .rodata.str1.4
                0x021a168c        0x2 c:/devkitpro/devkitarm/bin/../lib/gcc/arm-none-eabi/4.7.1/../../../../arm-none-eabi/lib/thumb\libg.a(lib_a-impure.o)
                                  0x4 (size before relaxing)
 *fill*         0x021a168e        0x2 ff
 .rodata.str1.4
                0x021a1690       0x42 c:/devkitpro/devkitarm/bin/../lib/gcc/arm-none-eabi/4.7.1/../../../../arm-none-eabi/lib/thumb\libg.a(lib_a-svfprintf.o)
                                 0x44 (size before relaxing)
 .rodata.str1.4
                0x00000000       0x30 c:/devkitpro/devkitarm/bin/../lib/gcc/arm-none-eabi/4.7.1/../../../../arm-none-eabi/lib/thumb\libg.a(lib_a-vfiprintf.o)
 *fill*         0x021a16d2        0x2 ff
 .rodata.str1.4
                0x021a16d4       0x10 c:/devkitpro/devkitarm/bin/../lib/gcc/arm-none-eabi/4.7.1/../../../../arm-none-eabi/lib/thumb\libg.a(lib_a-dtoa.o)
                                 0x14 (size before relaxing)
 .rodata.str1.4
                0x021a16e4       0x12 c:/devkitpro/devkitarm/bin/../lib/gcc/arm-none-eabi/4.7.1/../../../../arm-none-eabi/lib/thumb\libg.a(lib_a-jp2uc.o)
                                 0x14 (size before relaxing)
 *fill*         0x021a16f6        0x2 ff
 .rodata.str1.4
                0x021a16f8      0x10c c:/devkitpro/devkitarm/bin/../lib/gcc/arm-none-eabi/4.7.1/../../../../arm-none-eabi/lib/thumb\libg.a(lib_a-locale.o)
                                0x130 (size before relaxing)
 .rodata.str1.4
                0x00000000        0x4 c:/devkitpro/devkitarm/bin/../lib/gcc/arm-none-eabi/4.7.1/../../../../arm-none-eabi/lib/thumb\libg.a(lib_a-mbrtowc.o)
 .rodata.str1.4
                0x00000000       0x30 c:/devkitpro/devkitarm/bin/../lib/gcc/arm-none-eabi/4.7.1/../../../../arm-none-eabi/lib/thumb\libg.a(lib_a-svfiprintf.o)
 .rodata.str1.4
                0x021a1804        0x8 c:/devkitpro/devkitarm/bin/../lib/gcc/arm-none-eabi/4.7.1/../../../../arm-none-eabi/lib/thumb\libsysbase.a(iosupport.o)
 *(.gnu.linkonce.r*)
                0x021a180c                . = ALIGN (0x4)

.ARM.extab      0x021a180c      0x158
 *(.ARM.extab* .gnu.linkonce.armextab.*)
 .ARM.extab.text._Znwj
                0x021a180c       0x20 c:/devkitpro/devkitarm/bin/../lib/gcc/arm-none-eabi/4.7.1/../../../../arm-none-eabi/lib/thumb\libstdc++.a(new_op.o)
 .ARM.extab.text._ZN10__cxxabiv1L24__is_gxx_exception_classEPc
                0x021a182c        0x0 c:/devkitpro/devkitarm/bin/../lib/gcc/arm-none-eabi/4.7.1/../../../../arm-none-eabi/lib/thumb\libstdc++.a(eh_call.o)
 .ARM.extab.text.__cxa_call_terminate
                0x021a182c        0x0 c:/devkitpro/devkitarm/bin/../lib/gcc/arm-none-eabi/4.7.1/../../../../arm-none-eabi/lib/thumb\libstdc++.a(eh_call.o)
 .ARM.extab.text.__cxa_call_unexpected
                0x021a182c       0x30 c:/devkitpro/devkitarm/bin/../lib/gcc/arm-none-eabi/4.7.1/../../../../arm-none-eabi/lib/thumb\libstdc++.a(eh_call.o)
 .ARM.extab.text._ZL12read_sleb128PKhPl
                0x021a185c        0x0 c:/devkitpro/devkitarm/bin/../lib/gcc/arm-none-eabi/4.7.1/../../../../arm-none-eabi/lib/thumb\libstdc++.a(eh_personality.o)
 .ARM.extab.text._ZL28read_encoded_value_with_basehjPKhPj
                0x021a185c        0xc c:/devkitpro/devkitarm/bin/../lib/gcc/arm-none-eabi/4.7.1/../../../../arm-none-eabi/lib/thumb\libstdc++.a(eh_personality.o)
 .ARM.extab.text._ZL21base_of_encoded_valuehP15_Unwind_Context
                0x021a1868        0xc c:/devkitpro/devkitarm/bin/../lib/gcc/arm-none-eabi/4.7.1/../../../../arm-none-eabi/lib/thumb\libstdc++.a(eh_personality.o)
 .ARM.extab.text._ZL17parse_lsda_headerP15_Unwind_ContextPKhP16lsda_header_info
                0x021a1874        0x0 c:/devkitpro/devkitarm/bin/../lib/gcc/arm-none-eabi/4.7.1/../../../../arm-none-eabi/lib/thumb\libstdc++.a(eh_personality.o)
 .ARM.extab.text.__gxx_personality_v0
                0x021a1874       0x24 c:/devkitpro/devkitarm/bin/../lib/gcc/arm-none-eabi/4.7.1/../../../../arm-none-eabi/lib/thumb\libstdc++.a(eh_personality.o)
 .ARM.extab.text._ZdlPv
                0x021a1898        0x0 c:/devkitpro/devkitarm/bin/../lib/gcc/arm-none-eabi/4.7.1/../../../../arm-none-eabi/lib/thumb\libstdc++.a(del_op.o)
 .ARM.extab.text._ZN10__cxxabiv111__terminateEPFvvE
                0x021a1898       0x28 c:/devkitpro/devkitarm/bin/../lib/gcc/arm-none-eabi/4.7.1/../../../../arm-none-eabi/lib/thumb\libstdc++.a(eh_terminate.o)
 .ARM.extab.text._ZSt9terminatev
                0x021a18c0        0x0 c:/devkitpro/devkitarm/bin/../lib/gcc/arm-none-eabi/4.7.1/../../../../arm-none-eabi/lib/thumb\libstdc++.a(eh_terminate.o)
 .ARM.extab.text._ZN10__cxxabiv112__unexpectedEPFvvE
                0x021a18c0        0xc c:/devkitpro/devkitarm/bin/../lib/gcc/arm-none-eabi/4.7.1/../../../../arm-none-eabi/lib/thumb\libstdc++.a(eh_terminate.o)
 .ARM.extab.text._ZSt10unexpectedv
                0x021a18cc        0xc c:/devkitpro/devkitarm/bin/../lib/gcc/arm-none-eabi/4.7.1/../../../../arm-none-eabi/lib/thumb\libstdc++.a(eh_terminate.o)
 .ARM.extab.text._ZSt13set_terminatePFvvE
                0x021a18d8        0x0 c:/devkitpro/devkitarm/bin/../lib/gcc/arm-none-eabi/4.7.1/../../../../arm-none-eabi/lib/thumb\libstdc++.a(eh_terminate.o)
 .ARM.extab.text._ZSt14set_unexpectedPFvvE
                0x021a18d8        0x0 c:/devkitpro/devkitarm/bin/../lib/gcc/arm-none-eabi/4.7.1/../../../../arm-none-eabi/lib/thumb\libstdc++.a(eh_terminate.o)
 .ARM.extab.text._ZNSt9exceptionD2Ev
                0x021a18d8        0x0 c:/devkitpro/devkitarm/bin/../lib/gcc/arm-none-eabi/4.7.1/../../../../arm-none-eabi/lib/thumb\libstdc++.a(eh_exception.o)
 .ARM.extab.text._ZNSt13bad_exceptionD2Ev
                0x021a18d8        0x0 c:/devkitpro/devkitarm/bin/../lib/gcc/arm-none-eabi/4.7.1/../../../../arm-none-eabi/lib/thumb\libstdc++.a(eh_exception.o)
 .ARM.extab.text._ZN10__cxxabiv115__forced_unwindD2Ev
                0x021a18d8        0x0 c:/devkitpro/devkitarm/bin/../lib/gcc/arm-none-eabi/4.7.1/../../../../arm-none-eabi/lib/thumb\libstdc++.a(eh_exception.o)
 .ARM.extab.text._ZN10__cxxabiv119__foreign_exceptionD2Ev
                0x021a18d8        0x0 c:/devkitpro/devkitarm/bin/../lib/gcc/arm-none-eabi/4.7.1/../../../../arm-none-eabi/lib/thumb\libstdc++.a(eh_exception.o)
 .ARM.extab.text._ZNKSt9exception4whatEv
                0x021a18d8        0x0 c:/devkitpro/devkitarm/bin/../lib/gcc/arm-none-eabi/4.7.1/../../../../arm-none-eabi/lib/thumb\libstdc++.a(eh_exception.o)
 .ARM.extab.text._ZNKSt13bad_exception4whatEv
                0x021a18d8        0x0 c:/devkitpro/devkitarm/bin/../lib/gcc/arm-none-eabi/4.7.1/../../../../arm-none-eabi/lib/thumb\libstdc++.a(eh_exception.o)
 .ARM.extab.text._ZN10__cxxabiv119__foreign_exceptionD0Ev
                0x021a18d8        0x0 c:/devkitpro/devkitarm/bin/../lib/gcc/arm-none-eabi/4.7.1/../../../../arm-none-eabi/lib/thumb\libstdc++.a(eh_exception.o)
 .ARM.extab.text._ZN10__cxxabiv115__forced_unwindD0Ev
                0x021a18d8        0x0 c:/devkitpro/devkitarm/bin/../lib/gcc/arm-none-eabi/4.7.1/../../../../arm-none-eabi/lib/thumb\libstdc++.a(eh_exception.o)
 .ARM.extab.text._ZNSt9exceptionD0Ev
                0x021a18d8        0x0 c:/devkitpro/devkitarm/bin/../lib/gcc/arm-none-eabi/4.7.1/../../../../arm-none-eabi/lib/thumb\libstdc++.a(eh_exception.o)
 .ARM.extab.text._ZNSt13bad_exceptionD0Ev
                0x021a18d8        0x0 c:/devkitpro/devkitarm/bin/../lib/gcc/arm-none-eabi/4.7.1/../../../../arm-none-eabi/lib/thumb\libstdc++.a(eh_exception.o)
 .ARM.extab.text.__cxa_allocate_exception