Archive member included because of file (symbol)

c:/devkitPro/libnds/lib\libmm9.a(mm_comms.o)
                              ClassDefinitions.o (mmStart)
c:/devkitPro/libnds/lib\libmm9.a(mm_main9.o)
                              c:/devkitPro/libnds/lib\libmm9.a(mm_comms.o) (mmCallback)
c:/devkitPro/libnds/lib\libmm9.a(mm_memory.o)
                              ClassDefinitions.o (mmLoad)
c:/devkitPro/libnds/lib\libmm9.a(mm_soundbank.o)
                              c:/devkitPro/libnds/lib\libmm9.a(mm_main9.o) (mmSoundBankInMemory)
c:/devkitPro/libnds/lib\libmm9.a(mm_flusher.o)
                              c:/devkitPro/libnds/lib\libmm9.a(mm_memory.o) (mmFlushBank)
c:/devkitPro/libnds/lib\libnds9.a(background.o)
                              ClassDefinitions.o (bgUpdate)
c:/devkitPro/libnds/lib\libnds9.a(keys.o)
                              ClassDefinitions.o (scanKeys)
c:/devkitPro/libnds/lib\libnds9.a(sassert.o)
                              ClassDefinitions.o (__sassert)
c:/devkitPro/libnds/lib\libnds9.a(sprite.o)
                              ClassDefinitions.o (oamInit)
c:/devkitPro/libnds/lib\libnds9.a(sprite_alloc.o)
                              c:/devkitPro/libnds/lib\libnds9.a(sprite.o) (oamAllocReset)
c:/devkitPro/libnds/lib\libnds9.a(touch.o)
                              ClassDefinitions.o (touchRead)
c:/devkitPro/libnds/lib\libnds9.a(trig.o)
                              c:/devkitPro/libnds/lib\libnds9.a(background.o) (sinLerp)
c:/devkitPro/libnds/lib\libnds9.a(initSystem.o)
                              c:/devkitpro/devkitarm/bin/../lib/gcc/arm-none-eabi/4.7.1/../../../../arm-none-eabi/lib/thumb/ds_arm9_crt0.o (initSystem)
c:/devkitPro/libnds/lib\libnds9.a(fifosystem.o)
                              c:/devkitPro/libnds/lib\libnds9.a(initSystem.o) (fifoSendValue32)
c:/devkitPro/libnds/lib\libnds9.a(interrupts.o)
                              c:/devkitPro/libnds/lib\libnds9.a(fifosystem.o) (irqSet)
c:/devkitPro/libnds/lib\libnds9.a(libnds_exit.arm.o)
                              c:/devkitpro/devkitarm/bin/../lib/gcc/arm-none-eabi/4.7.1/../../../../arm-none-eabi/lib/thumb/ds_arm9_crt0.o (__libnds_exit)
c:/devkitPro/libnds/lib\libnds9.a(dcache.o)
                              c:/devkitPro/libnds/lib\libnds9.a(sprite.o) (DC_FlushRange)
c:/devkitPro/libnds/lib\libnds9.a(mpu_setup.o)
                              c:/devkitpro/devkitarm/bin/../lib/gcc/arm-none-eabi/4.7.1/../../../../arm-none-eabi/lib/thumb/ds_arm9_crt0.o (__libnds_mpu_setup)
c:/devkitPro/libnds/lib\libnds9.a(biosCalls.o)
                              c:/devkitPro/libnds/lib\libnds9.a(fifosystem.o) (swiIntrWait)
c:/devkitPro/libnds/lib\libnds9.a(interruptDispatcher.o)
                              c:/devkitPro/libnds/lib\libnds9.a(interrupts.o) (IntrMain)
c:/devkitPro/libnds/lib\libnds9.a(swiSoftReset.o)
                              c:/devkitPro/libnds/lib\libnds9.a(fifosystem.o) (swiSoftReset)
c:/devkitPro/libnds/lib\libnds9.a(console.o)
                              c:/devkitPro/libnds/lib\libnds9.a(sassert.o) (consoleDemoInit)
c:/devkitPro/libnds/lib\libnds9.a(system.o)
                              c:/devkitPro/libnds/lib\libnds9.a(initSystem.o) (systemMsgHandler)
c:/devkitPro/libnds/lib\libnds9.a(video.o)
                              c:/devkitPro/libnds/lib\libnds9.a(initSystem.o) (vramDefault)
c:/devkitPro/libnds/lib\libnds9.a(debugprint.o)
                              c:/devkitPro/libnds/lib\libnds9.a(console.o) (nocashWrite)
c:/devkitPro/libnds/lib\libnds9.a(default_font.bin.o)
                              c:/devkitPro/libnds/lib\libnds9.a(console.o) (default_font_bin)
c:/devkitpro/devkitarm/bin/../lib/gcc/arm-none-eabi/4.7.1/../../../../arm-none-eabi/lib/thumb\libstdc++.a(new_op.o)
                              Blocks.o (operator new(unsigned int))
c:/devkitpro/devkitarm/bin/../lib/gcc/arm-none-eabi/4.7.1/../../../../arm-none-eabi/lib/thumb\libstdc++.a(eh_call.o)
                              c:/devkitpro/devkitarm/bin/../lib/gcc/arm-none-eabi/4.7.1/../../../../arm-none-eabi/lib/thumb\libstdc++.a(new_op.o) (__cxa_call_unexpected)
c:/devkitpro/devkitarm/bin/../lib/gcc/arm-none-eabi/4.7.1/../../../../arm-none-eabi/lib/thumb\libstdc++.a(eh_personality.o)
                              c:/devkitpro/devkitarm/bin/../lib/gcc/arm-none-eabi/4.7.1/../../../../arm-none-eabi/lib/thumb\libstdc++.a(new_op.o) (__gxx_personality_v0)
c:/devkitpro/devkitarm/bin/../lib/gcc/arm-none-eabi/4.7.1/../../../../arm-none-eabi/lib/thumb\libstdc++.a(del_op.o)
                              ClassDefinitions.o (operator delete(void*))
c:/devkitpro/devkitarm/bin/../lib/gcc/arm-none-eabi/4.7.1/../../../../arm-none-eabi/lib/thumb\libstdc++.a(eh_terminate.o)
                              c:/devkitpro/devkitarm/bin/../lib/gcc/arm-none-eabi/4.7.1/../../../../arm-none-eabi/lib/thumb\libstdc++.a(eh_call.o) (__cxxabiv1::__terminate(void (*)()))
[...]
Memory Configuration

Name             Origin             Length             Attributes
rom              0x08000000         0x02000000
ewram            0x02000000         0x003ff000
dtcm             0x0b000000         0x00004000
vectors          0x01000000         0x00000100
itcm             0x01000100         0x00007f00
*default*        0x00000000         0xffffffff

Linker script and memory map

                0x01000000                __vectors_start = ORIGIN (vectors)
                0x01000100                __itcm_start = ORIGIN (itcm)
                0x023ff000                __ewram_end = (ORIGIN (ewram) + 0x3ff000)
                0x023ff000                __eheap_end = (ORIGIN (ewram) + 0x3ff000)
                0x0b000000                __dtcm_start = ORIGIN (dtcm)
                0x0b004000                __dtcm_top = (ORIGIN (dtcm) + 0x4000)
                0x0b003ff8                __irq_flags = (__dtcm_top - 0x8)
                0x0b003ffc                __irq_vector = (__dtcm_top - 0x4)
                0x0b003f00                __sp_svc = (__dtcm_top - 0x100)
                0x0b003e00                __sp_irq = (__sp_svc - 0x100)
                0x0b003d00                __sp_usr = (__sp_irq - 0x100)

.init           0x02000000      0x23c
                0x02000000                __text_start = .
 *(.init)
 .init          0x02000000      0x230 c:/devkitpro/devkitarm/bin/../lib/gcc/arm-none-eabi/4.7.1/../../../../arm-none-eabi/lib/thumb/ds_arm9_crt0.o
                0x02000000                _start
 .init          0x02000230        0x4 c:/devkitpro/devkitarm/bin/../lib/gcc/arm-none-eabi/4.7.1/thumb/crti.o
                0x02000230                _init
 .init          0x02000234        0x8 c:/devkitpro/devkitarm/bin/../lib/gcc/arm-none-eabi/4.7.1/thumb/crtn.o
                0x0200023c                . = ALIGN (0x4)

.plt
 *(.plt)

.text           0x02000240    0x1a5e0
 *(EXCLUDE_FILE(*.itcm*) .text)
 .text          0x02000240        0x0 c:/devkitpro/devkitarm/bin/../lib/gcc/arm-none-eabi/4.7.1/../../../../arm-none-eabi/lib/thumb/ds_arm9_crt0.o
 .text          0x02000240        0x0 c:/devkitpro/devkitarm/bin/../lib/gcc/arm-none-eabi/4.7.1/thumb/crti.o
 .text          0x02000240       0xd0 c:/devkitpro/devkitarm/bin/../lib/gcc/arm-none-eabi/4.7.1/thumb/crtbegin.o
 .text          0x02000310        0x0 soundbank.bin.o
 .text          0x02000310      0x3b8 Blocks.o
                0x02000310                Triggerable::trigger(bool)
                0x02000320                Latch::trigger(bool)
                0x0200034c                Plate::tick()
                0x020003a0                Actuator::trigger(bool)
                0x020003f0                Podium::useOn(Item*, Entity*)
                0x02000428                Door::useOn(Item*, Entity*)
                0x02000484                Wall::Wall()
                0x02000484                Wall::Wall()
                0x020004a4                Floor::Floor()
                0x020004a4                Floor::Floor()
                0x020004c0                Door::Door()
                0x020004c0                Door::Door()
                0x020004e8                Door::linkToBlock(int, int)
                0x02000518                Door::linkToLevel(Level*)
                0x02000528                Podium::Podium()
                0x02000528                Podium::Podium()
                0x0200054c                Podium::linkToLevel(Level*)
                0x02000554                Triggerable::Triggerable()
                0x02000554                Triggerable::Triggerable()
                0x02000570                Actuator::Actuator()
                0x02000570                Actuator::Actuator()
                0x02000594                Latch::Latch()
                0x02000594                Latch::Latch()
                0x020005b8                Plate::Plate()
                0x020005b8                Plate::Plate()
                0x020005d8                Plate::linkTrigger(Triggerable*)
                0x020005dc                BlockFactory::makeWall(unsigned short)
                0x020005f8                BlockFactory::makeFloor(unsigned short)
                0x02000614                BlockFactory::makeDoor(unsigned short)
                0x02000630                BlockFactory::makeActuator(unsigned short)
                0x0200064c                BlockFactory::makePlate(unsigned short, Triggerable*)
                0x0200066c                BlockFactory::makePlate(unsigned short)
                0x02000688                BlockFactory::makeLatch(unsigned short)
                0x020006a4                BlockFactory::makePodium(unsigned short, Level*)
 .text          0x020006c8     0x11f8 ClassDefinitions.o
                0x020006c8                Entity::useOn(Item*, Entity*)
                0x020006cc                Block::onLoad(int, int)
                0x020006d8                Block::onEnter(Entity*)
                0x020006dc                Block::onUnload()
                0x020006ec                Level::copy()
                0x0200070c                Level::onUnload()
                0x02000754                Block::tick()
                0x02000768                Block::useOn(Item*, Entity*)
                0x0200077c                Level::~Level()
                0x0200077c                Level::~Level()
                0x02000798                Level::~Level()
                0x020007ac                Sprite::Sprite()
                0x020007ac                Sprite::Sprite()
                0x020007d4                Sprite::writeOam()
                0x02000850                Sprite::setAnimFrame(unsigned char)
                0x02000854                Sprite::setGfxBase(int)
                0x02000868                Sprite::setSpriteEntry(unsigned char)
                0x0200086c                Sprite::onUnload()
                0x020008ac                Entity::onUnload()
                0x020008b8                Item::getAtt()
                0x020008bc                Item::getDef()
                0x020008c0                Item::Item(unsigned char, unsigned char)
                0x020008c0                Item::Item(unsigned char, unsigned char)
                0x020008c8                Item::Item()
                0x020008c8                Item::Item()
                0x020008d0                Entity::Entity()
                0x020008d0                Entity::Entity()
                0x02000910                Entity::loadCommon()
                0x02000970                Entity::onLoad()
                0x02000980                Entity::calcSprite()
                0x02000a38                Entity::tick()
                0x02000a50                Entity::calcGrid()
                0x02000a64                Block::Block()
                0x02000a64                Block::Block()
                0x02000a7c                Block::getTileIndex()
                0x02000a80                Block::setEntity(Entity*)
                0x02000aa0                Block::setTileIndex(unsigned short)
                0x02000aa4                Level::loadCommon()
                0x02000b58                Level::getOamEntry()
                0x02000b6c                Level::isPlayer(Entity*)
                0x02000b78                Level::getBlock(int, int)
                0x02000ba0                Entity::translate(int, int)
                0x02000bf0                Level::testSolid(int, int)
                0x02000bfc                Level::calcLight(int, int, unsigned char)
                0x02000ca8                Level::drawLevel()
                0x02000e4c                Level::tick()
                0x020010a4                SoundManager::SoundManager()
                0x020010a4                SoundManager::SoundManager()
                0x02001124                SoundManager::playBGM(unsigned char, bool)
                0x02001158                SoundManager::stopBGM()
                0x02001170                SoundManager::setBGMVol(unsigned int)
                0x02001184                SoundManager::setBGMTempo(unsigned int)
                0x020011a8                SoundManager::playSFX(unsigned char, unsigned int)
                0x020011c8                Level::onLoad()
                0x02001250                Game::Game()
                0x02001250                Game::Game()
                0x02001494                Game::loadLevel(Level*)
                0x020014d4                Game::setLevel(Level*)
                0x020014e0                Game::mainLoop()
                0x02001580                Level::initBlocks(unsigned char const*, unsigned char const*, int)
 .text          0x020018c0      0xa10 Entities.o
                0x020018c0                Rock::tick()
                0x02001938                Rock::onLoad()
                0x02001950                Skeleton::onLoad()
                0x02001984                Mob::onLoad()
                0x020019b8                Mob::useOn(Item*, Entity*)
                0x02001a60                Player::onLoad()
                0x02001a8c                Player::tick()
                0x02001ddc                Rock::useOn(Item*, Entity*)
                0x02001f40                Mob::move(int)
                0x020020ac                Mob::moveIdle()
                0x020020e8                Mob::checkPlayer()
                0x0200216c                Mob::tick()
 .text          0x020022d0        0x0 Items.o
 .text          0x020022d0      0xc94 Levels.o
                0x020022d0                LevelWinLevel::copy()
                0x020022f0                LevelMainMenu::copy()
                0x02002310                Level1::copy()
                0x02002330                Level6::copy()
                0x02002350                Level5::copy()
                0x02002370                Level4::copy()
                0x02002390                Level3::copy()
                0x020023b0                Level2::copy()
                0x020023d0                Level6::onLoad()
                0x02002624                Level5::onLoad()
                0x0200277c                Level4::onLoad()
                0x0200283c                Level3::onLoad()
                0x0200298c                Level2::onLoad()
                0x02002a60                LevelWinLevel::onLoad()
                0x02002bfc                Level1::onLoad()
                0x02002db0                LevelMainMenu::onLoad()
 .text          0x02002f64        0x0 main.o
 .text          0x02002f64        0x0 Controls.o
 .text          0x02002f64        0x0 EndImage.o
 .text          0x02002f64        0x0 Level2.o
 .text          0x02002f64        0x0 Level3.o
 .text          0x02002f64        0x0 Level4.o
 .text          0x02002f64        0x0 Level5.o
 .text          0x02002f64        0x0 Level6.o
 .text          0x02002f64        0x0 LevelMainMenu.o
 .text          0x02002f64        0x0 LevelOne.o
 .text          0x02002f64        0x0 LevelTest.o
 .text          0x02002f64        0x0 MenuImage.o
 .text          0x02002f64        0x0 Sprites.o
 .text          0x02002f64        0x0 Tileset.o
 .text          0x02002f64        0x0 Wall.o
 .text          0x02002f64        0x0 WinLevel.o
 .text          0x02002f64      0x24c c:/devkitPro/libnds/lib\libmm9.a(mm_comms.o)
                0x02002f64                mmSetupComms
                0x02002fb6                mmSendBank
                0x02002fc0                mmLockChannels
                0x02002fc6                mmUnlockChannels
                0x02002fcc                mmStart
                0x02002fd6                mmPause
                0x02002fda                mmResume
                0x02002fde                mmStop
                0x02002fe2                mmPosition
                0x02002fe6                mmJingle
                0x02002fea                mmSetModuleVolume
                0x02002fee                mmSetJingleVolume
                0x02002ff2                mmSetModuleTempo
                0x02002ff6                mmSetModulePitch
                0x02002ffa                mmSetEffectsVolume
                0x02002ffe                mmSelectMode
                0x02003002                mmStreamBegin
                0x02003016                mmStreamEnd
                0x0200306c                mmEffect
                0x02003090                mmEffectVolume
                0x02003094                mmEffectPanning
                0x02003098                mmEffectRate
                0x020030a2                mmEffectScaleRate
                0x020030ac                mmEffectRelease
                0x020030b2                mmEffectCancel
                0x020030b8                mmEffectEx
                0x020030f6                mmEffectCancelAll
                0x020030fa                mmReverbEnable
                0x020030fe                mmReverbDisable
                0x02003102                mmReverbConfigure
                0x0200315e                mmReverbStart
                0x02003162                mmReverbStop
 .text          0x020031b0      0x108 c:/devkitPro/libnds/lib\libmm9.a(mm_main9.o)
                0x020031b0                mmActive
                0x020031b6                mmSetEventHandler
                0x020031bc                mmInit
                0x020031e6                mmInitDefault
                0x02003230                mmInitDefaultMem
                0x02003252                mmSuspendIRQ_t
                0x02003270                mmRestoreIRQ_t
 .text          0x020032b8      0x120 c:/devkitPro/libnds/lib\libmm9.a(mm_memory.o)
                0x020032b8                mmLoad
                0x02003308                mmUnload
                0x02003360                mmLoadEffect
                0x02003398                mmUnloadEffect
 .text          0x020033d8      0x100 c:/devkitPro/libnds/lib\libmm9.a(mm_soundbank.o)
                0x020033d8                mmSoundBankInMemory
                0x020033e0                mmSoundBankInFiles
                0x020033f2                mmSetCustomSoundBankHandler
                0x0200341e                mmsHandleFileOp
 .text          0x020034d8       0x3c c:/devkitPro/libnds/lib\libmm9.a(mm_flusher.o)
                0x020034d8                mmFlushBank
 .text          0x02003514      0x2e8 c:/devkitPro/libnds/lib\libnds9.a(background.o)
                0x02003514                bgIsText
                0x02003520                checkIfText
                0x02003578                bgUpdate
                0x0200366c                bgInit_call
                0x02003730                bgInitSub_call
 .text          0x020037fc       0xf4 c:/devkitPro/libnds/lib\libnds9.a(keys.o)
                0x020037fc                scanKeys
                0x02003868                keysHeld
                0x02003874                keysDown
                0x02003884                keysDownRepeat
                0x02003894                keysSetRepeat
                0x020038ac                keysUp
                0x020038bc                keysCurrent
 .text          0x020038f0       0x24 c:/devkitPro/libnds/lib\libnds9.a(sassert.o)
                0x020038f0                __sassert
 .text          0x02003914      0x3f4 c:/devkitPro/libnds/lib\libnds9.a(sprite.o)
                0x02003914                oamInit
                0x02003a28                oamDisable
                0x02003a58                oamEnable
                0x02003a7c                oamGetGfxPtr
                0x02003ab0                oamClear
                0x02003ad8                oamGfxPtrToOffset
                0x02003b0c                oamSet
                0x02003c5c                oamUpdate
                0x02003cbc                oamRotateScale
 .text          0x02003d08      0x450 c:/devkitPro/libnds/lib\libnds9.a(sprite_alloc.o)
                0x02003d38                oamAllocReset
                0x02003d6c                oamAllocateGfx
                0x02003f70                oamFreeGfx
                0x0200410c                oamCountFragments
 .text          0x02004158       0x4c c:/devkitPro/libnds/lib\libnds9.a(touch.o)
                0x02004158                touchRead
                0x02004180                touchReadXY
 .text          0x020041a4      0x244 c:/devkitPro/libnds/lib\libnds9.a(trig.o)
                0x020041a4                asinComp
                0x020041cc                sinLutLookup
                0x02004208                sinLerp
                0x02004240                cosLerp
                0x02004254                tanLutLookup
                0x0200428c                tanLerp
                0x02004330                asinLerp
                0x020043ac                acosLerp
                0x020043c0                atanComp
 .text          0x020043e8      0x140 c:/devkitPro/libnds/lib\libnds9.a(initSystem.o)
                0x020043e8                initSystem
 .text          0x02004528      0xc58 c:/devkitPro/libnds/lib\libnds9.a(fifosystem.o)
                0x0200477c                fifoSendAddress
                0x020047a8                fifoSendValue32
                0x020047e8                fifoSendDatamsg
                0x02004858                fifoGetAddress
                0x020048d0                fifoSetAddressHandler
                0x02004944                fifoGetValue32
                0x020049b8                fifoSetValue32Handler
                0x02004a2c                fifoGetDatamsg
                0x02004eb0                fifoSetDatamsgHandler
                0x02004f48                fifoCheckAddress
                0x02004f6c                fifoCheckDatamsg
                0x02004f90                fifoCheckValue32
                0x02004fb4                fifoInit
 .text          0x02005180      0x1ec c:/devkitPro/libnds/lib\libnds9.a(interrupts.o)
                0x02005180                irqDummy
                0x02005184                irqSet
                0x020051f0                irqInit
                0x0200523c                irqInitHandler
                0x0200526c                irqEnable
                0x020052d0                irqDisable
                0x02005334                irqClear
 .text          0x0200536c       0x58 c:/devkitPro/libnds/lib\libnds9.a(libnds_exit.arm.o)
                0x0200536c                systemErrorExit
                0x02005370                __libnds_exit
 .text          0x020053c4       0x70 c:/devkitPro/libnds/lib\libnds9.a(dcache.o)
                0x020053c4                DC_FlushAll
                0x020053f0                DC_FlushRange
                0x0200540c                DC_InvalidateAll
                0x02005418                DC_InvalidateRange
 .text          0x02005434      0x1b4 c:/devkitPro/libnds/lib\libnds9.a(mpu_setup.o)
                0x02005434                __libnds_mpu_setup
                0x02005574                memCached
                0x0200558c                memUncached
 *fill*         0x020055e8        0x8 ff
 .text          0x020055f0       0x70 c:/devkitPro/libnds/lib\libnds9.a(biosCalls.o)
                0x020055f0                swiDelay
                0x020055f4                swiIntrWait
                0x020055f8                swiWaitForVBlank
                0x020055fc                swiSleep
                0x02005600                swiChangeSoundBias
                0x02005604                swiDivide
                0x02005608                swiRemainder
                0x0200560e                swiDivMod
                0x0200561a                swiCopy
                0x0200561e                swiFastCopy
                0x02005622                swiSqrt
                0x02005626                swiCRC16
                0x0200562a                swiIsDebugger
                0x0200562e                swiUnpackBits
                0x02005632                swiDecompressLZSSWram
                0x02005636                swiDecompressLZSSVramNTR
                0x0200563a                swiDecompressLZSSVramTWL
                0x0200563e                swiDecompressHuffman
                0x02005642                swiDecompressRLEWram
                0x02005646                swiDecompressRLEVram
                0x0200564a                swiWaitForIRQ
                0x0200564e                swiDecodeDelta8
                0x02005652                swiDecodeDelta16
                0x02005656                swiSetHaltCR
 .text          0x02005660        0x0 c:/devkitPro/libnds/lib\libnds9.a(interruptDispatcher.o)
 .text          0x02005660       0x30 c:/devkitPro/libnds/lib\libnds9.a(swiSoftReset.o)
                0x02005660                swiSoftReset
 .text          0x02005690      0xa4c c:/devkitPro/libnds/lib\libnds9.a(console.o)
                0x02005730                nocash_write
                0x02005740                consoleGetDefault
                0x0200574c                consoleSelect
                0x0200575c                consoleDebugInit
                0x020057ac                consolePrintChar
                0x02005978                consoleLoadFont
                0x02005c00                consoleSetFont
                0x02005c20                consoleInit
                0x02005d88                consoleDemoInit
                0x02005dcc                con_write
                0x020060a8                consoleClear
                0x020060b8                consoleSetWindow
 .text          0x020060dc      0x128 c:/devkitPro/libnds/lib\libnds9.a(system.o)
                0x020060dc                setSDcallback
                0x020060e8                systemMsgHandler
                0x0200612c                systemSleep
                0x02006144                systemValueHandler
                0x02006180                powerOn
                0x020061ac                powerOff
                0x020061d4                ledBlink
                0x020061e4                getBatteryLevel
 .text          0x02006204      0x1f8 c:/devkitPro/libnds/lib\libnds9.a(video.o)
                0x02006204                vramSetPrimaryBanks
                0x02006248                vramSetMainBanks
                0x0200628c                vramSetBanks_EFG
                0x020062c4                vramRestorePrimaryBanks
                0x020062d0                vramRestoreMainBanks
                0x020062dc                vramRestoreBanks_EFG
                0x020062e8                setBrightness
                0x02006328                vramDefault
 .text          0x020063fc       0xa4 c:/devkitPro/libnds/lib\libnds9.a(debugprint.o)
                0x020063fc                nocashWrite
                0x020063fe                nocashMessage
 .text          0x020064a0        0x0 c:/devkitPro/libnds/lib\libnds9.a(default_font.bin.o)
 .text          0x020064a0        0x0 c:/devkitpro/devkitarm/bin/../lib/gcc/arm-none-eabi/4.7.1/../../../../arm-none-eabi/lib/thumb\libstdc++.a(new_op.o)
 .text          0x020064a0        0x0 c:/devkitpro/devkitarm/bin/../lib/gcc/arm-none-eabi/4.7.1/../../../../arm-none-eabi/lib/thumb\libstdc++.a(eh_call.o)
 .text          0x020064a0        0x0 c:/devkitpro/devkitarm/bin/../lib/gcc/arm-none-eabi/4.7.1/../../../../arm-none-eabi/lib/thumb\libstdc++.a(eh_personality.o)
 .text          0x020064a0        0x0 c:/devkitpro/devkitarm/bin/../lib/gcc/arm-none-eabi/4.7.1/../../../../arm-none-eabi/lib/thumb\libstdc++.a(del_op.o)
 .text          0x020064a0        0x0 c:/devkitpro/devkitarm/bin/../lib/gcc/arm-none-eabi/4.7.1/../../../../arm-none-eabi/lib/thumb\libstdc++.a(eh_terminate.o)
 .text          0x020064a0        0x0 c:/devkitpro/devkitarm/bin/../lib/gcc/arm-none-eabi/4.7.1/../../../../arm-none-eabi/lib/thumb\libstdc++.a(eh_exception.o)
 .text          0x020064a0        0x0 c:/devkitpro/devkitarm/bin/../lib/gcc/arm-none-eabi/4.7.1/../../../../arm-none-eabi/lib/thumb\libstdc++.a(eh_alloc.o)
 .text          0x020064a0        0x0 c:/devkitpro/devkitarm/bin/../lib/gcc/arm-none-eabi/4.7.1/../../../../arm-none-eabi/lib/thumb\libstdc++.a(bad_alloc.o)
 .text          0x020064a0        0x0 c:/devkitpro/devkitarm/bin/../lib/gcc/arm-none-eabi/4.7.1/../../../../arm-none-eabi/lib/thumb\libstdc++.a(class_type_info.o)
 .text          0x020064a0        0x0 c:/devkitpro/devkitarm/bin/../lib/gcc/arm-none-eabi/4.7.1/../../../../arm-none-eabi/lib/thumb\libstdc++.a(new_handler.o)
 .text          0x020064a0        0x0 c:/devkitpro/devkitarm/bin/../lib/gcc/arm-none-eabi/4.7.1/../../../../arm-none-eabi/lib/thumb\libstdc++.a(eh_arm.o)
 .text          0x020064a0        0x0 c:/devkitpro/devkitarm/bin/../lib/gcc/arm-none-eabi/4.7.1/../../../../arm-none-eabi/lib/thumb\libstdc++.a(eh_throw.o)
 .text          0x020064a0        0x0 c:/devkitpro/devkitarm/bin/../lib/gcc/arm-none-eabi/4.7.1/../../../../arm-none-eabi/lib/thumb\libstdc++.a(pure.o)
 .text          0x020064a0        0x0 c:/devkitpro/devkitarm/bin/../lib/gcc/arm-none-eabi/4.7.1/../../../../arm-none-eabi/lib/thumb\libstdc++.a(eh_globals.o)
 .text          0x020064a0        0x0 c:/devkitpro/devkitarm/bin/../lib/gcc/arm-none-eabi/4.7.1/../../../../arm-none-eabi/lib/thumb\libstdc++.a(eh_catch.o)
 .text          0x020064a0        0x0 c:/devkitpro/devkitarm/bin/../lib/gcc/arm-none-eabi/4.7.1/../../../../arm-none-eabi/lib/thumb\libstdc++.a(si_class_type_info.o)
 .text          0x020064a0        0x0 c:/devkitpro/devkitarm/bin/../lib/gcc/arm-none-eabi/4.7.1/../../../../arm-none-eabi/lib/thumb\libstdc++.a(eh_unex_handler.o)
 .text          0x020064a0        0x0 c:/devkitpro/devkitarm/bin/../lib/gcc/arm-none-eabi/4.7.1/../../../../arm-none-eabi/lib/thumb\libstdc++.a(tinfo.o)
 .text          0x020064a0        0x0 c:/devkitpro/devkitarm/bin/../lib/gcc/arm-none-eabi/4.7.1/../../../../arm-none-eabi/lib/thumb\libstdc++.a(eh_term_handler.o)
 .text          0x020064a0        0x0 c:/devkitpro/devkitarm/bin/../lib/gcc/arm-none-eabi/4.7.1/../../../../arm-none-eabi/lib/thumb\libstdc++.a(vterminate.o)
 .text          0x020064a0        0x0 c:/devkitpro/devkitarm/bin/../lib/gcc/arm-none-eabi/4.7.1/../../../../arm-none-eabi/lib/thumb\libstdc++.a(eh_type.o)
 .text          0x020064a0     0x5984 c:/devkitpro/devkitarm/bin/../lib/gcc/arm-none-eabi/4.7.1/../../../../arm-none-eabi/lib/thumb\libstdc++.a(cp-demangle.o)
                0x0200bd30                __cxa_demangle
                0x0200bdf8                __gcclibcxx_demangle_callback
 .text          0x0200be24      0x11c c:/devkitpro/devkitarm/bin/../lib/gcc/arm-none-eabi/4.7.1/thumb\libgcc.a(_udivsi3.o)
                0x0200be24                __aeabi_uidiv
                0x0200be24                __udivsi3
                0x0200bf20                __aeabi_uidivmod
 .text          0x0200bf40      0x150 c:/devkitpro/devkitarm/bin/../lib/gcc/arm-none-eabi/4.7.1/thumb\libgcc.a(_divsi3.o)
                0x0200bf40                __divsi3
                0x0200bf40                __aeabi_idiv
                0x0200c070                __aeabi_idivmod
 .text          0x0200c090        0x4 c:/devkitpro/devkitarm/bin/../lib/gcc/arm-none-eabi/4.7.1/thumb\libgcc.a(_dvmd_tls.o)
                0x0200c090                __aeabi_idiv0
                0x0200c090                __aeabi_ldiv0
 .text          0x0200c094      0xab4 c:/devkitpro/devkitarm/bin/../lib/gcc/arm-none-eabi/4.7.1/thumb\libgcc.a(unwind-arm.o)
                0x0200c390                _Unwind_GetCFA
                0x0200c394                __gnu_Unwind_RaiseException
                0x0200c3f4                __gnu_Unwind_ForcedUnwind
                0x0200c40c                __gnu_Unwind_Resume
                0x0200c454                __gnu_Unwind_Resume_or_Rethrow
                0x0200c474                _Unwind_Complete
                0x0200c478                _Unwind_DeleteException
                0x0200c490                _Unwind_VRS_Get
                0x0200c4dc                _Unwind_VRS_Set
                0x0200c838                __aeabi_unwind_cpp_pr2
                0x0200c848                __aeabi_unwind_cpp_pr1
                0x0200c858                __aeabi_unwind_cpp_pr0
                0x0200c868                __gnu_Unwind_Backtrace
                0x0200c8dc                _Unwind_VRS_Pop
 .text          0x0200cb48      0x1d8 c:/devkitpro/devkitarm/bin/../lib/gcc/arm-none-eabi/4.7.1/thumb\libgcc.a(libunwind.o)
                0x0200cb48                __restore_core_regs
                0x0200cb48                restore_core_regs
                0x0200cb64                __gnu_Unwind_Restore_VFP
                0x0200cb6c                __gnu_Unwind_Save_VFP
                0x0200cb74                __gnu_Unwind_Restore_VFP_D
                0x0200cb7c                __gnu_Unwind_Save_VFP_D
                0x0200cb84                __gnu_Unwind_Restore_VFP_D_16_to_31
                0x0200cb8c                __gnu_Unwind_Save_VFP_D_16_to_31
                0x0200cb94                __gnu_Unwind_Restore_WMMXD
                0x0200cbd8                __gnu_Unwind_Save_WMMXD
                0x0200cc1c                __gnu_Unwind_Restore_WMMXC
                0x0200cc30                __gnu_Unwind_Save_WMMXC
                0x0200cc44                ___Unwind_RaiseException
                0x0200cc44                _Unwind_RaiseException
                0x0200cc70                _Unwind_Resume
                0x0200cc70                ___Unwind_Resume
                0x0200cc9c                _Unwind_Resume_or_Rethrow
                0x0200cc9c                ___Unwind_Resume_or_Rethrow
                0x0200ccc8                _Unwind_ForcedUnwind
                0x0200ccc8                ___Unwind_ForcedUnwind
                0x0200ccf4                ___Unwind_Backtrace
                0x0200ccf4                _Unwind_Backtrace
 .text          0x0200cd20      0x3e0 c:/devkitpro/devkitarm/bin/../lib/gcc/arm-none-eabi/4.7.1/thumb\libgcc.a(pr-support.o)
                0x0200cd7c                __gnu_unwind_execute
                0x0200d09c                __gnu_unwind_frame
                0x0200d0c8                _Unwind_GetRegionStart
                0x0200d0d8                _Unwind_GetLanguageSpecificData
                0x0200d0f0                _Unwind_GetDataRelBase
                0x0200d0f8                _Unwind_GetTextRelBase
 .text          0x0200d100       0x10 c:/devkitpro/devkitarm/bin/../lib/gcc/arm-none-eabi/4.7.1/../../../../arm-none-eabi/lib/thumb\libg.a(lib_a-abort.o)
                0x0200d100                abort
 .text          0x0200d110       0x64 c:/devkitpro/devkitarm/bin/../lib/gcc/arm-none-eabi/4.7.1/../../../../arm-none-eabi/lib/thumb\libg.a(lib_a-bsearch.o)
                0x0200d110                bsearch
 .text          0x0200d174       0xb0 c:/devkitpro/devkitarm/bin/../lib/gcc/arm-none-eabi/4.7.1/../../../../arm-none-eabi/lib/thumb\libg.a(lib_a-fclose.o)
                0x0200d174                _fclose_r
                0x0200d208                fclose
 .text          0x0200d224      0x1b8 c:/devkitpro/devkitarm/bin/../lib/gcc/arm-none-eabi/4.7.1/../../../../arm-none-eabi/lib/thumb\libg.a(lib_a-fflush.o)
                0x0200d224                __sflush_r
                0x0200d37c                _fflush_r
                0x0200d3ac                fflush
 .text          0x0200d3dc      0x1d8 c:/devkitpro/devkitarm/bin/../lib/gcc/arm-none-eabi/4.7.1/../../../../arm-none-eabi/lib/thumb\libg.a(lib_a-findfp.o)
                0x0200d3e4                _cleanup_r
                0x0200d444                __sfmoreglue
                0x0200d474                _cleanup
                0x0200d488                __sinit
                0x0200d4dc                __sfp
                0x0200d56c                __sfp_lock_acquire
                0x0200d570                __sfp_lock_release
                0x0200d574                __sinit_lock_acquire
                0x0200d578                __sinit_lock_release
                0x0200d57c                __fp_lock_all
                0x0200d598                __fp_unlock_all
 .text          0x0200d5b4       0xa8 c:/devkitpro/devkitarm/bin/../lib/gcc/arm-none-eabi/4.7.1/../../../../arm-none-eabi/lib/thumb\libg.a(lib_a-fopen.o)
                0x0200d5b4                _fopen_r
                0x0200d640                fopen
 .text          0x0200d65c       0x54 c:/devkitpro/devkitarm/bin/../lib/gcc/arm-none-eabi/4.7.1/../../../../arm-none-eabi/lib/thumb\libg.a(lib_a-fputc.o)
                0x0200d65c                _fputc_r
                0x0200d684                fputc
 .text          0x0200d6b0       0x78 c:/devkitpro/devkitarm/bin/../lib/gcc/arm-none-eabi/4.7.1/../../../../arm-none-eabi/lib/thumb\libg.a(lib_a-fputs.o)
                0x0200d6b0                _fputs_r
                0x0200d70c                fputs
 .text          0x0200d728      0x190 c:/devkitpro/devkitarm/bin/../lib/gcc/arm-none-eabi/4.7.1/../../../../arm-none-eabi/lib/thumb\libg.a(lib_a-fread.o)
                0x0200d728                _fread_r
                0x0200d890                fread
 .text          0x0200d8b8      0x238 c:/devkitpro/devkitarm/bin/../lib/gcc/arm-none-eabi/4.7.1/../../../../arm-none-eabi/lib/thumb\libg.a(lib_a-freer.o)
                0x0200d8b8                _malloc_trim_r
                0x0200d95c                _free_r
 .text          0x0200daf0      0x328 c:/devkitpro/devkitarm/bin/../lib/gcc/arm-none-eabi/4.7.1/../../../../arm-none-eabi/lib/thumb\libg.a(lib_a-fseek.o)
                0x0200daf0                _fseek_r
                0x0200ddf4                fseek
 .text          0x0200de18      0x2fc c:/devkitpro/devkitarm/bin/../lib/gcc/arm-none-eabi/4.7.1/../../../../arm-none-eabi/lib/thumb\libg.a(lib_a-fvwrite.o)
                0x0200de18                __sfvwrite_r
 .text          0x0200e114       0xb4 c:/devkitpro/devkitarm/bin/../lib/gcc/arm-none-eabi/4.7.1/../../../../arm-none-eabi/lib/thumb\libg.a(lib_a-fwalk.o)
                0x0200e114                _fwalk
                0x0200e168                _fwalk_reent
 .text          0x0200e1c8       0x9c c:/devkitpro/devkitarm/bin/../lib/gcc/arm-none-eabi/4.7.1/../../../../arm-none-eabi/lib/thumb\libg.a(lib_a-fwrite.o)
                0x0200e1c8                _fwrite_r
                0x0200e23c                fwrite
 .text          0x0200e264        0x0 c:/devkitpro/devkitarm/bin/../lib/gcc/arm-none-eabi/4.7.1/../../../../arm-none-eabi/lib/thumb\libg.a(lib_a-impure.o)
 .text          0x0200e264       0x54 c:/devkitpro/devkitarm/bin/../lib/gcc/arm-none-eabi/4.7.1/../../../../arm-none-eabi/lib/thumb\libg.a(lib_a-init.o)
                0x0200e264                __libc_init_array
 .text          0x0200e2b8       0x40 c:/devkitpro/devkitarm/bin/../lib/gcc/arm-none-eabi/4.7.1/../../../../arm-none-eabi/lib/thumb\libg.a(lib_a-iprintf.o)
                0x0200e2b8                iprintf
                0x0200e2dc                _iprintf_r
 .text          0x0200e2f8       0xe0 c:/devkitpro/devkitarm/bin/../lib/gcc/arm-none-eabi/4.7.1/../../../../arm-none-eabi/lib/thumb\libg.a(lib_a-makebuf.o)
                0x0200e2f8                __smakebuf_r
 .text          0x0200e3d8       0x30 c:/devkitpro/devkitarm/bin/../lib/gcc/arm-none-eabi/4.7.1/../../../../arm-none-eabi/lib/thumb\libg.a(lib_a-malloc.o)
                0x0200e3d8                malloc
                0x0200e3f0                free
 .text          0x0200e408      0x51c c:/devkitpro/devkitarm/bin/../lib/gcc/arm-none-eabi/4.7.1/../../../../arm-none-eabi/lib/thumb\libg.a(lib_a-mallocr.o)
                0x0200e408                _malloc_r
 .text          0x0200e924       0x98 c:/devkitpro/devkitarm/bin/../lib/gcc/arm-none-eabi/4.7.1/../../../../arm-none-eabi/lib/thumb\libg.a(lib_a-memchr-stub.o)
                0x0200e924                memchr
 .text          0x0200e9bc       0x60 c:/devkitpro/devkitarm/bin/../lib/gcc/arm-none-eabi/4.7.1/../../../../arm-none-eabi/lib/thumb\libg.a(lib_a-memcmp.o)
                0x0200e9bc                memcmp
 .text          0x0200ea1c       0x90 c:/devkitpro/devkitarm/bin/../lib/gcc/arm-none-eabi/4.7.1/../../../../arm-none-eabi/lib/thumb\libg.a(lib_a-memcpy-stub.o)
                0x0200ea1c                memcpy
 .text          0x0200eaac       0xb0 c:/devkitpro/devkitarm/bin/../lib/gcc/arm-none-eabi/4.7.1/../../../../arm-none-eabi/lib/thumb\libg.a(lib_a-memmove.o)
                0x0200eaac                memmove
 .text          0x0200eb5c       0x98 c:/devkitpro/devkitarm/bin/../lib/gcc/arm-none-eabi/4.7.1/../../../../arm-none-eabi/lib/thumb\libg.a(lib_a-memset.o)
                0x0200eb5c                memset
 .text          0x0200ebf4        0x8 c:/devkitpro/devkitarm/bin/../lib/gcc/arm-none-eabi/4.7.1/../../../../arm-none-eabi/lib/thumb\libg.a(lib_a-mlock.o)
                0x0200ebf4                __malloc_lock
                0x0200ebf8                __malloc_unlock
 .text          0x0200ebfc       0xc4 c:/devkitpro/devkitarm/bin/../lib/gcc/arm-none-eabi/4.7.1/../../../../arm-none-eabi/lib/thumb\libg.a(lib_a-putc.o)
                0x0200ebfc                _putc_r
                0x0200ec5c                putc
 .text          0x0200ecc0       0x50 c:/devkitpro/devkitarm/bin/../lib/gcc/arm-none-eabi/4.7.1/../../../../arm-none-eabi/lib/thumb\libg.a(lib_a-rand.o)
                0x0200ecc0                srand
                0x0200ecd4                rand
 .text          0x0200ed10       0x1c c:/devkitpro/devkitarm/bin/../lib/gcc/arm-none-eabi/4.7.1/../../../../arm-none-eabi/lib/thumb\libg.a(lib_a-realloc.o)
                0x0200ed10                realloc
 .text          0x0200ed2c      0x3e8 c:/devkitpro/devkitarm/bin/../lib/gcc/arm-none-eabi/4.7.1/../../../../arm-none-eabi/lib/thumb\libg.a(lib_a-reallocr.o)
                0x0200ed2c                _realloc_r
 .text          0x0200f114      0x144 c:/devkitpro/devkitarm/bin/../lib/gcc/arm-none-eabi/4.7.1/../../../../arm-none-eabi/lib/thumb\libg.a(lib_a-refill.o)
                0x0200f134                __srefill_r
 .text          0x0200f258      0x120 c:/devkitpro/devkitarm/bin/../lib/gcc/arm-none-eabi/4.7.1/../../../../arm-none-eabi/lib/thumb\libg.a(lib_a-setvbuf.o)
                0x0200f258                setvbuf
 .text          0x0200f378      0x198 c:/devkitpro/devkitarm/bin/../lib/gcc/arm-none-eabi/4.7.1/../../../../arm-none-eabi/lib/thumb\libg.a(lib_a-signal.o)
                0x0200f378                _init_signal_r
                0x0200f3b8                _signal_r
                0x0200f3f8                _raise_r
                0x0200f458                __sigtramp_r
                0x0200f4ac                raise
                0x0200f4c4                signal
                0x0200f4e0                _init_signal
                0x0200f4f4                __sigtramp
 .text          0x0200f510       0xa0 c:/devkitpro/devkitarm/bin/../lib/gcc/arm-none-eabi/4.7.1/../../../../arm-none-eabi/lib/thumb\libg.a(lib_a-siscanf.o)
                0x0200f510                siscanf
                0x0200f560                _siscanf_r
 .text          0x0200f5b0       0x84 c:/devkitpro/devkitarm/bin/../lib/gcc/arm-none-eabi/4.7.1/../../../../arm-none-eabi/lib/thumb\libg.a(lib_a-sprintf.o)
                0x0200f5b0                _sprintf_r
                0x0200f5f0                sprintf
 .text          0x0200f634       0xac c:/devkitpro/devkitarm/bin/../lib/gcc/arm-none-eabi/4.7.1/../../../../arm-none-eabi/lib/thumb\libg.a(lib_a-stdio.o)
                0x0200f634                __sread
                0x0200f660                __seofread
                0x0200f664                __swrite
                0x0200f6a0                __sseek
                0x0200f6d0                __sclose
 .text          0x0200f6e0       0x14 c:/devkitpro/devkitarm/bin/../lib/gcc/arm-none-eabi/4.7.1/../../../../arm-none-eabi/lib/thumb\libg.a(lib_a-strcmp.o)
                0x0200f6e0                strcmp
 .text          0x0200f6f4       0x10 c:/devkitpro/devkitarm/bin/../lib/gcc/arm-none-eabi/4.7.1/../../../../arm-none-eabi/lib/thumb\libg.a(lib_a-strlen.o)
                0x0200f6f4                strlen
 .text          0x0200f704       0xbc c:/devkitpro/devkitarm/bin/../lib/gcc/arm-none-eabi/4.7.1/../../../../arm-none-eabi/lib/thumb\libg.a(lib_a-strncmp.o)
                0x0200f704                strncmp
 .text          0x0200f7c0      0xa98 c:/devkitpro/devkitarm/bin/../lib/gcc/arm-none-eabi/4.7.1/../../../../arm-none-eabi/lib/thumb\libg.a(lib_a-svfiscanf.o)
                0x0200f7c0                _sungetc_r
                0x0200f848                __ssrefill_r
                0x0200f88c                _sfread_r
                0x0200f918                __ssvfiscanf_r
 .text          0x02010258     0x1728 c:/devkitpro/devkitarm/bin/../lib/gcc/arm-none-eabi/4.7.1/../../../../arm-none-eabi/lib/thumb\libg.a(lib_a-svfprintf.o)
                0x02010258                _svfprintf_r
 .text          0x02011980       0x20 c:/devkitpro/devkitarm/bin/../lib/gcc/arm-none-eabi/4.7.1/../../../../arm-none-eabi/lib/thumb\libg.a(lib_a-syswrite.o)
                0x02011980                write
 .text          0x020119a0      0x188 c:/devkitpro/devkitarm/bin/../lib/gcc/arm-none-eabi/4.7.1/../../../../arm-none-eabi/lib/thumb\libg.a(lib_a-ungetc.o)
                0x020119a0                __submore
                0x02011a28                _ungetc_r
                0x02011b0c                ungetc
 .text          0x02011b28      0xed4 c:/devkitpro/devkitarm/bin/../lib/gcc/arm-none-eabi/4.7.1/../../../../arm-none-eabi/lib/thumb\libg.a(lib_a-vfiprintf.o)
                0x02011b28                __sprint_r
                0x02011bac                _vfiprintf_r
                0x020129d8                vfiprintf
 .text          0x020129fc       0xd0 c:/devkitpro/devkitarm/bin/../lib/gcc/arm-none-eabi/4.7.1/../../../../arm-none-eabi/lib/thumb\libg.a(lib_a-wbuf.o)
                0x020129fc                __swbuf_r
                0x02012ab0                __swbuf
 .text          0x02012acc       0xe8 c:/devkitpro/devkitarm/bin/../lib/gcc/arm-none-eabi/4.7.1/../../../../arm-none-eabi/lib/thumb\libg.a(lib_a-wcrtomb.o)
                0x02012acc                _wcrtomb_r
                0x02012b34                wcrtomb
 .text          0x02012bb4       0x40 c:/devkitpro/devkitarm/bin/../lib/gcc/arm-none-eabi/4.7.1/../../../../arm-none-eabi/lib/thumb\libg.a(lib_a-wcsrtombs.o)
                0x02012bb4                _wcsrtombs_r
                0x02012bcc                wcsrtombs
 .text          0x02012bf4      0x2a4 c:/devkitpro/devkitarm/bin/../lib/gcc/arm-none-eabi/4.7.1/../../../../arm-none-eabi/lib/thumb\libg.a(lib_a-wctomb_r.o)
                0x02012bf4                __utf8_wctomb
                0x02012ca8                _wctomb_r
                0x02012ce0                __ascii_wctomb
                0x02012d00                __sjis_wctomb
                0x02012d7c                __eucjp_wctomb
                0x02012e18                __jis_wctomb
 .text          0x02012e98       0xd0 c:/devkitpro/devkitarm/bin/../lib/gcc/arm-none-eabi/4.7.1/../../../../arm-none-eabi/lib/thumb\libg.a(lib_a-wsetup.o)
                0x02012e98                __swsetup_r
 .text          0x02012f68       0x10 c:/devkitpro/devkitarm/bin/../lib/gcc/arm-none-eabi/4.7.1/../../../../arm-none-eabi/lib/thumb\libg.a(lib_a-ctype_.o)
                0x02012f68                __set_ctype
 .text          0x02012f78     0x10a0 c:/devkitpro/devkitarm/bin/../lib/gcc/arm-none-eabi/4.7.1/../../../../arm-none-eabi/lib/thumb\libg.a(lib_a-dtoa.o)
                0x020130d0                _dtoa_r
 .text          0x02014018       0x70 c:/devkitpro/devkitarm/bin/../lib/gcc/arm-none-eabi/4.7.1/../../../../arm-none-eabi/lib/thumb\libg.a(lib_a-flags.o)
                0x02014018                __sflags
 .text          0x02014088      0x104 c:/devkitpro/devkitarm/bin/../lib/gcc/arm-none-eabi/4.7.1/../../../../arm-none-eabi/lib/thumb\libg.a(lib_a-fputwc.o)
                0x02014088                _fputwc_r
                0x02014160                fputwc
 .text          0x0201418c       0x78 c:/devkitpro/devkitarm/bin/../lib/gcc/arm-none-eabi/4.7.1/../../../../arm-none-eabi/lib/thumb\libg.a(lib_a-iswspace.o)
                0x0201418c                iswspace
 .text          0x02014204      0x1f0 c:/devkitpro/devkitarm/bin/../lib/gcc/arm-none-eabi/4.7.1/../../../../arm-none-eabi/lib/thumb\libg.a(lib_a-jp2uc.o)
                0x02014390                _jp2uc
 .text          0x020143f4      0x950 c:/devkitpro/devkitarm/bin/../lib/gcc/arm-none-eabi/4.7.1/../../../../arm-none-eabi/lib/thumb\libg.a(lib_a-locale.o)
                0x02014ae8                _setlocale_r
                0x02014ce4                __locale_charset
                0x02014cec                __locale_mb_cur_max
                0x02014cf8                __locale_msgcharset
                0x02014d04                __locale_cjk_lang
                0x02014d10                _localeconv_r
                0x02014d1c                setlocale
                0x02014d38                localeconv
 .text          0x02014d44      0x104 c:/devkitpro/devkitarm/bin/../lib/gcc/arm-none-eabi/4.7.1/../../../../arm-none-eabi/lib/thumb\libg.a(lib_a-mbrtowc.o)
                0x02014d44                _mbrtowc_r
                0x02014dbc                mbrtowc
 .text          0x02014e48      0x584 c:/devkitpro/devkitarm/bin/../lib/gcc/arm-none-eabi/4.7.1/../../../../arm-none-eabi/lib/thumb\libg.a(lib_a-mbtowc_r.o)
                0x02014e48                __utf8_mbtowc
                0x020150a8                _mbtowc_r
                0x020150e4                __ascii_mbtowc
                0x02015114                __sjis_mbtowc
                0x020151d4                __eucjp_mbtowc
                0x0201529c                __jis_mbtowc
 *fill*         0x020153cc        0x4 ff
 .text          0x020153d0      0x978 c:/devkitpro/devkitarm/bin/../lib/gcc/arm-none-eabi/4.7.1/../../../../arm-none-eabi/lib/thumb\libg.a(lib_a-mprec.o)
                0x020153d0                _Balloc
                0x02015424                _Bfree
                0x0201543c                __multadd
                0x020154e8                __s2b
                0x02015584                __hi0bits
                0x020155bc                __lo0bits
                0x0201561c                __i2b
                0x02015634                __multiply
                0x02015798                __pow5mult
                0x02015848                __lshift
                0x02015918                __mcmp
                0x02015954                __mdiff
                0x02015a44                __ulp
                0x02015a8c                __b2d
                0x02015b30                __d2b
                0x02015be8                __ratio
                0x02015c64                _mprec_log10
                0x02015ca4                __copybits
                0x02015cec                __any_on
 .text          0x02015d48       0x7c c:/devkitpro/devkitarm/bin/../lib/gcc/arm-none-eabi/4.7.1/../../../../arm-none-eabi/lib/thumb\libg.a(lib_a-sccl.o)
                0x02015d48                __sccl
 .text          0x02015dc4       0x5c c:/devkitpro/devkitarm/bin/../lib/gcc/arm-none-eabi/4.7.1/../../../../arm-none-eabi/lib/thumb\libg.a(lib_a-s_fpclassify.o)
                0x02015dc4                __fpclassifyd
 .text          0x02015e20       0x50 c:/devkitpro/devkitarm/bin/../lib/gcc/arm-none-eabi/4.7.1/../../../../arm-none-eabi/lib/thumb\libg.a(lib_a-strcasecmp.o)
                0x02015e20                strcasecmp
 .text          0x02015e70       0x50 c:/devkitpro/devkitarm/bin/../lib/gcc/arm-none-eabi/4.7.1/../../../../arm-none-eabi/lib/thumb\libg.a(lib_a-strcat.o)
                0x02015e70                strcat
 .text          0x02015ec0       0xd4 c:/devkitpro/devkitarm/bin/../lib/gcc/arm-none-eabi/4.7.1/../../../../arm-none-eabi/lib/thumb\libg.a(lib_a-strchr.o)
                0x02015ec0                strchr
 .text          0x02015f94       0x10 c:/devkitpro/devkitarm/bin/../lib/gcc/arm-none-eabi/4.7.1/../../../../arm-none-eabi/lib/thumb\libg.a(lib_a-strcpy.o)
                0x02015f94                strcpy
 .text          0x02015fa4       0x48 c:/devkitpro/devkitarm/bin/../lib/gcc/arm-none-eabi/4.7.1/../../../../arm-none-eabi/lib/thumb\libg.a(lib_a-strlcpy.o)
                0x02015fa4                strlcpy
 .text          0x02015fec       0x60 c:/devkitpro/devkitarm/bin/../lib/gcc/arm-none-eabi/4.7.1/../../../../arm-none-eabi/lib/thumb\libg.a(lib_a-strncasecmp.o)
                0x02015fec                strncasecmp
 .text          0x0201604c       0x60 c:/devkitpro/devkitarm/bin/../lib/gcc/arm-none-eabi/4.7.1/../../../../arm-none-eabi/lib/thumb\libg.a(lib_a-strncpy.o)
                0x0201604c                strncpy
 *fill*         0x020160ac        0x4 ff
 .text          0x020160b0      0x208 c:/devkitpro/devkitarm/bin/../lib/gcc/arm-none-eabi/4.7.1/../../../../arm-none-eabi/lib/thumb\libg.a(lib_a-strtoll_r.o)
                0x020160b0                _strtoll_r
 .text          0x020162b8      0x190 c:/devkitpro/devkitarm/bin/../lib/gcc/arm-none-eabi/4.7.1/../../../../arm-none-eabi/lib/thumb\libg.a(lib_a-strtol.o)
                0x020162b8                _strtol_r
                0x02016428                strtol
 .text          0x02016448      0x238 c:/devkitpro/devkitarm/bin/../lib/gcc/arm-none-eabi/4.7.1/../../../../arm-none-eabi/lib/thumb\libg.a(lib_a-strtoull_r.o)
                0x02016448                _strtoull_r
 .text          0x02016680      0x198 c:/devkitpro/devkitarm/bin/../lib/gcc/arm-none-eabi/4.7.1/../../../../arm-none-eabi/lib/thumb\libg.a(lib_a-strtoul.o)
                0x02016680                _strtoul_r
                0x020167f8                strtoul
 .text          0x02016818      0xeb4 c:/devkitpro/devkitarm/bin/../lib/gcc/arm-none-eabi/4.7.1/../../../../arm-none-eabi/lib/thumb\libg.a(lib_a-svfiprintf.o)
                0x02016818                __ssprint_r
                0x02016948                _svfiprintf_r
 .text          0x020176cc      0x150 c:/devkitpro/devkitarm/bin/../lib/gcc/arm-none-eabi/4.7.1/../../../../arm-none-eabi/lib/thumb\libg.a(lib_a-wcsnrtombs.o)
                0x020176cc                _wcsnrtombs_r
                0x020177ec                wcsnrtombs
 .text          0x0201781c       0x64 c:/devkitpro/devkitarm/bin/../lib/gcc/arm-none-eabi/4.7.1/../../../../arm-none-eabi/lib/thumb\libg.a(lib_a-callocr.o)
                0x0201781c                _calloc_r
 .text          0x02017880       0xa8 c:/devkitpro/devkitarm/bin/../lib/gcc/arm-none-eabi/4.7.1/../../../../arm-none-eabi/lib/thumb\libg.a(lib_a-getenv_r.o)
                0x02017880                _findenv_r
                0x02017918                _getenv_r
 .text          0x02017928        0x0 c:/devkitpro/devkitarm/bin/../lib/gcc/arm-none-eabi/4.7.1/../../../../arm-none-eabi/lib/thumb\libg.a(lib_a-environ.o)
 .text          0x02017928        0x8 c:/devkitpro/devkitarm/bin/../lib/gcc/arm-none-eabi/4.7.1/../../../../arm-none-eabi/lib/thumb\libg.a(lib_a-envlock.o)
                0x02017928                __env_lock
                0x0201792c                __env_unlock
 .text          0x02017930      0x144 c:/devkitpro/devkitarm/bin/../lib/gcc/arm-none-eabi/4.7.1/../../../../arm-none-eabi/lib/thumb\libsysbase.a(iosupport.o)
                0x02017930                setDefaultDevice
                0x02017944                FindDevice
                0x020179b4                RemoveDevice
                0x020179d8                AddDevice
                0x02017a54                GetDeviceOpTab
 .text          0x02017a74       0x50 c:/devkitpro/devkitarm/bin/../lib/gcc/arm-none-eabi/4.7.1/../../../../arm-none-eabi/lib/thumb\libsysbase.a(close.o)
                0x02017a74                _close_r
 .text          0x02017ac4       0x50 c:/devkitpro/devkitarm/bin/../lib/gcc/arm-none-eabi/4.7.1/../../../../arm-none-eabi/lib/thumb\libsysbase.a(fstat.o)
                0x02017ac4                _fstat_r
 .text          0x02017b14        0xc c:/devkitpro/devkitarm/bin/../lib/gcc/arm-none-eabi/4.7.1/../../../../arm-none-eabi/lib/thumb\libsysbase.a(getpid.o)
                0x02017b14                _getpid_r
 .text          0x02017b20        0x4 c:/devkitpro/devkitarm/bin/../lib/gcc/arm-none-eabi/4.7.1/../../../../arm-none-eabi/lib/thumb\libsysbase.a(isatty.o)
                0x02017b20                _isatty_r
 .text          0x02017b24        0xc c:/devkitpro/devkitarm/bin/../lib/gcc/arm-none-eabi/4.7.1/../../../../arm-none-eabi/lib/thumb\libsysbase.a(kill.o)
                0x02017b24                _kill_r
 .text          0x02017b30       0x50 c:/devkitpro/devkitarm/bin/../lib/gcc/arm-none-eabi/4.7.1/../../../../arm-none-eabi/lib/thumb\libsysbase.a(lseek.o)
                0x02017b30                _lseek_r
 .text          0x02017b80       0xa0 c:/devkitpro/devkitarm/bin/../lib/gcc/arm-none-eabi/4.7.1/../../../../arm-none-eabi/lib/thumb\libsysbase.a(open.o)
                0x02017b80                _open_r
 .text          0x02017c20       0x50 c:/devkitpro/devkitarm/bin/../lib/gcc/arm-none-eabi/4.7.1/../../../../arm-none-eabi/lib/thumb\libsysbase.a(read.o)
                0x02017c20                _read_r
 .text          0x02017c70       0x54 c:/devkitpro/devkitarm/bin/../lib/gcc/arm-none-eabi/4.7.1/../../../../arm-none-eabi/lib/thumb\libsysbase.a(sbrk.o)
                0x02017c70                _sbrk_r
 .text          0x02017cc4       0x44 c:/devkitpro/devkitarm/bin/../lib/gcc/arm-none-eabi/4.7.1/../../../../arm-none-eabi/lib/thumb\libsysbase.a(times.o)
                0x02017cc4                _times
                0x02017cd8                _times_r
                0x02017ce0                _gettimeofday_r
 .text          0x02017d08       0x58 c:/devkitpro/devkitarm/bin/../lib/gcc/arm-none-eabi/4.7.1/../../../../arm-none-eabi/lib/thumb\libsysbase.a(write.o)
                0x02017d08                _write_r
 .text          0x02017d60       0x18 c:/devkitpro/devkitarm/bin/../lib/gcc/arm-none-eabi/4.7.1/../../../../arm-none-eabi/lib/thumb\libsysbase.a(_exit.o)
                0x02017d60                _exit
 .text          0x02017d78        0x0 c:/devkitpro/devkitarm/bin/../lib/gcc/arm-none-eabi/4.7.1/../../../../arm-none-eabi/lib/thumb\libsysbase.a(malloc_vars.o)
 .text          0x02017d78       0x4c c:/devkitpro/devkitarm/bin/../lib/gcc/arm-none-eabi/4.7.1/../../../../arm-none-eabi/lib/thumb\libsysbase.a(build_argv.o)
                0x02017d78                build_argv
 .text          0x02017dc4        0x0 c:/devkitpro/devkitarm/bin/../lib/gcc/arm-none-eabi/4.7.1/../../../../arm-none-eabi/lib/thumb\libsysbase.a(syscall_support.o)
 .text          0x02017dc4       0x84 c:/devkitpro/devkitarm/bin/../lib/gcc/arm-none-eabi/4.7.1/../../../../arm-none-eabi/lib/thumb\libsysbase.a(handle_manager.o)
                0x02017dc4                __release_handle
                0x02017df0                __alloc_handle
                0x02017e28                __get_handle
 .text          0x02017e48      0x41c c:/devkitpro/devkitarm/bin/../lib/gcc/arm-none-eabi/4.7.1/thumb\libgcc.a(_arm_addsubdf3.o)
                0x02017e48                __aeabi_drsub
                0x02017e50                __aeabi_dsub
                0x02017e50                __subdf3
                0x02017e54                __aeabi_dadd
                0x02017e54                __adddf3
                0x02018164                __floatunsidf
                0x02018164                __aeabi_ui2d
                0x02018188                __floatsidf
                0x02018188                __aeabi_i2d
                0x020181b0                __aeabi_f2d
                0x020181b0                __extendsfdf2
                0x020181f0                __floatundidf
                0x020181f0                __aeabi_ul2d
                0x02018204                __floatdidf
                0x02018204                __aeabi_l2d
 .text          0x02018264      0x49c c:/devkitpro/devkitarm/bin/../lib/gcc/arm-none-eabi/4.7.1/thumb\libgcc.a(_arm_muldivdf3.o)
                0x02018264                __aeabi_dmul
                0x02018264                __muldf3
                0x020184f4                __divdf3
                0x020184f4                __aeabi_ddiv
 .text          0x02018700      0x144 c:/devkitpro/devkitarm/bin/../lib/gcc/arm-none-eabi/4.7.1/thumb\libgcc.a(_arm_cmpdf2.o)
                0x02018700                __gtdf2
                0x02018700                __gedf2
                0x02018708                __ltdf2
                0x02018708                __ledf2
                0x02018710                __nedf2
                0x02018710                __eqdf2
                0x02018710                __cmpdf2
                0x02018798                __aeabi_cdrcmple
                0x020187b4                __aeabi_cdcmpeq
                0x020187b4                __aeabi_cdcmple
                0x020187cc                __aeabi_dcmpeq
                0x020187e4                __aeabi_dcmplt
                0x020187fc                __aeabi_dcmple
                0x02018814                __aeabi_dcmpge
                0x0201882c                __aeabi_dcmpgt
 .text          0x02018844       0x5c c:/devkitpro/devkitarm/bin/../lib/gcc/arm-none-eabi/4.7.1/thumb\libgcc.a(_arm_fixdfsi.o)
                0x02018844                __aeabi_d2iz
                0x02018844                __fixdfsi
 .text          0x020188a0       0x3c c:/devkitpro/devkitarm/bin/../lib/gcc/arm-none-eabi/4.7.1/thumb\libgcc.a(_aeabi_uldivmod.o)
                0x020188a0                __aeabi_uldivmod
 .text          0x020188dc       0x4c c:/devkitpro/devkitarm/bin/../lib/gcc/arm-none-eabi/4.7.1/thumb\libgcc.a(_muldi3.o)
                0x020188dc                __muldi3
                0x020188dc                __aeabi_lmul
 .text          0x02018928       0x7c c:/devkitpro/devkitarm/bin/../lib/gcc/arm-none-eabi/4.7.1/thumb\libgcc.a(bpabi.o)
                0x02018928                __gnu_ldivmod_helper
                0x02018968                __gnu_uldivmod_helper
 .text          0x020189a4      0x3d4 c:/devkitpro/devkitarm/bin/../lib/gcc/arm-none-eabi/4.7.1/thumb\libgcc.a(_divdi3.o)
                0x020189a4                __divdi3
 .text          0x02018d78      0x3a0 c:/devkitpro/devkitarm/bin/../lib/gcc/arm-none-eabi/4.7.1/thumb\libgcc.a(_udivdi3.o)
                0x02018d78                __udivdi3
 .text          0x02019118       0x48 c:/devkitpro/devkitarm/bin/../lib/gcc/arm-none-eabi/4.7.1/thumb\libgcc.a(_clzsi2.o)
                0x02019118                __clzsi2
 .text          0x02019160        0xc c:/devkitpro/devkitarm/bin/../lib/gcc/arm-none-eabi/4.7.1/../../../../arm-none-eabi/lib/thumb\libg.a(lib_a-errno.o)
                0x02019160                __errno
 .text          0x0201916c        0x0 c:/devkitpro/devkitarm/bin/../lib/gcc/arm-none-eabi/4.7.1/thumb/crtend.o
 .text          0x0201916c        0x0 c:/devkitpro/devkitarm/bin/../lib/gcc/arm-none-eabi/4.7.1/thumb/crtn.o
 *(.text.*)
 .text._ZNSt6vectorIP5BlockSaIS1_EE13_M_insert_auxEN9__gnu_cxx17__normal_iteratorIPS1_S3_EERKS1_
                0x0201916c       0xec ClassDefinitions.o
                0x0201916c                std::vector<Block*, std::allocator<Block*> >::_M_insert_aux(__gnu_cxx::__normal_iterator<Block**, std::vector<Block*, std::allocator<Block*> > >, Block* const&)
 .text._ZN6Level1D2Ev
                0x02019258       0x18 Levels.o
                0x02019258                Level1::~Level1()
                0x02019258                Level1::~Level1()
 .text._ZN6Level2D2Ev
                0x02019270       0x18 Levels.o
                0x02019270                Level2::~Level2()
                0x02019270                Level2::~Level2()
 .text._ZN6Level3D2Ev
                0x02019288       0x18 Levels.o
                0x02019288                Level3::~Level3()
                0x02019288                Level3::~Level3()
 .text._ZN6Level4D2Ev
                0x020192a0       0x18 Levels.o
                0x020192a0                Level4::~Level4()
                0x020192a0                Level4::~Level4()
 .text._ZN6Level5D2Ev
                0x020192b8       0x18 Levels.o
                0x020192b8                Level5::~Level5()
                0x020192b8                Level5::~Level5()
 .text._ZN6Level6D2Ev
                0x020192d0       0x18 Levels.o
                0x020192d0                Level6::~Level6()
                0x020192d0                Level6::~Level6()
 .text._ZN13LevelMainMenuD2Ev
                0x020192e8       0x18 Levels.o
                0x020192e8                LevelMainMenu::~LevelMainMenu()
                0x020192e8                LevelMainMenu::~LevelMainMenu()
 .text._ZN13LevelWinLevelD2Ev
                0x02019300       0x18 Levels.o
                0x02019300                LevelWinLevel::~LevelWinLevel()
                0x02019300                LevelWinLevel::~LevelWinLevel()
 .text._ZN6Level1D0Ev
                0x02019318       0x1c Levels.o
                0x02019318                Level1::~Level1()
 .text._ZN13LevelWinLevelD0Ev
                0x02019334       0x1c Levels.o
                0x02019334                LevelWinLevel::~LevelWinLevel()
 .text._ZN13LevelMainMenuD0Ev
                0x02019350       0x1c Levels.o
                0x02019350                LevelMainMenu::~LevelMainMenu()
 .text._ZN6Level6D0Ev
                0x0201936c       0x1c Levels.o
                0x0201936c                Level6::~Level6()
 .text._ZN6Level5D0Ev
                0x02019388       0x1c Levels.o
                0x02019388                Level5::~Level5()
 .text._ZN6Level4D0Ev
                0x020193a4       0x1c Levels.o
                0x020193a4                Level4::~Level4()
 .text._ZN6Level3D0Ev
                0x020193c0       0x1c Levels.o
                0x020193c0                Level3::~Level3()
 .text._ZN6Level2D0Ev
                0x020193dc       0x1c Levels.o
                0x020193dc                Level2::~Level2()
 .text.startup  0x020193f8       0x4c main.o
                0x020193f8                main
 .text._Znwj    0x02019444       0x60 c:/devkitpro/devkitarm/bin/../lib/gcc/arm-none-eabi/4.7.1/../../../../arm-none-eabi/lib/thumb\libstdc++.a(new_op.o)
                0x02019444                operator new(unsigned int)
 .text._ZN10__cxxabiv1L24__is_gxx_exception_classEPc
                0x020194a4       0x40 c:/devkitpro/devkitarm/bin/../lib/gcc/arm-none-eabi/4.7.1/../../../../arm-none-eabi/lib/thumb\libstdc++.a(eh_call.o)
 .text.__cxa_call_terminate
                0x020194e4       0x24 c:/devkitpro/devkitarm/bin/../lib/gcc/arm-none-eabi/4.7.1/../../../../arm-none-eabi/lib/thumb\libstdc++.a(eh_call.o)
                0x020194e4                __cxa_call_terminate
 .text.__cxa_call_unexpected
                0x02019508       0xec c:/devkitpro/devkitarm/bin/../lib/gcc/arm-none-eabi/4.7.1/../../../../arm-none-eabi/lib/thumb\libstdc++.a(eh_call.o)
                0x02019508                __cxa_call_unexpected
 .text._ZL12read_sleb128PKhPl
                0x020195f4       0x34 c:/devkitpro/devkitarm/bin/../lib/gcc/arm-none-eabi/4.7.1/../../../../arm-none-eabi/lib/thumb\libstdc++.a(eh_personality.o)
 .text._ZL28read_encoded_value_with_basehjPKhPj
                0x02019628       0xd8 c:/devkitpro/devkitarm/bin/../lib/gcc/arm-none-eabi/4.7.1/../../../../arm-none-eabi/lib/thumb\libstdc++.a(eh_personality.o)
 .text._ZL21base_of_encoded_valuehP15_Unwind_Context
                0x02019700       0x4c c:/devkitpro/devkitarm/bin/../lib/gcc/arm-none-eabi/4.7.1/../../../../arm-none-eabi/lib/thumb\libstdc++.a(eh_personality.o)
 .text._ZL17parse_lsda_headerP15_Unwind_ContextPKhP16lsda_header_info
                0x0201974c       0x98 c:/devkitpro/devkitarm/bin/../lib/gcc/arm-none-eabi/4.7.1/../../../../arm-none-eabi/lib/thumb\libstdc++.a(eh_personality.o)
 .text.__gxx_personality_v0
                0x020197e4      0x3ec c:/devkitpro/devkitarm/bin/../lib/gcc/arm-none-eabi/4.7.1/../../../../arm-none-eabi/lib/thumb\libstdc++.a(eh_personality.o)
                0x020197e4                __gxx_personality_v0
 .text._ZdlPv   0x02019bd0       0x10 c:/devkitpro/devkitarm/bin/../lib/gcc/arm-none-eabi/4.7.1/../../../../arm-none-eabi/lib/thumb\libstdc++.a(del_op.o)
                0x02019bd0                operator delete(void*)
 .text._ZN10__cxxabiv111__terminateEPFvvE
                0x02019be0       0x2c c:/devkitpro/devkitarm/bin/../lib/gcc/arm-none-eabi/4.7.1/../../../../arm-none-eabi/lib/thumb\libstdc++.a(eh_terminate.o)
                0x02019be0                __cxxabiv1::__terminate(void (*)())
 .text._ZSt9terminatev
                0x02019c0c       0x10 c:/devkitpro/devkitarm/bin/../lib/gcc/arm-none-eabi/4.7.1/../../../../arm-none-eabi/lib/thumb\libstdc++.a(eh_terminate.o)
                0x02019c0c                std::terminate()
 .text._ZN10__cxxabiv112__unexpectedEPFvvE
                0x02019c1c        0xc c:/devkitpro/devkitarm/bin/../lib/gcc/arm-none-eabi/4.7.1/../../../../arm-none-eabi/lib/thumb\libstdc++.a(eh_terminate.o)
                0x02019c1c                __cxxabiv1::__unexpected(void (*)())
 .text._ZSt10unexpectedv
                0x02019c28       0x10 c:/devkitpro/devkitarm/bin/../lib/gcc/arm-none-eabi/4.7.1/../../../../arm-none-eabi/lib/thumb\libstdc++.a(eh_terminate.o)
                0x02019c28                std::unexpected()
 .text._ZSt13set_terminatePFvvE
                0x02019c38       0x10 c:/devkitpro/devkitarm/bin/../lib/gcc/arm-none-eabi/4.7.1/../../../../arm-none-eabi/lib/thumb\libstdc++.a(eh_terminate.o)
                0x02019c38                std::set_terminate(void (*)())
 .text._ZSt14set_unexpectedPFvvE
                0x02019c48       0x10 c:/devkitpro/devkitarm/bin/../lib/gcc/arm-none-eabi/4.7.1/../../../../arm-none-eabi/lib/thumb\libstdc++.a(eh_terminate.o)
                0x02019c48                std::set_unexpected(void (*)())
 .text._ZNSt9exceptionD2Ev
                0x02019c58        0xc c:/devkitpro/devkitarm/bin/../lib/gcc/arm-none-eabi/4.7.1/../../../../arm-none-eabi/lib/thumb\libstdc++.a(eh_exception.o)
                0x02019c58                std::exception::~exception()
                0x02019c58                std::exception::~exception()
 .text._ZNSt13bad_exceptionD2Ev
                0x02019c64        0xc c:/devkitpro/devkitarm/bin/../lib/gcc/arm-none-eabi/4.7.1/../../../../arm-none-eabi/lib/thumb\libstdc++.a(eh_exception.o)
                0x02019c64                std::bad_exception::~bad_exception()
                0x02019c64                std::bad_exception::~bad_exception()
 .text._ZN10__cxxabiv115__forced_unwindD2Ev
                0x02019c70        0xc c:/devkitpro/devkitarm/bin/../lib/gcc/arm-none-eabi/4.7.1/../../../../arm-none-eabi/lib/thumb\libstdc++.a(eh_exception.o)
                0x02019c70                __cxxabiv1::__forced_unwind::~__forced_unwind()
                0x02019c70                __cxxabiv1::__forced_unwind::~__forced_unwind()
 .text._ZN10__cxxabiv119__foreign_exceptionD2Ev
                0x02019c7c        0xc c:/devkitpro/devkitarm/bin/../lib/gcc/arm-none-eabi/4.7.1/../../../../arm-none-eabi/lib/thumb\libstdc++.a(eh_exception.o)
                0x02019c7c                __cxxabiv1::__foreign_exception::~__foreign_exception()
                0x02019c7c                __cxxabiv1::__foreign_exception::~__foreign_exception()
 .text._ZNKSt9exception4whatEv
                0x02019c88        0x8 c:/devkitpro/devkitarm/bin/../lib/gcc/arm-none-eabi/4.7.1/../../../../arm-none-eabi/lib/thumb\libstdc++.a(eh_exception.o)
                0x02019c88                std::exception::what() const
 .text._ZNKSt13bad_exception4whatEv
                0x02019c90        0x8 c:/devkitpro/devkitarm/bin/../lib/gcc/arm-none-eabi/4.7.1/../../../../arm-none-eabi/lib/thumb\libstdc++.a(eh_exception.o)
                0x02019c90                std::bad_exception::what() const
 .text._ZN10__cxxabiv119__foreign_exceptionD0Ev
                0x02019c98       0x1c c:/devkitpro/devkitarm/bin/../lib/gcc/arm-none-eabi/4.7.1/../../../../arm-none-eabi/lib/thumb\libstdc++.a(eh_exception.o)
                0x02019c98                __cxxabiv1::__foreign_exception::~__foreign_exception()
 .text._ZN10__cxxabiv115__forced_unwindD0Ev
                0x02019cb4       0x1c c:/devkitpro/devkitarm/bin/../lib/gcc/arm-none-eabi/4.7.1/../../../../arm-none-eabi/lib/thumb\libstdc++.a(eh_exception.o)
                0x02019cb4                __cxxabiv1::__forced_unwind::~__forced_unwind()
 .text._ZNSt9exceptionD0Ev
                0x02019cd0       0x1c c:/devkitpro/devkitarm/bin/../lib/gcc/arm-none-eabi/4.7.1/../../../../arm-none-eabi/lib/thumb\libstdc++.a(eh_exception.o)
                0x02019cd0                std::exception::~exception()
 .text._ZNSt13bad_exceptionD0Ev
                0x02019cec       0x1c c:/devkitpro/devkitarm/bin/../lib/gcc/arm-none-eabi/4.7.1/../../../../arm-none-eabi/lib/thumb\libstdc++.a(eh_exception.o)
                0x02019cec                std::bad_exception::~bad_exception()
 .text.__cxa_allocate_exception
                0x02019d08       0x68 c:/devkitpro/devkitarm/bin/../lib/gcc/arm-none-eabi/4.7.1/../../../../arm-none-eabi/lib/thumb\libstdc++.a(eh_alloc.o)
                0x02019d08                __cxa_allocate_exception
 .text.__cxa_free_exception
                0x02019d70       0x38 c:/devkitpro/devkitarm/bin/../lib/gcc/arm-none-eabi/4.7.1/../../../../arm-none-eabi/lib/thumb\libstdc++.a(eh_alloc.o)
                0x02019d70                __cxa_free_exception
 .text.__cxa_allocate_dependent_exception
                0x02019da8       0x60 c:/devkitpro/devkitarm/bin/../lib/gcc/arm-none-eabi/4.7.1/../../../../arm-none-eabi/lib/thumb\libstdc++.a(eh_alloc.o)
                0x02019da8                __cxa_allocate_dependent_exception
 .text.__cxa_free_dependent_exception
                0x02019e08       0x3c c:/devkitpro/devkitarm/bin/../lib/gcc/arm-none-eabi/4.7.1/../../../../arm-none-eabi/lib/thumb\libstdc++.a(eh_alloc.o)
                0x02019e08                __cxa_free_dependent_exception
 .text._ZNKSt9bad_alloc4whatEv
                0x02019e44        0x8 c:/devkitpro/devkitarm/bin/../lib/gcc/arm-none-eabi/4.7.1/../../../../arm-none-eabi/lib/thumb\libstdc++.a(bad_alloc.o)
                0x02019e44                std::bad_alloc::what() const
 .text._ZNSt9bad_allocD2Ev
                0x02019e4c       0x1c c:/devkitpro/devkitarm/bin/../lib/gcc/arm-none-eabi/4.7.1/../../../../arm-none-eabi/lib/thumb\libstdc++.a(bad_alloc.o)
                0x02019e4c                std::bad_alloc::~bad_alloc()
                0x02019e4c                std::bad_alloc::~bad_alloc()
 .text._ZNSt9bad_allocD0Ev
                0x02019e68       0x18 c:/devkitpro/devkitarm/bin/../lib/gcc/arm-none-eabi/4.7.1/../../../../arm-none-eabi/lib/thumb\libstdc++.a(bad_alloc.o)
                0x02019e68                std::bad_alloc::~bad_alloc()
 .text._ZNK10__cxxabiv117__class_type_info11__do_upcastEPKS0_PPv
                0x02019e80       0x40 c:/devkitpro/devkitarm/bin/../lib/gcc/arm-none-eabi/4.7.1/../../../../arm-none-eabi/lib/thumb\libstdc++.a(class_type_info.o)
                0x02019e80                __cxxabiv1::__class_type_info::__do_upcast(__cxxabiv1::__class_type_info const*, void**) const
 .text._ZNK10__cxxabiv117__class_type_info20__do_find_public_srcEiPKvPKS0_S2_
                0x02019ec0       0x14 c:/devkitpro/devkitarm/bin/../lib/gcc/arm-none-eabi/4.7.1/../../../../arm-none-eabi/lib/thumb\libstdc++.a(class_type_info.o)
                0x02019ec0                __cxxabiv1::__class_type_info::__do_find_public_src(int, void const*, __cxxabiv1::__class_type_info const*, void const*) const
 .text._ZNK10__cxxabiv117__class_type_info11__do_upcastEPKS0_PKvRNS0_15__upcast_resultE
                0x02019ed4       0x24 c:/devkitpro/devkitarm/bin/../lib/gcc/arm-none-eabi/4.7.1/../../../../arm-none-eabi/lib/thumb\libstdc++.a(class_type_info.o)
                0x02019ed4                __cxxabiv1::__class_type_info::__do_upcast(__cxxabiv1::__class_type_info const*, void const*, __cxxabiv1::__class_type_info::__upcast_result&) const
 .text._ZN10__cxxabiv117__class_type_infoD2Ev
                0x02019ef8       0x1c c:/devkitpro/devkitarm/bin/../lib/gcc/arm-none-eabi/4.7.1/../../../../arm-none-eabi/lib/thumb\libstdc++.a(class_type_info.o)
                0x02019ef8                __cxxabiv1::__class_type_info::~__class_type_info()
                0x02019ef8                __cxxabiv1::__class_type_info::~__class_type_info()
 .text._ZN10__cxxabiv117__class_type_infoD0Ev
                0x02019f14       0x18 c:/devkitpro/devkitarm/bin/../lib/gcc/arm-none-eabi/4.7.1/../../../../arm-none-eabi/lib/thumb\libstdc++.a(class_type_info.o)
                0x02019f14                __cxxabiv1::__class_type_info::~__class_type_info()
 .text._ZNK10__cxxabiv117__class_type_info12__do_dyncastEiNS0_10__sub_kindEPKS0_PKvS3_S5_RNS0_16__dyncast_resultE
                0x02019f2c       0x44 c:/devkitpro/devkitarm/bin/../lib/gcc/arm-none-eabi/4.7.1/../../../../arm-none-eabi/lib/thumb\libstdc++.a(class_type_info.o)
                0x02019f2c                __cxxabiv1::__class_type_info::__do_dyncast(int, __cxxabiv1::__class_type_info::__sub_kind, __cxxabiv1::__class_type_info const*, void const*, __cxxabiv1::__class_type_info const*, void const*, __cxxabiv1::__class_type_info::__dyncast_result&) const
 .text._ZNK10__cxxabiv117__class_type_info10__do_catchEPKSt9type_infoPPvj
                0x02019f70       0x40 c:/devkitpro/devkitarm/bin/../lib/gcc/arm-none-eabi/4.7.1/../../../../arm-none-eabi/lib/thumb\libstdc++.a(class_type_info.o)
                0x02019f70                __cxxabiv1::__class_type_info::__do_catch(std::type_info const*, void**, unsigned int) const
 .text._ZSt15set_new_handlerPFvvE
                0x02019fb0       0x10 c:/devkitpro/devkitarm/bin/../lib/gcc/arm-none-eabi/4.7.1/../../../../arm-none-eabi/lib/thumb\libstdc++.a(new_handler.o)
                0x02019fb0                std::set_new_handler(void (*)())
 .text.__cxa_end_cleanup
                0x02019fc0        0xc c:/devkitpro/devkitarm/bin/../lib/gcc/arm-none-eabi/4.7.1/../../../../arm-none-eabi/lib/thumb\libstdc++.a(eh_arm.o)
                0x02019fc0                __cxa_end_cleanup
 .text.__cxa_type_match
                0x02019fcc       0xcc c:/devkitpro/devkitarm/bin/../lib/gcc/arm-none-eabi/4.7.1/../../../../arm-none-eabi/lib/thumb\libstdc++.a(eh_arm.o)
                0x02019fcc                __cxa_type_match
 .text.__cxa_begin_cleanup
                0x0201a098       0x64 c:/devkitpro/devkitarm/bin/../lib/gcc/arm-none-eabi/4.7.1/../../../../arm-none-eabi/lib/thumb\libstdc++.a(eh_arm.o)
                0x0201a098                __cxa_begin_cleanup
 .text.__gnu_end_cleanup
                0x0201a0fc       0x74 c:/devkitpro/devkitarm/bin/../lib/gcc/arm-none-eabi/4.7.1/../../../../arm-none-eabi/lib/thumb\libstdc++.a(eh_arm.o)
                0x0201a0fc                __gnu_end_cleanup
 .text._ZL23__gxx_exception_cleanup19_Unwind_Reason_CodeP21_Unwind_Control_Block
                0x0201a170       0x30 c:/devkitpro/devkitarm/bin/../lib/gcc/arm-none-eabi/4.7.1/../../../../arm-none-eabi/lib/thumb\libstdc++.a(eh_throw.o)
 .text.__cxa_throw
                0x0201a1a0       0x68 c:/devkitpro/devkitarm/bin/../lib/gcc/arm-none-eabi/4.7.1/../../../../arm-none-eabi/lib/thumb\libstdc++.a(eh_throw.o)
                0x0201a1a0                __cxa_throw
 .text.__cxa_rethrow
                0x0201a208       0x74 c:/devkitpro/devkitarm/bin/../lib/gcc/arm-none-eabi/4.7.1/../../../../arm-none-eabi/lib/thumb\libstdc++.a(eh_throw.o)
                0x0201a208                __cxa_rethrow
 .text.__cxa_pure_virtual
                0x0201a27c       0x14 c:/devkitpro/devkitarm/bin/../lib/gcc/arm-none-eabi/4.7.1/../../../../arm-none-eabi/lib/thumb\libstdc++.a(pure.o)
                0x0201a27c                __cxa_pure_virtual
 .text.__cxa_deleted_virtual
                0x0201a290       0x14 c:/devkitpro/devkitarm/bin/../lib/gcc/arm-none-eabi/4.7.1/../../../../arm-none-eabi/lib/thumb\libstdc++.a(pure.o)
                0x0201a290                __cxa_deleted_virtual
 .text.__cxa_get_globals_fast
                0x0201a2a4        0x8 c:/devkitpro/devkitarm/bin/../lib/gcc/arm-none-eabi/4.7.1/../../../../arm-none-eabi/lib/thumb\libstdc++.a(eh_globals.o)
                0x0201a2a4                __cxa_get_globals_fast
 .text.__cxa_get_globals
                0x0201a2ac        0x8 c:/devkitpro/devkitarm/bin/../lib/gcc/arm-none-eabi/4.7.1/../../../../arm-none-eabi/lib/thumb\libstdc++.a(eh_globals.o)
                0x0201a2ac                __cxa_get_globals
 .text.__cxa_get_exception_ptr
                0x0201a2b4        0x4 c:/devkitpro/devkitarm/bin/../lib/gcc/arm-none-eabi/4.7.1/../../../../arm-none-eabi/lib/thumb\libstdc++.a(eh_catch.o)
                0x0201a2b4                __cxa_get_exception_ptr
 .text.__cxa_begin_catch
                0x0201a2b8       0x88 c:/devkitpro/devkitarm/bin/../lib/gcc/arm-none-eabi/4.7.1/../../../../arm-none-eabi/lib/thumb\libstdc++.a(eh_catch.o)
                0x0201a2b8                __cxa_begin_catch
 .text.__cxa_end_catch
                0x0201a340       0x94 c:/devkitpro/devkitarm/bin/../lib/gcc/arm-none-eabi/4.7.1/../../../../arm-none-eabi/lib/thumb\libstdc++.a(eh_catch.o)
                0x0201a340                __cxa_end_catch
 .text._ZSt18uncaught_exceptionv
                0x0201a3d4       0x14 c:/devkitpro/devkitarm/bin/../lib/gcc/arm-none-eabi/4.7.1/../../../../arm-none-eabi/lib/thumb\libstdc++.a(eh_catch.o)
                0x0201a3d4                std::uncaught_exception()
 .text._ZNK10__cxxabiv120__si_class_type_info12__do_dyncastEiNS_17__class_type_info10__sub_kindEPKS1_PKvS4_S6_RNS1_16__dyncast_resultE
                0x0201a3e8       0x90 c:/devkitpro/devkitarm/bin/../lib/gcc/arm-none-eabi/4.7.1/../../../../arm-none-eabi/lib/thumb\libstdc++.a(si_class_type_info.o)
                0x0201a3e8                __cxxabiv1::__si_class_type_info::__do_dyncast(int, __cxxabiv1::__class_type_info::__sub_kind, __cxxabiv1::__class_type_info const*, void const*, __cxxabiv1::__class_type_info const*, void const*, __cxxabiv1::__class_type_info::__dyncast_result&) const
 .text._ZN10__cxxabiv120__si_class_type_infoD2Ev
                0x0201a478       0x1c c:/devkitpro/devkitarm/bin/../lib/gcc/arm-none-eabi/4.7.1/../../../../arm-none-eabi/lib/thumb\libstdc++.a(si_class_type_info.o)
                0x0201a478                __cxxabiv1::__si_class_type_info::~__si_class_type_info()
                0x0201a478                __cxxabiv1::__si_class_type_info::~__si_class_type_info()
 .text._ZN10__cxxabiv120__si_class_type_infoD0Ev
                0x0201a494       0x18 c:/devkitpro/devkitarm/bin/../lib/gcc/arm-none-eabi/4.7.1/../../../../arm-none-eabi/lib/thumb\libstdc++.a(si_class_type_info.o)
                0x0201a494                __cxxabiv1::__si_class_type_info::~__si_class_type_info()
 .text._ZNK10__cxxabiv120__si_class_type_info11__do_upcastEPKNS_17__class_type_infoEPKvRNS1_15__upcast_resultE
                0x0201a4ac       0x30 c:/devkitpro/devkitarm/bin/../lib/gcc/arm-none-eabi/4.7.1/../../../../arm-none-eabi/lib/thumb\libstdc++.a(si_class_type_info.o)
                0x0201a4ac                __cxxabiv1::__si_class_type_info::__do_upcast(__cxxabiv1::__class_type_info const*, void const*, __cxxabiv1::__class_type_info::__upcast_result&) const
 .text._ZNK10__cxxabiv120__si_class_type_info20__do_find_public_srcEiPKvPKNS_17__class_type_infoES2_
                0x0201a4dc       0x40 c:/devkitpro/devkitarm/bin/../lib/gcc/arm-none-eabi/4.7.1/../../../../arm-none-eabi/lib/thumb\libstdc++.a(si_class_type_info.o)
                0x0201a4dc                __cxxabiv1::__si_class_type_info::__do_find_public_src(int, void const*, __cxxabiv1::__class_type_info const*, void const*) const
 .text._ZNSt9type_infoD2Ev
                0x0201a51c        0xc c:/devkitpro/devkitarm/bin/../lib/gcc/arm-none-eabi/4.7.1/../../../../arm-none-eabi/lib/thumb\libstdc++.a(tinfo.o)
                0x0201a51c                std::type_info::~type_info()
                0x0201a51c                std::type_info::~type_info()
 .text._ZNKSt9type_info14__is_pointer_pEv
                0x0201a528        0x4 c:/devkitpro/devkitarm/bin/../lib/gcc/arm-none-eabi/4.7.1/../../../../arm-none-eabi/lib/thumb\libstdc++.a(tinfo.o)
                0x0201a528                std::type_info::__is_pointer_p() const
 .text._ZNKSt9type_info15__is_function_pEv
                0x0201a52c        0x4 c:/devkitpro/devkitarm/bin/../lib/gcc/arm-none-eabi/4.7.1/../../../../arm-none-eabi/lib/thumb\libstdc++.a(tinfo.o)
                0x0201a52c                std::type_info::__is_function_p() const
 .text._ZNKSt9type_info11__do_upcastEPKN10__cxxabiv117__class_type_infoEPPv
                0x0201a530        0x4 c:/devkitpro/devkitarm/bin/../lib/gcc/arm-none-eabi/4.7.1/../../../../arm-none-eabi/lib/thumb\libstdc++.a(tinfo.o)
                0x0201a530                std::type_info::__do_upcast(__cxxabiv1::__class_type_info const*, void**) const
 .text._ZNSt9type_infoD0Ev
                0x0201a534       0x1c c:/devkitpro/devkitarm/bin/../lib/gcc/arm-none-eabi/4.7.1/../../../../arm-none-eabi/lib/thumb\libstdc++.a(tinfo.o)
                0x0201a534                std::type_info::~type_info()
 .text._ZNKSt9type_infoeqERKS_
                0x0201a550       0x30 c:/devkitpro/devkitarm/bin/../lib/gcc/arm-none-eabi/4.7.1/../../../../arm-none-eabi/lib/thumb\libstdc++.a(tinfo.o)
                0x0201a550                std::type_info::operator==(std::type_info const&) const
 .text._ZNKSt9type_info10__do_catchEPKS_PPvj
                0x0201a580        0xc c:/devkitpro/devkitarm/bin/../lib/gcc/arm-none-eabi/4.7.1/../../../../arm-none-eabi/lib/thumb\libstdc++.a(tinfo.o)
                0x0201a580                std::type_info::__do_catch(std::type_info const*, void**, unsigned int) const
 .text._ZN9__gnu_cxx27__verbose_terminate_handlerEv
                0x0201a58c      0x11c c:/devkitpro/devkitarm/bin/../lib/gcc/arm-none-eabi/4.7.1/../../../../arm-none-eabi/lib/thumb\libstdc++.a(vterminate.o)
                0x0201a58c                __gnu_cxx::__verbose_terminate_handler()
 .text.__cxa_current_exception_type
                0x0201a6a8       0x28 c:/devkitpro/devkitarm/bin/../lib/gcc/arm-none-eabi/4.7.1/../../../../arm-none-eabi/lib/thumb\libstdc++.a(eh_type.o)
                0x0201a6a8                __cxa_current_exception_type
 .text.__cxa_current_exception_type.stub
                0x0201a6d0      0x140 linker stubs
 *(.stub)
 *(.gnu.warning)
 *(.gnu.linkonce.t*)
 *(.glue_7)
 .glue_7        0x00000000        0x0 linker stubs
 *(.glue_7t)
 .glue_7t       0x00000000        0x0 linker stubs
                0x0201a810                . = ALIGN (0x4)

.vfp11_veneer   0x0201a820        0x0
 .vfp11_veneer  0x00000000        0x0 linker stubs

.v4_bx          0x0201a820        0x0
 .v4_bx         0x00000000        0x0 linker stubs

.iplt           0x0201a820        0x0
 .iplt          0x00000000        0x0 c:/devkitpro/devkitarm/bin/../lib/gcc/arm-none-eabi/4.7.1/../../../../arm-none-eabi/lib/thumb/ds_arm9_crt0.o

.fini           0x0201a820        0xc
 *(.fini)
 .fini          0x0201a820        0x4 c:/devkitpro/devkitarm/bin/../lib/gcc/arm-none-eabi/4.7.1/thumb/crti.o
                0x0201a820                _fini
 .fini          0x0201a824        0x8 c:/devkitpro/devkitarm/bin/../lib/gcc/arm-none-eabi/4.7.1/thumb/crtn.o
                0x0201a82c                __text_end = .

.rodata         0x0201a830   0x1ea34c
 *(.rodata)
 .rodata        0x0201a830   0x19837c soundbank.bin.o
                0x0201a830                soundbank_bin
                0x021b2ba8                soundbank_bin_size
                0x021b2ba8                soundbank_bin_end
 *fill*         0x021b2bac        0x4 ff
 .rodata        0x021b2bb0       0xc0 Blocks.o
                0x021b2bb0                vtable for Door
                0x021b2bd0                vtable for Podium
                0x021b2bf0                vtable for Triggerable
                0x021b2c10                vtable for Actuator
                0x021b2c30                vtable for Latch
                0x021b2c50                vtable for Plate
 .rodata        0x021b2c70       0x60 ClassDefinitions.o
                0x021b2c70                vtable for Level
                0x021b2c98                vtable for Entity
                0x021b2cb0                vtable for Block
 .rodata        0x021b2cd0       0x60 Entities.o
                0x021b2cd0                vtable for Player
                0x021b2ce8                vtable for Mob
                0x021b2d00                vtable for Skeleton
                0x021b2d18                vtable for Rock
 .rodata        0x021b2d30      0x1d0 Levels.o
                0x021b2d30                vtable for Level1
                0x021b2d58                vtable for Level2
                0x021b2d80                vtable for Level3
                0x021b2da8                vtable for Level4
                0x021b2dd0                vtable for Level5
                0x021b2df8                vtable for Level6
                0x021b2e20                vtable for LevelMainMenu
                0x021b2e48                vtable for LevelWinLevel
 .rodata        0x021b2f00     0xc200 Controls.o
                0x021b2f00                ControlsPal
                0x021b3100                ControlsBitmap
 .rodata        0x021bf100     0xc200 EndImage.o
                0x021bf100                EndImagePal
                0x021bf300                EndImageBitmap
 .rodata        0x021cb300      0x200 Level2.o
                0x021cb300                Level2Bitmap
 .rodata        0x021cb500      0x200 Level3.o
                0x021cb500                Level3Bitmap
 .rodata        0x021cb700      0x200 Level4.o
                0x021cb700                Level4Bitmap
 .rodata        0x021cb900      0x200 Level5.o
                0x021cb900                Level5Bitmap
 .rodata        0x021cbb00      0x200 Level6.o
                0x021cbb00                Level6Bitmap
 .rodata        0x021cbd00       0x60 LevelMainMenu.o
                0x021cbd00                LevelMainMenuBitmap
 .rodata        0x021cbd60      0x100 LevelOne.o
                0x021cbd60                LevelOneBitmap
 .rodata        0x021cbe60      0x100 LevelTest.o
                0x021cbe60                LevelTestBitmap
 .rodata        0x021cbf60     0xc200 MenuImage.o
                0x021cbf60                MenuImagePal
                0x021cc160                MenuImageBitmap
 .rodata        0x021d8160     0x8200 Sprites.o
                0x021d8160                SpritesPal
                0x021d8360                SpritesTiles
 .rodata        0x021e0360    0x10200 Tileset.o
                0x021e0360                TilesetPal
                0x021e0560                TilesetTiles
 .rodata        0x021f0560     0xc200 Wall.o
                0x021f0560                WallPal
                0x021f0760                WallBitmap
 .rodata        0x021fc760       0x60 WinLevel.o
                0x021fc760                WinLevelBitmap
 .rodata        0x021fc7c0      0x308 c:/devkitPro/libnds/lib\libnds9.a(trig.o)
                0x021fc7c0                SIN_LUT
                0x021fc8c4                TAN_LUT
 .rodata        0x021fcac8      0x200 c:/devkitPro/libnds/lib\libnds9.a(console.o)
 .rodata        0x021fccc8     0x2004 c:/devkitPro/libnds/lib\libnds9.a(default_font.bin.o)
                0x021fccc8                default_font_bin
                0x021fecc8                default_font_bin_size
                0x021fecc8                default_font_bin_end
 .rodata        0x021feccc      0xf7c c:/devkitpro/devkitarm/bin/../lib/gcc/arm-none-eabi/4.7.1/../../../../arm-none-eabi/lib/thumb\libstdc++.a(cp-demangle.o)
 .rodata        0x021ffc48       0x14 c:/devkitpro/devkitarm/bin/../lib/gcc/arm-none-eabi/4.7.1/thumb\libgcc.a(unwind-arm.o)
 .rodata        0x021ffc5c        0x4 c:/devkitpro/devkitarm/bin/../lib/gcc/arm-none-eabi/4.7.1/../../../../arm-none-eabi/lib/thumb\libg.a(lib_a-impure.o)
                0x021ffc5c                _global_impure_ptr
 .rodata        0x021ffc60      0x340 c:/devkitpro/devkitarm/bin/../lib/gcc/arm-none-eabi/4.7.1/../../../../arm-none-eabi/lib/thumb\libg.a(lib_a-svfiscanf.o)
 .rodata        0x021fffa0      0x184 c:/devkitpro/devkitarm/bin/../lib/gcc/arm-none-eabi/4.7.1/../../../../arm-none-eabi/lib/thumb\libg.a(lib_a-svfprintf.o)
 .rodata        0x02200124      0x184 c:/devkitpro/devkitarm/bin/../lib/gcc/arm-none-eabi/4.7.1/../../../../arm-none-eabi/lib/thumb\libg.a(lib_a-vfiprintf.o)
 .rodata        0x022002a8      0x104 c:/devkitpro/devkitarm/bin/../lib/gcc/arm-none-eabi/4.7.1/../../../../arm-none-eabi/lib/thumb\libg.a(lib_a-ctype_.o)
                0x022002a8                _ctype_
 .rodata        0x022003ac     0x34f0 c:/devkitpro/devkitarm/bin/../lib/gcc/arm-none-eabi/4.7.1/../../../../arm-none-eabi/lib/thumb\libg.a(lib_a-jp2uc.o)
 .rodata        0x0220389c       0xf0 c:/devkitpro/devkitarm/bin/../lib/gcc/arm-none-eabi/4.7.1/../../../../arm-none-eabi/lib/thumb\libg.a(lib_a-locale.o)
 .rodata        0x0220398c       0xa8 c:/devkitpro/devkitarm/bin/../lib/gcc/arm-none-eabi/4.7.1/../../../../arm-none-eabi/lib/thumb\libg.a(lib_a-mbtowc_r.o)
 *fill*         0x02203a34        0x4 ff
 .rodata        0x02203a38      0x128 c:/devkitpro/devkitarm/bin/../lib/gcc/arm-none-eabi/4.7.1/../../../../arm-none-eabi/lib/thumb\libg.a(lib_a-mprec.o)
                0x02203a48                __mprec_tens
                0x02203b10                __mprec_tinytens
                0x02203b38                __mprec_bigtens
 .rodata        0x02203b60      0x184 c:/devkitpro/devkitarm/bin/../lib/gcc/arm-none-eabi/4.7.1/../../../../arm-none-eabi/lib/thumb\libg.a(lib_a-svfiprintf.o)
 .rodata        0x02203ce4       0x64 c:/devkitpro/devkitarm/bin/../lib/gcc/arm-none-eabi/4.7.1/../../../../arm-none-eabi/lib/thumb\libsysbase.a(iosupport.o)
                0x02203ce4                dotab_stdnull
 *all.rodata*(*)
 *(.roda)
 *(.rodata.*)
 .rodata._ZTV4Wall
                0x02203d48       0x20 Blocks.o
                0x02203d48                vtable for Wall
 .rodata._ZTV5Floor
                0x02203d68       0x20 Blocks.o
                0x02203d68                vtable for Floor
 .rodata.str1.4
                0x02203d88       0x2f Blocks.o
                                 0x30 (size before relaxing)
 *fill*         0x02203db7        0x1 ff
 .rodata.str1.4
                0x02203db8       0xaa ClassDefinitions.o
                                 0xac (size before relaxing)
 *fill*         0x02203e62        0x2 ff
 .rodata.str1.4
                0x02203e64       0x2b Entities.o
                                 0x2c (size before relaxing)
 *fill*         0x02203e8f        0x1 ff
 .rodata.str1.4
                0x02203e90        0xe main.o
                                 0x10 (size before relaxing)
 *fill*         0x02203e9e        0x2 ff
 .rodata.str1.4
                0x02203ea0       0x44 c:/devkitPro/libnds/lib\libnds9.a(sassert.o)
 .rodata.str1.4
                0x02203ee4       0x49 c:/devkitPro/libnds/lib\libnds9.a(console.o)
                                 0x4c (size before relaxing)
 *fill*         0x02203f2d        0x3 ff
 .rodata._ZL28read_encoded_value_with_basehjPKhPj
                0x02203f30       0x34 c:/devkitpro/devkitarm/bin/../lib/gcc/arm-none-eabi/4.7.1/../../../../arm-none-eabi/lib/thumb\libstdc++.a(eh_personality.o)
 *fill*         0x02203f64        0x4 ff
 .rodata._ZTVN10__cxxabiv115__forced_unwindE
                0x02203f68       0x18 c:/devkitpro/devkitarm/bin/../lib/gcc/arm-none-eabi/4.7.1/../../../../arm-none-eabi/lib/thumb\libstdc++.a(eh_exception.o)
                0x02203f68                vtable for __cxxabiv1::__forced_unwind
 .rodata._ZTVSt9exception
                0x02203f80       0x18 c:/devkitpro/devkitarm/bin/../lib/gcc/arm-none-eabi/4.7.1/../../../../arm-none-eabi/lib/thumb\libstdc++.a(eh_exception.o)
                0x02203f80                vtable for std::exception
 .rodata._ZTIN10__cxxabiv115__forced_unwindE
                0x02203f98        0x8 c:/devkitpro/devkitarm/bin/../lib/gcc/arm-none-eabi/4.7.1/../../../../arm-none-eabi/lib/thumb\libstdc++.a(eh_exception.o)
                0x02203f98                typeinfo for __cxxabiv1::__forced_unwind
 .rodata._ZTISt9exception
                0x02203fa0        0x8 c:/devkitpro/devkitarm/bin/../lib/gcc/arm-none-eabi/4.7.1/../../../../arm-none-eabi/lib/thumb\libstdc++.a(eh_exception.o)
                0x02203fa0                typeinfo for std::exception
 .rodata._ZTSSt13bad_exception
                0x02203fa8       0x14 c:/devkitpro/devkitarm/bin/../lib/gcc/arm-none-eabi/4.7.1/../../../../arm-none-eabi/lib/thumb\libstdc++.a(eh_exception.o)
                0x02203fa8                typeinfo name for std::bad_exception
 .rodata.str1.4
                0x02203fbc       0x23 c:/devkitpro/devkitarm/bin/../lib/gcc/arm-none-eabi/4.7.1/../../../../arm-none-eabi/lib/thumb\libstdc++.a(eh_exception.o)
                                 0x24 (size before relaxing)
 *fill*         0x02203fdf        0x1 ff
 .rodata._ZTSN10__cxxabiv119__foreign_exceptionE
                0x02203fe0       0x24 c:/devkitpro/devkitarm/bin/../lib/gcc/arm-none-eabi/4.7.1/../../../../arm-none-eabi/lib/thumb\libstdc++.a(eh_exception.o)
                0x02203fe0                typeinfo name for __cxxabiv1::__foreign_exception
 .rodata._ZTIN10__cxxabiv119__foreign_exceptionE
                0x02204004        0x8 c:/devkitpro/devkitarm/bin/../lib/gcc/arm-none-eabi/4.7.1/../../../../arm-none-eabi/lib/thumb\libstdc++.a(eh_exception.o)
                0x02204004                typeinfo for __cxxabiv1::__foreign_exception
 *fill*         0x0220400c        0x4 ff
 .rodata._ZTVSt13bad_exception
                0x02204010       0x18 c:/devkitpro/devkitarm/bin/../lib/gcc/arm-none-eabi/4.7.1/../../../../arm-none-eabi/lib/thumb\libstdc++.a(eh_exception.o)
                0x02204010                vtable for std::bad_exception
 .rodata._ZTSSt9exception