Archive member included because of file (symbol)

c:/devkitPro/libnds/lib\libmm9.a(mm_comms.o)
                              ClassDefinitions.o (mmStart)
c:/devkitPro/libnds/lib\libmm9.a(mm_main9.o)
                              c:/devkitPro/libnds/lib\libmm9.a(mm_comms.o) (mmCallback)
c:/devkitPro/libnds/lib\libmm9.a(mm_memory.o)
                              ClassDefinitions.o (mmLoad)
c:/devkitPro/libnds/lib\libmm9.a(mm_soundbank.o)
                              c:/devkitPro/libnds/lib\libmm9.a(mm_main9.o) (mmSoundBankInMemory)
c:/devkitPro/libnds/lib\libmm9.a(mm_flusher.o)
                              c:/devkitPro/libnds/lib\libmm9.a(mm_memory.o) (mmFlushBank)
c:/devkitPro/libnds/lib\libnds9.a(console.o)
                              main.o (consoleDemoInit)
c:/devkitPro/libnds/lib\libnds9.a(keys.o)
                              ClassDefinitions.o (scanKeys)
c:/devkitPro/libnds/lib\libnds9.a(sprite.o)
                              ClassDefinitions.o (oamInit)
c:/devkitPro/libnds/lib\libnds9.a(sprite_alloc.o)
                              c:/devkitPro/libnds/lib\libnds9.a(sprite.o) (oamAllocReset)
c:/devkitPro/libnds/lib\libnds9.a(touch.o)
                              ClassDefinitions.o (touchRead)
c:/devkitPro/libnds/lib\libnds9.a(trig.o)
                              c:/devkitPro/libnds/lib\libnds9.a(sprite.o) (sinLerp)
c:/devkitPro/libnds/lib\libnds9.a(initSystem.o)
                              c:/devkitpro/devkitarm/bin/../lib/gcc/arm-none-eabi/4.7.1/../../../../arm-none-eabi/lib/thumb/ds_arm9_crt0.o (initSystem)
c:/devkitPro/libnds/lib\libnds9.a(fifosystem.o)
                              c:/devkitPro/libnds/lib\libnds9.a(initSystem.o) (fifoSendValue32)
c:/devkitPro/libnds/lib\libnds9.a(interrupts.o)
                              c:/devkitPro/libnds/lib\libnds9.a(fifosystem.o) (irqSet)
c:/devkitPro/libnds/lib\libnds9.a(libnds_exit.arm.o)
                              c:/devkitpro/devkitarm/bin/../lib/gcc/arm-none-eabi/4.7.1/../../../../arm-none-eabi/lib/thumb/ds_arm9_crt0.o (__libnds_exit)
c:/devkitPro/libnds/lib\libnds9.a(dcache.o)
                              c:/devkitPro/libnds/lib\libnds9.a(sprite.o) (DC_FlushRange)
c:/devkitPro/libnds/lib\libnds9.a(mpu_setup.o)
                              c:/devkitpro/devkitarm/bin/../lib/gcc/arm-none-eabi/4.7.1/../../../../arm-none-eabi/lib/thumb/ds_arm9_crt0.o (__libnds_mpu_setup)
c:/devkitPro/libnds/lib\libnds9.a(biosCalls.o)
                              c:/devkitPro/libnds/lib\libnds9.a(fifosystem.o) (swiIntrWait)
c:/devkitPro/libnds/lib\libnds9.a(debugprint.o)
                              c:/devkitPro/libnds/lib\libnds9.a(console.o) (nocashWrite)
c:/devkitPro/libnds/lib\libnds9.a(interruptDispatcher.o)
                              c:/devkitPro/libnds/lib\libnds9.a(interrupts.o) (IntrMain)
c:/devkitPro/libnds/lib\libnds9.a(swiSoftReset.o)
                              c:/devkitPro/libnds/lib\libnds9.a(fifosystem.o) (swiSoftReset)
c:/devkitPro/libnds/lib\libnds9.a(default_font.bin.o)
                              c:/devkitPro/libnds/lib\libnds9.a(console.o) (default_font_bin)
c:/devkitPro/libnds/lib\libnds9.a(background.o)
                              c:/devkitPro/libnds/lib\libnds9.a(console.o) (bgState)
c:/devkitPro/libnds/lib\libnds9.a(system.o)
                              c:/devkitPro/libnds/lib\libnds9.a(initSystem.o) (systemMsgHandler)
c:/devkitPro/libnds/lib\libnds9.a(video.o)
                              c:/devkitPro/libnds/lib\libnds9.a(initSystem.o) (vramDefault)
c:/devkitpro/devkitarm/bin/../lib/gcc/arm-none-eabi/4.7.1/../../../../arm-none-eabi/lib/thumb\libstdc++.a(new_op.o)
                              Blocks.o (operator new(unsigned int))
c:/devkitpro/devkitarm/bin/../lib/gcc/arm-none-eabi/4.7.1/../../../../arm-none-eabi/lib/thumb\libstdc++.a(eh_call.o)
                              c:/devkitpro/devkitarm/bin/../lib/gcc/arm-none-eabi/4.7.1/../../../../arm-none-eabi/lib/thumb\libstdc++.a(new_op.o) (__cxa_call_unexpected)
c:/devkitpro/devkitarm/bin/../lib/gcc/arm-none-eabi/4.7.1/../../../../arm-none-eabi/lib/thumb\libstdc++.a(eh_personality.o)
                              c:/devkitpro/devkitarm/bin/../lib/gcc/arm-none-eabi/4.7.1/../../../../arm-none-eabi/lib/thumb\libstdc++.a(new_op.o) (__gxx_personality_v0)
c:/devkitpro/devkitarm/bin/../lib/gcc/arm-none-eabi/4.7.1/../../../../arm-none-eabi/lib/thumb\libstdc++.a(del_op.o)
                              ClassDefinitions.o (operator delete(void*))
c:/devkitpro/devkitarm/bin/../lib/gcc/arm-none-eabi/4.7.1/../../../../arm-none-eabi/lib/thumb\libstdc++.a(eh_terminate.o)
                              c:/devkitpro/devkitarm/bin/../lib/gcc/arm-none-eabi/4.7.1/../../../../arm-none-eabi/lib/thumb\libstdc++.a(eh_call.o) (__cxxabiv1::__terminate(void (*)()))
c:/devkitpro/devkitarm/bin/../lib/gcc/arm-none-eabi/4.7.1/../../../../arm-none-eabi/lib/thumb\libstdc++.a(eh_exception.o)
[...]
Memory Configuration

Name             Origin             Length             Attributes
rom              0x08000000         0x02000000
ewram            0x02000000         0x003ff000
dtcm             0x0b000000         0x00004000
vectors          0x01000000         0x00000100
itcm             0x01000100         0x00007f00
*default*        0x00000000         0xffffffff

Linker script and memory map

                0x01000000                __vectors_start = ORIGIN (vectors)
                0x01000100                __itcm_start = ORIGIN (itcm)
                0x023ff000                __ewram_end = (ORIGIN (ewram) + 0x3ff000)
                0x023ff000                __eheap_end = (ORIGIN (ewram) + 0x3ff000)
                0x0b000000                __dtcm_start = ORIGIN (dtcm)
                0x0b004000                __dtcm_top = (ORIGIN (dtcm) + 0x4000)
                0x0b003ff8                __irq_flags = (__dtcm_top - 0x8)
                0x0b003ffc                __irq_vector = (__dtcm_top - 0x4)
                0x0b003f00                __sp_svc = (__dtcm_top - 0x100)
                0x0b003e00                __sp_irq = (__sp_svc - 0x100)
                0x0b003d00                __sp_usr = (__sp_irq - 0x100)

.init           0x02000000      0x23c
                0x02000000                __text_start = .
 *(.init)
 .init          0x02000000      0x230 c:/devkitpro/devkitarm/bin/../lib/gcc/arm-none-eabi/4.7.1/../../../../arm-none-eabi/lib/thumb/ds_arm9_crt0.o
                0x02000000                _start
 .init          0x02000230        0x4 c:/devkitpro/devkitarm/bin/../lib/gcc/arm-none-eabi/4.7.1/thumb/crti.o
                0x02000230                _init
 .init          0x02000234        0x8 c:/devkitpro/devkitarm/bin/../lib/gcc/arm-none-eabi/4.7.1/thumb/crtn.o
                0x0200023c                . = ALIGN (0x4)

.plt
 *(.plt)

.text           0x02000240    0x18c10
 *(EXCLUDE_FILE(*.itcm*) .text)
 .text          0x02000240        0x0 c:/devkitpro/devkitarm/bin/../lib/gcc/arm-none-eabi/4.7.1/../../../../arm-none-eabi/lib/thumb/ds_arm9_crt0.o
 .text          0x02000240        0x0 c:/devkitpro/devkitarm/bin/../lib/gcc/arm-none-eabi/4.7.1/thumb/crti.o
 .text          0x02000240       0xd0 c:/devkitpro/devkitarm/bin/../lib/gcc/arm-none-eabi/4.7.1/thumb/crtbegin.o
 .text          0x02000310        0x0 soundbank.bin.o
 .text          0x02000310      0x14c Blocks.o
                0x02000310                Door::useOn(Item*, Entity*)
                0x02000364                Wall::Wall()
                0x02000364                Wall::Wall()
                0x02000384                Floor::Floor()
                0x02000384                Floor::Floor()
                0x020003a0                Door::Door()
                0x020003a0                Door::Door()
                0x020003c8                Door::linkToBlock(int, int)
                0x020003f8                Door::linkToLevel(Level*)
                0x02000408                BlockFactory::makeWall(unsigned short)
                0x02000424                BlockFactory::makeFloor(unsigned short)
                0x02000440                BlockFactory::makeDoor(unsigned short)
 .text          0x0200045c      0x9e0 ClassDefinitions.o
                0x0200045c                Entity::useOn(Item*, Entity*)
                0x02000460                Block::onLoad(int, int)
                0x02000468                Block::onEnter(Entity*)
                0x0200046c                Block::onUnload()
                0x0200047c                Level::onUnload()
                0x020004c8                Block::tick()
                0x020004dc                Block::useOn(Item*, Entity*)
                0x020004f0                Level::~Level()
                0x020004f0                Level::~Level()
                0x0200050c                Level::~Level()
                0x02000520                Sprite::Sprite()
                0x02000520                Sprite::Sprite()
                0x02000544                Sprite::writeOam()
                0x020005b0                Sprite::setAnimFrame(unsigned char)
                0x020005b4                Sprite::setGfxBase(int)
                0x020005c8                Sprite::setSpriteEntry(unsigned char)
                0x020005cc                Item::getAtt()
                0x020005d0                Item::getDef()
                0x020005d4                Item::Item(unsigned char, unsigned char)
                0x020005d4                Item::Item(unsigned char, unsigned char)
                0x020005dc                Item::Item()
                0x020005dc                Item::Item()
                0x020005e4                Entity::Entity()
                0x020005e4                Entity::Entity()
                0x0200061c                Entity::loadCommon()
                0x02000674                Entity::onLoad()
                0x02000684                Entity::calcSprite()
                0x020006e0                Entity::tick()
                0x020006f8                Entity::calcGrid()
                0x0200070c                Block::Block()
                0x0200070c                Block::Block()
                0x02000724                Block::getTileIndex()
                0x02000728                Block::setEntity(Entity*)
                0x02000748                Block::setTileIndex(unsigned short)
                0x0200074c                Level::loadCommon()
                0x020007b8                Level::drawLevel()
                0x020008a8                Level::tick()
                0x02000a34                Level::getOamEntry()
                0x02000a48                Level::isPlayer(Entity*)
                0x02000a54                Level::getBlock(int, int)
                0x02000a7c                Entity::translate(int, int)
                0x02000ae4                Level::testSolid(int, int)
                0x02000af0                SoundManager::SoundManager()
                0x02000af0                SoundManager::SoundManager()
                0x02000b68                SoundManager::playBGM(unsigned char, bool)
                0x02000b9c                SoundManager::stopBGM()
                0x02000bb4                SoundManager::setBGMVol(unsigned int)
                0x02000bc8                SoundManager::setBGMTempo(unsigned int)
                0x02000bec                SoundManager::playSFX(unsigned char, unsigned int)
                0x02000c0c                Level::onLoad()
                0x02000c90                Game::Game()
                0x02000c90                Game::Game()
                0x02000d08                Game::loadLevel(Level*)
                0x02000d48                Game::setLevel(Level*)
                0x02000d54                Game::mainLoop()
                0x02000d9c                Level::initBlocks()
 .text          0x02000e3c      0x520 Entities.o
                0x02000e3c                Mob::useOn(Item*, Entity*)
                0x02000e94                Mob::onLoad()
                0x02000eb8                Player::onLoad()
                0x02000ee0                Player::tick()
                0x02001144                Mob::move(int)
                0x020012b0                Mob::moveIdle()
                0x020012e4                Mob::tick()
 .text          0x0200135c        0x0 Items.o
 .text          0x0200135c      0x3e0 Levels.o
                0x0200135c                LevelMainMenu::onLoad()
                0x0200143c                Level1::onLoad()
                0x02001548                LevelMainMenu::initBlocks()
                0x02001664                Level1::initBlocks()
 .text          0x0200173c        0x0 main.o
 .text          0x0200173c        0x0 LevelMainMenu.o
 .text          0x0200173c        0x0 LevelTest.o
 .text          0x0200173c        0x0 Sprites.o
 .text          0x0200173c        0x0 Tileset.o
 .text          0x0200173c      0x24c c:/devkitPro/libnds/lib\libmm9.a(mm_comms.o)
                0x0200173c                mmSetupComms
                0x0200178e                mmSendBank
                0x02001798                mmLockChannels
                0x0200179e                mmUnlockChannels
                0x020017a4                mmStart
                0x020017ae                mmPause
                0x020017b2                mmResume
                0x020017b6                mmStop
                0x020017ba                mmPosition
                0x020017be                mmJingle
                0x020017c2                mmSetModuleVolume
                0x020017c6                mmSetJingleVolume
                0x020017ca                mmSetModuleTempo
                0x020017ce                mmSetModulePitch
                0x020017d2                mmSetEffectsVolume
                0x020017d6                mmSelectMode
                0x020017da                mmStreamBegin
                0x020017ee                mmStreamEnd
                0x02001844                mmEffect
                0x02001868                mmEffectVolume
                0x0200186c                mmEffectPanning
                0x02001870                mmEffectRate
                0x0200187a                mmEffectScaleRate
                0x02001884                mmEffectRelease
                0x0200188a                mmEffectCancel
                0x02001890                mmEffectEx
                0x020018ce                mmEffectCancelAll
                0x020018d2                mmReverbEnable
                0x020018d6                mmReverbDisable
                0x020018da                mmReverbConfigure
                0x02001936                mmReverbStart
                0x0200193a                mmReverbStop
 .text          0x02001988      0x108 c:/devkitPro/libnds/lib\libmm9.a(mm_main9.o)
                0x02001988                mmActive
                0x0200198e                mmSetEventHandler
                0x02001994                mmInit
                0x020019be                mmInitDefault
                0x02001a08                mmInitDefaultMem
                0x02001a2a                mmSuspendIRQ_t
                0x02001a48                mmRestoreIRQ_t
 .text          0x02001a90      0x120 c:/devkitPro/libnds/lib\libmm9.a(mm_memory.o)
                0x02001a90                mmLoad
                0x02001ae0                mmUnload
                0x02001b38                mmLoadEffect
                0x02001b70                mmUnloadEffect
 .text          0x02001bb0      0x100 c:/devkitPro/libnds/lib\libmm9.a(mm_soundbank.o)
                0x02001bb0                mmSoundBankInMemory
                0x02001bb8                mmSoundBankInFiles
                0x02001bca                mmSetCustomSoundBankHandler
                0x02001bf6                mmsHandleFileOp
 .text          0x02001cb0       0x3c c:/devkitPro/libnds/lib\libmm9.a(mm_flusher.o)
                0x02001cb0                mmFlushBank
 .text          0x02001cec      0xa4c c:/devkitPro/libnds/lib\libnds9.a(console.o)
                0x02001d8c                nocash_write
                0x02001d9c                consoleGetDefault
                0x02001da8                consoleSelect
                0x02001db8                consoleDebugInit
                0x02001e08                consolePrintChar
                0x02001fd4                consoleLoadFont
                0x0200225c                consoleSetFont
                0x0200227c                consoleInit
                0x020023e4                consoleDemoInit
                0x02002428                con_write
                0x02002704                consoleClear
                0x02002714                consoleSetWindow
 .text          0x02002738       0xf4 c:/devkitPro/libnds/lib\libnds9.a(keys.o)
                0x02002738                scanKeys
                0x020027a4                keysHeld
                0x020027b0                keysDown
                0x020027c0                keysDownRepeat
                0x020027d0                keysSetRepeat
                0x020027e8                keysUp
                0x020027f8                keysCurrent
 .text          0x0200282c      0x3f4 c:/devkitPro/libnds/lib\libnds9.a(sprite.o)
                0x0200282c                oamInit
                0x02002940                oamDisable
                0x02002970                oamEnable
                0x02002994                oamGetGfxPtr
                0x020029c8                oamClear
                0x020029f0                oamGfxPtrToOffset
                0x02002a24                oamSet
                0x02002b74                oamUpdate
                0x02002bd4                oamRotateScale
 .text          0x02002c20      0x450 c:/devkitPro/libnds/lib\libnds9.a(sprite_alloc.o)
                0x02002c50                oamAllocReset
                0x02002c84                oamAllocateGfx
                0x02002e88                oamFreeGfx
                0x02003024                oamCountFragments
 .text          0x02003070       0x4c c:/devkitPro/libnds/lib\libnds9.a(touch.o)
                0x02003070                touchRead
                0x02003098                touchReadXY
 .text          0x020030bc      0x244 c:/devkitPro/libnds/lib\libnds9.a(trig.o)
                0x020030bc                asinComp
                0x020030e4                sinLutLookup
                0x02003120                sinLerp
                0x02003158                cosLerp
                0x0200316c                tanLutLookup
                0x020031a4                tanLerp
                0x02003248                asinLerp
                0x020032c4                acosLerp
                0x020032d8                atanComp
 .text          0x02003300      0x140 c:/devkitPro/libnds/lib\libnds9.a(initSystem.o)
                0x02003300                initSystem
 .text          0x02003440      0xc58 c:/devkitPro/libnds/lib\libnds9.a(fifosystem.o)
                0x02003694                fifoSendAddress
                0x020036c0                fifoSendValue32
                0x02003700                fifoSendDatamsg
                0x02003770                fifoGetAddress
                0x020037e8                fifoSetAddressHandler
                0x0200385c                fifoGetValue32
                0x020038d0                fifoSetValue32Handler
                0x02003944                fifoGetDatamsg
                0x02003dc8                fifoSetDatamsgHandler
                0x02003e60                fifoCheckAddress
                0x02003e84                fifoCheckDatamsg
                0x02003ea8                fifoCheckValue32
                0x02003ecc                fifoInit
 .text          0x02004098      0x1ec c:/devkitPro/libnds/lib\libnds9.a(interrupts.o)
                0x02004098                irqDummy
                0x0200409c                irqSet
                0x02004108                irqInit
                0x02004154                irqInitHandler
                0x02004184                irqEnable
                0x020041e8                irqDisable
                0x0200424c                irqClear
 .text          0x02004284       0x58 c:/devkitPro/libnds/lib\libnds9.a(libnds_exit.arm.o)
                0x02004284                systemErrorExit
                0x02004288                __libnds_exit
 .text          0x020042dc       0x70 c:/devkitPro/libnds/lib\libnds9.a(dcache.o)
                0x020042dc                DC_FlushAll
                0x02004308                DC_FlushRange
                0x02004324                DC_InvalidateAll
                0x02004330                DC_InvalidateRange
 .text          0x0200434c      0x1b4 c:/devkitPro/libnds/lib\libnds9.a(mpu_setup.o)
                0x0200434c                __libnds_mpu_setup
                0x0200448c                memCached
                0x020044a4                memUncached
 .text          0x02004500       0x70 c:/devkitPro/libnds/lib\libnds9.a(biosCalls.o)
                0x02004500                swiDelay
                0x02004504                swiIntrWait
                0x02004508                swiWaitForVBlank
                0x0200450c                swiSleep
                0x02004510                swiChangeSoundBias
                0x02004514                swiDivide
                0x02004518                swiRemainder
                0x0200451e                swiDivMod
                0x0200452a                swiCopy
                0x0200452e                swiFastCopy
                0x02004532                swiSqrt
                0x02004536                swiCRC16
                0x0200453a                swiIsDebugger
                0x0200453e                swiUnpackBits
                0x02004542                swiDecompressLZSSWram
                0x02004546                swiDecompressLZSSVramNTR
                0x0200454a                swiDecompressLZSSVramTWL
                0x0200454e                swiDecompressHuffman
                0x02004552                swiDecompressRLEWram
                0x02004556                swiDecompressRLEVram
                0x0200455a                swiWaitForIRQ
                0x0200455e                swiDecodeDelta8
                0x02004562                swiDecodeDelta16
                0x02004566                swiSetHaltCR
 .text          0x02004570       0xa4 c:/devkitPro/libnds/lib\libnds9.a(debugprint.o)
                0x02004570                nocashWrite
                0x02004572                nocashMessage
 .text          0x02004614        0x0 c:/devkitPro/libnds/lib\libnds9.a(interruptDispatcher.o)
 *fill*         0x02004614        0xc ff
 .text          0x02004620       0x30 c:/devkitPro/libnds/lib\libnds9.a(swiSoftReset.o)
                0x02004620                swiSoftReset
 .text          0x02004650        0x0 c:/devkitPro/libnds/lib\libnds9.a(default_font.bin.o)
 .text          0x02004650      0x2e8 c:/devkitPro/libnds/lib\libnds9.a(background.o)
                0x02004650                bgIsText
                0x0200465c                checkIfText
                0x020046b4                bgUpdate
                0x020047a8                bgInit_call
                0x0200486c                bgInitSub_call
 .text          0x02004938      0x128 c:/devkitPro/libnds/lib\libnds9.a(system.o)
                0x02004938                setSDcallback
                0x02004944                systemMsgHandler
                0x02004988                systemSleep
                0x020049a0                systemValueHandler
                0x020049dc                powerOn
                0x02004a08                powerOff
                0x02004a30                ledBlink
                0x02004a40                getBatteryLevel
 .text          0x02004a60      0x1f8 c:/devkitPro/libnds/lib\libnds9.a(video.o)
                0x02004a60                vramSetPrimaryBanks
                0x02004aa4                vramSetMainBanks
                0x02004ae8                vramSetBanks_EFG
                0x02004b20                vramRestorePrimaryBanks
                0x02004b2c                vramRestoreMainBanks
                0x02004b38                vramRestoreBanks_EFG
                0x02004b44                setBrightness
                0x02004b84                vramDefault
 .text          0x02004c58        0x0 c:/devkitpro/devkitarm/bin/../lib/gcc/arm-none-eabi/4.7.1/../../../../arm-none-eabi/lib/thumb\libstdc++.a(new_op.o)
 .text          0x02004c58        0x0 c:/devkitpro/devkitarm/bin/../lib/gcc/arm-none-eabi/4.7.1/../../../../arm-none-eabi/lib/thumb\libstdc++.a(eh_call.o)
 .text          0x02004c58        0x0 c:/devkitpro/devkitarm/bin/../lib/gcc/arm-none-eabi/4.7.1/../../../../arm-none-eabi/lib/thumb\libstdc++.a(eh_personality.o)
 .text          0x02004c58        0x0 c:/devkitpro/devkitarm/bin/../lib/gcc/arm-none-eabi/4.7.1/../../../../arm-none-eabi/lib/thumb\libstdc++.a(del_op.o)
 .text          0x02004c58        0x0 c:/devkitpro/devkitarm/bin/../lib/gcc/arm-none-eabi/4.7.1/../../../../arm-none-eabi/lib/thumb\libstdc++.a(eh_terminate.o)
 .text          0x02004c58        0x0 c:/devkitpro/devkitarm/bin/../lib/gcc/arm-none-eabi/4.7.1/../../../../arm-none-eabi/lib/thumb\libstdc++.a(eh_exception.o)
 .text          0x02004c58        0x0 c:/devkitpro/devkitarm/bin/../lib/gcc/arm-none-eabi/4.7.1/../../../../arm-none-eabi/lib/thumb\libstdc++.a(eh_alloc.o)
 .text          0x02004c58        0x0 c:/devkitpro/devkitarm/bin/../lib/gcc/arm-none-eabi/4.7.1/../../../../arm-none-eabi/lib/thumb\libstdc++.a(bad_alloc.o)
 .text          0x02004c58        0x0 c:/devkitpro/devkitarm/bin/../lib/gcc/arm-none-eabi/4.7.1/../../../../arm-none-eabi/lib/thumb\libstdc++.a(class_type_info.o)
 .text          0x02004c58        0x0 c:/devkitpro/devkitarm/bin/../lib/gcc/arm-none-eabi/4.7.1/../../../../arm-none-eabi/lib/thumb\libstdc++.a(new_handler.o)
 .text          0x02004c58        0x0 c:/devkitpro/devkitarm/bin/../lib/gcc/arm-none-eabi/4.7.1/../../../../arm-none-eabi/lib/thumb\libstdc++.a(eh_arm.o)
 .text          0x02004c58        0x0 c:/devkitpro/devkitarm/bin/../lib/gcc/arm-none-eabi/4.7.1/../../../../arm-none-eabi/lib/thumb\libstdc++.a(eh_throw.o)
 .text          0x02004c58        0x0 c:/devkitpro/devkitarm/bin/../lib/gcc/arm-none-eabi/4.7.1/../../../../arm-none-eabi/lib/thumb\libstdc++.a(pure.o)
 .text          0x02004c58        0x0 c:/devkitpro/devkitarm/bin/../lib/gcc/arm-none-eabi/4.7.1/../../../../arm-none-eabi/lib/thumb\libstdc++.a(eh_globals.o)
 .text          0x02004c58        0x0 c:/devkitpro/devkitarm/bin/../lib/gcc/arm-none-eabi/4.7.1/../../../../arm-none-eabi/lib/thumb\libstdc++.a(eh_catch.o)
 .text          0x02004c58        0x0 c:/devkitpro/devkitarm/bin/../lib/gcc/arm-none-eabi/4.7.1/../../../../arm-none-eabi/lib/thumb\libstdc++.a(si_class_type_info.o)
 .text          0x02004c58        0x0 c:/devkitpro/devkitarm/bin/../lib/gcc/arm-none-eabi/4.7.1/../../../../arm-none-eabi/lib/thumb\libstdc++.a(eh_unex_handler.o)
 .text          0x02004c58        0x0 c:/devkitpro/devkitarm/bin/../lib/gcc/arm-none-eabi/4.7.1/../../../../arm-none-eabi/lib/thumb\libstdc++.a(tinfo.o)
 .text          0x02004c58        0x0 c:/devkitpro/devkitarm/bin/../lib/gcc/arm-none-eabi/4.7.1/../../../../arm-none-eabi/lib/thumb\libstdc++.a(eh_term_handler.o)
 .text          0x02004c58        0x0 c:/devkitpro/devkitarm/bin/../lib/gcc/arm-none-eabi/4.7.1/../../../../arm-none-eabi/lib/thumb\libstdc++.a(vterminate.o)
 .text          0x02004c58        0x0 c:/devkitpro/devkitarm/bin/../lib/gcc/arm-none-eabi/4.7.1/../../../../arm-none-eabi/lib/thumb\libstdc++.a(eh_type.o)
 .text          0x02004c58     0x5984 c:/devkitpro/devkitarm/bin/../lib/gcc/arm-none-eabi/4.7.1/../../../../arm-none-eabi/lib/thumb\libstdc++.a(cp-demangle.o)
                0x0200a4e8                __cxa_demangle
                0x0200a5b0                __gcclibcxx_demangle_callback
 .text          0x0200a5dc      0x11c c:/devkitpro/devkitarm/bin/../lib/gcc/arm-none-eabi/4.7.1/thumb\libgcc.a(_udivsi3.o)
                0x0200a5dc                __aeabi_uidiv
                0x0200a5dc                __udivsi3
                0x0200a6d8                __aeabi_uidivmod
 .text          0x0200a6f8      0x150 c:/devkitpro/devkitarm/bin/../lib/gcc/arm-none-eabi/4.7.1/thumb\libgcc.a(_divsi3.o)
                0x0200a6f8                __divsi3
                0x0200a6f8                __aeabi_idiv
                0x0200a828                __aeabi_idivmod
 .text          0x0200a848        0x4 c:/devkitpro/devkitarm/bin/../lib/gcc/arm-none-eabi/4.7.1/thumb\libgcc.a(_dvmd_tls.o)
                0x0200a848                __aeabi_idiv0
                0x0200a848                __aeabi_ldiv0
 .text          0x0200a84c      0xab4 c:/devkitpro/devkitarm/bin/../lib/gcc/arm-none-eabi/4.7.1/thumb\libgcc.a(unwind-arm.o)
                0x0200ab48                _Unwind_GetCFA
                0x0200ab4c                __gnu_Unwind_RaiseException
                0x0200abac                __gnu_Unwind_ForcedUnwind
                0x0200abc4                __gnu_Unwind_Resume
                0x0200ac0c                __gnu_Unwind_Resume_or_Rethrow
                0x0200ac2c                _Unwind_Complete
                0x0200ac30                _Unwind_DeleteException
                0x0200ac48                _Unwind_VRS_Get
                0x0200ac94                _Unwind_VRS_Set
                0x0200aff0                __aeabi_unwind_cpp_pr2
                0x0200b000                __aeabi_unwind_cpp_pr1
                0x0200b010                __aeabi_unwind_cpp_pr0
                0x0200b020                __gnu_Unwind_Backtrace
                0x0200b094                _Unwind_VRS_Pop
 .text          0x0200b300      0x1d8 c:/devkitpro/devkitarm/bin/../lib/gcc/arm-none-eabi/4.7.1/thumb\libgcc.a(libunwind.o)
                0x0200b300                __restore_core_regs
                0x0200b300                restore_core_regs
                0x0200b31c                __gnu_Unwind_Restore_VFP
                0x0200b324                __gnu_Unwind_Save_VFP
                0x0200b32c                __gnu_Unwind_Restore_VFP_D
                0x0200b334                __gnu_Unwind_Save_VFP_D
                0x0200b33c                __gnu_Unwind_Restore_VFP_D_16_to_31
                0x0200b344                __gnu_Unwind_Save_VFP_D_16_to_31
                0x0200b34c                __gnu_Unwind_Restore_WMMXD
                0x0200b390                __gnu_Unwind_Save_WMMXD
                0x0200b3d4                __gnu_Unwind_Restore_WMMXC
                0x0200b3e8                __gnu_Unwind_Save_WMMXC
                0x0200b3fc                ___Unwind_RaiseException
                0x0200b3fc                _Unwind_RaiseException
                0x0200b428                _Unwind_Resume
                0x0200b428                ___Unwind_Resume
                0x0200b454                _Unwind_Resume_or_Rethrow
                0x0200b454                ___Unwind_Resume_or_Rethrow
                0x0200b480                _Unwind_ForcedUnwind
                0x0200b480                ___Unwind_ForcedUnwind
                0x0200b4ac                ___Unwind_Backtrace
                0x0200b4ac                _Unwind_Backtrace
 .text          0x0200b4d8      0x3e0 c:/devkitpro/devkitarm/bin/../lib/gcc/arm-none-eabi/4.7.1/thumb\libgcc.a(pr-support.o)
                0x0200b534                __gnu_unwind_execute
                0x0200b854                __gnu_unwind_frame
                0x0200b880                _Unwind_GetRegionStart
                0x0200b890                _Unwind_GetLanguageSpecificData
                0x0200b8a8                _Unwind_GetDataRelBase
                0x0200b8b0                _Unwind_GetTextRelBase
 .text          0x0200b8b8       0x10 c:/devkitpro/devkitarm/bin/../lib/gcc/arm-none-eabi/4.7.1/../../../../arm-none-eabi/lib/thumb\libg.a(lib_a-abort.o)
                0x0200b8b8                abort
 .text          0x0200b8c8       0x64 c:/devkitpro/devkitarm/bin/../lib/gcc/arm-none-eabi/4.7.1/../../../../arm-none-eabi/lib/thumb\libg.a(lib_a-bsearch.o)
                0x0200b8c8                bsearch
 .text          0x0200b92c       0xb0 c:/devkitpro/devkitarm/bin/../lib/gcc/arm-none-eabi/4.7.1/../../../../arm-none-eabi/lib/thumb\libg.a(lib_a-fclose.o)
                0x0200b92c                _fclose_r
                0x0200b9c0                fclose
 .text          0x0200b9dc      0x1b8 c:/devkitpro/devkitarm/bin/../lib/gcc/arm-none-eabi/4.7.1/../../../../arm-none-eabi/lib/thumb\libg.a(lib_a-fflush.o)
                0x0200b9dc                __sflush_r
                0x0200bb34                _fflush_r
                0x0200bb64                fflush
 .text          0x0200bb94      0x1d8 c:/devkitpro/devkitarm/bin/../lib/gcc/arm-none-eabi/4.7.1/../../../../arm-none-eabi/lib/thumb\libg.a(lib_a-findfp.o)
                0x0200bb9c                _cleanup_r
                0x0200bbfc                __sfmoreglue
                0x0200bc2c                _cleanup
                0x0200bc40                __sinit
                0x0200bc94                __sfp
                0x0200bd24                __sfp_lock_acquire
                0x0200bd28                __sfp_lock_release
                0x0200bd2c                __sinit_lock_acquire
                0x0200bd30                __sinit_lock_release
                0x0200bd34                __fp_lock_all
                0x0200bd50                __fp_unlock_all
 .text          0x0200bd6c       0xa8 c:/devkitpro/devkitarm/bin/../lib/gcc/arm-none-eabi/4.7.1/../../../../arm-none-eabi/lib/thumb\libg.a(lib_a-fopen.o)
                0x0200bd6c                _fopen_r
                0x0200bdf8                fopen
 .text          0x0200be14       0x54 c:/devkitpro/devkitarm/bin/../lib/gcc/arm-none-eabi/4.7.1/../../../../arm-none-eabi/lib/thumb\libg.a(lib_a-fputc.o)
                0x0200be14                _fputc_r
                0x0200be3c                fputc
 .text          0x0200be68       0x78 c:/devkitpro/devkitarm/bin/../lib/gcc/arm-none-eabi/4.7.1/../../../../arm-none-eabi/lib/thumb\libg.a(lib_a-fputs.o)
                0x0200be68                _fputs_r
                0x0200bec4                fputs
 .text          0x0200bee0      0x190 c:/devkitpro/devkitarm/bin/../lib/gcc/arm-none-eabi/4.7.1/../../../../arm-none-eabi/lib/thumb\libg.a(lib_a-fread.o)
                0x0200bee0                _fread_r
                0x0200c048                fread
 .text          0x0200c070      0x238 c:/devkitpro/devkitarm/bin/../lib/gcc/arm-none-eabi/4.7.1/../../../../arm-none-eabi/lib/thumb\libg.a(lib_a-freer.o)
                0x0200c070                _malloc_trim_r
                0x0200c114                _free_r
 .text          0x0200c2a8      0x328 c:/devkitpro/devkitarm/bin/../lib/gcc/arm-none-eabi/4.7.1/../../../../arm-none-eabi/lib/thumb\libg.a(lib_a-fseek.o)
                0x0200c2a8                _fseek_r
                0x0200c5ac                fseek
 .text          0x0200c5d0      0x2fc c:/devkitpro/devkitarm/bin/../lib/gcc/arm-none-eabi/4.7.1/../../../../arm-none-eabi/lib/thumb\libg.a(lib_a-fvwrite.o)
                0x0200c5d0                __sfvwrite_r
 .text          0x0200c8cc       0xb4 c:/devkitpro/devkitarm/bin/../lib/gcc/arm-none-eabi/4.7.1/../../../../arm-none-eabi/lib/thumb\libg.a(lib_a-fwalk.o)
                0x0200c8cc                _fwalk
                0x0200c920                _fwalk_reent
 .text          0x0200c980       0x9c c:/devkitpro/devkitarm/bin/../lib/gcc/arm-none-eabi/4.7.1/../../../../arm-none-eabi/lib/thumb\libg.a(lib_a-fwrite.o)
                0x0200c980                _fwrite_r
                0x0200c9f4                fwrite
 .text          0x0200ca1c        0x0 c:/devkitpro/devkitarm/bin/../lib/gcc/arm-none-eabi/4.7.1/../../../../arm-none-eabi/lib/thumb\libg.a(lib_a-impure.o)
 .text          0x0200ca1c       0x54 c:/devkitpro/devkitarm/bin/../lib/gcc/arm-none-eabi/4.7.1/../../../../arm-none-eabi/lib/thumb\libg.a(lib_a-init.o)
                0x0200ca1c                __libc_init_array
 .text          0x0200ca70       0x40 c:/devkitpro/devkitarm/bin/../lib/gcc/arm-none-eabi/4.7.1/../../../../arm-none-eabi/lib/thumb\libg.a(lib_a-iprintf.o)
                0x0200ca70                iprintf
                0x0200ca94                _iprintf_r
 .text          0x0200cab0       0xe0 c:/devkitpro/devkitarm/bin/../lib/gcc/arm-none-eabi/4.7.1/../../../../arm-none-eabi/lib/thumb\libg.a(lib_a-makebuf.o)
                0x0200cab0                __smakebuf_r
 .text          0x0200cb90       0x30 c:/devkitpro/devkitarm/bin/../lib/gcc/arm-none-eabi/4.7.1/../../../../arm-none-eabi/lib/thumb\libg.a(lib_a-malloc.o)
                0x0200cb90                malloc
                0x0200cba8                free
 .text          0x0200cbc0      0x51c c:/devkitpro/devkitarm/bin/../lib/gcc/arm-none-eabi/4.7.1/../../../../arm-none-eabi/lib/thumb\libg.a(lib_a-mallocr.o)
                0x0200cbc0                _malloc_r
 .text          0x0200d0dc       0x98 c:/devkitpro/devkitarm/bin/../lib/gcc/arm-none-eabi/4.7.1/../../../../arm-none-eabi/lib/thumb\libg.a(lib_a-memchr-stub.o)
                0x0200d0dc                memchr
 .text          0x0200d174       0x60 c:/devkitpro/devkitarm/bin/../lib/gcc/arm-none-eabi/4.7.1/../../../../arm-none-eabi/lib/thumb\libg.a(lib_a-memcmp.o)
                0x0200d174                memcmp
 .text          0x0200d1d4       0x90 c:/devkitpro/devkitarm/bin/../lib/gcc/arm-none-eabi/4.7.1/../../../../arm-none-eabi/lib/thumb\libg.a(lib_a-memcpy-stub.o)
                0x0200d1d4                memcpy
 .text          0x0200d264       0xb0 c:/devkitpro/devkitarm/bin/../lib/gcc/arm-none-eabi/4.7.1/../../../../arm-none-eabi/lib/thumb\libg.a(lib_a-memmove.o)
                0x0200d264                memmove
 .text          0x0200d314       0x98 c:/devkitpro/devkitarm/bin/../lib/gcc/arm-none-eabi/4.7.1/../../../../arm-none-eabi/lib/thumb\libg.a(lib_a-memset.o)
                0x0200d314                memset
 .text          0x0200d3ac        0x8 c:/devkitpro/devkitarm/bin/../lib/gcc/arm-none-eabi/4.7.1/../../../../arm-none-eabi/lib/thumb\libg.a(lib_a-mlock.o)
                0x0200d3ac                __malloc_lock
                0x0200d3b0                __malloc_unlock
 .text          0x0200d3b4       0xc4 c:/devkitpro/devkitarm/bin/../lib/gcc/arm-none-eabi/4.7.1/../../../../arm-none-eabi/lib/thumb\libg.a(lib_a-putc.o)
                0x0200d3b4                _putc_r
                0x0200d414                putc
 .text          0x0200d478       0x1c c:/devkitpro/devkitarm/bin/../lib/gcc/arm-none-eabi/4.7.1/../../../../arm-none-eabi/lib/thumb\libg.a(lib_a-realloc.o)
                0x0200d478                realloc
 .text          0x0200d494      0x3e8 c:/devkitpro/devkitarm/bin/../lib/gcc/arm-none-eabi/4.7.1/../../../../arm-none-eabi/lib/thumb\libg.a(lib_a-reallocr.o)
                0x0200d494                _realloc_r
 .text          0x0200d87c      0x144 c:/devkitpro/devkitarm/bin/../lib/gcc/arm-none-eabi/4.7.1/../../../../arm-none-eabi/lib/thumb\libg.a(lib_a-refill.o)
                0x0200d89c                __srefill_r
 .text          0x0200d9c0      0x120 c:/devkitpro/devkitarm/bin/../lib/gcc/arm-none-eabi/4.7.1/../../../../arm-none-eabi/lib/thumb\libg.a(lib_a-setvbuf.o)
                0x0200d9c0                setvbuf
 .text          0x0200dae0      0x198 c:/devkitpro/devkitarm/bin/../lib/gcc/arm-none-eabi/4.7.1/../../../../arm-none-eabi/lib/thumb\libg.a(lib_a-signal.o)
                0x0200dae0                _init_signal_r
                0x0200db20                _signal_r
                0x0200db60                _raise_r
                0x0200dbc0                __sigtramp_r
                0x0200dc14                raise
                0x0200dc2c                signal
                0x0200dc48                _init_signal
                0x0200dc5c                __sigtramp
 .text          0x0200dc78       0xa0 c:/devkitpro/devkitarm/bin/../lib/gcc/arm-none-eabi/4.7.1/../../../../arm-none-eabi/lib/thumb\libg.a(lib_a-siscanf.o)
                0x0200dc78                siscanf
                0x0200dcc8                _siscanf_r
 .text          0x0200dd18       0x84 c:/devkitpro/devkitarm/bin/../lib/gcc/arm-none-eabi/4.7.1/../../../../arm-none-eabi/lib/thumb\libg.a(lib_a-sprintf.o)
                0x0200dd18                _sprintf_r
                0x0200dd58                sprintf
 .text          0x0200dd9c       0xac c:/devkitpro/devkitarm/bin/../lib/gcc/arm-none-eabi/4.7.1/../../../../arm-none-eabi/lib/thumb\libg.a(lib_a-stdio.o)
                0x0200dd9c                __sread
                0x0200ddc8                __seofread
                0x0200ddcc                __swrite
                0x0200de08                __sseek
                0x0200de38                __sclose
 .text          0x0200de48       0x14 c:/devkitpro/devkitarm/bin/../lib/gcc/arm-none-eabi/4.7.1/../../../../arm-none-eabi/lib/thumb\libg.a(lib_a-strcmp.o)
                0x0200de48                strcmp
 .text          0x0200de5c       0x10 c:/devkitpro/devkitarm/bin/../lib/gcc/arm-none-eabi/4.7.1/../../../../arm-none-eabi/lib/thumb\libg.a(lib_a-strlen.o)
                0x0200de5c                strlen
 .text          0x0200de6c       0xbc c:/devkitpro/devkitarm/bin/../lib/gcc/arm-none-eabi/4.7.1/../../../../arm-none-eabi/lib/thumb\libg.a(lib_a-strncmp.o)
                0x0200de6c                strncmp
 .text          0x0200df28      0xa98 c:/devkitpro/devkitarm/bin/../lib/gcc/arm-none-eabi/4.7.1/../../../../arm-none-eabi/lib/thumb\libg.a(lib_a-svfiscanf.o)
                0x0200df28                _sungetc_r
                0x0200dfb0                __ssrefill_r
                0x0200dff4                _sfread_r
                0x0200e080                __ssvfiscanf_r
 .text          0x0200e9c0     0x1728 c:/devkitpro/devkitarm/bin/../lib/gcc/arm-none-eabi/4.7.1/../../../../arm-none-eabi/lib/thumb\libg.a(lib_a-svfprintf.o)
                0x0200e9c0                _svfprintf_r
 .text          0x020100e8       0x20 c:/devkitpro/devkitarm/bin/../lib/gcc/arm-none-eabi/4.7.1/../../../../arm-none-eabi/lib/thumb\libg.a(lib_a-syswrite.o)
                0x020100e8                write
 .text          0x02010108      0x188 c:/devkitpro/devkitarm/bin/../lib/gcc/arm-none-eabi/4.7.1/../../../../arm-none-eabi/lib/thumb\libg.a(lib_a-ungetc.o)
                0x02010108                __submore
                0x02010190                _ungetc_r
                0x02010274                ungetc
 .text          0x02010290      0xed4 c:/devkitpro/devkitarm/bin/../lib/gcc/arm-none-eabi/4.7.1/../../../../arm-none-eabi/lib/thumb\libg.a(lib_a-vfiprintf.o)
                0x02010290                __sprint_r
                0x02010314                _vfiprintf_r
                0x02011140                vfiprintf
 .text          0x02011164       0xd0 c:/devkitpro/devkitarm/bin/../lib/gcc/arm-none-eabi/4.7.1/../../../../arm-none-eabi/lib/thumb\libg.a(lib_a-wbuf.o)
                0x02011164                __swbuf_r
                0x02011218                __swbuf
 .text          0x02011234       0xe8 c:/devkitpro/devkitarm/bin/../lib/gcc/arm-none-eabi/4.7.1/../../../../arm-none-eabi/lib/thumb\libg.a(lib_a-wcrtomb.o)
                0x02011234                _wcrtomb_r
                0x0201129c                wcrtomb
 .text          0x0201131c       0x40 c:/devkitpro/devkitarm/bin/../lib/gcc/arm-none-eabi/4.7.1/../../../../arm-none-eabi/lib/thumb\libg.a(lib_a-wcsrtombs.o)
                0x0201131c                _wcsrtombs_r
                0x02011334                wcsrtombs
 .text          0x0201135c      0x2a4 c:/devkitpro/devkitarm/bin/../lib/gcc/arm-none-eabi/4.7.1/../../../../arm-none-eabi/lib/thumb\libg.a(lib_a-wctomb_r.o)
                0x0201135c                __utf8_wctomb
                0x02011410                _wctomb_r
                0x02011448                __ascii_wctomb
                0x02011468                __sjis_wctomb
                0x020114e4                __eucjp_wctomb
                0x02011580                __jis_wctomb
 .text          0x02011600       0xd0 c:/devkitpro/devkitarm/bin/../lib/gcc/arm-none-eabi/4.7.1/../../../../arm-none-eabi/lib/thumb\libg.a(lib_a-wsetup.o)
                0x02011600                __swsetup_r
 .text          0x020116d0       0x10 c:/devkitpro/devkitarm/bin/../lib/gcc/arm-none-eabi/4.7.1/../../../../arm-none-eabi/lib/thumb\libg.a(lib_a-ctype_.o)
                0x020116d0                __set_ctype
 .text          0x020116e0     0x10a0 c:/devkitpro/devkitarm/bin/../lib/gcc/arm-none-eabi/4.7.1/../../../../arm-none-eabi/lib/thumb\libg.a(lib_a-dtoa.o)
                0x02011838                _dtoa_r
 .text          0x02012780       0x70 c:/devkitpro/devkitarm/bin/../lib/gcc/arm-none-eabi/4.7.1/../../../../arm-none-eabi/lib/thumb\libg.a(lib_a-flags.o)
                0x02012780                __sflags
 .text          0x020127f0      0x104 c:/devkitpro/devkitarm/bin/../lib/gcc/arm-none-eabi/4.7.1/../../../../arm-none-eabi/lib/thumb\libg.a(lib_a-fputwc.o)
                0x020127f0                _fputwc_r
                0x020128c8                fputwc
 .text          0x020128f4       0x78 c:/devkitpro/devkitarm/bin/../lib/gcc/arm-none-eabi/4.7.1/../../../../arm-none-eabi/lib/thumb\libg.a(lib_a-iswspace.o)
                0x020128f4                iswspace
 .text          0x0201296c      0x1f0 c:/devkitpro/devkitarm/bin/../lib/gcc/arm-none-eabi/4.7.1/../../../../arm-none-eabi/lib/thumb\libg.a(lib_a-jp2uc.o)
                0x02012af8                _jp2uc
 .text          0x02012b5c      0x950 c:/devkitpro/devkitarm/bin/../lib/gcc/arm-none-eabi/4.7.1/../../../../arm-none-eabi/lib/thumb\libg.a(lib_a-locale.o)
                0x02013250                _setlocale_r
                0x0201344c                __locale_charset
                0x02013454                __locale_mb_cur_max
                0x02013460                __locale_msgcharset
                0x0201346c                __locale_cjk_lang
                0x02013478                _localeconv_r
                0x02013484                setlocale
                0x020134a0                localeconv
 .text          0x020134ac      0x104 c:/devkitpro/devkitarm/bin/../lib/gcc/arm-none-eabi/4.7.1/../../../../arm-none-eabi/lib/thumb\libg.a(lib_a-mbrtowc.o)
                0x020134ac                _mbrtowc_r
                0x02013524                mbrtowc
 .text          0x020135b0      0x584 c:/devkitpro/devkitarm/bin/../lib/gcc/arm-none-eabi/4.7.1/../../../../arm-none-eabi/lib/thumb\libg.a(lib_a-mbtowc_r.o)
                0x020135b0                __utf8_mbtowc
                0x02013810                _mbtowc_r
                0x0201384c                __ascii_mbtowc
                0x0201387c                __sjis_mbtowc
                0x0201393c                __eucjp_mbtowc
                0x02013a04                __jis_mbtowc
 *fill*         0x02013b34        0x4 ff
 .text          0x02013b38      0x978 c:/devkitpro/devkitarm/bin/../lib/gcc/arm-none-eabi/4.7.1/../../../../arm-none-eabi/lib/thumb\libg.a(lib_a-mprec.o)
                0x02013b38                _Balloc
                0x02013b8c                _Bfree
                0x02013ba4                __multadd
                0x02013c50                __s2b
                0x02013cec                __hi0bits
                0x02013d24                __lo0bits
                0x02013d84                __i2b
                0x02013d9c                __multiply
                0x02013f00                __pow5mult
                0x02013fb0                __lshift
                0x02014080                __mcmp
                0x020140bc                __mdiff
                0x020141ac                __ulp
                0x020141f4                __b2d
                0x02014298                __d2b
                0x02014350                __ratio
                0x020143cc                _mprec_log10
                0x0201440c                __copybits
                0x02014454                __any_on
 .text          0x020144b0       0x7c c:/devkitpro/devkitarm/bin/../lib/gcc/arm-none-eabi/4.7.1/../../../../arm-none-eabi/lib/thumb\libg.a(lib_a-sccl.o)
                0x020144b0                __sccl
 .text          0x0201452c       0x5c c:/devkitpro/devkitarm/bin/../lib/gcc/arm-none-eabi/4.7.1/../../../../arm-none-eabi/lib/thumb\libg.a(lib_a-s_fpclassify.o)
                0x0201452c                __fpclassifyd
 .text          0x02014588       0x50 c:/devkitpro/devkitarm/bin/../lib/gcc/arm-none-eabi/4.7.1/../../../../arm-none-eabi/lib/thumb\libg.a(lib_a-strcasecmp.o)
                0x02014588                strcasecmp
 .text          0x020145d8       0x50 c:/devkitpro/devkitarm/bin/../lib/gcc/arm-none-eabi/4.7.1/../../../../arm-none-eabi/lib/thumb\libg.a(lib_a-strcat.o)
                0x020145d8                strcat
 .text          0x02014628       0xd4 c:/devkitpro/devkitarm/bin/../lib/gcc/arm-none-eabi/4.7.1/../../../../arm-none-eabi/lib/thumb\libg.a(lib_a-strchr.o)
                0x02014628                strchr
 .text          0x020146fc       0x10 c:/devkitpro/devkitarm/bin/../lib/gcc/arm-none-eabi/4.7.1/../../../../arm-none-eabi/lib/thumb\libg.a(lib_a-strcpy.o)
                0x020146fc                strcpy
 .text          0x0201470c       0x48 c:/devkitpro/devkitarm/bin/../lib/gcc/arm-none-eabi/4.7.1/../../../../arm-none-eabi/lib/thumb\libg.a(lib_a-strlcpy.o)
                0x0201470c                strlcpy
 .text          0x02014754       0x60 c:/devkitpro/devkitarm/bin/../lib/gcc/arm-none-eabi/4.7.1/../../../../arm-none-eabi/lib/thumb\libg.a(lib_a-strncasecmp.o)
                0x02014754                strncasecmp
 .text          0x020147b4       0x60 c:/devkitpro/devkitarm/bin/../lib/gcc/arm-none-eabi/4.7.1/../../../../arm-none-eabi/lib/thumb\libg.a(lib_a-strncpy.o)
                0x020147b4                strncpy
 *fill*         0x02014814        0x4 ff
 .text          0x02014818      0x208 c:/devkitpro/devkitarm/bin/../lib/gcc/arm-none-eabi/4.7.1/../../../../arm-none-eabi/lib/thumb\libg.a(lib_a-strtoll_r.o)
                0x02014818                _strtoll_r
 .text          0x02014a20      0x190 c:/devkitpro/devkitarm/bin/../lib/gcc/arm-none-eabi/4.7.1/../../../../arm-none-eabi/lib/thumb\libg.a(lib_a-strtol.o)
                0x02014a20                _strtol_r
                0x02014b90                strtol
 .text          0x02014bb0      0x238 c:/devkitpro/devkitarm/bin/../lib/gcc/arm-none-eabi/4.7.1/../../../../arm-none-eabi/lib/thumb\libg.a(lib_a-strtoull_r.o)
                0x02014bb0                _strtoull_r
 .text          0x02014de8      0x198 c:/devkitpro/devkitarm/bin/../lib/gcc/arm-none-eabi/4.7.1/../../../../arm-none-eabi/lib/thumb\libg.a(lib_a-strtoul.o)
                0x02014de8                _strtoul_r
                0x02014f60                strtoul
 .text          0x02014f80      0xeb4 c:/devkitpro/devkitarm/bin/../lib/gcc/arm-none-eabi/4.7.1/../../../../arm-none-eabi/lib/thumb\libg.a(lib_a-svfiprintf.o)
                0x02014f80                __ssprint_r
                0x020150b0                _svfiprintf_r
 .text          0x02015e34      0x150 c:/devkitpro/devkitarm/bin/../lib/gcc/arm-none-eabi/4.7.1/../../../../arm-none-eabi/lib/thumb\libg.a(lib_a-wcsnrtombs.o)
                0x02015e34                _wcsnrtombs_r
                0x02015f54                wcsnrtombs
 .text          0x02015f84       0x64 c:/devkitpro/devkitarm/bin/../lib/gcc/arm-none-eabi/4.7.1/../../../../arm-none-eabi/lib/thumb\libg.a(lib_a-callocr.o)
                0x02015f84                _calloc_r
 .text          0x02015fe8       0xa8 c:/devkitpro/devkitarm/bin/../lib/gcc/arm-none-eabi/4.7.1/../../../../arm-none-eabi/lib/thumb\libg.a(lib_a-getenv_r.o)
                0x02015fe8                _findenv_r
                0x02016080                _getenv_r
 .text          0x02016090        0x0 c:/devkitpro/devkitarm/bin/../lib/gcc/arm-none-eabi/4.7.1/../../../../arm-none-eabi/lib/thumb\libg.a(lib_a-environ.o)
 .text          0x02016090        0x8 c:/devkitpro/devkitarm/bin/../lib/gcc/arm-none-eabi/4.7.1/../../../../arm-none-eabi/lib/thumb\libg.a(lib_a-envlock.o)
                0x02016090                __env_lock
                0x02016094                __env_unlock
 .text          0x02016098      0x144 c:/devkitpro/devkitarm/bin/../lib/gcc/arm-none-eabi/4.7.1/../../../../arm-none-eabi/lib/thumb\libsysbase.a(iosupport.o)
                0x02016098                setDefaultDevice
                0x020160ac                FindDevice
                0x0201611c                RemoveDevice
                0x02016140                AddDevice
                0x020161bc                GetDeviceOpTab
 .text          0x020161dc       0x50 c:/devkitpro/devkitarm/bin/../lib/gcc/arm-none-eabi/4.7.1/../../../../arm-none-eabi/lib/thumb\libsysbase.a(close.o)
                0x020161dc                _close_r
 .text          0x0201622c       0x50 c:/devkitpro/devkitarm/bin/../lib/gcc/arm-none-eabi/4.7.1/../../../../arm-none-eabi/lib/thumb\libsysbase.a(fstat.o)
                0x0201622c                _fstat_r
 .text          0x0201627c        0xc c:/devkitpro/devkitarm/bin/../lib/gcc/arm-none-eabi/4.7.1/../../../../arm-none-eabi/lib/thumb\libsysbase.a(getpid.o)
                0x0201627c                _getpid_r
 .text          0x02016288        0x4 c:/devkitpro/devkitarm/bin/../lib/gcc/arm-none-eabi/4.7.1/../../../../arm-none-eabi/lib/thumb\libsysbase.a(isatty.o)
                0x02016288                _isatty_r
 .text          0x0201628c        0xc c:/devkitpro/devkitarm/bin/../lib/gcc/arm-none-eabi/4.7.1/../../../../arm-none-eabi/lib/thumb\libsysbase.a(kill.o)
                0x0201628c                _kill_r
 .text          0x02016298       0x50 c:/devkitpro/devkitarm/bin/../lib/gcc/arm-none-eabi/4.7.1/../../../../arm-none-eabi/lib/thumb\libsysbase.a(lseek.o)
                0x02016298                _lseek_r
 .text          0x020162e8       0xa0 c:/devkitpro/devkitarm/bin/../lib/gcc/arm-none-eabi/4.7.1/../../../../arm-none-eabi/lib/thumb\libsysbase.a(open.o)
                0x020162e8                _open_r
 .text          0x02016388       0x50 c:/devkitpro/devkitarm/bin/../lib/gcc/arm-none-eabi/4.7.1/../../../../arm-none-eabi/lib/thumb\libsysbase.a(read.o)
                0x02016388                _read_r
 .text          0x020163d8       0x54 c:/devkitpro/devkitarm/bin/../lib/gcc/arm-none-eabi/4.7.1/../../../../arm-none-eabi/lib/thumb\libsysbase.a(sbrk.o)
                0x020163d8                _sbrk_r
 .text          0x0201642c       0x44 c:/devkitpro/devkitarm/bin/../lib/gcc/arm-none-eabi/4.7.1/../../../../arm-none-eabi/lib/thumb\libsysbase.a(times.o)
                0x0201642c                _times
                0x02016440                _times_r
                0x02016448                _gettimeofday_r
 .text          0x02016470       0x58 c:/devkitpro/devkitarm/bin/../lib/gcc/arm-none-eabi/4.7.1/../../../../arm-none-eabi/lib/thumb\libsysbase.a(write.o)
                0x02016470                _write_r
 .text          0x020164c8       0x18 c:/devkitpro/devkitarm/bin/../lib/gcc/arm-none-eabi/4.7.1/../../../../arm-none-eabi/lib/thumb\libsysbase.a(_exit.o)
                0x020164c8                _exit
 .text          0x020164e0        0x0 c:/devkitpro/devkitarm/bin/../lib/gcc/arm-none-eabi/4.7.1/../../../../arm-none-eabi/lib/thumb\libsysbase.a(malloc_vars.o)
 .text          0x020164e0       0x4c c:/devkitpro/devkitarm/bin/../lib/gcc/arm-none-eabi/4.7.1/../../../../arm-none-eabi/lib/thumb\libsysbase.a(build_argv.o)
                0x020164e0                build_argv
 .text          0x0201652c        0x0 c:/devkitpro/devkitarm/bin/../lib/gcc/arm-none-eabi/4.7.1/../../../../arm-none-eabi/lib/thumb\libsysbase.a(syscall_support.o)
 .text          0x0201652c       0x84 c:/devkitpro/devkitarm/bin/../lib/gcc/arm-none-eabi/4.7.1/../../../../arm-none-eabi/lib/thumb\libsysbase.a(handle_manager.o)
                0x0201652c                __release_handle
                0x02016558                __alloc_handle
                0x02016590                __get_handle
 .text          0x020165b0      0x41c c:/devkitpro/devkitarm/bin/../lib/gcc/arm-none-eabi/4.7.1/thumb\libgcc.a(_arm_addsubdf3.o)
                0x020165b0                __aeabi_drsub
                0x020165b8                __aeabi_dsub
                0x020165b8                __subdf3
                0x020165bc                __aeabi_dadd
                0x020165bc                __adddf3
                0x020168cc                __floatunsidf
                0x020168cc                __aeabi_ui2d
                0x020168f0                __floatsidf
                0x020168f0                __aeabi_i2d
                0x02016918                __aeabi_f2d
                0x02016918                __extendsfdf2
                0x02016958                __floatundidf
                0x02016958                __aeabi_ul2d
                0x0201696c                __floatdidf
                0x0201696c                __aeabi_l2d
 .text          0x020169cc      0x49c c:/devkitpro/devkitarm/bin/../lib/gcc/arm-none-eabi/4.7.1/thumb\libgcc.a(_arm_muldivdf3.o)
                0x020169cc                __aeabi_dmul
                0x020169cc                __muldf3
                0x02016c5c                __divdf3
                0x02016c5c                __aeabi_ddiv
 .text          0x02016e68      0x144 c:/devkitpro/devkitarm/bin/../lib/gcc/arm-none-eabi/4.7.1/thumb\libgcc.a(_arm_cmpdf2.o)
                0x02016e68                __gtdf2
                0x02016e68                __gedf2
                0x02016e70                __ltdf2
                0x02016e70                __ledf2
                0x02016e78                __nedf2
                0x02016e78                __eqdf2
                0x02016e78                __cmpdf2
                0x02016f00                __aeabi_cdrcmple
                0x02016f1c                __aeabi_cdcmpeq
                0x02016f1c                __aeabi_cdcmple
                0x02016f34                __aeabi_dcmpeq
                0x02016f4c                __aeabi_dcmplt
                0x02016f64                __aeabi_dcmple
                0x02016f7c                __aeabi_dcmpge
                0x02016f94                __aeabi_dcmpgt
 .text          0x02016fac       0x5c c:/devkitpro/devkitarm/bin/../lib/gcc/arm-none-eabi/4.7.1/thumb\libgcc.a(_arm_fixdfsi.o)
                0x02016fac                __aeabi_d2iz
                0x02016fac                __fixdfsi
 .text          0x02017008       0x3c c:/devkitpro/devkitarm/bin/../lib/gcc/arm-none-eabi/4.7.1/thumb\libgcc.a(_aeabi_uldivmod.o)
                0x02017008                __aeabi_uldivmod
 .text          0x02017044       0x4c c:/devkitpro/devkitarm/bin/../lib/gcc/arm-none-eabi/4.7.1/thumb\libgcc.a(_muldi3.o)
                0x02017044                __muldi3
                0x02017044                __aeabi_lmul
 .text          0x02017090       0x7c c:/devkitpro/devkitarm/bin/../lib/gcc/arm-none-eabi/4.7.1/thumb\libgcc.a(bpabi.o)
                0x02017090                __gnu_ldivmod_helper
                0x020170d0                __gnu_uldivmod_helper
 .text          0x0201710c      0x3d4 c:/devkitpro/devkitarm/bin/../lib/gcc/arm-none-eabi/4.7.1/thumb\libgcc.a(_divdi3.o)
                0x0201710c                __divdi3
 .text          0x020174e0      0x3a0 c:/devkitpro/devkitarm/bin/../lib/gcc/arm-none-eabi/4.7.1/thumb\libgcc.a(_udivdi3.o)
                0x020174e0                __udivdi3
 .text          0x02017880       0x48 c:/devkitpro/devkitarm/bin/../lib/gcc/arm-none-eabi/4.7.1/thumb\libgcc.a(_clzsi2.o)
                0x02017880                __clzsi2
 .text          0x020178c8        0xc c:/devkitpro/devkitarm/bin/../lib/gcc/arm-none-eabi/4.7.1/../../../../arm-none-eabi/lib/thumb\libg.a(lib_a-errno.o)
                0x020178c8                __errno
 .text          0x020178d4        0x0 c:/devkitpro/devkitarm/bin/../lib/gcc/arm-none-eabi/4.7.1/thumb/crtend.o
 .text          0x020178d4        0x0 c:/devkitpro/devkitarm/bin/../lib/gcc/arm-none-eabi/4.7.1/thumb/crtn.o
 *(.text.*)
 .text._ZNSt6vectorIP5BlockSaIS1_EE13_M_insert_auxEN9__gnu_cxx17__normal_iteratorIPS1_S3_EERKS1_
                0x020178d4       0xec ClassDefinitions.o
                0x020178d4                std::vector<Block*, std::allocator<Block*> >::_M_insert_aux(__gnu_cxx::__normal_iterator<Block**, std::vector<Block*, std::allocator<Block*> > >, Block* const&)
 .text._ZN6Level1D2Ev
                0x020179c0       0x18 Levels.o
                0x020179c0                Level1::~Level1()
                0x020179c0                Level1::~Level1()
 .text._ZN13LevelMainMenuD2Ev
                0x020179d8       0x18 Levels.o
                0x020179d8                LevelMainMenu::~LevelMainMenu()
                0x020179d8                LevelMainMenu::~LevelMainMenu()
 .text._ZN13LevelMainMenuD0Ev
                0x020179f0       0x1c Levels.o
                0x020179f0                LevelMainMenu::~LevelMainMenu()
 .text._ZN6Level1D0Ev
                0x02017a0c       0x1c Levels.o
                0x02017a0c                Level1::~Level1()
 .text.startup  0x02017a28       0x4c main.o
                0x02017a28                main
 .text._Znwj    0x02017a74       0x60 c:/devkitpro/devkitarm/bin/../lib/gcc/arm-none-eabi/4.7.1/../../../../arm-none-eabi/lib/thumb\libstdc++.a(new_op.o)
                0x02017a74                operator new(unsigned int)
 .text._ZN10__cxxabiv1L24__is_gxx_exception_classEPc
                0x02017ad4       0x40 c:/devkitpro/devkitarm/bin/../lib/gcc/arm-none-eabi/4.7.1/../../../../arm-none-eabi/lib/thumb\libstdc++.a(eh_call.o)
 .text.__cxa_call_terminate
                0x02017b14       0x24 c:/devkitpro/devkitarm/bin/../lib/gcc/arm-none-eabi/4.7.1/../../../../arm-none-eabi/lib/thumb\libstdc++.a(eh_call.o)
                0x02017b14                __cxa_call_terminate
 .text.__cxa_call_unexpected
                0x02017b38       0xec c:/devkitpro/devkitarm/bin/../lib/gcc/arm-none-eabi/4.7.1/../../../../arm-none-eabi/lib/thumb\libstdc++.a(eh_call.o)
                0x02017b38                __cxa_call_unexpected
 .text._ZL12read_sleb128PKhPl
                0x02017c24       0x34 c:/devkitpro/devkitarm/bin/../lib/gcc/arm-none-eabi/4.7.1/../../../../arm-none-eabi/lib/thumb\libstdc++.a(eh_personality.o)
 .text._ZL28read_encoded_value_with_basehjPKhPj
                0x02017c58       0xd8 c:/devkitpro/devkitarm/bin/../lib/gcc/arm-none-eabi/4.7.1/../../../../arm-none-eabi/lib/thumb\libstdc++.a(eh_personality.o)
 .text._ZL21base_of_encoded_valuehP15_Unwind_Context
                0x02017d30       0x4c c:/devkitpro/devkitarm/bin/../lib/gcc/arm-none-eabi/4.7.1/../../../../arm-none-eabi/lib/thumb\libstdc++.a(eh_personality.o)
 .text._ZL17parse_lsda_headerP15_Unwind_ContextPKhP16lsda_header_info
                0x02017d7c       0x98 c:/devkitpro/devkitarm/bin/../lib/gcc/arm-none-eabi/4.7.1/../../../../arm-none-eabi/lib/thumb\libstdc++.a(eh_personality.o)
 .text.__gxx_personality_v0
                0x02017e14      0x3ec c:/devkitpro/devkitarm/bin/../lib/gcc/arm-none-eabi/4.7.1/../../../../arm-none-eabi/lib/thumb\libstdc++.a(eh_personality.o)
                0x02017e14                __gxx_personality_v0
 .text._ZdlPv   0x02018200       0x10 c:/devkitpro/devkitarm/bin/../lib/gcc/arm-none-eabi/4.7.1/../../../../arm-none-eabi/lib/thumb\libstdc++.a(del_op.o)
                0x02018200                operator delete(void*)
 .text._ZN10__cxxabiv111__terminateEPFvvE
                0x02018210       0x2c c:/devkitpro/devkitarm/bin/../lib/gcc/arm-none-eabi/4.7.1/../../../../arm-none-eabi/lib/thumb\libstdc++.a(eh_terminate.o)
                0x02018210                __cxxabiv1::__terminate(void (*)())
 .text._ZSt9terminatev
                0x0201823c       0x10 c:/devkitpro/devkitarm/bin/../lib/gcc/arm-none-eabi/4.7.1/../../../../arm-none-eabi/lib/thumb\libstdc++.a(eh_terminate.o)
                0x0201823c                std::terminate()
 .text._ZN10__cxxabiv112__unexpectedEPFvvE
                0x0201824c        0xc c:/devkitpro/devkitarm/bin/../lib/gcc/arm-none-eabi/4.7.1/../../../../arm-none-eabi/lib/thumb\libstdc++.a(eh_terminate.o)
                0x0201824c                __cxxabiv1::__unexpected(void (*)())
 .text._ZSt10unexpectedv
                0x02018258       0x10 c:/devkitpro/devkitarm/bin/../lib/gcc/arm-none-eabi/4.7.1/../../../../arm-none-eabi/lib/thumb\libstdc++.a(eh_terminate.o)
                0x02018258                std::unexpected()
 .text._ZSt13set_terminatePFvvE
                0x02018268       0x10 c:/devkitpro/devkitarm/bin/../lib/gcc/arm-none-eabi/4.7.1/../../../../arm-none-eabi/lib/thumb\libstdc++.a(eh_terminate.o)
                0x02018268                std::set_terminate(void (*)())
 .text._ZSt14set_unexpectedPFvvE
                0x02018278       0x10 c:/devkitpro/devkitarm/bin/../lib/gcc/arm-none-eabi/4.7.1/../../../../arm-none-eabi/lib/thumb\libstdc++.a(eh_terminate.o)
                0x02018278                std::set_unexpected(void (*)())
 .text._ZNSt9exceptionD2Ev
                0x02018288        0xc c:/devkitpro/devkitarm/bin/../lib/gcc/arm-none-eabi/4.7.1/../../../../arm-none-eabi/lib/thumb\libstdc++.a(eh_exception.o)
                0x02018288                std::exception::~exception()
                0x02018288                std::exception::~exception()
 .text._ZNSt13bad_exceptionD2Ev
                0x02018294        0xc c:/devkitpro/devkitarm/bin/../lib/gcc/arm-none-eabi/4.7.1/../../../../arm-none-eabi/lib/thumb\libstdc++.a(eh_exception.o)
                0x02018294                std::bad_exception::~bad_exception()
                0x02018294                std::bad_exception::~bad_exception()
 .text._ZN10__cxxabiv115__forced_unwindD2Ev
                0x020182a0        0xc c:/devkitpro/devkitarm/bin/../lib/gcc/arm-none-eabi/4.7.1/../../../../arm-none-eabi/lib/thumb\libstdc++.a(eh_exception.o)
                0x020182a0                __cxxabiv1::__forced_unwind::~__forced_unwind()
                0x020182a0                __cxxabiv1::__forced_unwind::~__forced_unwind()
 .text._ZN10__cxxabiv119__foreign_exceptionD2Ev
                0x020182ac        0xc c:/devkitpro/devkitarm/bin/../lib/gcc/arm-none-eabi/4.7.1/../../../../arm-none-eabi/lib/thumb\libstdc++.a(eh_exception.o)
                0x020182ac                __cxxabiv1::__foreign_exception::~__foreign_exception()
                0x020182ac                __cxxabiv1::__foreign_exception::~__foreign_exception()
 .text._ZNKSt9exception4whatEv
                0x020182b8        0x8 c:/devkitpro/devkitarm/bin/../lib/gcc/arm-none-eabi/4.7.1/../../../../arm-none-eabi/lib/thumb\libstdc++.a(eh_exception.o)
                0x020182b8                std::exception::what() const
 .text._ZNKSt13bad_exception4whatEv
                0x020182c0        0x8 c:/devkitpro/devkitarm/bin/../lib/gcc/arm-none-eabi/4.7.1/../../../../arm-none-eabi/lib/thumb\libstdc++.a(eh_exception.o)
                0x020182c0                std::bad_exception::what() const
 .text._ZN10__cxxabiv119__foreign_exceptionD0Ev
                0x020182c8       0x1c c:/devkitpro/devkitarm/bin/../lib/gcc/arm-none-eabi/4.7.1/../../../../arm-none-eabi/lib/thumb\libstdc++.a(eh_exception.o)
                0x020182c8                __cxxabiv1::__foreign_exception::~__foreign_exception()
 .text._ZN10__cxxabiv115__forced_unwindD0Ev
                0x020182e4       0x1c c:/devkitpro/devkitarm/bin/../lib/gcc/arm-none-eabi/4.7.1/../../../../arm-none-eabi/lib/thumb\libstdc++.a(eh_exception.o)
                0x020182e4                __cxxabiv1::__forced_unwind::~__forced_unwind()
 .text._ZNSt9exceptionD0Ev
                0x02018300       0x1c c:/devkitpro/devkitarm/bin/../lib/gcc/arm-none-eabi/4.7.1/../../../../arm-none-eabi/lib/thumb\libstdc++.a(eh_exception.o)
                0x02018300                std::exception::~exception()
 .text._ZNSt13bad_exceptionD0Ev
                0x0201831c       0x1c c:/devkitpro/devkitarm/bin/../lib/gcc/arm-none-eabi/4.7.1/../../../../arm-none-eabi/lib/thumb\libstdc++.a(eh_exception.o)
                0x0201831c                std::bad_exception::~bad_exception()
 .text.__cxa_allocate_exception
                0x02018338       0x68 c:/devkitpro/devkitarm/bin/../lib/gcc/arm-none-eabi/4.7.1/../../../../arm-none-eabi/lib/thumb\libstdc++.a(eh_alloc.o)
                0x02018338                __cxa_allocate_exception
 .text.__cxa_free_exception
                0x020183a0       0x38 c:/devkitpro/devkitarm/bin/../lib/gcc/arm-none-eabi/4.7.1/../../../../arm-none-eabi/lib/thumb\libstdc++.a(eh_alloc.o)
                0x020183a0                __cxa_free_exception
 .text.__cxa_allocate_dependent_exception
                0x020183d8       0x60 c:/devkitpro/devkitarm/bin/../lib/gcc/arm-none-eabi/4.7.1/../../../../arm-none-eabi/lib/thumb\libstdc++.a(eh_alloc.o)
                0x020183d8                __cxa_allocate_dependent_exception
 .text.__cxa_free_dependent_exception
                0x02018438       0x3c c:/devkitpro/devkitarm/bin/../lib/gcc/arm-none-eabi/4.7.1/../../../../arm-none-eabi/lib/thumb\libstdc++.a(eh_alloc.o)
                0x02018438                __cxa_free_dependent_exception
 .text._ZNKSt9bad_alloc4whatEv
                0x02018474        0x8 c:/devkitpro/devkitarm/bin/../lib/gcc/arm-none-eabi/4.7.1/../../../../arm-none-eabi/lib/thumb\libstdc++.a(bad_alloc.o)
                0x02018474                std::bad_alloc::what() const
 .text._ZNSt9bad_allocD2Ev
                0x0201847c       0x1c c:/devkitpro/devkitarm/bin/../lib/gcc/arm-none-eabi/4.7.1/../../../../arm-none-eabi/lib/thumb\libstdc++.a(bad_alloc.o)
                0x0201847c                std::bad_alloc::~bad_alloc()
                0x0201847c                std::bad_alloc::~bad_alloc()
 .text._ZNSt9bad_allocD0Ev
                0x02018498       0x18 c:/devkitpro/devkitarm/bin/../lib/gcc/arm-none-eabi/4.7.1/../../../../arm-none-eabi/lib/thumb\libstdc++.a(bad_alloc.o)
                0x02018498                std::bad_alloc::~bad_alloc()
 .text._ZNK10__cxxabiv117__class_type_info11__do_upcastEPKS0_PPv
                0x020184b0       0x40 c:/devkitpro/devkitarm/bin/../lib/gcc/arm-none-eabi/4.7.1/../../../../arm-none-eabi/lib/thumb\libstdc++.a(class_type_info.o)
                0x020184b0                __cxxabiv1::__class_type_info::__do_upcast(__cxxabiv1::__class_type_info const*, void**) const
 .text._ZNK10__cxxabiv117__class_type_info20__do_find_public_srcEiPKvPKS0_S2_
                0x020184f0       0x14 c:/devkitpro/devkitarm/bin/../lib/gcc/arm-none-eabi/4.7.1/../../../../arm-none-eabi/lib/thumb\libstdc++.a(class_type_info.o)
                0x020184f0                __cxxabiv1::__class_type_info::__do_find_public_src(int, void const*, __cxxabiv1::__class_type_info const*, void const*) const
 .text._ZNK10__cxxabiv117__class_type_info11__do_upcastEPKS0_PKvRNS0_15__upcast_resultE
                0x02018504       0x24 c:/devkitpro/devkitarm/bin/../lib/gcc/arm-none-eabi/4.7.1/../../../../arm-none-eabi/lib/thumb\libstdc++.a(class_type_info.o)
                0x02018504                __cxxabiv1::__class_type_info::__do_upcast(__cxxabiv1::__class_type_info const*, void const*, __cxxabiv1::__class_type_info::__upcast_result&) const
 .text._ZN10__cxxabiv117__class_type_infoD2Ev
                0x02018528       0x1c c:/devkitpro/devkitarm/bin/../lib/gcc/arm-none-eabi/4.7.1/../../../../arm-none-eabi/lib/thumb\libstdc++.a(class_type_info.o)
                0x02018528                __cxxabiv1::__class_type_info::~__class_type_info()
                0x02018528                __cxxabiv1::__class_type_info::~__class_type_info()
 .text._ZN10__cxxabiv117__class_type_infoD0Ev
                0x02018544       0x18 c:/devkitpro/devkitarm/bin/../lib/gcc/arm-none-eabi/4.7.1/../../../../arm-none-eabi/lib/thumb\libstdc++.a(class_type_info.o)
                0x02018544                __cxxabiv1::__class_type_info::~__class_type_info()
 .text._ZNK10__cxxabiv117__class_type_info12__do_dyncastEiNS0_10__sub_kindEPKS0_PKvS3_S5_RNS0_16__dyncast_resultE
                0x0201855c       0x44 c:/devkitpro/devkitarm/bin/../lib/gcc/arm-none-eabi/4.7.1/../../../../arm-none-eabi/lib/thumb\libstdc++.a(class_type_info.o)
                0x0201855c                __cxxabiv1::__class_type_info::__do_dyncast(int, __cxxabiv1::__class_type_info::__sub_kind, __cxxabiv1::__class_type_info const*, void const*, __cxxabiv1::__class_type_info const*, void const*, __cxxabiv1::__class_type_info::__dyncast_result&) const
 .text._ZNK10__cxxabiv117__class_type_info10__do_catchEPKSt9type_infoPPvj
                0x020185a0       0x40 c:/devkitpro/devkitarm/bin/../lib/gcc/arm-none-eabi/4.7.1/../../../../arm-none-eabi/lib/thumb\libstdc++.a(class_type_info.o)
                0x020185a0                __cxxabiv1::__class_type_info::__do_catch(std::type_info const*, void**, unsigned int) const
 .text._ZSt15set_new_handlerPFvvE
                0x020185e0       0x10 c:/devkitpro/devkitarm/bin/../lib/gcc/arm-none-eabi/4.7.1/../../../../arm-none-eabi/lib/thumb\libstdc++.a(new_handler.o)
                0x020185e0                std::set_new_handler(void (*)())
 .text.__cxa_end_cleanup
                0x020185f0        0xc c:/devkitpro/devkitarm/bin/../lib/gcc/arm-none-eabi/4.7.1/../../../../arm-none-eabi/lib/thumb\libstdc++.a(eh_arm.o)
                0x020185f0                __cxa_end_cleanup
 .text.__cxa_type_match
                0x020185fc       0xcc c:/devkitpro/devkitarm/bin/../lib/gcc/arm-none-eabi/4.7.1/../../../../arm-none-eabi/lib/thumb\libstdc++.a(eh_arm.o)
                0x020185fc                __cxa_type_match
 .text.__cxa_begin_cleanup
                0x020186c8       0x64 c:/devkitpro/devkitarm/bin/../lib/gcc/arm-none-eabi/4.7.1/../../../../arm-none-eabi/lib/thumb\libstdc++.a(eh_arm.o)
                0x020186c8                __cxa_begin_cleanup
 .text.__gnu_end_cleanup
                0x0201872c       0x74 c:/devkitpro/devkitarm/bin/../lib/gcc/arm-none-eabi/4.7.1/../../../../arm-none-eabi/lib/thumb\libstdc++.a(eh_arm.o)
                0x0201872c                __gnu_end_cleanup
 .text._ZL23__gxx_exception_cleanup19_Unwind_Reason_CodeP21_Unwind_Control_Block
                0x020187a0       0x30 c:/devkitpro/devkitarm/bin/../lib/gcc/arm-none-eabi/4.7.1/../../../../arm-none-eabi/lib/thumb\libstdc++.a(eh_throw.o)
 .text.__cxa_throw
                0x020187d0       0x68 c:/devkitpro/devkitarm/bin/../lib/gcc/arm-none-eabi/4.7.1/../../../../arm-none-eabi/lib/thumb\libstdc++.a(eh_throw.o)
                0x020187d0                __cxa_throw
 .text.__cxa_rethrow
                0x02018838       0x74 c:/devkitpro/devkitarm/bin/../lib/gcc/arm-none-eabi/4.7.1/../../../../arm-none-eabi/lib/thumb\libstdc++.a(eh_throw.o)
                0x02018838                __cxa_rethrow
 .text.__cxa_pure_virtual
                0x020188ac       0x14 c:/devkitpro/devkitarm/bin/../lib/gcc/arm-none-eabi/4.7.1/../../../../arm-none-eabi/lib/thumb\libstdc++.a(pure.o)
                0x020188ac                __cxa_pure_virtual
 .text.__cxa_deleted_virtual
                0x020188c0       0x14 c:/devkitpro/devkitarm/bin/../lib/gcc/arm-none-eabi/4.7.1/../../../../arm-none-eabi/lib/thumb\libstdc++.a(pure.o)
                0x020188c0                __cxa_deleted_virtual
 .text.__cxa_get_globals_fast
                0x020188d4        0x8 c:/devkitpro/devkitarm/bin/../lib/gcc/arm-none-eabi/4.7.1/../../../../arm-none-eabi/lib/thumb\libstdc++.a(eh_globals.o)
                0x020188d4                __cxa_get_globals_fast
 .text.__cxa_get_globals
                0x020188dc        0x8 c:/devkitpro/devkitarm/bin/../lib/gcc/arm-none-eabi/4.7.1/../../../../arm-none-eabi/lib/thumb\libstdc++.a(eh_globals.o)
                0x020188dc                __cxa_get_globals
 .text.__cxa_get_exception_ptr
                0x020188e4        0x4 c:/devkitpro/devkitarm/bin/../lib/gcc/arm-none-eabi/4.7.1/../../../../arm-none-eabi/lib/thumb\libstdc++.a(eh_catch.o)
                0x020188e4                __cxa_get_exception_ptr
 .text.__cxa_begin_catch
                0x020188e8       0x88 c:/devkitpro/devkitarm/bin/../lib/gcc/arm-none-eabi/4.7.1/../../../../arm-none-eabi/lib/thumb\libstdc++.a(eh_catch.o)
                0x020188e8                __cxa_begin_catch
 .text.__cxa_end_catch
                0x02018970       0x94 c:/devkitpro/devkitarm/bin/../lib/gcc/arm-none-eabi/4.7.1/../../../../arm-none-eabi/lib/thumb\libstdc++.a(eh_catch.o)
                0x02018970                __cxa_end_catch
 .text._ZSt18uncaught_exceptionv
                0x02018a04       0x14 c:/devkitpro/devkitarm/bin/../lib/gcc/arm-none-eabi/4.7.1/../../../../arm-none-eabi/lib/thumb\libstdc++.a(eh_catch.o)
                0x02018a04                std::uncaught_exception()
 .text._ZNK10__cxxabiv120__si_class_type_info12__do_dyncastEiNS_17__class_type_info10__sub_kindEPKS1_PKvS4_S6_RNS1_16__dyncast_resultE
                0x02018a18       0x90 c:/devkitpro/devkitarm/bin/../lib/gcc/arm-none-eabi/4.7.1/../../../../arm-none-eabi/lib/thumb\libstdc++.a(si_class_type_info.o)
                0x02018a18                __cxxabiv1::__si_class_type_info::__do_dyncast(int, __cxxabiv1::__class_type_info::__sub_kind, __cxxabiv1::__class_type_info const*, void const*, __cxxabiv1::__class_type_info const*, void const*, __cxxabiv1::__class_type_info::__dyncast_result&) const
 .text._ZN10__cxxabiv120__si_class_type_infoD2Ev
                0x02018aa8       0x1c c:/devkitpro/devkitarm/bin/../lib/gcc/arm-none-eabi/4.7.1/../../../../arm-none-eabi/lib/thumb\libstdc++.a(si_class_type_info.o)
                0x02018aa8                __cxxabiv1::__si_class_type_info::~__si_class_type_info()
                0x02018aa8                __cxxabiv1::__si_class_type_info::~__si_class_type_info()
 .text._ZN10__cxxabiv120__si_class_type_infoD0Ev
                0x02018ac4       0x18 c:/devkitpro/devkitarm/bin/../lib/gcc/arm-none-eabi/4.7.1/../../../../arm-none-eabi/lib/thumb\libstdc++.a(si_class_type_info.o)
                0x02018ac4                __cxxabiv1::__si_class_type_info::~__si_class_type_info()
 .text._ZNK10__cxxabiv120__si_class_type_info11__do_upcastEPKNS_17__class_type_infoEPKvRNS1_15__upcast_resultE
                0x02018adc       0x30 c:/devkitpro/devkitarm/bin/../lib/gcc/arm-none-eabi/4.7.1/../../../../arm-none-eabi/lib/thumb\libstdc++.a(si_class_type_info.o)
                0x02018adc                __cxxabiv1::__si_class_type_info::__do_upcast(__cxxabiv1::__class_type_info const*, void const*, __cxxabiv1::__class_type_info::__upcast_result&) const
 .text._ZNK10__cxxabiv120__si_class_type_info20__do_find_public_srcEiPKvPKNS_17__class_type_infoES2_
                0x02018b0c       0x40 c:/devkitpro/devkitarm/bin/../lib/gcc/arm-none-eabi/4.7.1/../../../../arm-none-eabi/lib/thumb\libstdc++.a(si_class_type_info.o)
                0x02018b0c                __cxxabiv1::__si_class_type_info::__do_find_public_src(int, void const*, __cxxabiv1::__class_type_info const*, void const*) const
 .text._ZNSt9type_infoD2Ev
                0x02018b4c        0xc c:/devkitpro/devkitarm/bin/../lib/gcc/arm-none-eabi/4.7.1/../../../../arm-none-eabi/lib/thumb\libstdc++.a(tinfo.o)
                0x02018b4c                std::type_info::~type_info()
                0x02018b4c                std::type_info::~type_info()
 .text._ZNKSt9type_info14__is_pointer_pEv
                0x02018b58        0x4 c:/devkitpro/devkitarm/bin/../lib/gcc/arm-none-eabi/4.7.1/../../../../arm-none-eabi/lib/thumb\libstdc++.a(tinfo.o)
                0x02018b58                std::type_info::__is_pointer_p() const
 .text._ZNKSt9type_info15__is_function_pEv
                0x02018b5c        0x4 c:/devkitpro/devkitarm/bin/../lib/gcc/arm-none-eabi/4.7.1/../../../../arm-none-eabi/lib/thumb\libstdc++.a(tinfo.o)
                0x02018b5c                std::type_info::__is_function_p() const
 .text._ZNKSt9type_info11__do_upcastEPKN10__cxxabiv117__class_type_infoEPPv
                0x02018b60        0x4 c:/devkitpro/devkitarm/bin/../lib/gcc/arm-none-eabi/4.7.1/../../../../arm-none-eabi/lib/thumb\libstdc++.a(tinfo.o)
                0x02018b60                std::type_info::__do_upcast(__cxxabiv1::__class_type_info const*, void**) const
 .text._ZNSt9type_infoD0Ev
                0x02018b64       0x1c c:/devkitpro/devkitarm/bin/../lib/gcc/arm-none-eabi/4.7.1/../../../../arm-none-eabi/lib/thumb\libstdc++.a(tinfo.o)
                0x02018b64                std::type_info::~type_info()
 .text._ZNKSt9type_infoeqERKS_
                0x02018b80       0x30 c:/devkitpro/devkitarm/bin/../lib/gcc/arm-none-eabi/4.7.1/../../../../arm-none-eabi/lib/thumb\libstdc++.a(tinfo.o)
                0x02018b80                std::type_info::operator==(std::type_info const&) const
 .text._ZNKSt9type_info10__do_catchEPKS_PPvj
                0x02018bb0        0xc c:/devkitpro/devkitarm/bin/../lib/gcc/arm-none-eabi/4.7.1/../../../../arm-none-eabi/lib/thumb\libstdc++.a(tinfo.o)
                0x02018bb0                std::type_info::__do_catch(std::type_info const*, void**, unsigned int) const
 .text._ZN9__gnu_cxx27__verbose_terminate_handlerEv
                0x02018bbc      0x11c c:/devkitpro/devkitarm/bin/../lib/gcc/arm-none-eabi/4.7.1/../../../../arm-none-eabi/lib/thumb\libstdc++.a(vterminate.o)
                0x02018bbc                __gnu_cxx::__verbose_terminate_handler()
 .text.__cxa_current_exception_type
                0x02018cd8       0x28 c:/devkitpro/devkitarm/bin/../lib/gcc/arm-none-eabi/4.7.1/../../../../arm-none-eabi/lib/thumb\libstdc++.a(eh_type.o)
                0x02018cd8                __cxa_current_exception_type
 .text.__cxa_current_exception_type.stub
                0x02018d00      0x140 linker stubs
 *(.stub)
 *(.gnu.warning)
 *(.gnu.linkonce.t*)
 *(.glue_7)
 .glue_7        0x00000000        0x0 linker stubs
 *(.glue_7t)
 .glue_7t       0x00000000        0x0 linker stubs
                0x02018e40                . = ALIGN (0x4)

.vfp11_veneer   0x02018e50        0x0
 .vfp11_veneer  0x00000000        0x0 linker stubs

.v4_bx          0x02018e50        0x0
 .v4_bx         0x00000000        0x0 linker stubs

.iplt           0x02018e50        0x0
 .iplt          0x00000000        0x0 c:/devkitpro/devkitarm/bin/../lib/gcc/arm-none-eabi/4.7.1/../../../../arm-none-eabi/lib/thumb/ds_arm9_crt0.o

.fini           0x02018e50        0xc
 *(.fini)
 .fini          0x02018e50        0x4 c:/devkitpro/devkitarm/bin/../lib/gcc/arm-none-eabi/4.7.1/thumb/crti.o
                0x02018e50                _fini
 .fini          0x02018e54        0x8 c:/devkitpro/devkitarm/bin/../lib/gcc/arm-none-eabi/4.7.1/thumb/crtn.o
                0x02018e5c                __text_end = .

.rodata         0x02018e60   0x1a2004
 *(.rodata)
 .rodata        0x02018e60   0x181718 soundbank.bin.o
                0x02018e60                soundbank_bin
                0x0219a574                soundbank_bin_size
                0x0219a574                soundbank_bin_end
 .rodata        0x0219a578       0x20 Blocks.o
                0x0219a578                vtable for Door
 .rodata        0x0219a598       0x58 ClassDefinitions.o
                0x0219a598                vtable for Level
                0x0219a5b8                vtable for Entity
                0x0219a5d0                vtable for Block
 .rodata        0x0219a5f0       0x30 Entities.o
                0x0219a5f0                vtable for Player
                0x0219a608                vtable for Mob
 .rodata        0x0219a620       0x40 Levels.o
                0x0219a620                vtable for Level1
                0x0219a640                vtable for LevelMainMenu
 .rodata        0x0219a660       0x60 LevelMainMenu.o
                0x0219a660                LevelMainMenuBitmap
 .rodata        0x0219a6c0      0x100 LevelTest.o
                0x0219a6c0                LevelTestBitmap
 .rodata        0x0219a7c0     0x8200 Sprites.o
                0x0219a7c0                SpritesPal
                0x0219a9c0                SpritesTiles
 .rodata        0x021a29c0    0x10200 Tileset.o
                0x021a29c0                TilesetPal
                0x021a2bc0                TilesetTiles
 .rodata        0x021b2bc0      0x200 c:/devkitPro/libnds/lib\libnds9.a(console.o)
 .rodata        0x021b2dc0      0x308 c:/devkitPro/libnds/lib\libnds9.a(trig.o)
                0x021b2dc0                SIN_LUT
                0x021b2ec4                TAN_LUT
 .rodata        0x021b30c8     0x2004 c:/devkitPro/libnds/lib\libnds9.a(default_font.bin.o)
                0x021b30c8                default_font_bin
                0x021b50c8                default_font_bin_size
                0x021b50c8                default_font_bin_end
 .rodata        0x021b50cc      0xf7c c:/devkitpro/devkitarm/bin/../lib/gcc/arm-none-eabi/4.7.1/../../../../arm-none-eabi/lib/thumb\libstdc++.a(cp-demangle.o)
 .rodata        0x021b6048       0x14 c:/devkitpro/devkitarm/bin/../lib/gcc/arm-none-eabi/4.7.1/thumb\libgcc.a(unwind-arm.o)
 .rodata        0x021b605c        0x4 c:/devkitpro/devkitarm/bin/../lib/gcc/arm-none-eabi/4.7.1/../../../../arm-none-eabi/lib/thumb\libg.a(lib_a-impure.o)
                0x021b605c                _global_impure_ptr
 .rodata        0x021b6060      0x340 c:/devkitpro/devkitarm/bin/../lib/gcc/arm-none-eabi/4.7.1/../../../../arm-none-eabi/lib/thumb\libg.a(lib_a-svfiscanf.o)
 .rodata        0x021b63a0      0x184 c:/devkitpro/devkitarm/bin/../lib/gcc/arm-none-eabi/4.7.1/../../../../arm-none-eabi/lib/thumb\libg.a(lib_a-svfprintf.o)
 .rodata        0x021b6524      0x184 c:/devkitpro/devkitarm/bin/../lib/gcc/arm-none-eabi/4.7.1/../../../../arm-none-eabi/lib/thumb\libg.a(lib_a-vfiprintf.o)
 .rodata        0x021b66a8      0x104 c:/devkitpro/devkitarm/bin/../lib/gcc/arm-none-eabi/4.7.1/../../../../arm-none-eabi/lib/thumb\libg.a(lib_a-ctype_.o)
                0x021b66a8                _ctype_
 .rodata        0x021b67ac     0x34f0 c:/devkitpro/devkitarm/bin/../lib/gcc/arm-none-eabi/4.7.1/../../../../arm-none-eabi/lib/thumb\libg.a(lib_a-jp2uc.o)
 .rodata        0x021b9c9c       0xf0 c:/devkitpro/devkitarm/bin/../lib/gcc/arm-none-eabi/4.7.1/../../../../arm-none-eabi/lib/thumb\libg.a(lib_a-locale.o)
 .rodata        0x021b9d8c       0xa8 c:/devkitpro/devkitarm/bin/../lib/gcc/arm-none-eabi/4.7.1/../../../../arm-none-eabi/lib/thumb\libg.a(lib_a-mbtowc_r.o)
 *fill*         0x021b9e34        0x4 ff
 .rodata        0x021b9e38      0x128 c:/devkitpro/devkitarm/bin/../lib/gcc/arm-none-eabi/4.7.1/../../../../arm-none-eabi/lib/thumb\libg.a(lib_a-mprec.o)
                0x021b9e48                __mprec_tens
                0x021b9f10                __mprec_tinytens
                0x021b9f38                __mprec_bigtens
 .rodata        0x021b9f60      0x184 c:/devkitpro/devkitarm/bin/../lib/gcc/arm-none-eabi/4.7.1/../../../../arm-none-eabi/lib/thumb\libg.a(lib_a-svfiprintf.o)
 .rodata        0x021ba0e4       0x64 c:/devkitpro/devkitarm/bin/../lib/gcc/arm-none-eabi/4.7.1/../../../../arm-none-eabi/lib/thumb\libsysbase.a(iosupport.o)
                0x021ba0e4                dotab_stdnull
 *all.rodata*(*)
 *(.roda)
 *(.rodata.*)
 .rodata._ZTV4Wall
                0x021ba148       0x20 Blocks.o
                0x021ba148                vtable for Wall
 .rodata._ZTV5Floor
                0x021ba168       0x20 Blocks.o
                0x021ba168                vtable for Floor
 .rodata.str1.4
                0x021ba188       0x17 Blocks.o
                                 0x18 (size before relaxing)
 *fill*         0x021ba19f        0x1 ff
 .rodata.str1.4
                0x021ba1a0        0x7 ClassDefinitions.o
                                  0x8 (size before relaxing)
 *fill*         0x021ba1a7        0x1 ff
 .rodata.str1.4
                0x021ba1a8       0x15 Entities.o
                                 0x18 (size before relaxing)
 *fill*         0x021ba1bd        0x3 ff
 .rodata.str1.4
                0x021ba1c0        0xe main.o
                                 0x10 (size before relaxing)
 *fill*         0x021ba1ce        0x2 ff
 .rodata.str1.4
                0x021ba1d0       0x49 c:/devkitPro/libnds/lib\libnds9.a(console.o)
                                 0x4c (size before relaxing)
 *fill*         0x021ba219        0x3 ff
 .rodata._ZL28read_encoded_value_with_basehjPKhPj
                0x021ba21c       0x34 c:/devkitpro/devkitarm/bin/../lib/gcc/arm-none-eabi/4.7.1/../../../../arm-none-eabi/lib/thumb\libstdc++.a(eh_personality.o)
 .rodata._ZTVN10__cxxabiv115__forced_unwindE
                0x021ba250       0x18 c:/devkitpro/devkitarm/bin/../lib/gcc/arm-none-eabi/4.7.1/../../../../arm-none-eabi/lib/thumb\libstdc++.a(eh_exception.o)
                0x021ba250                vtable for __cxxabiv1::__forced_unwind
 .rodata._ZTVSt9exception
                0x021ba268       0x18 c:/devkitpro/devkitarm/bin/../lib/gcc/arm-none-eabi/4.7.1/../../../../arm-none-eabi/lib/thumb\libstdc++.a(eh_exception.o)
                0x021ba268                vtable for std::exception
 .rodata._ZTIN10__cxxabiv115__forced_unwindE
                0x021ba280        0x8 c:/devkitpro/devkitarm/bin/../lib/gcc/arm-none-eabi/4.7.1/../../../../arm-none-eabi/lib/thumb\libstdc++.a(eh_exception.o)
                0x021ba280                typeinfo for __cxxabiv1::__forced_unwind
 .rodata._ZTISt9exception
                0x021ba288        0x8 c:/devkitpro/devkitarm/bin/../lib/gcc/arm-none-eabi/4.7.1/../../../../arm-none-eabi/lib/thumb\libstdc++.a(eh_exception.o)
                0x021ba288                typeinfo for std::exception
 .rodata._ZTSSt13bad_exception
                0x021ba290       0x14 c:/devkitpro/devkitarm/bin/../lib/gcc/arm-none-eabi/4.7.1/../../../../arm-none-eabi/lib/thumb\libstdc++.a(eh_exception.o)
                0x021ba290                typeinfo name for std::bad_exception
 .rodata.str1.4
                0x021ba2a4       0x23 c:/devkitpro/devkitarm/bin/../lib/gcc/arm-none-eabi/4.7.1/../../../../arm-none-eabi/lib/thumb\libstdc++.a(eh_exception.o)
                                 0x24 (size before relaxing)
 *fill*         0x021ba2c7        0x1 ff
 .rodata._ZTSN10__cxxabiv119__foreign_exceptionE
                0x021ba2c8       0x24 c:/devkitpro/devkitarm/bin/../lib/gcc/arm-none-eabi/4.7.1/../../../../arm-none-eabi/lib/thumb\libstdc++.a(eh_exception.o)
                0x021ba2c8                typeinfo name for __cxxabiv1::__foreign_exception
 .rodata._ZTIN10__cxxabiv119__foreign_exceptionE
                0x021ba2ec        0x8 c:/devkitpro/devkitarm/bin/../lib/gcc/arm-none-eabi/4.7.1/../../../../arm-none-eabi/lib/thumb\libstdc++.a(eh_exception.o)
                0x021ba2ec                typeinfo for __cxxabiv1::__foreign_exception
 *fill*         0x021ba2f4        0x4 ff
 .rodata._ZTVSt13bad_exception
                0x021ba2f8       0x18 c:/devkitpro/devkitarm/bin/../lib/gcc/arm-none-eabi/4.7.1/../../../../arm-none-eabi/lib/thumb\libstdc++.a(eh_exception.o)
                0x021ba2f8                vtable for std::bad_exception
 .rodata._ZTSSt9exception
                0x021ba310       0x10 c:/devkitpro/devkitarm/bin/../lib/gcc/arm-none-eabi/4.7.1/../../../../arm-none-eabi/lib/thumb\libstdc++.a(eh_exception.o)
                0x021ba310                typeinfo name for std::exception
 .rodata._ZTVN10__cxxabiv119__foreign_exceptionE
                0x021ba320       0x18 c:/devkitpro/devkitarm/bin/../lib/gcc/arm-none-eabi/4.7.1/../../../../arm-none-eabi/lib/thumb\libstdc++.a(eh_exception.o)
                0x021ba320                vtable for __cxxabiv1::__foreign_exception
 .rodata._ZTSN10__cxxabiv115__forced_unwindE
                0x021ba338       0x20 c:/devkitpro/devkitarm/bin/../lib/gcc/arm-none-eabi/4.7.1/../../../../arm-none-eabi/lib/thumb\libstdc++.a(eh_exception.o)
                0x021ba338                typeinfo name for __cxxabiv1::__forced_unwind
 .rodata._ZTISt13bad_exception
                0x021ba358        0xc c:/devkitpro/devkitarm/bin/../lib/gcc/arm-none-eabi/4.7.1/../../../../arm-none-eabi/lib/thumb\libstdc++.a(eh_exception.o)
                0x021ba358                typeinfo for std::bad_exception
 *fill*         0x021ba364        0x4 ff
 .rodata._ZTVSt9bad_alloc
                0x021ba368       0x18 c:/devkitpro/devkitarm/bin/../lib/gcc/arm-none-eabi/4.7.1/../../../../arm-none-eabi/lib/thumb\libstdc++.a(bad_alloc.o)
                0x021ba368                vtable for std::bad_alloc
 .rodata._ZTISt9bad_alloc
                0x021ba380        0xc c:/devkitpro/devkitarm/bin/../lib/gcc/arm-none-eabi/4.7.1/../../../../arm-none-eabi/lib/thumb\libstdc++.a(bad_alloc.o)
                0x021ba380                typeinfo for std::bad_alloc
 .rodata.str1.4
                0x021ba38c        0xf c:/devkitpro/devkitarm/bin/../lib/gcc/arm-none-eabi/4.7.1/../../../../arm-none-eabi/lib/thumb\libstdc++.a(bad_alloc.o)
                                 0x10 (size before relaxing)
 *fill*         0x021ba39b        0x1 ff
 .rodata._ZTSSt9bad_alloc
                0x021ba39c       0x10 c:/devkitpro/devkitarm/bin/../lib/gcc/arm-none-eabi/4.7.1/../../../../arm-none-eabi/lib/thumb\libstdc++.a(bad_alloc.o)
                0x021ba39c                typeinfo name for std::bad_alloc
 *fill*         0x021ba3ac        0x4 ff
 .rodata._ZTVN10__cxxabiv117__class_type_infoE
                0x021ba3b0       0x30 c:/devkitpro/devkitarm/bin/../lib/gcc/arm-none-eabi/4.7.1/../../../../arm-none-eabi/lib/thumb\libstdc++.a(class_type_info.o)
                0x021ba3b0                vtable for __cxxabiv1::__class_type_info
 .rodata._ZTIN10__cxxabiv117__class_type_infoE
                0x021ba3e0        0xc c:/devkitpro/devkitarm/bin/../lib/gcc/arm-none-eabi/4.7.1/../../../../arm-none-eabi/lib/thumb\libstdc++.a(class_type_info.o)
                0x021ba3e0                typeinfo for __cxxabiv1::__class_type_info
 .rodata._ZTSN10__cxxabiv117__class_type_infoE
                0x021ba3ec       0x24 c:/devkitpro/devkitarm/bin/../lib/gcc/arm-none-eabi/4.7.1/../../../../arm-none-eabi/lib/thumb\libstdc++.a(class_type_info.o)
                0x021ba3ec                typeinfo name for __cxxabiv1::__class_type_info
 .rodata._ZSt7nothrow
                0x021ba410        0x4 c:/devkitpro/devkitarm/bin/../lib/gcc/arm-none-eabi/4.7.1/../../../../arm-none-eabi/lib/thumb\libstdc++.a(new_handler.o)
                0x021ba410                std::nothrow
 .rodata.str1.4
                0x021ba414       0x3b c:/devkitpro/devkitarm/bin/../lib/gcc/arm-none-eabi/4.7.1/../../../../arm-none-eabi/lib/thumb\libstdc++.a(pure.o)
                                 0x3c (size before relaxing)
 *fill*         0x021ba44f        0x1 ff
 .rodata._ZTVN10__cxxabiv120__si_class_type_infoE
                0x021ba450       0x30 c:/devkitpro/devkitarm/bin/../lib/gcc/arm-none-eabi/4.7.1/../../../../arm-none-eabi/lib/thumb\libstdc++.a(si_class_type_info.o)
                0x021ba450                vtable for __cxxabiv1::__si_class_type_info
 .rodata._ZTIN10__cxxabiv120__si_class_type_infoE
                0x021ba480        0xc c:/devkitpro/devkitarm/bin/../lib/gcc/arm-none-eabi/4.7.1/../../../../arm-none-eabi/lib/thumb\libstdc++.a(si_class_type_info.o)
                0x021ba480                typeinfo for __cxxabiv1::__si_class_type_info
 .rodata._ZTSN10__cxxabiv120__si_class_type_infoE
                0x021ba48c       0x28 c:/devkitpro/devkitarm/bin/../lib/gcc/arm-none-eabi/4.7.1/../../../../arm-none-eabi/lib/thumb\libstdc++.a(si_class_type_info.o)
                0x021ba48c                typeinfo name for __cxxabiv1::__si_class_type_info
 .rodata._ZTISt9type_info
                0x021ba4b4        0x8 c:/devkitpro/devkitarm/bin/../lib/gcc/arm-none-eabi/4.7.1/../../../../arm-none-eabi/lib/thumb\libstdc++.a(tinfo.o)
                0x021ba4b4                typeinfo for std::type_info
 .rodata._ZTSSt9type_info
                0x021ba4bc       0x10 c:/devkitpro/devkitarm/bin/../lib/gcc/arm-none-eabi/4.7.1/../../../../arm-none-eabi/lib/thumb\libstdc++.a(tinfo.o)
                0x021ba4bc                typeinfo name for std::type_info
 *fill*         0x021ba4cc        0x4 ff
 .rodata._ZTVSt9type_info
                0x021ba4d0       0x20 c:/devkitpro/devkitarm/bin/../lib/gcc/arm-none-eabi/4.7.1/../../../../arm-none-eabi/lib/thumb\libstdc++.a(tinfo.o)
                0x021ba4d0                vtable for std::type_info
 .rodata.str1.4
                0x021ba4f0       0x94 c:/devkitpro/devkitarm/bin/../lib/gcc/arm-none-eabi/4.7.1/../../../../arm-none-eabi/lib/thumb\libstdc++.a(vterminate.o)
 .rodata.str1.4
                0x021ba584      0x75f c:/devkitpro/devkitarm/bin/../lib/gcc/arm-none-eabi/4.7.1/../../../../arm-none-eabi/lib/thumb\libstdc++.a(cp-demangle.o)
                                0x7b4 (size before relaxing)
 *fill*         0x021bace3        0x1 ff
 .rodata.str1.4
                0x021bace4        0x2 c:/devkitpro/devkitarm/bin/../lib/gcc/arm-none-eabi/4.7.1/../../../../arm-none-eabi/lib/thumb\libg.a(lib_a-impure.o)
                                  0x4 (size before relaxing)
 *fill*         0x021bace6        0x2 ff
 .rodata.str1.4
                0x021bace8       0x42 c:/devkitpro/devkitarm/bin/../lib/gcc/arm-none-eabi/4.7.1/../../../../arm-none-eabi/lib/thumb\libg.a(lib_a-svfprintf.o)
                                 0x44 (size before relaxing)
 .rodata.str1.4
                0x00000000       0x30 c:/devkitpro/devkitarm/bin/../lib/gcc/arm-none-eabi/4.7.1/../../../../arm-none-eabi/lib/thumb\libg.a(lib_a-vfiprintf.o)
 *fill*         0x021bad2a        0x2 ff
 .rodata.str1.4
                0x021bad2c       0x10 c:/devkitpro/devkitarm/bin/../lib/gcc/arm-none-eabi/4.7.1/../../../../arm-none-eabi/lib/thumb\libg.a(lib_a-dtoa.o)
                                 0x14 (size before relaxing)
 .rodata.str1.4
                0x021bad3c       0x12 c:/devkitpro/devkitarm/bin/../lib/gcc/arm-none-eabi/4.7.1/../../../../arm-none-eabi/lib/thumb\libg.a(lib_a-jp2uc.o)
                                 0x14 (size before relaxing)
 *fill*         0x021bad4e        0x2 ff
 .rodata.str1.4
                0x021bad50      0x10c c:/devkitpro/devkitarm/bin/../lib/gcc/arm-none-eabi/4.7.1/../../../../arm-none-eabi/lib/thumb\libg.a(lib_a-locale.o)
                                0x130 (size before relaxing)
 .rodata.str1.4
                0x00000000        0x4 c:/devkitpro/devkitarm/bin/../lib/gcc/arm-none-eabi/4.7.1/../../../../arm-none-eabi/lib/thumb\libg.a(lib_a-mbrtowc.o)
 .rodata.str1.4
                0x00000000       0x30 c:/devkitpro/devkitarm/bin/../lib/gcc/arm-none-eabi/4.7.1/../../../../arm-none-eabi/lib/thumb\libg.a(lib_a-svfiprintf.o)
 .rodata.str1.4
                0x021bae5c        0x8 c:/devkitpro/devkitarm/bin/../lib/gcc/arm-none-eabi/4.7.1/../../../../arm-none-eabi/lib/thumb\libsysbase.a(iosupport.o)
 *(.gnu.linkonce.r*)
                0x021bae64                . = ALIGN (0x4)

.ARM.extab      0x021bae64      0x158
 *(.ARM.extab* .gnu.linkonce.armextab.*)
 .ARM.extab.text._Znwj
                0x021bae64       0x20 c:/devkitpro/devkitarm/bin/../lib/gcc/arm-none-eabi/4.7.1/../../../../arm-none-eabi/lib/thumb\libstdc++.a(new_op.o)
 .ARM.extab.text._ZN10__cxxabiv1L24__is_gxx_exception_classEPc