Archive member included because of file (symbol)

c:/devkitPro/libnds/lib\libmm9.a(mm_comms.o)
                              ClassDefinitions.o (mmStart)
c:/devkitPro/libnds/lib\libmm9.a(mm_main9.o)
                              c:/devkitPro/libnds/lib\libmm9.a(mm_comms.o) (mmCallback)
c:/devkitPro/libnds/lib\libmm9.a(mm_memory.o)
                              ClassDefinitions.o (mmLoad)
c:/devkitPro/libnds/lib\libmm9.a(mm_soundbank.o)
                              c:/devkitPro/libnds/lib\libmm9.a(mm_main9.o) (mmSoundBankInMemory)
c:/devkitPro/libnds/lib\libmm9.a(mm_flusher.o)
                              c:/devkitPro/libnds/lib\libmm9.a(mm_memory.o) (mmFlushBank)
c:/devkitPro/libnds/lib\libnds9.a(background.o)
                              ClassDefinitions.o (bgUpdate)
c:/devkitPro/libnds/lib\libnds9.a(keys.o)
                              ClassDefinitions.o (scanKeys)
c:/devkitPro/libnds/lib\libnds9.a(sassert.o)
                              ClassDefinitions.o (__sassert)
c:/devkitPro/libnds/lib\libnds9.a(sprite.o)
                              ClassDefinitions.o (oamInit)
c:/devkitPro/libnds/lib\libnds9.a(sprite_alloc.o)
                              c:/devkitPro/libnds/lib\libnds9.a(sprite.o) (oamAllocReset)
c:/devkitPro/libnds/lib\libnds9.a(touch.o)
                              ClassDefinitions.o (touchRead)
c:/devkitPro/libnds/lib\libnds9.a(trig.o)
                              c:/devkitPro/libnds/lib\libnds9.a(background.o) (sinLerp)
c:/devkitPro/libnds/lib\libnds9.a(initSystem.o)
                              c:/devkitpro/devkitarm/bin/../lib/gcc/arm-none-eabi/4.7.1/../../../../arm-none-eabi/lib/thumb/ds_arm9_crt0.o (initSystem)
c:/devkitPro/libnds/lib\libnds9.a(fifosystem.o)
                              c:/devkitPro/libnds/lib\libnds9.a(initSystem.o) (fifoSendValue32)
c:/devkitPro/libnds/lib\libnds9.a(interrupts.o)
                              c:/devkitPro/libnds/lib\libnds9.a(fifosystem.o) (irqSet)
c:/devkitPro/libnds/lib\libnds9.a(libnds_exit.arm.o)
                              c:/devkitpro/devkitarm/bin/../lib/gcc/arm-none-eabi/4.7.1/../../../../arm-none-eabi/lib/thumb/ds_arm9_crt0.o (__libnds_exit)
c:/devkitPro/libnds/lib\libnds9.a(dcache.o)
                              c:/devkitPro/libnds/lib\libnds9.a(sprite.o) (DC_FlushRange)
c:/devkitPro/libnds/lib\libnds9.a(mpu_setup.o)
                              c:/devkitpro/devkitarm/bin/../lib/gcc/arm-none-eabi/4.7.1/../../../../arm-none-eabi/lib/thumb/ds_arm9_crt0.o (__libnds_mpu_setup)
c:/devkitPro/libnds/lib\libnds9.a(biosCalls.o)
                              c:/devkitPro/libnds/lib\libnds9.a(fifosystem.o) (swiIntrWait)
c:/devkitPro/libnds/lib\libnds9.a(interruptDispatcher.o)
                              c:/devkitPro/libnds/lib\libnds9.a(interrupts.o) (IntrMain)
c:/devkitPro/libnds/lib\libnds9.a(swiSoftReset.o)
                              c:/devkitPro/libnds/lib\libnds9.a(fifosystem.o) (swiSoftReset)
c:/devkitPro/libnds/lib\libnds9.a(console.o)
                              c:/devkitPro/libnds/lib\libnds9.a(sassert.o) (consoleDemoInit)
c:/devkitPro/libnds/lib\libnds9.a(system.o)
                              c:/devkitPro/libnds/lib\libnds9.a(initSystem.o) (systemMsgHandler)
c:/devkitPro/libnds/lib\libnds9.a(video.o)
                              c:/devkitPro/libnds/lib\libnds9.a(initSystem.o) (vramDefault)
c:/devkitPro/libnds/lib\libnds9.a(debugprint.o)
                              c:/devkitPro/libnds/lib\libnds9.a(console.o) (nocashWrite)
c:/devkitPro/libnds/lib\libnds9.a(default_font.bin.o)
                              c:/devkitPro/libnds/lib\libnds9.a(console.o) (default_font_bin)
c:/devkitpro/devkitarm/bin/../lib/gcc/arm-none-eabi/4.7.1/../../../../arm-none-eabi/lib/thumb\libstdc++.a(new_op.o)
                              Blocks.o (operator new(unsigned int))
c:/devkitpro/devkitarm/bin/../lib/gcc/arm-none-eabi/4.7.1/../../../../arm-none-eabi/lib/thumb\libstdc++.a(eh_call.o)
                              c:/devkitpro/devkitarm/bin/../lib/gcc/arm-none-eabi/4.7.1/../../../../arm-none-eabi/lib/thumb\libstdc++.a(new_op.o) (__cxa_call_unexpected)
c:/devkitpro/devkitarm/bin/../lib/gcc/arm-none-eabi/4.7.1/../../../../arm-none-eabi/lib/thumb\libstdc++.a(eh_personality.o)
                              c:/devkitpro/devkitarm/bin/../lib/gcc/arm-none-eabi/4.7.1/../../../../arm-none-eabi/lib/thumb\libstdc++.a(new_op.o) (__gxx_personality_v0)
c:/devkitpro/devkitarm/bin/../lib/gcc/arm-none-eabi/4.7.1/../../../../arm-none-eabi/lib/thumb\libstdc++.a(del_op.o)
                              ClassDefinitions.o (operator delete(void*))
c:/devkitpro/devkitarm/bin/../lib/gcc/arm-none-eabi/4.7.1/../../../../arm-none-eabi/lib/thumb\libstdc++.a(eh_terminate.o)
                              c:/devkitpro/devkitarm/bin/../lib/gcc/arm-none-eabi/4.7.1/../../../../arm-none-eabi/lib/thumb\libstdc++.a(eh_call.o) (__cxxabiv1::__terminate(void (*)()))
[...]
Memory Configuration

Name             Origin             Length             Attributes
rom              0x08000000         0x02000000
ewram            0x02000000         0x003ff000
dtcm             0x0b000000         0x00004000
vectors          0x01000000         0x00000100
itcm             0x01000100         0x00007f00
*default*        0x00000000         0xffffffff

Linker script and memory map

                0x01000000                __vectors_start = ORIGIN (vectors)
                0x01000100                __itcm_start = ORIGIN (itcm)
                0x023ff000                __ewram_end = (ORIGIN (ewram) + 0x3ff000)
                0x023ff000                __eheap_end = (ORIGIN (ewram) + 0x3ff000)
                0x0b000000                __dtcm_start = ORIGIN (dtcm)
                0x0b004000                __dtcm_top = (ORIGIN (dtcm) + 0x4000)
                0x0b003ff8                __irq_flags = (__dtcm_top - 0x8)
                0x0b003ffc                __irq_vector = (__dtcm_top - 0x4)
                0x0b003f00                __sp_svc = (__dtcm_top - 0x100)
                0x0b003e00                __sp_irq = (__sp_svc - 0x100)
                0x0b003d00                __sp_usr = (__sp_irq - 0x100)

.init           0x02000000      0x23c
                0x02000000                __text_start = .
 *(.init)
 .init          0x02000000      0x230 c:/devkitpro/devkitarm/bin/../lib/gcc/arm-none-eabi/4.7.1/../../../../arm-none-eabi/lib/thumb/ds_arm9_crt0.o
                0x02000000                _start
 .init          0x02000230        0x4 c:/devkitpro/devkitarm/bin/../lib/gcc/arm-none-eabi/4.7.1/thumb/crti.o
                0x02000230                _init
 .init          0x02000234        0x8 c:/devkitpro/devkitarm/bin/../lib/gcc/arm-none-eabi/4.7.1/thumb/crtn.o
                0x0200023c                . = ALIGN (0x4)

.plt
 *(.plt)

.text           0x02000240    0x1a5d0
 *(EXCLUDE_FILE(*.itcm*) .text)
 .text          0x02000240        0x0 c:/devkitpro/devkitarm/bin/../lib/gcc/arm-none-eabi/4.7.1/../../../../arm-none-eabi/lib/thumb/ds_arm9_crt0.o
 .text          0x02000240        0x0 c:/devkitpro/devkitarm/bin/../lib/gcc/arm-none-eabi/4.7.1/thumb/crti.o
 .text          0x02000240       0xd0 c:/devkitpro/devkitarm/bin/../lib/gcc/arm-none-eabi/4.7.1/thumb/crtbegin.o
 .text          0x02000310        0x0 soundbank.bin.o
 .text          0x02000310      0x3b8 Blocks.o
                0x02000310                Triggerable::trigger(bool)
                0x02000320                Latch::trigger(bool)
                0x0200034c                Plate::tick()
                0x020003a0                Actuator::trigger(bool)
                0x020003f0                Podium::useOn(Item*, Entity*)
                0x02000428                Door::useOn(Item*, Entity*)
                0x02000484                Wall::Wall()
                0x02000484                Wall::Wall()
                0x020004a4                Floor::Floor()
                0x020004a4                Floor::Floor()
                0x020004c0                Door::Door()
                0x020004c0                Door::Door()
                0x020004e8                Door::linkToBlock(int, int)
                0x02000518                Door::linkToLevel(Level*)
                0x02000528                Podium::Podium()
                0x02000528                Podium::Podium()
                0x0200054c                Podium::linkToLevel(Level*)
                0x02000554                Triggerable::Triggerable()
                0x02000554                Triggerable::Triggerable()
                0x02000570                Actuator::Actuator()
                0x02000570                Actuator::Actuator()
                0x02000594                Latch::Latch()
                0x02000594                Latch::Latch()
                0x020005b8                Plate::Plate()
                0x020005b8                Plate::Plate()
                0x020005d8                Plate::linkTrigger(Triggerable*)
                0x020005dc                BlockFactory::makeWall(unsigned short)
                0x020005f8                BlockFactory::makeFloor(unsigned short)
                0x02000614                BlockFactory::makeDoor(unsigned short)
                0x02000630                BlockFactory::makeActuator(unsigned short)
                0x0200064c                BlockFactory::makePlate(unsigned short, Triggerable*)
                0x0200066c                BlockFactory::makePlate(unsigned short)
                0x02000688                BlockFactory::makeLatch(unsigned short)
                0x020006a4                BlockFactory::makePodium(unsigned short, Level*)
 .text          0x020006c8     0x11f8 ClassDefinitions.o
                0x020006c8                Entity::useOn(Item*, Entity*)
                0x020006cc                Block::onLoad(int, int)
                0x020006d8                Block::onEnter(Entity*)
                0x020006dc                Block::onUnload()
                0x020006ec                Level::copy()
                0x0200070c                Level::onUnload()
                0x02000754                Block::tick()
                0x02000768                Block::useOn(Item*, Entity*)
                0x0200077c                Level::~Level()
                0x0200077c                Level::~Level()
                0x02000798                Level::~Level()
                0x020007ac                Sprite::Sprite()
                0x020007ac                Sprite::Sprite()
                0x020007d4                Sprite::writeOam()
                0x02000850                Sprite::setAnimFrame(unsigned char)
                0x02000854                Sprite::setGfxBase(int)
                0x02000868                Sprite::setSpriteEntry(unsigned char)
                0x0200086c                Sprite::onUnload()
                0x020008ac                Entity::onUnload()
                0x020008b8                Item::getAtt()
                0x020008bc                Item::getDef()
                0x020008c0                Item::Item(unsigned char, unsigned char)
                0x020008c0                Item::Item(unsigned char, unsigned char)
                0x020008c8                Item::Item()
                0x020008c8                Item::Item()
                0x020008d0                Entity::Entity()
                0x020008d0                Entity::Entity()
                0x02000910                Entity::loadCommon()
                0x02000970                Entity::onLoad()
                0x02000980                Entity::calcSprite()
                0x02000a38                Entity::tick()
                0x02000a50                Entity::calcGrid()
                0x02000a64                Block::Block()
                0x02000a64                Block::Block()
                0x02000a7c                Block::getTileIndex()
                0x02000a80                Block::setEntity(Entity*)
                0x02000aa0                Block::setTileIndex(unsigned short)
                0x02000aa4                Level::loadCommon()
                0x02000b58                Level::getOamEntry()
                0x02000b6c                Level::isPlayer(Entity*)
                0x02000b78                Level::getBlock(int, int)
                0x02000ba0                Entity::translate(int, int)
                0x02000bf0                Level::testSolid(int, int)
                0x02000bfc                Level::calcLight(int, int, unsigned char)
                0x02000ca8                Level::drawLevel()
                0x02000e4c                Level::tick()
                0x020010a4                SoundManager::SoundManager()
                0x020010a4                SoundManager::SoundManager()
                0x02001124                SoundManager::playBGM(unsigned char, bool)
                0x02001158                SoundManager::stopBGM()
                0x02001170                SoundManager::setBGMVol(unsigned int)
                0x02001184                SoundManager::setBGMTempo(unsigned int)
                0x020011a8                SoundManager::playSFX(unsigned char, unsigned int)
                0x020011c8                Level::onLoad()
                0x02001250                Game::Game()
                0x02001250                Game::Game()
                0x02001494                Game::loadLevel(Level*)
                0x020014d4                Game::setLevel(Level*)
                0x020014e0                Game::mainLoop()
                0x02001580                Level::initBlocks(unsigned char const*, unsigned char const*, int)
 .text          0x020018c0      0xa10 Entities.o
                0x020018c0                Rock::tick()
                0x02001938                Rock::onLoad()
                0x02001950                Skeleton::onLoad()
                0x02001984                Mob::onLoad()
                0x020019b8                Mob::useOn(Item*, Entity*)
                0x02001a60                Player::onLoad()
                0x02001a8c                Player::tick()
                0x02001ddc                Rock::useOn(Item*, Entity*)
                0x02001f40                Mob::move(int)
                0x020020ac                Mob::moveIdle()
                0x020020e8                Mob::checkPlayer()
                0x0200216c                Mob::tick()
 .text          0x020022d0        0x0 Items.o
 .text          0x020022d0      0xc80 Levels.o
                0x020022d0                LevelWinLevel::copy()
                0x020022f0                LevelMainMenu::copy()
                0x02002310                Level1::copy()
                0x02002330                Level6::copy()
                0x02002350                Level5::copy()
                0x02002370                Level4::copy()
                0x02002390                Level3::copy()
                0x020023b0                Level2::copy()
                0x020023d0                Level6::onLoad()
                0x02002610                Level5::onLoad()
                0x02002768                Level4::onLoad()
                0x02002828                Level3::onLoad()
                0x02002978                Level2::onLoad()
                0x02002a4c                LevelWinLevel::onLoad()
                0x02002be8                Level1::onLoad()
                0x02002d9c                LevelMainMenu::onLoad()
 .text          0x02002f50        0x0 main.o
 .text          0x02002f50        0x0 Controls.o
 .text          0x02002f50        0x0 EndImage.o
 .text          0x02002f50        0x0 Level2.o
 .text          0x02002f50        0x0 Level3.o
 .text          0x02002f50        0x0 Level4.o
 .text          0x02002f50        0x0 Level5.o
 .text          0x02002f50        0x0 Level6.o
 .text          0x02002f50        0x0 LevelMainMenu.o
 .text          0x02002f50        0x0 LevelOne.o
 .text          0x02002f50        0x0 LevelTest.o
 .text          0x02002f50        0x0 MenuImage.o
 .text          0x02002f50        0x0 Sprites.o
 .text          0x02002f50        0x0 Tileset.o
 .text          0x02002f50        0x0 Wall.o
 .text          0x02002f50        0x0 WinLevel.o
 .text          0x02002f50      0x24c c:/devkitPro/libnds/lib\libmm9.a(mm_comms.o)
                0x02002f50                mmSetupComms
                0x02002fa2                mmSendBank
                0x02002fac                mmLockChannels
                0x02002fb2                mmUnlockChannels
                0x02002fb8                mmStart
                0x02002fc2                mmPause
                0x02002fc6                mmResume
                0x02002fca                mmStop
                0x02002fce                mmPosition
                0x02002fd2                mmJingle
                0x02002fd6                mmSetModuleVolume
                0x02002fda                mmSetJingleVolume
                0x02002fde                mmSetModuleTempo
                0x02002fe2                mmSetModulePitch
                0x02002fe6                mmSetEffectsVolume
                0x02002fea                mmSelectMode
                0x02002fee                mmStreamBegin
                0x02003002                mmStreamEnd
                0x02003058                mmEffect
                0x0200307c                mmEffectVolume
                0x02003080                mmEffectPanning
                0x02003084                mmEffectRate
                0x0200308e                mmEffectScaleRate
                0x02003098                mmEffectRelease
                0x0200309e                mmEffectCancel
                0x020030a4                mmEffectEx
                0x020030e2                mmEffectCancelAll
                0x020030e6                mmReverbEnable
                0x020030ea                mmReverbDisable
                0x020030ee                mmReverbConfigure
                0x0200314a                mmReverbStart
                0x0200314e                mmReverbStop
 .text          0x0200319c      0x108 c:/devkitPro/libnds/lib\libmm9.a(mm_main9.o)
                0x0200319c                mmActive
                0x020031a2                mmSetEventHandler
                0x020031a8                mmInit
                0x020031d2                mmInitDefault
                0x0200321c                mmInitDefaultMem
                0x0200323e                mmSuspendIRQ_t
                0x0200325c                mmRestoreIRQ_t
 .text          0x020032a4      0x120 c:/devkitPro/libnds/lib\libmm9.a(mm_memory.o)
                0x020032a4                mmLoad
                0x020032f4                mmUnload
                0x0200334c                mmLoadEffect
                0x02003384                mmUnloadEffect
 .text          0x020033c4      0x100 c:/devkitPro/libnds/lib\libmm9.a(mm_soundbank.o)
                0x020033c4                mmSoundBankInMemory
                0x020033cc                mmSoundBankInFiles
                0x020033de                mmSetCustomSoundBankHandler
                0x0200340a                mmsHandleFileOp
 .text          0x020034c4       0x3c c:/devkitPro/libnds/lib\libmm9.a(mm_flusher.o)
                0x020034c4                mmFlushBank
 .text          0x02003500      0x2e8 c:/devkitPro/libnds/lib\libnds9.a(background.o)
                0x02003500                bgIsText
                0x0200350c                checkIfText
                0x02003564                bgUpdate
                0x02003658                bgInit_call
                0x0200371c                bgInitSub_call
 .text          0x020037e8       0xf4 c:/devkitPro/libnds/lib\libnds9.a(keys.o)
                0x020037e8                scanKeys
                0x02003854                keysHeld
                0x02003860                keysDown
                0x02003870                keysDownRepeat
                0x02003880                keysSetRepeat
                0x02003898                keysUp
                0x020038a8                keysCurrent
 .text          0x020038dc       0x24 c:/devkitPro/libnds/lib\libnds9.a(sassert.o)
                0x020038dc                __sassert
 .text          0x02003900      0x3f4 c:/devkitPro/libnds/lib\libnds9.a(sprite.o)
                0x02003900                oamInit
                0x02003a14                oamDisable
                0x02003a44                oamEnable
                0x02003a68                oamGetGfxPtr
                0x02003a9c                oamClear
                0x02003ac4                oamGfxPtrToOffset
                0x02003af8                oamSet
                0x02003c48                oamUpdate
                0x02003ca8                oamRotateScale
 .text          0x02003cf4      0x450 c:/devkitPro/libnds/lib\libnds9.a(sprite_alloc.o)
                0x02003d24                oamAllocReset
                0x02003d58                oamAllocateGfx
                0x02003f5c                oamFreeGfx
                0x020040f8                oamCountFragments
 .text          0x02004144       0x4c c:/devkitPro/libnds/lib\libnds9.a(touch.o)
                0x02004144                touchRead
                0x0200416c                touchReadXY
 .text          0x02004190      0x244 c:/devkitPro/libnds/lib\libnds9.a(trig.o)
                0x02004190                asinComp
                0x020041b8                sinLutLookup
                0x020041f4                sinLerp
                0x0200422c                cosLerp
                0x02004240                tanLutLookup
                0x02004278                tanLerp
                0x0200431c                asinLerp
                0x02004398                acosLerp
                0x020043ac                atanComp
 .text          0x020043d4      0x140 c:/devkitPro/libnds/lib\libnds9.a(initSystem.o)
                0x020043d4                initSystem
 .text          0x02004514      0xc58 c:/devkitPro/libnds/lib\libnds9.a(fifosystem.o)
                0x02004768                fifoSendAddress
                0x02004794                fifoSendValue32
                0x020047d4                fifoSendDatamsg
                0x02004844                fifoGetAddress
                0x020048bc                fifoSetAddressHandler
                0x02004930                fifoGetValue32
                0x020049a4                fifoSetValue32Handler
                0x02004a18                fifoGetDatamsg
                0x02004e9c                fifoSetDatamsgHandler
                0x02004f34                fifoCheckAddress
                0x02004f58                fifoCheckDatamsg
                0x02004f7c                fifoCheckValue32
                0x02004fa0                fifoInit
 .text          0x0200516c      0x1ec c:/devkitPro/libnds/lib\libnds9.a(interrupts.o)
                0x0200516c                irqDummy
                0x02005170                irqSet
                0x020051dc                irqInit
                0x02005228                irqInitHandler
                0x02005258                irqEnable
                0x020052bc                irqDisable
                0x02005320                irqClear
 .text          0x02005358       0x58 c:/devkitPro/libnds/lib\libnds9.a(libnds_exit.arm.o)
                0x02005358                systemErrorExit
                0x0200535c                __libnds_exit
 .text          0x020053b0       0x70 c:/devkitPro/libnds/lib\libnds9.a(dcache.o)
                0x020053b0                DC_FlushAll
                0x020053dc                DC_FlushRange
                0x020053f8                DC_InvalidateAll
                0x02005404                DC_InvalidateRange
 .text          0x02005420      0x1b4 c:/devkitPro/libnds/lib\libnds9.a(mpu_setup.o)
                0x02005420                __libnds_mpu_setup
                0x02005560                memCached
                0x02005578                memUncached
 *fill*         0x020055d4        0xc ff
 .text          0x020055e0       0x70 c:/devkitPro/libnds/lib\libnds9.a(biosCalls.o)
                0x020055e0                swiDelay
                0x020055e4                swiIntrWait
                0x020055e8                swiWaitForVBlank
                0x020055ec                swiSleep
                0x020055f0                swiChangeSoundBias
                0x020055f4                swiDivide
                0x020055f8                swiRemainder
                0x020055fe                swiDivMod
                0x0200560a                swiCopy
                0x0200560e                swiFastCopy
                0x02005612                swiSqrt
                0x02005616                swiCRC16
                0x0200561a                swiIsDebugger
                0x0200561e                swiUnpackBits
                0x02005622                swiDecompressLZSSWram
                0x02005626                swiDecompressLZSSVramNTR
                0x0200562a                swiDecompressLZSSVramTWL
                0x0200562e                swiDecompressHuffman
                0x02005632                swiDecompressRLEWram
                0x02005636                swiDecompressRLEVram
                0x0200563a                swiWaitForIRQ
                0x0200563e                swiDecodeDelta8
                0x02005642                swiDecodeDelta16
                0x02005646                swiSetHaltCR
 .text          0x02005650        0x0 c:/devkitPro/libnds/lib\libnds9.a(interruptDispatcher.o)
 .text          0x02005650       0x30 c:/devkitPro/libnds/lib\libnds9.a(swiSoftReset.o)
                0x02005650                swiSoftReset
 .text          0x02005680      0xa4c c:/devkitPro/libnds/lib\libnds9.a(console.o)
                0x02005720                nocash_write
                0x02005730                consoleGetDefault
                0x0200573c                consoleSelect
                0x0200574c                consoleDebugInit
                0x0200579c                consolePrintChar
                0x02005968                consoleLoadFont
                0x02005bf0                consoleSetFont
                0x02005c10                consoleInit
                0x02005d78                consoleDemoInit
                0x02005dbc                con_write
                0x02006098                consoleClear
                0x020060a8                consoleSetWindow
 .text          0x020060cc      0x128 c:/devkitPro/libnds/lib\libnds9.a(system.o)
                0x020060cc                setSDcallback
                0x020060d8                systemMsgHandler
                0x0200611c                systemSleep
                0x02006134                systemValueHandler
                0x02006170                powerOn
                0x0200619c                powerOff
                0x020061c4                ledBlink
                0x020061d4                getBatteryLevel
 .text          0x020061f4      0x1f8 c:/devkitPro/libnds/lib\libnds9.a(video.o)
                0x020061f4                vramSetPrimaryBanks
                0x02006238                vramSetMainBanks
                0x0200627c                vramSetBanks_EFG
                0x020062b4                vramRestorePrimaryBanks
                0x020062c0                vramRestoreMainBanks
                0x020062cc                vramRestoreBanks_EFG
                0x020062d8                setBrightness
                0x02006318                vramDefault
 .text          0x020063ec       0xa4 c:/devkitPro/libnds/lib\libnds9.a(debugprint.o)
                0x020063ec                nocashWrite
                0x020063ee                nocashMessage
 .text          0x02006490        0x0 c:/devkitPro/libnds/lib\libnds9.a(default_font.bin.o)
 .text          0x02006490        0x0 c:/devkitpro/devkitarm/bin/../lib/gcc/arm-none-eabi/4.7.1/../../../../arm-none-eabi/lib/thumb\libstdc++.a(new_op.o)
 .text          0x02006490        0x0 c:/devkitpro/devkitarm/bin/../lib/gcc/arm-none-eabi/4.7.1/../../../../arm-none-eabi/lib/thumb\libstdc++.a(eh_call.o)
 .text          0x02006490        0x0 c:/devkitpro/devkitarm/bin/../lib/gcc/arm-none-eabi/4.7.1/../../../../arm-none-eabi/lib/thumb\libstdc++.a(eh_personality.o)
 .text          0x02006490        0x0 c:/devkitpro/devkitarm/bin/../lib/gcc/arm-none-eabi/4.7.1/../../../../arm-none-eabi/lib/thumb\libstdc++.a(del_op.o)
 .text          0x02006490        0x0 c:/devkitpro/devkitarm/bin/../lib/gcc/arm-none-eabi/4.7.1/../../../../arm-none-eabi/lib/thumb\libstdc++.a(eh_terminate.o)
 .text          0x02006490        0x0 c:/devkitpro/devkitarm/bin/../lib/gcc/arm-none-eabi/4.7.1/../../../../arm-none-eabi/lib/thumb\libstdc++.a(eh_exception.o)
 .text          0x02006490        0x0 c:/devkitpro/devkitarm/bin/../lib/gcc/arm-none-eabi/4.7.1/../../../../arm-none-eabi/lib/thumb\libstdc++.a(eh_alloc.o)
 .text          0x02006490        0x0 c:/devkitpro/devkitarm/bin/../lib/gcc/arm-none-eabi/4.7.1/../../../../arm-none-eabi/lib/thumb\libstdc++.a(bad_alloc.o)
 .text          0x02006490        0x0 c:/devkitpro/devkitarm/bin/../lib/gcc/arm-none-eabi/4.7.1/../../../../arm-none-eabi/lib/thumb\libstdc++.a(class_type_info.o)
 .text          0x02006490        0x0 c:/devkitpro/devkitarm/bin/../lib/gcc/arm-none-eabi/4.7.1/../../../../arm-none-eabi/lib/thumb\libstdc++.a(new_handler.o)
 .text          0x02006490        0x0 c:/devkitpro/devkitarm/bin/../lib/gcc/arm-none-eabi/4.7.1/../../../../arm-none-eabi/lib/thumb\libstdc++.a(eh_arm.o)
 .text          0x02006490        0x0 c:/devkitpro/devkitarm/bin/../lib/gcc/arm-none-eabi/4.7.1/../../../../arm-none-eabi/lib/thumb\libstdc++.a(eh_throw.o)
 .text          0x02006490        0x0 c:/devkitpro/devkitarm/bin/../lib/gcc/arm-none-eabi/4.7.1/../../../../arm-none-eabi/lib/thumb\libstdc++.a(pure.o)
 .text          0x02006490        0x0 c:/devkitpro/devkitarm/bin/../lib/gcc/arm-none-eabi/4.7.1/../../../../arm-none-eabi/lib/thumb\libstdc++.a(eh_globals.o)
 .text          0x02006490        0x0 c:/devkitpro/devkitarm/bin/../lib/gcc/arm-none-eabi/4.7.1/../../../../arm-none-eabi/lib/thumb\libstdc++.a(eh_catch.o)
 .text          0x02006490        0x0 c:/devkitpro/devkitarm/bin/../lib/gcc/arm-none-eabi/4.7.1/../../../../arm-none-eabi/lib/thumb\libstdc++.a(si_class_type_info.o)
 .text          0x02006490        0x0 c:/devkitpro/devkitarm/bin/../lib/gcc/arm-none-eabi/4.7.1/../../../../arm-none-eabi/lib/thumb\libstdc++.a(eh_unex_handler.o)
 .text          0x02006490        0x0 c:/devkitpro/devkitarm/bin/../lib/gcc/arm-none-eabi/4.7.1/../../../../arm-none-eabi/lib/thumb\libstdc++.a(tinfo.o)
 .text          0x02006490        0x0 c:/devkitpro/devkitarm/bin/../lib/gcc/arm-none-eabi/4.7.1/../../../../arm-none-eabi/lib/thumb\libstdc++.a(eh_term_handler.o)
 .text          0x02006490        0x0 c:/devkitpro/devkitarm/bin/../lib/gcc/arm-none-eabi/4.7.1/../../../../arm-none-eabi/lib/thumb\libstdc++.a(vterminate.o)
 .text          0x02006490        0x0 c:/devkitpro/devkitarm/bin/../lib/gcc/arm-none-eabi/4.7.1/../../../../arm-none-eabi/lib/thumb\libstdc++.a(eh_type.o)
 .text          0x02006490     0x5984 c:/devkitpro/devkitarm/bin/../lib/gcc/arm-none-eabi/4.7.1/../../../../arm-none-eabi/lib/thumb\libstdc++.a(cp-demangle.o)
                0x0200bd20                __cxa_demangle
                0x0200bde8                __gcclibcxx_demangle_callback
 .text          0x0200be14      0x11c c:/devkitpro/devkitarm/bin/../lib/gcc/arm-none-eabi/4.7.1/thumb\libgcc.a(_udivsi3.o)
                0x0200be14                __aeabi_uidiv
                0x0200be14                __udivsi3
                0x0200bf10                __aeabi_uidivmod
 .text          0x0200bf30      0x150 c:/devkitpro/devkitarm/bin/../lib/gcc/arm-none-eabi/4.7.1/thumb\libgcc.a(_divsi3.o)
                0x0200bf30                __divsi3
                0x0200bf30                __aeabi_idiv
                0x0200c060                __aeabi_idivmod
 .text          0x0200c080        0x4 c:/devkitpro/devkitarm/bin/../lib/gcc/arm-none-eabi/4.7.1/thumb\libgcc.a(_dvmd_tls.o)
                0x0200c080                __aeabi_idiv0
                0x0200c080                __aeabi_ldiv0
 .text          0x0200c084      0xab4 c:/devkitpro/devkitarm/bin/../lib/gcc/arm-none-eabi/4.7.1/thumb\libgcc.a(unwind-arm.o)
                0x0200c380                _Unwind_GetCFA
                0x0200c384                __gnu_Unwind_RaiseException
                0x0200c3e4                __gnu_Unwind_ForcedUnwind
                0x0200c3fc                __gnu_Unwind_Resume
                0x0200c444                __gnu_Unwind_Resume_or_Rethrow
                0x0200c464                _Unwind_Complete
                0x0200c468                _Unwind_DeleteException
                0x0200c480                _Unwind_VRS_Get
                0x0200c4cc                _Unwind_VRS_Set
                0x0200c828                __aeabi_unwind_cpp_pr2
                0x0200c838                __aeabi_unwind_cpp_pr1
                0x0200c848                __aeabi_unwind_cpp_pr0
                0x0200c858                __gnu_Unwind_Backtrace
                0x0200c8cc                _Unwind_VRS_Pop
 .text          0x0200cb38      0x1d8 c:/devkitpro/devkitarm/bin/../lib/gcc/arm-none-eabi/4.7.1/thumb\libgcc.a(libunwind.o)
                0x0200cb38                __restore_core_regs
                0x0200cb38                restore_core_regs
                0x0200cb54                __gnu_Unwind_Restore_VFP
                0x0200cb5c                __gnu_Unwind_Save_VFP
                0x0200cb64                __gnu_Unwind_Restore_VFP_D
                0x0200cb6c                __gnu_Unwind_Save_VFP_D
                0x0200cb74                __gnu_Unwind_Restore_VFP_D_16_to_31
                0x0200cb7c                __gnu_Unwind_Save_VFP_D_16_to_31
                0x0200cb84                __gnu_Unwind_Restore_WMMXD
                0x0200cbc8                __gnu_Unwind_Save_WMMXD
                0x0200cc0c                __gnu_Unwind_Restore_WMMXC
                0x0200cc20                __gnu_Unwind_Save_WMMXC
                0x0200cc34                ___Unwind_RaiseException
                0x0200cc34                _Unwind_RaiseException
                0x0200cc60                _Unwind_Resume
                0x0200cc60                ___Unwind_Resume
                0x0200cc8c                _Unwind_Resume_or_Rethrow
                0x0200cc8c                ___Unwind_Resume_or_Rethrow
                0x0200ccb8                _Unwind_ForcedUnwind
                0x0200ccb8                ___Unwind_ForcedUnwind
                0x0200cce4                ___Unwind_Backtrace
                0x0200cce4                _Unwind_Backtrace
 .text          0x0200cd10      0x3e0 c:/devkitpro/devkitarm/bin/../lib/gcc/arm-none-eabi/4.7.1/thumb\libgcc.a(pr-support.o)
                0x0200cd6c                __gnu_unwind_execute
                0x0200d08c                __gnu_unwind_frame
                0x0200d0b8                _Unwind_GetRegionStart
                0x0200d0c8                _Unwind_GetLanguageSpecificData
                0x0200d0e0                _Unwind_GetDataRelBase
                0x0200d0e8                _Unwind_GetTextRelBase
 .text          0x0200d0f0       0x10 c:/devkitpro/devkitarm/bin/../lib/gcc/arm-none-eabi/4.7.1/../../../../arm-none-eabi/lib/thumb\libg.a(lib_a-abort.o)
                0x0200d0f0                abort
 .text          0x0200d100       0x64 c:/devkitpro/devkitarm/bin/../lib/gcc/arm-none-eabi/4.7.1/../../../../arm-none-eabi/lib/thumb\libg.a(lib_a-bsearch.o)
                0x0200d100                bsearch
 .text          0x0200d164       0xb0 c:/devkitpro/devkitarm/bin/../lib/gcc/arm-none-eabi/4.7.1/../../../../arm-none-eabi/lib/thumb\libg.a(lib_a-fclose.o)
                0x0200d164                _fclose_r
                0x0200d1f8                fclose
 .text          0x0200d214      0x1b8 c:/devkitpro/devkitarm/bin/../lib/gcc/arm-none-eabi/4.7.1/../../../../arm-none-eabi/lib/thumb\libg.a(lib_a-fflush.o)
                0x0200d214                __sflush_r
                0x0200d36c                _fflush_r
                0x0200d39c                fflush
 .text          0x0200d3cc      0x1d8 c:/devkitpro/devkitarm/bin/../lib/gcc/arm-none-eabi/4.7.1/../../../../arm-none-eabi/lib/thumb\libg.a(lib_a-findfp.o)
                0x0200d3d4                _cleanup_r
                0x0200d434                __sfmoreglue
                0x0200d464                _cleanup
                0x0200d478                __sinit
                0x0200d4cc                __sfp
                0x0200d55c                __sfp_lock_acquire
                0x0200d560                __sfp_lock_release
                0x0200d564                __sinit_lock_acquire
                0x0200d568                __sinit_lock_release
                0x0200d56c                __fp_lock_all
                0x0200d588                __fp_unlock_all
 .text          0x0200d5a4       0xa8 c:/devkitpro/devkitarm/bin/../lib/gcc/arm-none-eabi/4.7.1/../../../../arm-none-eabi/lib/thumb\libg.a(lib_a-fopen.o)
                0x0200d5a4                _fopen_r
                0x0200d630                fopen
 .text          0x0200d64c       0x54 c:/devkitpro/devkitarm/bin/../lib/gcc/arm-none-eabi/4.7.1/../../../../arm-none-eabi/lib/thumb\libg.a(lib_a-fputc.o)
                0x0200d64c                _fputc_r
                0x0200d674                fputc
 .text          0x0200d6a0       0x78 c:/devkitpro/devkitarm/bin/../lib/gcc/arm-none-eabi/4.7.1/../../../../arm-none-eabi/lib/thumb\libg.a(lib_a-fputs.o)
                0x0200d6a0                _fputs_r
                0x0200d6fc                fputs
 .text          0x0200d718      0x190 c:/devkitpro/devkitarm/bin/../lib/gcc/arm-none-eabi/4.7.1/../../../../arm-none-eabi/lib/thumb\libg.a(lib_a-fread.o)
                0x0200d718                _fread_r
                0x0200d880                fread
 .text          0x0200d8a8      0x238 c:/devkitpro/devkitarm/bin/../lib/gcc/arm-none-eabi/4.7.1/../../../../arm-none-eabi/lib/thumb\libg.a(lib_a-freer.o)
                0x0200d8a8                _malloc_trim_r
                0x0200d94c                _free_r
 .text          0x0200dae0      0x328 c:/devkitpro/devkitarm/bin/../lib/gcc/arm-none-eabi/4.7.1/../../../../arm-none-eabi/lib/thumb\libg.a(lib_a-fseek.o)
                0x0200dae0                _fseek_r
                0x0200dde4                fseek
 .text          0x0200de08      0x2fc c:/devkitpro/devkitarm/bin/../lib/gcc/arm-none-eabi/4.7.1/../../../../arm-none-eabi/lib/thumb\libg.a(lib_a-fvwrite.o)
                0x0200de08                __sfvwrite_r
 .text          0x0200e104       0xb4 c:/devkitpro/devkitarm/bin/../lib/gcc/arm-none-eabi/4.7.1/../../../../arm-none-eabi/lib/thumb\libg.a(lib_a-fwalk.o)
                0x0200e104                _fwalk
                0x0200e158                _fwalk_reent
 .text          0x0200e1b8       0x9c c:/devkitpro/devkitarm/bin/../lib/gcc/arm-none-eabi/4.7.1/../../../../arm-none-eabi/lib/thumb\libg.a(lib_a-fwrite.o)
                0x0200e1b8                _fwrite_r
                0x0200e22c                fwrite
 .text          0x0200e254        0x0 c:/devkitpro/devkitarm/bin/../lib/gcc/arm-none-eabi/4.7.1/../../../../arm-none-eabi/lib/thumb\libg.a(lib_a-impure.o)
 .text          0x0200e254       0x54 c:/devkitpro/devkitarm/bin/../lib/gcc/arm-none-eabi/4.7.1/../../../../arm-none-eabi/lib/thumb\libg.a(lib_a-init.o)
                0x0200e254                __libc_init_array
 .text          0x0200e2a8       0x40 c:/devkitpro/devkitarm/bin/../lib/gcc/arm-none-eabi/4.7.1/../../../../arm-none-eabi/lib/thumb\libg.a(lib_a-iprintf.o)
                0x0200e2a8                iprintf
                0x0200e2cc                _iprintf_r
 .text          0x0200e2e8       0xe0 c:/devkitpro/devkitarm/bin/../lib/gcc/arm-none-eabi/4.7.1/../../../../arm-none-eabi/lib/thumb\libg.a(lib_a-makebuf.o)
                0x0200e2e8                __smakebuf_r
 .text          0x0200e3c8       0x30 c:/devkitpro/devkitarm/bin/../lib/gcc/arm-none-eabi/4.7.1/../../../../arm-none-eabi/lib/thumb\libg.a(lib_a-malloc.o)
                0x0200e3c8                malloc
                0x0200e3e0                free
 .text          0x0200e3f8      0x51c c:/devkitpro/devkitarm/bin/../lib/gcc/arm-none-eabi/4.7.1/../../../../arm-none-eabi/lib/thumb\libg.a(lib_a-mallocr.o)
                0x0200e3f8                _malloc_r
 .text          0x0200e914       0x98 c:/devkitpro/devkitarm/bin/../lib/gcc/arm-none-eabi/4.7.1/../../../../arm-none-eabi/lib/thumb\libg.a(lib_a-memchr-stub.o)
                0x0200e914                memchr
 .text          0x0200e9ac       0x60 c:/devkitpro/devkitarm/bin/../lib/gcc/arm-none-eabi/4.7.1/../../../../arm-none-eabi/lib/thumb\libg.a(lib_a-memcmp.o)
                0x0200e9ac                memcmp
 .text          0x0200ea0c       0x90 c:/devkitpro/devkitarm/bin/../lib/gcc/arm-none-eabi/4.7.1/../../../../arm-none-eabi/lib/thumb\libg.a(lib_a-memcpy-stub.o)
                0x0200ea0c                memcpy
 .text          0x0200ea9c       0xb0 c:/devkitpro/devkitarm/bin/../lib/gcc/arm-none-eabi/4.7.1/../../../../arm-none-eabi/lib/thumb\libg.a(lib_a-memmove.o)
                0x0200ea9c                memmove
 .text          0x0200eb4c       0x98 c:/devkitpro/devkitarm/bin/../lib/gcc/arm-none-eabi/4.7.1/../../../../arm-none-eabi/lib/thumb\libg.a(lib_a-memset.o)
                0x0200eb4c                memset
 .text          0x0200ebe4        0x8 c:/devkitpro/devkitarm/bin/../lib/gcc/arm-none-eabi/4.7.1/../../../../arm-none-eabi/lib/thumb\libg.a(lib_a-mlock.o)
                0x0200ebe4                __malloc_lock
                0x0200ebe8                __malloc_unlock
 .text          0x0200ebec       0xc4 c:/devkitpro/devkitarm/bin/../lib/gcc/arm-none-eabi/4.7.1/../../../../arm-none-eabi/lib/thumb\libg.a(lib_a-putc.o)
                0x0200ebec                _putc_r
                0x0200ec4c                putc
 .text          0x0200ecb0       0x50 c:/devkitpro/devkitarm/bin/../lib/gcc/arm-none-eabi/4.7.1/../../../../arm-none-eabi/lib/thumb\libg.a(lib_a-rand.o)
                0x0200ecb0                srand
                0x0200ecc4                rand
 .text          0x0200ed00       0x1c c:/devkitpro/devkitarm/bin/../lib/gcc/arm-none-eabi/4.7.1/../../../../arm-none-eabi/lib/thumb\libg.a(lib_a-realloc.o)
                0x0200ed00                realloc
 .text          0x0200ed1c      0x3e8 c:/devkitpro/devkitarm/bin/../lib/gcc/arm-none-eabi/4.7.1/../../../../arm-none-eabi/lib/thumb\libg.a(lib_a-reallocr.o)
                0x0200ed1c                _realloc_r
 .text          0x0200f104      0x144 c:/devkitpro/devkitarm/bin/../lib/gcc/arm-none-eabi/4.7.1/../../../../arm-none-eabi/lib/thumb\libg.a(lib_a-refill.o)
                0x0200f124                __srefill_r
 .text          0x0200f248      0x120 c:/devkitpro/devkitarm/bin/../lib/gcc/arm-none-eabi/4.7.1/../../../../arm-none-eabi/lib/thumb\libg.a(lib_a-setvbuf.o)
                0x0200f248                setvbuf
 .text          0x0200f368      0x198 c:/devkitpro/devkitarm/bin/../lib/gcc/arm-none-eabi/4.7.1/../../../../arm-none-eabi/lib/thumb\libg.a(lib_a-signal.o)
                0x0200f368                _init_signal_r
                0x0200f3a8                _signal_r
                0x0200f3e8                _raise_r
                0x0200f448                __sigtramp_r
                0x0200f49c                raise
                0x0200f4b4                signal
                0x0200f4d0                _init_signal
                0x0200f4e4                __sigtramp
 .text          0x0200f500       0xa0 c:/devkitpro/devkitarm/bin/../lib/gcc/arm-none-eabi/4.7.1/../../../../arm-none-eabi/lib/thumb\libg.a(lib_a-siscanf.o)
                0x0200f500                siscanf
                0x0200f550                _siscanf_r
 .text          0x0200f5a0       0x84 c:/devkitpro/devkitarm/bin/../lib/gcc/arm-none-eabi/4.7.1/../../../../arm-none-eabi/lib/thumb\libg.a(lib_a-sprintf.o)
                0x0200f5a0                _sprintf_r
                0x0200f5e0                sprintf
 .text          0x0200f624       0xac c:/devkitpro/devkitarm/bin/../lib/gcc/arm-none-eabi/4.7.1/../../../../arm-none-eabi/lib/thumb\libg.a(lib_a-stdio.o)
                0x0200f624                __sread
                0x0200f650                __seofread
                0x0200f654                __swrite
                0x0200f690                __sseek
                0x0200f6c0                __sclose
 .text          0x0200f6d0       0x14 c:/devkitpro/devkitarm/bin/../lib/gcc/arm-none-eabi/4.7.1/../../../../arm-none-eabi/lib/thumb\libg.a(lib_a-strcmp.o)
                0x0200f6d0                strcmp
 .text          0x0200f6e4       0x10 c:/devkitpro/devkitarm/bin/../lib/gcc/arm-none-eabi/4.7.1/../../../../arm-none-eabi/lib/thumb\libg.a(lib_a-strlen.o)
                0x0200f6e4                strlen
 .text          0x0200f6f4       0xbc c:/devkitpro/devkitarm/bin/../lib/gcc/arm-none-eabi/4.7.1/../../../../arm-none-eabi/lib/thumb\libg.a(lib_a-strncmp.o)
                0x0200f6f4                strncmp
 .text          0x0200f7b0      0xa98 c:/devkitpro/devkitarm/bin/../lib/gcc/arm-none-eabi/4.7.1/../../../../arm-none-eabi/lib/thumb\libg.a(lib_a-svfiscanf.o)
                0x0200f7b0                _sungetc_r
                0x0200f838                __ssrefill_r
                0x0200f87c                _sfread_r
                0x0200f908                __ssvfiscanf_r
 .text          0x02010248     0x1728 c:/devkitpro/devkitarm/bin/../lib/gcc/arm-none-eabi/4.7.1/../../../../arm-none-eabi/lib/thumb\libg.a(lib_a-svfprintf.o)
                0x02010248                _svfprintf_r
 .text          0x02011970       0x20 c:/devkitpro/devkitarm/bin/../lib/gcc/arm-none-eabi/4.7.1/../../../../arm-none-eabi/lib/thumb\libg.a(lib_a-syswrite.o)
                0x02011970                write
 .text          0x02011990      0x188 c:/devkitpro/devkitarm/bin/../lib/gcc/arm-none-eabi/4.7.1/../../../../arm-none-eabi/lib/thumb\libg.a(lib_a-ungetc.o)
                0x02011990                __submore
                0x02011a18                _ungetc_r
                0x02011afc                ungetc
 .text          0x02011b18      0xed4 c:/devkitpro/devkitarm/bin/../lib/gcc/arm-none-eabi/4.7.1/../../../../arm-none-eabi/lib/thumb\libg.a(lib_a-vfiprintf.o)
                0x02011b18                __sprint_r
                0x02011b9c                _vfiprintf_r
                0x020129c8                vfiprintf
 .text          0x020129ec       0xd0 c:/devkitpro/devkitarm/bin/../lib/gcc/arm-none-eabi/4.7.1/../../../../arm-none-eabi/lib/thumb\libg.a(lib_a-wbuf.o)
                0x020129ec                __swbuf_r
                0x02012aa0                __swbuf
 .text          0x02012abc       0xe8 c:/devkitpro/devkitarm/bin/../lib/gcc/arm-none-eabi/4.7.1/../../../../arm-none-eabi/lib/thumb\libg.a(lib_a-wcrtomb.o)
                0x02012abc                _wcrtomb_r
                0x02012b24                wcrtomb
 .text          0x02012ba4       0x40 c:/devkitpro/devkitarm/bin/../lib/gcc/arm-none-eabi/4.7.1/../../../../arm-none-eabi/lib/thumb\libg.a(lib_a-wcsrtombs.o)
                0x02012ba4                _wcsrtombs_r
                0x02012bbc                wcsrtombs
 .text          0x02012be4      0x2a4 c:/devkitpro/devkitarm/bin/../lib/gcc/arm-none-eabi/4.7.1/../../../../arm-none-eabi/lib/thumb\libg.a(lib_a-wctomb_r.o)
                0x02012be4                __utf8_wctomb
                0x02012c98                _wctomb_r
                0x02012cd0                __ascii_wctomb
                0x02012cf0                __sjis_wctomb
                0x02012d6c                __eucjp_wctomb
                0x02012e08                __jis_wctomb
 .text          0x02012e88       0xd0 c:/devkitpro/devkitarm/bin/../lib/gcc/arm-none-eabi/4.7.1/../../../../arm-none-eabi/lib/thumb\libg.a(lib_a-wsetup.o)
                0x02012e88                __swsetup_r
 .text          0x02012f58       0x10 c:/devkitpro/devkitarm/bin/../lib/gcc/arm-none-eabi/4.7.1/../../../../arm-none-eabi/lib/thumb\libg.a(lib_a-ctype_.o)
                0x02012f58                __set_ctype
 .text          0x02012f68     0x10a0 c:/devkitpro/devkitarm/bin/../lib/gcc/arm-none-eabi/4.7.1/../../../../arm-none-eabi/lib/thumb\libg.a(lib_a-dtoa.o)
                0x020130c0                _dtoa_r
 .text          0x02014008       0x70 c:/devkitpro/devkitarm/bin/../lib/gcc/arm-none-eabi/4.7.1/../../../../arm-none-eabi/lib/thumb\libg.a(lib_a-flags.o)
                0x02014008                __sflags
 .text          0x02014078      0x104 c:/devkitpro/devkitarm/bin/../lib/gcc/arm-none-eabi/4.7.1/../../../../arm-none-eabi/lib/thumb\libg.a(lib_a-fputwc.o)
                0x02014078                _fputwc_r
                0x02014150                fputwc
 .text          0x0201417c       0x78 c:/devkitpro/devkitarm/bin/../lib/gcc/arm-none-eabi/4.7.1/../../../../arm-none-eabi/lib/thumb\libg.a(lib_a-iswspace.o)
                0x0201417c                iswspace
 .text          0x020141f4      0x1f0 c:/devkitpro/devkitarm/bin/../lib/gcc/arm-none-eabi/4.7.1/../../../../arm-none-eabi/lib/thumb\libg.a(lib_a-jp2uc.o)
                0x02014380                _jp2uc
 .text          0x020143e4      0x950 c:/devkitpro/devkitarm/bin/../lib/gcc/arm-none-eabi/4.7.1/../../../../arm-none-eabi/lib/thumb\libg.a(lib_a-locale.o)
                0x02014ad8                _setlocale_r
                0x02014cd4                __locale_charset
                0x02014cdc                __locale_mb_cur_max
                0x02014ce8                __locale_msgcharset
                0x02014cf4                __locale_cjk_lang
                0x02014d00                _localeconv_r
                0x02014d0c                setlocale
                0x02014d28                localeconv
 .text          0x02014d34      0x104 c:/devkitpro/devkitarm/bin/../lib/gcc/arm-none-eabi/4.7.1/../../../../arm-none-eabi/lib/thumb\libg.a(lib_a-mbrtowc.o)
                0x02014d34                _mbrtowc_r
                0x02014dac                mbrtowc
 .text          0x02014e38      0x584 c:/devkitpro/devkitarm/bin/../lib/gcc/arm-none-eabi/4.7.1/../../../../arm-none-eabi/lib/thumb\libg.a(lib_a-mbtowc_r.o)
                0x02014e38                __utf8_mbtowc
                0x02015098                _mbtowc_r
                0x020150d4                __ascii_mbtowc
                0x02015104                __sjis_mbtowc
                0x020151c4                __eucjp_mbtowc
                0x0201528c                __jis_mbtowc
 *fill*         0x020153bc        0x4 ff
 .text          0x020153c0      0x978 c:/devkitpro/devkitarm/bin/../lib/gcc/arm-none-eabi/4.7.1/../../../../arm-none-eabi/lib/thumb\libg.a(lib_a-mprec.o)
                0x020153c0                _Balloc
                0x02015414                _Bfree
                0x0201542c                __multadd
                0x020154d8                __s2b
                0x02015574                __hi0bits
                0x020155ac                __lo0bits
                0x0201560c                __i2b
                0x02015624                __multiply
                0x02015788                __pow5mult
                0x02015838                __lshift
                0x02015908                __mcmp
                0x02015944                __mdiff
                0x02015a34                __ulp
                0x02015a7c                __b2d
                0x02015b20                __d2b
                0x02015bd8                __ratio
                0x02015c54                _mprec_log10
                0x02015c94                __copybits
                0x02015cdc                __any_on
 .text          0x02015d38       0x7c c:/devkitpro/devkitarm/bin/../lib/gcc/arm-none-eabi/4.7.1/../../../../arm-none-eabi/lib/thumb\libg.a(lib_a-sccl.o)
                0x02015d38                __sccl
 .text          0x02015db4       0x5c c:/devkitpro/devkitarm/bin/../lib/gcc/arm-none-eabi/4.7.1/../../../../arm-none-eabi/lib/thumb\libg.a(lib_a-s_fpclassify.o)
                0x02015db4                __fpclassifyd
 .text          0x02015e10       0x50 c:/devkitpro/devkitarm/bin/../lib/gcc/arm-none-eabi/4.7.1/../../../../arm-none-eabi/lib/thumb\libg.a(lib_a-strcasecmp.o)
                0x02015e10                strcasecmp
 .text          0x02015e60       0x50 c:/devkitpro/devkitarm/bin/../lib/gcc/arm-none-eabi/4.7.1/../../../../arm-none-eabi/lib/thumb\libg.a(lib_a-strcat.o)
                0x02015e60                strcat
 .text          0x02015eb0       0xd4 c:/devkitpro/devkitarm/bin/../lib/gcc/arm-none-eabi/4.7.1/../../../../arm-none-eabi/lib/thumb\libg.a(lib_a-strchr.o)
                0x02015eb0                strchr
 .text          0x02015f84       0x10 c:/devkitpro/devkitarm/bin/../lib/gcc/arm-none-eabi/4.7.1/../../../../arm-none-eabi/lib/thumb\libg.a(lib_a-strcpy.o)
                0x02015f84                strcpy
 .text          0x02015f94       0x48 c:/devkitpro/devkitarm/bin/../lib/gcc/arm-none-eabi/4.7.1/../../../../arm-none-eabi/lib/thumb\libg.a(lib_a-strlcpy.o)
                0x02015f94                strlcpy
 .text          0x02015fdc       0x60 c:/devkitpro/devkitarm/bin/../lib/gcc/arm-none-eabi/4.7.1/../../../../arm-none-eabi/lib/thumb\libg.a(lib_a-strncasecmp.o)
                0x02015fdc                strncasecmp
 .text          0x0201603c       0x60 c:/devkitpro/devkitarm/bin/../lib/gcc/arm-none-eabi/4.7.1/../../../../arm-none-eabi/lib/thumb\libg.a(lib_a-strncpy.o)
                0x0201603c                strncpy
 *fill*         0x0201609c        0x4 ff
 .text          0x020160a0      0x208 c:/devkitpro/devkitarm/bin/../lib/gcc/arm-none-eabi/4.7.1/../../../../arm-none-eabi/lib/thumb\libg.a(lib_a-strtoll_r.o)
                0x020160a0                _strtoll_r
 .text          0x020162a8      0x190 c:/devkitpro/devkitarm/bin/../lib/gcc/arm-none-eabi/4.7.1/../../../../arm-none-eabi/lib/thumb\libg.a(lib_a-strtol.o)
                0x020162a8                _strtol_r
                0x02016418                strtol
 .text          0x02016438      0x238 c:/devkitpro/devkitarm/bin/../lib/gcc/arm-none-eabi/4.7.1/../../../../arm-none-eabi/lib/thumb\libg.a(lib_a-strtoull_r.o)
                0x02016438                _strtoull_r
 .text          0x02016670      0x198 c:/devkitpro/devkitarm/bin/../lib/gcc/arm-none-eabi/4.7.1/../../../../arm-none-eabi/lib/thumb\libg.a(lib_a-strtoul.o)
                0x02016670                _strtoul_r
                0x020167e8                strtoul
 .text          0x02016808      0xeb4 c:/devkitpro/devkitarm/bin/../lib/gcc/arm-none-eabi/4.7.1/../../../../arm-none-eabi/lib/thumb\libg.a(lib_a-svfiprintf.o)
                0x02016808                __ssprint_r
                0x02016938                _svfiprintf_r
 .text          0x020176bc      0x150 c:/devkitpro/devkitarm/bin/../lib/gcc/arm-none-eabi/4.7.1/../../../../arm-none-eabi/lib/thumb\libg.a(lib_a-wcsnrtombs.o)
                0x020176bc                _wcsnrtombs_r
                0x020177dc                wcsnrtombs
 .text          0x0201780c       0x64 c:/devkitpro/devkitarm/bin/../lib/gcc/arm-none-eabi/4.7.1/../../../../arm-none-eabi/lib/thumb\libg.a(lib_a-callocr.o)
                0x0201780c                _calloc_r
 .text          0x02017870       0xa8 c:/devkitpro/devkitarm/bin/../lib/gcc/arm-none-eabi/4.7.1/../../../../arm-none-eabi/lib/thumb\libg.a(lib_a-getenv_r.o)
                0x02017870                _findenv_r
                0x02017908                _getenv_r
 .text          0x02017918        0x0 c:/devkitpro/devkitarm/bin/../lib/gcc/arm-none-eabi/4.7.1/../../../../arm-none-eabi/lib/thumb\libg.a(lib_a-environ.o)
 .text          0x02017918        0x8 c:/devkitpro/devkitarm/bin/../lib/gcc/arm-none-eabi/4.7.1/../../../../arm-none-eabi/lib/thumb\libg.a(lib_a-envlock.o)
                0x02017918                __env_lock
                0x0201791c                __env_unlock
 .text          0x02017920      0x144 c:/devkitpro/devkitarm/bin/../lib/gcc/arm-none-eabi/4.7.1/../../../../arm-none-eabi/lib/thumb\libsysbase.a(iosupport.o)
                0x02017920                setDefaultDevice
                0x02017934                FindDevice
                0x020179a4                RemoveDevice
                0x020179c8                AddDevice
                0x02017a44                GetDeviceOpTab
 .text          0x02017a64       0x50 c:/devkitpro/devkitarm/bin/../lib/gcc/arm-none-eabi/4.7.1/../../../../arm-none-eabi/lib/thumb\libsysbase.a(close.o)
                0x02017a64                _close_r
 .text          0x02017ab4       0x50 c:/devkitpro/devkitarm/bin/../lib/gcc/arm-none-eabi/4.7.1/../../../../arm-none-eabi/lib/thumb\libsysbase.a(fstat.o)
                0x02017ab4                _fstat_r
 .text          0x02017b04        0xc c:/devkitpro/devkitarm/bin/../lib/gcc/arm-none-eabi/4.7.1/../../../../arm-none-eabi/lib/thumb\libsysbase.a(getpid.o)
                0x02017b04                _getpid_r
 .text          0x02017b10        0x4 c:/devkitpro/devkitarm/bin/../lib/gcc/arm-none-eabi/4.7.1/../../../../arm-none-eabi/lib/thumb\libsysbase.a(isatty.o)
                0x02017b10                _isatty_r
 .text          0x02017b14        0xc c:/devkitpro/devkitarm/bin/../lib/gcc/arm-none-eabi/4.7.1/../../../../arm-none-eabi/lib/thumb\libsysbase.a(kill.o)
                0x02017b14                _kill_r
 .text          0x02017b20       0x50 c:/devkitpro/devkitarm/bin/../lib/gcc/arm-none-eabi/4.7.1/../../../../arm-none-eabi/lib/thumb\libsysbase.a(lseek.o)
                0x02017b20                _lseek_r
 .text          0x02017b70       0xa0 c:/devkitpro/devkitarm/bin/../lib/gcc/arm-none-eabi/4.7.1/../../../../arm-none-eabi/lib/thumb\libsysbase.a(open.o)
                0x02017b70                _open_r
 .text          0x02017c10       0x50 c:/devkitpro/devkitarm/bin/../lib/gcc/arm-none-eabi/4.7.1/../../../../arm-none-eabi/lib/thumb\libsysbase.a(read.o)
                0x02017c10                _read_r
 .text          0x02017c60       0x54 c:/devkitpro/devkitarm/bin/../lib/gcc/arm-none-eabi/4.7.1/../../../../arm-none-eabi/lib/thumb\libsysbase.a(sbrk.o)
                0x02017c60                _sbrk_r
 .text          0x02017cb4       0x44 c:/devkitpro/devkitarm/bin/../lib/gcc/arm-none-eabi/4.7.1/../../../../arm-none-eabi/lib/thumb\libsysbase.a(times.o)
                0x02017cb4                _times
                0x02017cc8                _times_r
                0x02017cd0                _gettimeofday_r
 .text          0x02017cf8       0x58 c:/devkitpro/devkitarm/bin/../lib/gcc/arm-none-eabi/4.7.1/../../../../arm-none-eabi/lib/thumb\libsysbase.a(write.o)
                0x02017cf8                _write_r
 .text          0x02017d50       0x18 c:/devkitpro/devkitarm/bin/../lib/gcc/arm-none-eabi/4.7.1/../../../../arm-none-eabi/lib/thumb\libsysbase.a(_exit.o)
                0x02017d50                _exit
 .text          0x02017d68        0x0 c:/devkitpro/devkitarm/bin/../lib/gcc/arm-none-eabi/4.7.1/../../../../arm-none-eabi/lib/thumb\libsysbase.a(malloc_vars.o)
 .text          0x02017d68       0x4c c:/devkitpro/devkitarm/bin/../lib/gcc/arm-none-eabi/4.7.1/../../../../arm-none-eabi/lib/thumb\libsysbase.a(build_argv.o)
                0x02017d68                build_argv
 .text          0x02017db4        0x0 c:/devkitpro/devkitarm/bin/../lib/gcc/arm-none-eabi/4.7.1/../../../../arm-none-eabi/lib/thumb\libsysbase.a(syscall_support.o)
 .text          0x02017db4       0x84 c:/devkitpro/devkitarm/bin/../lib/gcc/arm-none-eabi/4.7.1/../../../../arm-none-eabi/lib/thumb\libsysbase.a(handle_manager.o)
                0x02017db4                __release_handle
                0x02017de0                __alloc_handle
                0x02017e18                __get_handle
 .text          0x02017e38      0x41c c:/devkitpro/devkitarm/bin/../lib/gcc/arm-none-eabi/4.7.1/thumb\libgcc.a(_arm_addsubdf3.o)
                0x02017e38                __aeabi_drsub
                0x02017e40                __aeabi_dsub
                0x02017e40                __subdf3
                0x02017e44                __aeabi_dadd
                0x02017e44                __adddf3
                0x02018154                __floatunsidf
                0x02018154                __aeabi_ui2d
                0x02018178                __floatsidf
                0x02018178                __aeabi_i2d
                0x020181a0                __aeabi_f2d
                0x020181a0                __extendsfdf2
                0x020181e0                __floatundidf
                0x020181e0                __aeabi_ul2d
                0x020181f4                __floatdidf
                0x020181f4                __aeabi_l2d
 .text          0x02018254      0x49c c:/devkitpro/devkitarm/bin/../lib/gcc/arm-none-eabi/4.7.1/thumb\libgcc.a(_arm_muldivdf3.o)
                0x02018254                __aeabi_dmul
                0x02018254                __muldf3
                0x020184e4                __divdf3
                0x020184e4                __aeabi_ddiv
 .text          0x020186f0      0x144 c:/devkitpro/devkitarm/bin/../lib/gcc/arm-none-eabi/4.7.1/thumb\libgcc.a(_arm_cmpdf2.o)
                0x020186f0                __gtdf2
                0x020186f0                __gedf2
                0x020186f8                __ltdf2
                0x020186f8                __ledf2
                0x02018700                __nedf2
                0x02018700                __eqdf2
                0x02018700                __cmpdf2
                0x02018788                __aeabi_cdrcmple
                0x020187a4                __aeabi_cdcmpeq
                0x020187a4                __aeabi_cdcmple
                0x020187bc                __aeabi_dcmpeq
                0x020187d4                __aeabi_dcmplt
                0x020187ec                __aeabi_dcmple
                0x02018804                __aeabi_dcmpge
                0x0201881c                __aeabi_dcmpgt
 .text          0x02018834       0x5c c:/devkitpro/devkitarm/bin/../lib/gcc/arm-none-eabi/4.7.1/thumb\libgcc.a(_arm_fixdfsi.o)
                0x02018834                __aeabi_d2iz
                0x02018834                __fixdfsi
 .text          0x02018890       0x3c c:/devkitpro/devkitarm/bin/../lib/gcc/arm-none-eabi/4.7.1/thumb\libgcc.a(_aeabi_uldivmod.o)
                0x02018890                __aeabi_uldivmod
 .text          0x020188cc       0x4c c:/devkitpro/devkitarm/bin/../lib/gcc/arm-none-eabi/4.7.1/thumb\libgcc.a(_muldi3.o)
                0x020188cc                __muldi3
                0x020188cc                __aeabi_lmul
 .text          0x02018918       0x7c c:/devkitpro/devkitarm/bin/../lib/gcc/arm-none-eabi/4.7.1/thumb\libgcc.a(bpabi.o)
                0x02018918                __gnu_ldivmod_helper
                0x02018958                __gnu_uldivmod_helper
 .text          0x02018994      0x3d4 c:/devkitpro/devkitarm/bin/../lib/gcc/arm-none-eabi/4.7.1/thumb\libgcc.a(_divdi3.o)
                0x02018994                __divdi3
 .text          0x02018d68      0x3a0 c:/devkitpro/devkitarm/bin/../lib/gcc/arm-none-eabi/4.7.1/thumb\libgcc.a(_udivdi3.o)
                0x02018d68                __udivdi3
 .text          0x02019108       0x48 c:/devkitpro/devkitarm/bin/../lib/gcc/arm-none-eabi/4.7.1/thumb\libgcc.a(_clzsi2.o)
                0x02019108                __clzsi2
 .text          0x02019150        0xc c:/devkitpro/devkitarm/bin/../lib/gcc/arm-none-eabi/4.7.1/../../../../arm-none-eabi/lib/thumb\libg.a(lib_a-errno.o)
                0x02019150                __errno
 .text          0x0201915c        0x0 c:/devkitpro/devkitarm/bin/../lib/gcc/arm-none-eabi/4.7.1/thumb/crtend.o
 .text          0x0201915c        0x0 c:/devkitpro/devkitarm/bin/../lib/gcc/arm-none-eabi/4.7.1/thumb/crtn.o
 *(.text.*)
 .text._ZNSt6vectorIP5BlockSaIS1_EE13_M_insert_auxEN9__gnu_cxx17__normal_iteratorIPS1_S3_EERKS1_
                0x0201915c       0xec ClassDefinitions.o
                0x0201915c                std::vector<Block*, std::allocator<Block*> >::_M_insert_aux(__gnu_cxx::__normal_iterator<Block**, std::vector<Block*, std::allocator<Block*> > >, Block* const&)
 .text._ZN6Level1D2Ev
                0x02019248       0x18 Levels.o
                0x02019248                Level1::~Level1()
                0x02019248                Level1::~Level1()
 .text._ZN6Level2D2Ev
                0x02019260       0x18 Levels.o
                0x02019260                Level2::~Level2()
                0x02019260                Level2::~Level2()
 .text._ZN6Level3D2Ev
                0x02019278       0x18 Levels.o
                0x02019278                Level3::~Level3()
                0x02019278                Level3::~Level3()
 .text._ZN6Level4D2Ev
                0x02019290       0x18 Levels.o
                0x02019290                Level4::~Level4()
                0x02019290                Level4::~Level4()
 .text._ZN6Level5D2Ev
                0x020192a8       0x18 Levels.o
                0x020192a8                Level5::~Level5()
                0x020192a8                Level5::~Level5()
 .text._ZN6Level6D2Ev
                0x020192c0       0x18 Levels.o
                0x020192c0                Level6::~Level6()
                0x020192c0                Level6::~Level6()
 .text._ZN13LevelMainMenuD2Ev
                0x020192d8       0x18 Levels.o
                0x020192d8                LevelMainMenu::~LevelMainMenu()
                0x020192d8                LevelMainMenu::~LevelMainMenu()
 .text._ZN13LevelWinLevelD2Ev
                0x020192f0       0x18 Levels.o
                0x020192f0                LevelWinLevel::~LevelWinLevel()
                0x020192f0                LevelWinLevel::~LevelWinLevel()
 .text._ZN6Level1D0Ev
                0x02019308       0x1c Levels.o
                0x02019308                Level1::~Level1()
 .text._ZN13LevelWinLevelD0Ev
                0x02019324       0x1c Levels.o
                0x02019324                LevelWinLevel::~LevelWinLevel()
 .text._ZN13LevelMainMenuD0Ev
                0x02019340       0x1c Levels.o
                0x02019340                LevelMainMenu::~LevelMainMenu()
 .text._ZN6Level6D0Ev
                0x0201935c       0x1c Levels.o
                0x0201935c                Level6::~Level6()
 .text._ZN6Level5D0Ev
                0x02019378       0x1c Levels.o
                0x02019378                Level5::~Level5()
 .text._ZN6Level4D0Ev
                0x02019394       0x1c Levels.o
                0x02019394                Level4::~Level4()
 .text._ZN6Level3D0Ev
                0x020193b0       0x1c Levels.o
                0x020193b0                Level3::~Level3()
 .text._ZN6Level2D0Ev
                0x020193cc       0x1c Levels.o
                0x020193cc                Level2::~Level2()
 .text.startup  0x020193e8       0x4c main.o
                0x020193e8                main
 .text._Znwj    0x02019434       0x60 c:/devkitpro/devkitarm/bin/../lib/gcc/arm-none-eabi/4.7.1/../../../../arm-none-eabi/lib/thumb\libstdc++.a(new_op.o)
                0x02019434                operator new(unsigned int)
 .text._ZN10__cxxabiv1L24__is_gxx_exception_classEPc
                0x02019494       0x40 c:/devkitpro/devkitarm/bin/../lib/gcc/arm-none-eabi/4.7.1/../../../../arm-none-eabi/lib/thumb\libstdc++.a(eh_call.o)
 .text.__cxa_call_terminate
                0x020194d4       0x24 c:/devkitpro/devkitarm/bin/../lib/gcc/arm-none-eabi/4.7.1/../../../../arm-none-eabi/lib/thumb\libstdc++.a(eh_call.o)
                0x020194d4                __cxa_call_terminate
 .text.__cxa_call_unexpected
                0x020194f8       0xec c:/devkitpro/devkitarm/bin/../lib/gcc/arm-none-eabi/4.7.1/../../../../arm-none-eabi/lib/thumb\libstdc++.a(eh_call.o)
                0x020194f8                __cxa_call_unexpected
 .text._ZL12read_sleb128PKhPl
                0x020195e4       0x34 c:/devkitpro/devkitarm/bin/../lib/gcc/arm-none-eabi/4.7.1/../../../../arm-none-eabi/lib/thumb\libstdc++.a(eh_personality.o)
 .text._ZL28read_encoded_value_with_basehjPKhPj
                0x02019618       0xd8 c:/devkitpro/devkitarm/bin/../lib/gcc/arm-none-eabi/4.7.1/../../../../arm-none-eabi/lib/thumb\libstdc++.a(eh_personality.o)
 .text._ZL21base_of_encoded_valuehP15_Unwind_Context
                0x020196f0       0x4c c:/devkitpro/devkitarm/bin/../lib/gcc/arm-none-eabi/4.7.1/../../../../arm-none-eabi/lib/thumb\libstdc++.a(eh_personality.o)
 .text._ZL17parse_lsda_headerP15_Unwind_ContextPKhP16lsda_header_info
                0x0201973c       0x98 c:/devkitpro/devkitarm/bin/../lib/gcc/arm-none-eabi/4.7.1/../../../../arm-none-eabi/lib/thumb\libstdc++.a(eh_personality.o)
 .text.__gxx_personality_v0
                0x020197d4      0x3ec c:/devkitpro/devkitarm/bin/../lib/gcc/arm-none-eabi/4.7.1/../../../../arm-none-eabi/lib/thumb\libstdc++.a(eh_personality.o)
                0x020197d4                __gxx_personality_v0
 .text._ZdlPv   0x02019bc0       0x10 c:/devkitpro/devkitarm/bin/../lib/gcc/arm-none-eabi/4.7.1/../../../../arm-none-eabi/lib/thumb\libstdc++.a(del_op.o)
                0x02019bc0                operator delete(void*)
 .text._ZN10__cxxabiv111__terminateEPFvvE
                0x02019bd0       0x2c c:/devkitpro/devkitarm/bin/../lib/gcc/arm-none-eabi/4.7.1/../../../../arm-none-eabi/lib/thumb\libstdc++.a(eh_terminate.o)
                0x02019bd0                __cxxabiv1::__terminate(void (*)())
 .text._ZSt9terminatev
                0x02019bfc       0x10 c:/devkitpro/devkitarm/bin/../lib/gcc/arm-none-eabi/4.7.1/../../../../arm-none-eabi/lib/thumb\libstdc++.a(eh_terminate.o)
                0x02019bfc                std::terminate()
 .text._ZN10__cxxabiv112__unexpectedEPFvvE
                0x02019c0c        0xc c:/devkitpro/devkitarm/bin/../lib/gcc/arm-none-eabi/4.7.1/../../../../arm-none-eabi/lib/thumb\libstdc++.a(eh_terminate.o)
                0x02019c0c                __cxxabiv1::__unexpected(void (*)())
 .text._ZSt10unexpectedv
                0x02019c18       0x10 c:/devkitpro/devkitarm/bin/../lib/gcc/arm-none-eabi/4.7.1/../../../../arm-none-eabi/lib/thumb\libstdc++.a(eh_terminate.o)
                0x02019c18                std::unexpected()
 .text._ZSt13set_terminatePFvvE
                0x02019c28       0x10 c:/devkitpro/devkitarm/bin/../lib/gcc/arm-none-eabi/4.7.1/../../../../arm-none-eabi/lib/thumb\libstdc++.a(eh_terminate.o)
                0x02019c28                std::set_terminate(void (*)())
 .text._ZSt14set_unexpectedPFvvE
                0x02019c38       0x10 c:/devkitpro/devkitarm/bin/../lib/gcc/arm-none-eabi/4.7.1/../../../../arm-none-eabi/lib/thumb\libstdc++.a(eh_terminate.o)
                0x02019c38                std::set_unexpected(void (*)())
 .text._ZNSt9exceptionD2Ev
                0x02019c48        0xc c:/devkitpro/devkitarm/bin/../lib/gcc/arm-none-eabi/4.7.1/../../../../arm-none-eabi/lib/thumb\libstdc++.a(eh_exception.o)
                0x02019c48                std::exception::~exception()
                0x02019c48                std::exception::~exception()
 .text._ZNSt13bad_exceptionD2Ev
                0x02019c54        0xc c:/devkitpro/devkitarm/bin/../lib/gcc/arm-none-eabi/4.7.1/../../../../arm-none-eabi/lib/thumb\libstdc++.a(eh_exception.o)
                0x02019c54                std::bad_exception::~bad_exception()
                0x02019c54                std::bad_exception::~bad_exception()
 .text._ZN10__cxxabiv115__forced_unwindD2Ev
                0x02019c60        0xc c:/devkitpro/devkitarm/bin/../lib/gcc/arm-none-eabi/4.7.1/../../../../arm-none-eabi/lib/thumb\libstdc++.a(eh_exception.o)
                0x02019c60                __cxxabiv1::__forced_unwind::~__forced_unwind()
                0x02019c60                __cxxabiv1::__forced_unwind::~__forced_unwind()
 .text._ZN10__cxxabiv119__foreign_exceptionD2Ev
                0x02019c6c        0xc c:/devkitpro/devkitarm/bin/../lib/gcc/arm-none-eabi/4.7.1/../../../../arm-none-eabi/lib/thumb\libstdc++.a(eh_exception.o)
                0x02019c6c                __cxxabiv1::__foreign_exception::~__foreign_exception()
                0x02019c6c                __cxxabiv1::__foreign_exception::~__foreign_exception()
 .text._ZNKSt9exception4whatEv
                0x02019c78        0x8 c:/devkitpro/devkitarm/bin/../lib/gcc/arm-none-eabi/4.7.1/../../../../arm-none-eabi/lib/thumb\libstdc++.a(eh_exception.o)
                0x02019c78                std::exception::what() const
 .text._ZNKSt13bad_exception4whatEv
                0x02019c80        0x8 c:/devkitpro/devkitarm/bin/../lib/gcc/arm-none-eabi/4.7.1/../../../../arm-none-eabi/lib/thumb\libstdc++.a(eh_exception.o)
                0x02019c80                std::bad_exception::what() const
 .text._ZN10__cxxabiv119__foreign_exceptionD0Ev
                0x02019c88       0x1c c:/devkitpro/devkitarm/bin/../lib/gcc/arm-none-eabi/4.7.1/../../../../arm-none-eabi/lib/thumb\libstdc++.a(eh_exception.o)
                0x02019c88                __cxxabiv1::__foreign_exception::~__foreign_exception()
 .text._ZN10__cxxabiv115__forced_unwindD0Ev
                0x02019ca4       0x1c c:/devkitpro/devkitarm/bin/../lib/gcc/arm-none-eabi/4.7.1/../../../../arm-none-eabi/lib/thumb\libstdc++.a(eh_exception.o)
                0x02019ca4                __cxxabiv1::__forced_unwind::~__forced_unwind()
 .text._ZNSt9exceptionD0Ev
                0x02019cc0       0x1c c:/devkitpro/devkitarm/bin/../lib/gcc/arm-none-eabi/4.7.1/../../../../arm-none-eabi/lib/thumb\libstdc++.a(eh_exception.o)
                0x02019cc0                std::exception::~exception()
 .text._ZNSt13bad_exceptionD0Ev
                0x02019cdc       0x1c c:/devkitpro/devkitarm/bin/../lib/gcc/arm-none-eabi/4.7.1/../../../../arm-none-eabi/lib/thumb\libstdc++.a(eh_exception.o)
                0x02019cdc                std::bad_exception::~bad_exception()
 .text.__cxa_allocate_exception
                0x02019cf8       0x68 c:/devkitpro/devkitarm/bin/../lib/gcc/arm-none-eabi/4.7.1/../../../../arm-none-eabi/lib/thumb\libstdc++.a(eh_alloc.o)
                0x02019cf8                __cxa_allocate_exception
 .text.__cxa_free_exception
                0x02019d60       0x38 c:/devkitpro/devkitarm/bin/../lib/gcc/arm-none-eabi/4.7.1/../../../../arm-none-eabi/lib/thumb\libstdc++.a(eh_alloc.o)
                0x02019d60                __cxa_free_exception
 .text.__cxa_allocate_dependent_exception
                0x02019d98       0x60 c:/devkitpro/devkitarm/bin/../lib/gcc/arm-none-eabi/4.7.1/../../../../arm-none-eabi/lib/thumb\libstdc++.a(eh_alloc.o)
                0x02019d98                __cxa_allocate_dependent_exception
 .text.__cxa_free_dependent_exception
                0x02019df8       0x3c c:/devkitpro/devkitarm/bin/../lib/gcc/arm-none-eabi/4.7.1/../../../../arm-none-eabi/lib/thumb\libstdc++.a(eh_alloc.o)
                0x02019df8                __cxa_free_dependent_exception
 .text._ZNKSt9bad_alloc4whatEv
                0x02019e34        0x8 c:/devkitpro/devkitarm/bin/../lib/gcc/arm-none-eabi/4.7.1/../../../../arm-none-eabi/lib/thumb\libstdc++.a(bad_alloc.o)
                0x02019e34                std::bad_alloc::what() const
 .text._ZNSt9bad_allocD2Ev
                0x02019e3c       0x1c c:/devkitpro/devkitarm/bin/../lib/gcc/arm-none-eabi/4.7.1/../../../../arm-none-eabi/lib/thumb\libstdc++.a(bad_alloc.o)
                0x02019e3c                std::bad_alloc::~bad_alloc()
                0x02019e3c                std::bad_alloc::~bad_alloc()
 .text._ZNSt9bad_allocD0Ev
                0x02019e58       0x18 c:/devkitpro/devkitarm/bin/../lib/gcc/arm-none-eabi/4.7.1/../../../../arm-none-eabi/lib/thumb\libstdc++.a(bad_alloc.o)
                0x02019e58                std::bad_alloc::~bad_alloc()
 .text._ZNK10__cxxabiv117__class_type_info11__do_upcastEPKS0_PPv
                0x02019e70       0x40 c:/devkitpro/devkitarm/bin/../lib/gcc/arm-none-eabi/4.7.1/../../../../arm-none-eabi/lib/thumb\libstdc++.a(class_type_info.o)
                0x02019e70                __cxxabiv1::__class_type_info::__do_upcast(__cxxabiv1::__class_type_info const*, void**) const
 .text._ZNK10__cxxabiv117__class_type_info20__do_find_public_srcEiPKvPKS0_S2_
                0x02019eb0       0x14 c:/devkitpro/devkitarm/bin/../lib/gcc/arm-none-eabi/4.7.1/../../../../arm-none-eabi/lib/thumb\libstdc++.a(class_type_info.o)
                0x02019eb0                __cxxabiv1::__class_type_info::__do_find_public_src(int, void const*, __cxxabiv1::__class_type_info const*, void const*) const
 .text._ZNK10__cxxabiv117__class_type_info11__do_upcastEPKS0_PKvRNS0_15__upcast_resultE
                0x02019ec4       0x24 c:/devkitpro/devkitarm/bin/../lib/gcc/arm-none-eabi/4.7.1/../../../../arm-none-eabi/lib/thumb\libstdc++.a(class_type_info.o)
                0x02019ec4                __cxxabiv1::__class_type_info::__do_upcast(__cxxabiv1::__class_type_info const*, void const*, __cxxabiv1::__class_type_info::__upcast_result&) const
 .text._ZN10__cxxabiv117__class_type_infoD2Ev
                0x02019ee8       0x1c c:/devkitpro/devkitarm/bin/../lib/gcc/arm-none-eabi/4.7.1/../../../../arm-none-eabi/lib/thumb\libstdc++.a(class_type_info.o)
                0x02019ee8                __cxxabiv1::__class_type_info::~__class_type_info()
                0x02019ee8                __cxxabiv1::__class_type_info::~__class_type_info()
 .text._ZN10__cxxabiv117__class_type_infoD0Ev
                0x02019f04       0x18 c:/devkitpro/devkitarm/bin/../lib/gcc/arm-none-eabi/4.7.1/../../../../arm-none-eabi/lib/thumb\libstdc++.a(class_type_info.o)
                0x02019f04                __cxxabiv1::__class_type_info::~__class_type_info()
 .text._ZNK10__cxxabiv117__class_type_info12__do_dyncastEiNS0_10__sub_kindEPKS0_PKvS3_S5_RNS0_16__dyncast_resultE
                0x02019f1c       0x44 c:/devkitpro/devkitarm/bin/../lib/gcc/arm-none-eabi/4.7.1/../../../../arm-none-eabi/lib/thumb\libstdc++.a(class_type_info.o)
                0x02019f1c                __cxxabiv1::__class_type_info::__do_dyncast(int, __cxxabiv1::__class_type_info::__sub_kind, __cxxabiv1::__class_type_info const*, void const*, __cxxabiv1::__class_type_info const*, void const*, __cxxabiv1::__class_type_info::__dyncast_result&) const
 .text._ZNK10__cxxabiv117__class_type_info10__do_catchEPKSt9type_infoPPvj
                0x02019f60       0x40 c:/devkitpro/devkitarm/bin/../lib/gcc/arm-none-eabi/4.7.1/../../../../arm-none-eabi/lib/thumb\libstdc++.a(class_type_info.o)
                0x02019f60                __cxxabiv1::__class_type_info::__do_catch(std::type_info const*, void**, unsigned int) const
 .text._ZSt15set_new_handlerPFvvE
                0x02019fa0       0x10 c:/devkitpro/devkitarm/bin/../lib/gcc/arm-none-eabi/4.7.1/../../../../arm-none-eabi/lib/thumb\libstdc++.a(new_handler.o)
                0x02019fa0                std::set_new_handler(void (*)())
 .text.__cxa_end_cleanup
                0x02019fb0        0xc c:/devkitpro/devkitarm/bin/../lib/gcc/arm-none-eabi/4.7.1/../../../../arm-none-eabi/lib/thumb\libstdc++.a(eh_arm.o)
                0x02019fb0                __cxa_end_cleanup
 .text.__cxa_type_match
                0x02019fbc       0xcc c:/devkitpro/devkitarm/bin/../lib/gcc/arm-none-eabi/4.7.1/../../../../arm-none-eabi/lib/thumb\libstdc++.a(eh_arm.o)
                0x02019fbc                __cxa_type_match
 .text.__cxa_begin_cleanup
                0x0201a088       0x64 c:/devkitpro/devkitarm/bin/../lib/gcc/arm-none-eabi/4.7.1/../../../../arm-none-eabi/lib/thumb\libstdc++.a(eh_arm.o)
                0x0201a088                __cxa_begin_cleanup
 .text.__gnu_end_cleanup
                0x0201a0ec       0x74 c:/devkitpro/devkitarm/bin/../lib/gcc/arm-none-eabi/4.7.1/../../../../arm-none-eabi/lib/thumb\libstdc++.a(eh_arm.o)
                0x0201a0ec                __gnu_end_cleanup
 .text._ZL23__gxx_exception_cleanup19_Unwind_Reason_CodeP21_Unwind_Control_Block
                0x0201a160       0x30 c:/devkitpro/devkitarm/bin/../lib/gcc/arm-none-eabi/4.7.1/../../../../arm-none-eabi/lib/thumb\libstdc++.a(eh_throw.o)
 .text.__cxa_throw
                0x0201a190       0x68 c:/devkitpro/devkitarm/bin/../lib/gcc/arm-none-eabi/4.7.1/../../../../arm-none-eabi/lib/thumb\libstdc++.a(eh_throw.o)
                0x0201a190                __cxa_throw
 .text.__cxa_rethrow
                0x0201a1f8       0x74 c:/devkitpro/devkitarm/bin/../lib/gcc/arm-none-eabi/4.7.1/../../../../arm-none-eabi/lib/thumb\libstdc++.a(eh_throw.o)
                0x0201a1f8                __cxa_rethrow
 .text.__cxa_pure_virtual
                0x0201a26c       0x14 c:/devkitpro/devkitarm/bin/../lib/gcc/arm-none-eabi/4.7.1/../../../../arm-none-eabi/lib/thumb\libstdc++.a(pure.o)
                0x0201a26c                __cxa_pure_virtual
 .text.__cxa_deleted_virtual
                0x0201a280       0x14 c:/devkitpro/devkitarm/bin/../lib/gcc/arm-none-eabi/4.7.1/../../../../arm-none-eabi/lib/thumb\libstdc++.a(pure.o)
                0x0201a280                __cxa_deleted_virtual
 .text.__cxa_get_globals_fast
                0x0201a294        0x8 c:/devkitpro/devkitarm/bin/../lib/gcc/arm-none-eabi/4.7.1/../../../../arm-none-eabi/lib/thumb\libstdc++.a(eh_globals.o)
                0x0201a294                __cxa_get_globals_fast
 .text.__cxa_get_globals
                0x0201a29c        0x8 c:/devkitpro/devkitarm/bin/../lib/gcc/arm-none-eabi/4.7.1/../../../../arm-none-eabi/lib/thumb\libstdc++.a(eh_globals.o)
                0x0201a29c                __cxa_get_globals
 .text.__cxa_get_exception_ptr
                0x0201a2a4        0x4 c:/devkitpro/devkitarm/bin/../lib/gcc/arm-none-eabi/4.7.1/../../../../arm-none-eabi/lib/thumb\libstdc++.a(eh_catch.o)
                0x0201a2a4                __cxa_get_exception_ptr
 .text.__cxa_begin_catch
                0x0201a2a8       0x88 c:/devkitpro/devkitarm/bin/../lib/gcc/arm-none-eabi/4.7.1/../../../../arm-none-eabi/lib/thumb\libstdc++.a(eh_catch.o)
                0x0201a2a8                __cxa_begin_catch
 .text.__cxa_end_catch
                0x0201a330       0x94 c:/devkitpro/devkitarm/bin/../lib/gcc/arm-none-eabi/4.7.1/../../../../arm-none-eabi/lib/thumb\libstdc++.a(eh_catch.o)
                0x0201a330                __cxa_end_catch
 .text._ZSt18uncaught_exceptionv
                0x0201a3c4       0x14 c:/devkitpro/devkitarm/bin/../lib/gcc/arm-none-eabi/4.7.1/../../../../arm-none-eabi/lib/thumb\libstdc++.a(eh_catch.o)
                0x0201a3c4                std::uncaught_exception()
 .text._ZNK10__cxxabiv120__si_class_type_info12__do_dyncastEiNS_17__class_type_info10__sub_kindEPKS1_PKvS4_S6_RNS1_16__dyncast_resultE
                0x0201a3d8       0x90 c:/devkitpro/devkitarm/bin/../lib/gcc/arm-none-eabi/4.7.1/../../../../arm-none-eabi/lib/thumb\libstdc++.a(si_class_type_info.o)
                0x0201a3d8                __cxxabiv1::__si_class_type_info::__do_dyncast(int, __cxxabiv1::__class_type_info::__sub_kind, __cxxabiv1::__class_type_info const*, void const*, __cxxabiv1::__class_type_info const*, void const*, __cxxabiv1::__class_type_info::__dyncast_result&) const
 .text._ZN10__cxxabiv120__si_class_type_infoD2Ev
                0x0201a468       0x1c c:/devkitpro/devkitarm/bin/../lib/gcc/arm-none-eabi/4.7.1/../../../../arm-none-eabi/lib/thumb\libstdc++.a(si_class_type_info.o)
                0x0201a468                __cxxabiv1::__si_class_type_info::~__si_class_type_info()
                0x0201a468                __cxxabiv1::__si_class_type_info::~__si_class_type_info()
 .text._ZN10__cxxabiv120__si_class_type_infoD0Ev
                0x0201a484       0x18 c:/devkitpro/devkitarm/bin/../lib/gcc/arm-none-eabi/4.7.1/../../../../arm-none-eabi/lib/thumb\libstdc++.a(si_class_type_info.o)
                0x0201a484                __cxxabiv1::__si_class_type_info::~__si_class_type_info()
 .text._ZNK10__cxxabiv120__si_class_type_info11__do_upcastEPKNS_17__class_type_infoEPKvRNS1_15__upcast_resultE
                0x0201a49c       0x30 c:/devkitpro/devkitarm/bin/../lib/gcc/arm-none-eabi/4.7.1/../../../../arm-none-eabi/lib/thumb\libstdc++.a(si_class_type_info.o)
                0x0201a49c                __cxxabiv1::__si_class_type_info::__do_upcast(__cxxabiv1::__class_type_info const*, void const*, __cxxabiv1::__class_type_info::__upcast_result&) const
 .text._ZNK10__cxxabiv120__si_class_type_info20__do_find_public_srcEiPKvPKNS_17__class_type_infoES2_
                0x0201a4cc       0x40 c:/devkitpro/devkitarm/bin/../lib/gcc/arm-none-eabi/4.7.1/../../../../arm-none-eabi/lib/thumb\libstdc++.a(si_class_type_info.o)
                0x0201a4cc                __cxxabiv1::__si_class_type_info::__do_find_public_src(int, void const*, __cxxabiv1::__class_type_info const*, void const*) const
 .text._ZNSt9type_infoD2Ev
                0x0201a50c        0xc c:/devkitpro/devkitarm/bin/../lib/gcc/arm-none-eabi/4.7.1/../../../../arm-none-eabi/lib/thumb\libstdc++.a(tinfo.o)
                0x0201a50c                std::type_info::~type_info()
                0x0201a50c                std::type_info::~type_info()
 .text._ZNKSt9type_info14__is_pointer_pEv
                0x0201a518        0x4 c:/devkitpro/devkitarm/bin/../lib/gcc/arm-none-eabi/4.7.1/../../../../arm-none-eabi/lib/thumb\libstdc++.a(tinfo.o)
                0x0201a518                std::type_info::__is_pointer_p() const
 .text._ZNKSt9type_info15__is_function_pEv
                0x0201a51c        0x4 c:/devkitpro/devkitarm/bin/../lib/gcc/arm-none-eabi/4.7.1/../../../../arm-none-eabi/lib/thumb\libstdc++.a(tinfo.o)
                0x0201a51c                std::type_info::__is_function_p() const
 .text._ZNKSt9type_info11__do_upcastEPKN10__cxxabiv117__class_type_infoEPPv
                0x0201a520        0x4 c:/devkitpro/devkitarm/bin/../lib/gcc/arm-none-eabi/4.7.1/../../../../arm-none-eabi/lib/thumb\libstdc++.a(tinfo.o)
                0x0201a520                std::type_info::__do_upcast(__cxxabiv1::__class_type_info const*, void**) const
 .text._ZNSt9type_infoD0Ev
                0x0201a524       0x1c c:/devkitpro/devkitarm/bin/../lib/gcc/arm-none-eabi/4.7.1/../../../../arm-none-eabi/lib/thumb\libstdc++.a(tinfo.o)
                0x0201a524                std::type_info::~type_info()
 .text._ZNKSt9type_infoeqERKS_
                0x0201a540       0x30 c:/devkitpro/devkitarm/bin/../lib/gcc/arm-none-eabi/4.7.1/../../../../arm-none-eabi/lib/thumb\libstdc++.a(tinfo.o)
                0x0201a540                std::type_info::operator==(std::type_info const&) const
 .text._ZNKSt9type_info10__do_catchEPKS_PPvj
                0x0201a570        0xc c:/devkitpro/devkitarm/bin/../lib/gcc/arm-none-eabi/4.7.1/../../../../arm-none-eabi/lib/thumb\libstdc++.a(tinfo.o)
                0x0201a570                std::type_info::__do_catch(std::type_info const*, void**, unsigned int) const
 .text._ZN9__gnu_cxx27__verbose_terminate_handlerEv
                0x0201a57c      0x11c c:/devkitpro/devkitarm/bin/../lib/gcc/arm-none-eabi/4.7.1/../../../../arm-none-eabi/lib/thumb\libstdc++.a(vterminate.o)
                0x0201a57c                __gnu_cxx::__verbose_terminate_handler()
 .text.__cxa_current_exception_type
                0x0201a698       0x28 c:/devkitpro/devkitarm/bin/../lib/gcc/arm-none-eabi/4.7.1/../../../../arm-none-eabi/lib/thumb\libstdc++.a(eh_type.o)
                0x0201a698                __cxa_current_exception_type
 .text.__cxa_current_exception_type.stub
                0x0201a6c0      0x140 linker stubs
 *(.stub)
 *(.gnu.warning)
 *(.gnu.linkonce.t*)
 *(.glue_7)
 .glue_7        0x00000000        0x0 linker stubs
 *(.glue_7t)
 .glue_7t       0x00000000        0x0 linker stubs
                0x0201a800                . = ALIGN (0x4)

.vfp11_veneer   0x0201a810        0x0
 .vfp11_veneer  0x00000000        0x0 linker stubs

.v4_bx          0x0201a810        0x0
 .v4_bx         0x00000000        0x0 linker stubs

.iplt           0x0201a810        0x0
 .iplt          0x00000000        0x0 c:/devkitpro/devkitarm/bin/../lib/gcc/arm-none-eabi/4.7.1/../../../../arm-none-eabi/lib/thumb/ds_arm9_crt0.o

.fini           0x0201a810        0xc
 *(.fini)
 .fini          0x0201a810        0x4 c:/devkitpro/devkitarm/bin/../lib/gcc/arm-none-eabi/4.7.1/thumb/crti.o
                0x0201a810                _fini
 .fini          0x0201a814        0x8 c:/devkitpro/devkitarm/bin/../lib/gcc/arm-none-eabi/4.7.1/thumb/crtn.o
                0x0201a81c                __text_end = .

.rodata         0x0201a820   0x1ea34c
 *(.rodata)
 .rodata        0x0201a820   0x19837c soundbank.bin.o
                0x0201a820                soundbank_bin
                0x021b2b98                soundbank_bin_size
                0x021b2b98                soundbank_bin_end
 *fill*         0x021b2b9c        0x4 ff
 .rodata        0x021b2ba0       0xc0 Blocks.o
                0x021b2ba0                vtable for Door
                0x021b2bc0                vtable for Podium
                0x021b2be0                vtable for Triggerable
                0x021b2c00                vtable for Actuator
                0x021b2c20                vtable for Latch
                0x021b2c40                vtable for Plate
 .rodata        0x021b2c60       0x60 ClassDefinitions.o
                0x021b2c60                vtable for Level
                0x021b2c88                vtable for Entity
                0x021b2ca0                vtable for Block
 .rodata        0x021b2cc0       0x60 Entities.o
                0x021b2cc0                vtable for Player
                0x021b2cd8                vtable for Mob
                0x021b2cf0                vtable for Skeleton
                0x021b2d08                vtable for Rock
 .rodata        0x021b2d20      0x1d0 Levels.o
                0x021b2d20                vtable for Level1
                0x021b2d48                vtable for Level2
                0x021b2d70                vtable for Level3
                0x021b2d98                vtable for Level4
                0x021b2dc0                vtable for Level5
                0x021b2de8                vtable for Level6
                0x021b2e10                vtable for LevelMainMenu
                0x021b2e38                vtable for LevelWinLevel
 .rodata        0x021b2ef0     0xc200 Controls.o
                0x021b2ef0                ControlsPal
                0x021b30f0                ControlsBitmap
 .rodata        0x021bf0f0     0xc200 EndImage.o
                0x021bf0f0                EndImagePal
                0x021bf2f0                EndImageBitmap
 .rodata        0x021cb2f0      0x200 Level2.o
                0x021cb2f0                Level2Bitmap
 .rodata        0x021cb4f0      0x200 Level3.o
                0x021cb4f0                Level3Bitmap
 .rodata        0x021cb6f0      0x200 Level4.o
                0x021cb6f0                Level4Bitmap
 .rodata        0x021cb8f0      0x200 Level5.o
                0x021cb8f0                Level5Bitmap
 .rodata        0x021cbaf0      0x200 Level6.o
                0x021cbaf0                Level6Bitmap
 .rodata        0x021cbcf0       0x60 LevelMainMenu.o
                0x021cbcf0                LevelMainMenuBitmap
 .rodata        0x021cbd50      0x100 LevelOne.o
                0x021cbd50                LevelOneBitmap
 .rodata        0x021cbe50      0x100 LevelTest.o
                0x021cbe50                LevelTestBitmap
 .rodata        0x021cbf50     0xc200 MenuImage.o
                0x021cbf50                MenuImagePal
                0x021cc150                MenuImageBitmap
 .rodata        0x021d8150     0x8200 Sprites.o
                0x021d8150                SpritesPal
                0x021d8350                SpritesTiles
 .rodata        0x021e0350    0x10200 Tileset.o
                0x021e0350                TilesetPal
                0x021e0550                TilesetTiles
 .rodata        0x021f0550     0xc200 Wall.o
                0x021f0550                WallPal
                0x021f0750                WallBitmap
 .rodata        0x021fc750       0x60 WinLevel.o
                0x021fc750                WinLevelBitmap
 .rodata        0x021fc7b0      0x308 c:/devkitPro/libnds/lib\libnds9.a(trig.o)
                0x021fc7b0                SIN_LUT
                0x021fc8b4                TAN_LUT
 .rodata        0x021fcab8      0x200 c:/devkitPro/libnds/lib\libnds9.a(console.o)
 .rodata        0x021fccb8     0x2004 c:/devkitPro/libnds/lib\libnds9.a(default_font.bin.o)
                0x021fccb8                default_font_bin
                0x021fecb8                default_font_bin_size
                0x021fecb8                default_font_bin_end
 .rodata        0x021fecbc      0xf7c c:/devkitpro/devkitarm/bin/../lib/gcc/arm-none-eabi/4.7.1/../../../../arm-none-eabi/lib/thumb\libstdc++.a(cp-demangle.o)
 .rodata        0x021ffc38       0x14 c:/devkitpro/devkitarm/bin/../lib/gcc/arm-none-eabi/4.7.1/thumb\libgcc.a(unwind-arm.o)
 .rodata        0x021ffc4c        0x4 c:/devkitpro/devkitarm/bin/../lib/gcc/arm-none-eabi/4.7.1/../../../../arm-none-eabi/lib/thumb\libg.a(lib_a-impure.o)
                0x021ffc4c                _global_impure_ptr
 .rodata        0x021ffc50      0x340 c:/devkitpro/devkitarm/bin/../lib/gcc/arm-none-eabi/4.7.1/../../../../arm-none-eabi/lib/thumb\libg.a(lib_a-svfiscanf.o)
 .rodata        0x021fff90      0x184 c:/devkitpro/devkitarm/bin/../lib/gcc/arm-none-eabi/4.7.1/../../../../arm-none-eabi/lib/thumb\libg.a(lib_a-svfprintf.o)
 .rodata        0x02200114      0x184 c:/devkitpro/devkitarm/bin/../lib/gcc/arm-none-eabi/4.7.1/../../../../arm-none-eabi/lib/thumb\libg.a(lib_a-vfiprintf.o)
 .rodata        0x02200298      0x104 c:/devkitpro/devkitarm/bin/../lib/gcc/arm-none-eabi/4.7.1/../../../../arm-none-eabi/lib/thumb\libg.a(lib_a-ctype_.o)
                0x02200298                _ctype_
 .rodata        0x0220039c     0x34f0 c:/devkitpro/devkitarm/bin/../lib/gcc/arm-none-eabi/4.7.1/../../../../arm-none-eabi/lib/thumb\libg.a(lib_a-jp2uc.o)
 .rodata        0x0220388c       0xf0 c:/devkitpro/devkitarm/bin/../lib/gcc/arm-none-eabi/4.7.1/../../../../arm-none-eabi/lib/thumb\libg.a(lib_a-locale.o)
 .rodata        0x0220397c       0xa8 c:/devkitpro/devkitarm/bin/../lib/gcc/arm-none-eabi/4.7.1/../../../../arm-none-eabi/lib/thumb\libg.a(lib_a-mbtowc_r.o)
 *fill*         0x02203a24        0x4 ff
 .rodata        0x02203a28      0x128 c:/devkitpro/devkitarm/bin/../lib/gcc/arm-none-eabi/4.7.1/../../../../arm-none-eabi/lib/thumb\libg.a(lib_a-mprec.o)
                0x02203a38                __mprec_tens
                0x02203b00                __mprec_tinytens
                0x02203b28                __mprec_bigtens
 .rodata        0x02203b50      0x184 c:/devkitpro/devkitarm/bin/../lib/gcc/arm-none-eabi/4.7.1/../../../../arm-none-eabi/lib/thumb\libg.a(lib_a-svfiprintf.o)
 .rodata        0x02203cd4       0x64 c:/devkitpro/devkitarm/bin/../lib/gcc/arm-none-eabi/4.7.1/../../../../arm-none-eabi/lib/thumb\libsysbase.a(iosupport.o)
                0x02203cd4                dotab_stdnull
 *all.rodata*(*)
 *(.roda)
 *(.rodata.*)
 .rodata._ZTV4Wall
                0x02203d38       0x20 Blocks.o
                0x02203d38                vtable for Wall
 .rodata._ZTV5Floor
                0x02203d58       0x20 Blocks.o
                0x02203d58                vtable for Floor
 .rodata.str1.4
                0x02203d78       0x2f Blocks.o
                                 0x30 (size before relaxing)
 *fill*         0x02203da7        0x1 ff
 .rodata.str1.4
                0x02203da8       0xaa ClassDefinitions.o
                                 0xac (size before relaxing)
 *fill*         0x02203e52        0x2 ff
 .rodata.str1.4
                0x02203e54       0x2b Entities.o
                                 0x2c (size before relaxing)
 *fill*         0x02203e7f        0x1 ff
 .rodata.str1.4
                0x02203e80        0xe main.o
                                 0x10 (size before relaxing)
 *fill*         0x02203e8e        0x2 ff
 .rodata.str1.4
                0x02203e90       0x44 c:/devkitPro/libnds/lib\libnds9.a(sassert.o)
 .rodata.str1.4
                0x02203ed4       0x49 c:/devkitPro/libnds/lib\libnds9.a(console.o)
                                 0x4c (size before relaxing)
 *fill*         0x02203f1d        0x3 ff
 .rodata._ZL28read_encoded_value_with_basehjPKhPj
                0x02203f20       0x34 c:/devkitpro/devkitarm/bin/../lib/gcc/arm-none-eabi/4.7.1/../../../../arm-none-eabi/lib/thumb\libstdc++.a(eh_personality.o)
 *fill*         0x02203f54        0x4 ff
 .rodata._ZTVN10__cxxabiv115__forced_unwindE
                0x02203f58       0x18 c:/devkitpro/devkitarm/bin/../lib/gcc/arm-none-eabi/4.7.1/../../../../arm-none-eabi/lib/thumb\libstdc++.a(eh_exception.o)
                0x02203f58                vtable for __cxxabiv1::__forced_unwind
 .rodata._ZTVSt9exception
                0x02203f70       0x18 c:/devkitpro/devkitarm/bin/../lib/gcc/arm-none-eabi/4.7.1/../../../../arm-none-eabi/lib/thumb\libstdc++.a(eh_exception.o)
                0x02203f70                vtable for std::exception
 .rodata._ZTIN10__cxxabiv115__forced_unwindE
                0x02203f88        0x8 c:/devkitpro/devkitarm/bin/../lib/gcc/arm-none-eabi/4.7.1/../../../../arm-none-eabi/lib/thumb\libstdc++.a(eh_exception.o)
                0x02203f88                typeinfo for __cxxabiv1::__forced_unwind
 .rodata._ZTISt9exception
                0x02203f90        0x8 c:/devkitpro/devkitarm/bin/../lib/gcc/arm-none-eabi/4.7.1/../../../../arm-none-eabi/lib/thumb\libstdc++.a(eh_exception.o)
                0x02203f90                typeinfo for std::exception
 .rodata._ZTSSt13bad_exception
                0x02203f98       0x14 c:/devkitpro/devkitarm/bin/../lib/gcc/arm-none-eabi/4.7.1/../../../../arm-none-eabi/lib/thumb\libstdc++.a(eh_exception.o)
                0x02203f98                typeinfo name for std::bad_exception
 .rodata.str1.4
                0x02203fac       0x23 c:/devkitpro/devkitarm/bin/../lib/gcc/arm-none-eabi/4.7.1/../../../../arm-none-eabi/lib/thumb\libstdc++.a(eh_exception.o)
                                 0x24 (size before relaxing)
 *fill*         0x02203fcf        0x1 ff
 .rodata._ZTSN10__cxxabiv119__foreign_exceptionE
                0x02203fd0       0x24 c:/devkitpro/devkitarm/bin/../lib/gcc/arm-none-eabi/4.7.1/../../../../arm-none-eabi/lib/thumb\libstdc++.a(eh_exception.o)
                0x02203fd0                typeinfo name for __cxxabiv1::__foreign_exception
 .rodata._ZTIN10__cxxabiv119__foreign_exceptionE
                0x02203ff4        0x8 c:/devkitpro/devkitarm/bin/../lib/gcc/arm-none-eabi/4.7.1/../../../../arm-none-eabi/lib/thumb\libstdc++.a(eh_exception.o)
                0x02203ff4                typeinfo for __cxxabiv1::__foreign_exception
 *fill*         0x02203ffc        0x4 ff
 .rodata._ZTVSt13bad_exception
                0x02204000       0x18 c:/devkitpro/devkitarm/bin/../lib/gcc/arm-none-eabi/4.7.1/../../../../arm-none-eabi/lib/thumb\libstdc++.a(eh_exception.o)
                0x02204000                vtable for std::bad_exception
 .rodata._ZTSSt9exception