Archive member included because of file (symbol)

c:/devkitPro/libnds/lib\libmm9.a(mm_comms.o)
                              ClassDefinitions.o (mmStart)
c:/devkitPro/libnds/lib\libmm9.a(mm_main9.o)
                              c:/devkitPro/libnds/lib\libmm9.a(mm_comms.o) (mmCallback)
c:/devkitPro/libnds/lib\libmm9.a(mm_memory.o)
                              ClassDefinitions.o (mmLoad)
c:/devkitPro/libnds/lib\libmm9.a(mm_soundbank.o)
                              c:/devkitPro/libnds/lib\libmm9.a(mm_main9.o) (mmSoundBankInMemory)
c:/devkitPro/libnds/lib\libmm9.a(mm_flusher.o)
                              c:/devkitPro/libnds/lib\libmm9.a(mm_memory.o) (mmFlushBank)
c:/devkitPro/libnds/lib\libnds9.a(console.o)
                              main.o (consoleDemoInit)
c:/devkitPro/libnds/lib\libnds9.a(keys.o)
                              ClassDefinitions.o (scanKeys)
c:/devkitPro/libnds/lib\libnds9.a(sprite.o)
                              ClassDefinitions.o (oamInit)
c:/devkitPro/libnds/lib\libnds9.a(sprite_alloc.o)
                              c:/devkitPro/libnds/lib\libnds9.a(sprite.o) (oamAllocReset)
c:/devkitPro/libnds/lib\libnds9.a(touch.o)
                              ClassDefinitions.o (touchRead)
c:/devkitPro/libnds/lib\libnds9.a(trig.o)
                              c:/devkitPro/libnds/lib\libnds9.a(sprite.o) (sinLerp)
c:/devkitPro/libnds/lib\libnds9.a(initSystem.o)
                              c:/devkitpro/devkitarm/bin/../lib/gcc/arm-none-eabi/4.7.1/../../../../arm-none-eabi/lib/thumb/ds_arm9_crt0.o (initSystem)
c:/devkitPro/libnds/lib\libnds9.a(fifosystem.o)
                              c:/devkitPro/libnds/lib\libnds9.a(initSystem.o) (fifoSendValue32)
c:/devkitPro/libnds/lib\libnds9.a(interrupts.o)
                              c:/devkitPro/libnds/lib\libnds9.a(fifosystem.o) (irqSet)
c:/devkitPro/libnds/lib\libnds9.a(libnds_exit.arm.o)
                              c:/devkitpro/devkitarm/bin/../lib/gcc/arm-none-eabi/4.7.1/../../../../arm-none-eabi/lib/thumb/ds_arm9_crt0.o (__libnds_exit)
c:/devkitPro/libnds/lib\libnds9.a(dcache.o)
                              c:/devkitPro/libnds/lib\libnds9.a(sprite.o) (DC_FlushRange)
c:/devkitPro/libnds/lib\libnds9.a(mpu_setup.o)
                              c:/devkitpro/devkitarm/bin/../lib/gcc/arm-none-eabi/4.7.1/../../../../arm-none-eabi/lib/thumb/ds_arm9_crt0.o (__libnds_mpu_setup)
c:/devkitPro/libnds/lib\libnds9.a(biosCalls.o)
                              c:/devkitPro/libnds/lib\libnds9.a(fifosystem.o) (swiIntrWait)
c:/devkitPro/libnds/lib\libnds9.a(debugprint.o)
                              c:/devkitPro/libnds/lib\libnds9.a(console.o) (nocashWrite)
c:/devkitPro/libnds/lib\libnds9.a(interruptDispatcher.o)
                              c:/devkitPro/libnds/lib\libnds9.a(interrupts.o) (IntrMain)
c:/devkitPro/libnds/lib\libnds9.a(swiSoftReset.o)
                              c:/devkitPro/libnds/lib\libnds9.a(fifosystem.o) (swiSoftReset)
c:/devkitPro/libnds/lib\libnds9.a(default_font.bin.o)
                              c:/devkitPro/libnds/lib\libnds9.a(console.o) (default_font_bin)
c:/devkitPro/libnds/lib\libnds9.a(background.o)
                              c:/devkitPro/libnds/lib\libnds9.a(console.o) (bgState)
c:/devkitPro/libnds/lib\libnds9.a(system.o)
                              c:/devkitPro/libnds/lib\libnds9.a(initSystem.o) (systemMsgHandler)
c:/devkitPro/libnds/lib\libnds9.a(video.o)
                              c:/devkitPro/libnds/lib\libnds9.a(initSystem.o) (vramDefault)
c:/devkitpro/devkitarm/bin/../lib/gcc/arm-none-eabi/4.7.1/../../../../arm-none-eabi/lib/thumb\libstdc++.a(new_op.o)
                              Blocks.o (operator new(unsigned int))
c:/devkitpro/devkitarm/bin/../lib/gcc/arm-none-eabi/4.7.1/../../../../arm-none-eabi/lib/thumb\libstdc++.a(eh_call.o)
                              c:/devkitpro/devkitarm/bin/../lib/gcc/arm-none-eabi/4.7.1/../../../../arm-none-eabi/lib/thumb\libstdc++.a(new_op.o) (__cxa_call_unexpected)
c:/devkitpro/devkitarm/bin/../lib/gcc/arm-none-eabi/4.7.1/../../../../arm-none-eabi/lib/thumb\libstdc++.a(eh_personality.o)
                              c:/devkitpro/devkitarm/bin/../lib/gcc/arm-none-eabi/4.7.1/../../../../arm-none-eabi/lib/thumb\libstdc++.a(new_op.o) (__gxx_personality_v0)
c:/devkitpro/devkitarm/bin/../lib/gcc/arm-none-eabi/4.7.1/../../../../arm-none-eabi/lib/thumb\libstdc++.a(del_op.o)
                              ClassDefinitions.o (operator delete(void*))
c:/devkitpro/devkitarm/bin/../lib/gcc/arm-none-eabi/4.7.1/../../../../arm-none-eabi/lib/thumb\libstdc++.a(eh_terminate.o)
                              c:/devkitpro/devkitarm/bin/../lib/gcc/arm-none-eabi/4.7.1/../../../../arm-none-eabi/lib/thumb\libstdc++.a(eh_call.o) (__cxxabiv1::__terminate(void (*)()))
c:/devkitpro/devkitarm/bin/../lib/gcc/arm-none-eabi/4.7.1/../../../../arm-none-eabi/lib/thumb\libstdc++.a(eh_exception.o)
[...]
Memory Configuration

Name             Origin             Length             Attributes
rom              0x08000000         0x02000000
ewram            0x02000000         0x003ff000
dtcm             0x0b000000         0x00004000
vectors          0x01000000         0x00000100
itcm             0x01000100         0x00007f00
*default*        0x00000000         0xffffffff

Linker script and memory map

                0x01000000                __vectors_start = ORIGIN (vectors)
                0x01000100                __itcm_start = ORIGIN (itcm)
                0x023ff000                __ewram_end = (ORIGIN (ewram) + 0x3ff000)
                0x023ff000                __eheap_end = (ORIGIN (ewram) + 0x3ff000)
                0x0b000000                __dtcm_start = ORIGIN (dtcm)
                0x0b004000                __dtcm_top = (ORIGIN (dtcm) + 0x4000)
                0x0b003ff8                __irq_flags = (__dtcm_top - 0x8)
                0x0b003ffc                __irq_vector = (__dtcm_top - 0x4)
                0x0b003f00                __sp_svc = (__dtcm_top - 0x100)
                0x0b003e00                __sp_irq = (__sp_svc - 0x100)
                0x0b003d00                __sp_usr = (__sp_irq - 0x100)

.init           0x02000000      0x23c
                0x02000000                __text_start = .
 *(.init)
 .init          0x02000000      0x230 c:/devkitpro/devkitarm/bin/../lib/gcc/arm-none-eabi/4.7.1/../../../../arm-none-eabi/lib/thumb/ds_arm9_crt0.o
                0x02000000                _start
 .init          0x02000230        0x4 c:/devkitpro/devkitarm/bin/../lib/gcc/arm-none-eabi/4.7.1/thumb/crti.o
                0x02000230                _init
 .init          0x02000234        0x8 c:/devkitpro/devkitarm/bin/../lib/gcc/arm-none-eabi/4.7.1/thumb/crtn.o
                0x0200023c                . = ALIGN (0x4)

.plt
 *(.plt)

.text           0x02000240    0x19210
 *(EXCLUDE_FILE(*.itcm*) .text)
 .text          0x02000240        0x0 c:/devkitpro/devkitarm/bin/../lib/gcc/arm-none-eabi/4.7.1/../../../../arm-none-eabi/lib/thumb/ds_arm9_crt0.o
 .text          0x02000240        0x0 c:/devkitpro/devkitarm/bin/../lib/gcc/arm-none-eabi/4.7.1/thumb/crti.o
 .text          0x02000240       0xd0 c:/devkitpro/devkitarm/bin/../lib/gcc/arm-none-eabi/4.7.1/thumb/crtbegin.o
 .text          0x02000310        0x0 soundbank.bin.o
 .text          0x02000310      0x28c Blocks.o
                0x02000310                Triggerable::trigger(bool)
                0x02000320                Actuator::trigger(bool)
                0x02000368                Plate::tick()
                0x020003a8                Door::useOn(Item*, Entity*)
                0x02000404                Wall::Wall()
                0x02000404                Wall::Wall()
                0x02000424                Floor::Floor()
                0x02000424                Floor::Floor()
                0x02000440                Door::Door()
                0x02000440                Door::Door()
                0x02000468                Door::linkToBlock(int, int)
                0x02000498                Door::linkToLevel(Level*)
                0x020004a8                Triggerable::Triggerable()
                0x020004a8                Triggerable::Triggerable()
                0x020004c4                Actuator::Actuator()
                0x020004c4                Actuator::Actuator()
                0x020004e8                Plate::Plate()
                0x020004e8                Plate::Plate()
                0x02000508                Plate::linkTrigger(Triggerable*)
                0x0200050c                BlockFactory::makeWall(unsigned short)
                0x02000528                BlockFactory::makeFloor(unsigned short)
                0x02000544                BlockFactory::makeDoor(unsigned short)
                0x02000560                BlockFactory::makeActuator(unsigned short)
                0x0200057c                BlockFactory::makePlate(unsigned short, Triggerable*)
 .text          0x0200059c      0xbd8 ClassDefinitions.o
                0x0200059c                Entity::useOn(Item*, Entity*)
                0x020005a0                Block::onLoad(int, int)
                0x020005ac                Block::onEnter(Entity*)
                0x020005b0                Block::onUnload()
                0x020005c0                Level::onUnload()
                0x0200060c                Block::tick()
                0x02000620                Block::useOn(Item*, Entity*)
                0x02000634                Level::~Level()
                0x02000634                Level::~Level()
                0x02000650                Level::~Level()
                0x02000664                Sprite::Sprite()
                0x02000664                Sprite::Sprite()
                0x02000688                Sprite::writeOam()
                0x02000700                Sprite::setAnimFrame(unsigned char)
                0x02000704                Sprite::setGfxBase(int)
                0x02000718                Sprite::setSpriteEntry(unsigned char)
                0x0200071c                Sprite::onUnload()
                0x0200075c                Entity::onUnload()
                0x02000768                Item::getAtt()
                0x0200076c                Item::getDef()
                0x02000770                Item::Item(unsigned char, unsigned char)
                0x02000770                Item::Item(unsigned char, unsigned char)
                0x02000778                Item::Item()
                0x02000778                Item::Item()
                0x02000780                Entity::Entity()
                0x02000780                Entity::Entity()
                0x020007b8                Entity::loadCommon()
                0x02000810                Entity::onLoad()
                0x02000820                Entity::calcSprite()
                0x0200087c                Entity::tick()
                0x02000894                Entity::calcGrid()
                0x020008a8                Block::Block()
                0x020008a8                Block::Block()
                0x020008c0                Block::getTileIndex()
                0x020008c4                Block::setEntity(Entity*)
                0x020008e4                Block::setTileIndex(unsigned short)
                0x020008e8                Level::loadCommon()
                0x02000970                Level::drawLevel()
                0x02000ad8                Level::getOamEntry()
                0x02000aec                Level::isPlayer(Entity*)
                0x02000af8                Level::getBlock(int, int)
                0x02000b20                Entity::translate(int, int)
                0x02000b88                Level::testSolid(int, int)
                0x02000b94                Level::calcLight(int, int, unsigned char)
                0x02000c28                Level::tick()
                0x02000e18                SoundManager::SoundManager()
                0x02000e18                SoundManager::SoundManager()
                0x02000e90                SoundManager::playBGM(unsigned char, bool)
                0x02000ec4                SoundManager::stopBGM()
                0x02000edc                SoundManager::setBGMVol(unsigned int)
                0x02000ef0                SoundManager::setBGMTempo(unsigned int)
                0x02000f14                SoundManager::playSFX(unsigned char, unsigned int)
                0x02000f34                Level::onLoad()
                0x02000fb8                Game::Game()
                0x02000fb8                Game::Game()
                0x0200103c                Game::loadLevel(Level*)
                0x0200107c                Game::setLevel(Level*)
                0x02001088                Game::mainLoop()
                0x020010d0                Level::initBlocks()
 .text          0x02001174      0x754 Entities.o
                0x02001174                Rock::tick()
                0x020011e8                Rock::onLoad()
                0x02001200                Mob::onLoad()
                0x02001224                Mob::useOn(Item*, Entity*)
                0x020012cc                Player::onLoad()
                0x020012f4                Player::tick()
                0x0200155c                Rock::useOn(Item*, Entity*)
                0x020016b0                Mob::move(int)
                0x0200181c                Mob::moveIdle()
                0x02001850                Mob::tick()
 .text          0x020018c8        0x0 Items.o
 .text          0x020018c8      0x46c Levels.o
                0x020018c8                LevelMainMenu::onLoad()
                0x020019a8                Level1::onLoad()
                0x02001afc                LevelMainMenu::initBlocks()
                0x02001c18                Level1::initBlocks()
 .text          0x02001d34        0x0 main.o
 .text          0x02001d34        0x0 LevelMainMenu.o
 .text          0x02001d34        0x0 LevelTest.o
 .text          0x02001d34        0x0 Sprites.o
 .text          0x02001d34        0x0 Tileset.o
 .text          0x02001d34      0x24c c:/devkitPro/libnds/lib\libmm9.a(mm_comms.o)
                0x02001d34                mmSetupComms
                0x02001d86                mmSendBank
                0x02001d90                mmLockChannels
                0x02001d96                mmUnlockChannels
                0x02001d9c                mmStart
                0x02001da6                mmPause
                0x02001daa                mmResume
                0x02001dae                mmStop
                0x02001db2                mmPosition
                0x02001db6                mmJingle
                0x02001dba                mmSetModuleVolume
                0x02001dbe                mmSetJingleVolume
                0x02001dc2                mmSetModuleTempo
                0x02001dc6                mmSetModulePitch
                0x02001dca                mmSetEffectsVolume
                0x02001dce                mmSelectMode
                0x02001dd2                mmStreamBegin
                0x02001de6                mmStreamEnd
                0x02001e3c                mmEffect
                0x02001e60                mmEffectVolume
                0x02001e64                mmEffectPanning
                0x02001e68                mmEffectRate
                0x02001e72                mmEffectScaleRate
                0x02001e7c                mmEffectRelease
                0x02001e82                mmEffectCancel
                0x02001e88                mmEffectEx
                0x02001ec6                mmEffectCancelAll
                0x02001eca                mmReverbEnable
                0x02001ece                mmReverbDisable
                0x02001ed2                mmReverbConfigure
                0x02001f2e                mmReverbStart
                0x02001f32                mmReverbStop
 .text          0x02001f80      0x108 c:/devkitPro/libnds/lib\libmm9.a(mm_main9.o)
                0x02001f80                mmActive
                0x02001f86                mmSetEventHandler
                0x02001f8c                mmInit
                0x02001fb6                mmInitDefault
                0x02002000                mmInitDefaultMem
                0x02002022                mmSuspendIRQ_t
                0x02002040                mmRestoreIRQ_t
 .text          0x02002088      0x120 c:/devkitPro/libnds/lib\libmm9.a(mm_memory.o)
                0x02002088                mmLoad
                0x020020d8                mmUnload
                0x02002130                mmLoadEffect
                0x02002168                mmUnloadEffect
 .text          0x020021a8      0x100 c:/devkitPro/libnds/lib\libmm9.a(mm_soundbank.o)
                0x020021a8                mmSoundBankInMemory
                0x020021b0                mmSoundBankInFiles
                0x020021c2                mmSetCustomSoundBankHandler
                0x020021ee                mmsHandleFileOp
 .text          0x020022a8       0x3c c:/devkitPro/libnds/lib\libmm9.a(mm_flusher.o)
                0x020022a8                mmFlushBank
 .text          0x020022e4      0xa4c c:/devkitPro/libnds/lib\libnds9.a(console.o)
                0x02002384                nocash_write
                0x02002394                consoleGetDefault
                0x020023a0                consoleSelect
                0x020023b0                consoleDebugInit
                0x02002400                consolePrintChar
                0x020025cc                consoleLoadFont
                0x02002854                consoleSetFont
                0x02002874                consoleInit
                0x020029dc                consoleDemoInit
                0x02002a20                con_write
                0x02002cfc                consoleClear
                0x02002d0c                consoleSetWindow
 .text          0x02002d30       0xf4 c:/devkitPro/libnds/lib\libnds9.a(keys.o)
                0x02002d30                scanKeys
                0x02002d9c                keysHeld
                0x02002da8                keysDown
                0x02002db8                keysDownRepeat
                0x02002dc8                keysSetRepeat
                0x02002de0                keysUp
                0x02002df0                keysCurrent
 .text          0x02002e24      0x3f4 c:/devkitPro/libnds/lib\libnds9.a(sprite.o)
                0x02002e24                oamInit
                0x02002f38                oamDisable
                0x02002f68                oamEnable
                0x02002f8c                oamGetGfxPtr
                0x02002fc0                oamClear
                0x02002fe8                oamGfxPtrToOffset
                0x0200301c                oamSet
                0x0200316c                oamUpdate
                0x020031cc                oamRotateScale
 .text          0x02003218      0x450 c:/devkitPro/libnds/lib\libnds9.a(sprite_alloc.o)
                0x02003248                oamAllocReset
                0x0200327c                oamAllocateGfx
                0x02003480                oamFreeGfx
                0x0200361c                oamCountFragments
 .text          0x02003668       0x4c c:/devkitPro/libnds/lib\libnds9.a(touch.o)
                0x02003668                touchRead
                0x02003690                touchReadXY
 .text          0x020036b4      0x244 c:/devkitPro/libnds/lib\libnds9.a(trig.o)
                0x020036b4                asinComp
                0x020036dc                sinLutLookup
                0x02003718                sinLerp
                0x02003750                cosLerp
                0x02003764                tanLutLookup
                0x0200379c                tanLerp
                0x02003840                asinLerp
                0x020038bc                acosLerp
                0x020038d0                atanComp
 .text          0x020038f8      0x140 c:/devkitPro/libnds/lib\libnds9.a(initSystem.o)
                0x020038f8                initSystem
 .text          0x02003a38      0xc58 c:/devkitPro/libnds/lib\libnds9.a(fifosystem.o)
                0x02003c8c                fifoSendAddress
                0x02003cb8                fifoSendValue32
                0x02003cf8                fifoSendDatamsg
                0x02003d68                fifoGetAddress
                0x02003de0                fifoSetAddressHandler
                0x02003e54                fifoGetValue32
                0x02003ec8                fifoSetValue32Handler
                0x02003f3c                fifoGetDatamsg
                0x020043c0                fifoSetDatamsgHandler
                0x02004458                fifoCheckAddress
                0x0200447c                fifoCheckDatamsg
                0x020044a0                fifoCheckValue32
                0x020044c4                fifoInit
 .text          0x02004690      0x1ec c:/devkitPro/libnds/lib\libnds9.a(interrupts.o)
                0x02004690                irqDummy
                0x02004694                irqSet
                0x02004700                irqInit
                0x0200474c                irqInitHandler
                0x0200477c                irqEnable
                0x020047e0                irqDisable
                0x02004844                irqClear
 .text          0x0200487c       0x58 c:/devkitPro/libnds/lib\libnds9.a(libnds_exit.arm.o)
                0x0200487c                systemErrorExit
                0x02004880                __libnds_exit
 .text          0x020048d4       0x70 c:/devkitPro/libnds/lib\libnds9.a(dcache.o)
                0x020048d4                DC_FlushAll
                0x02004900                DC_FlushRange
                0x0200491c                DC_InvalidateAll
                0x02004928                DC_InvalidateRange
 .text          0x02004944      0x1b4 c:/devkitPro/libnds/lib\libnds9.a(mpu_setup.o)
                0x02004944                __libnds_mpu_setup
                0x02004a84                memCached
                0x02004a9c                memUncached
 *fill*         0x02004af8        0x8 ff
 .text          0x02004b00       0x70 c:/devkitPro/libnds/lib\libnds9.a(biosCalls.o)
                0x02004b00                swiDelay
                0x02004b04                swiIntrWait
                0x02004b08                swiWaitForVBlank
                0x02004b0c                swiSleep
                0x02004b10                swiChangeSoundBias
                0x02004b14                swiDivide
                0x02004b18                swiRemainder
                0x02004b1e                swiDivMod
                0x02004b2a                swiCopy
                0x02004b2e                swiFastCopy
                0x02004b32                swiSqrt
                0x02004b36                swiCRC16
                0x02004b3a                swiIsDebugger
                0x02004b3e                swiUnpackBits
                0x02004b42                swiDecompressLZSSWram
                0x02004b46                swiDecompressLZSSVramNTR
                0x02004b4a                swiDecompressLZSSVramTWL
                0x02004b4e                swiDecompressHuffman
                0x02004b52                swiDecompressRLEWram
                0x02004b56                swiDecompressRLEVram
                0x02004b5a                swiWaitForIRQ
                0x02004b5e                swiDecodeDelta8
                0x02004b62                swiDecodeDelta16
                0x02004b66                swiSetHaltCR
 .text          0x02004b70       0xa4 c:/devkitPro/libnds/lib\libnds9.a(debugprint.o)
                0x02004b70                nocashWrite
                0x02004b72                nocashMessage
 .text          0x02004c14        0x0 c:/devkitPro/libnds/lib\libnds9.a(interruptDispatcher.o)
 *fill*         0x02004c14        0xc ff
 .text          0x02004c20       0x30 c:/devkitPro/libnds/lib\libnds9.a(swiSoftReset.o)
                0x02004c20                swiSoftReset
 .text          0x02004c50        0x0 c:/devkitPro/libnds/lib\libnds9.a(default_font.bin.o)
 .text          0x02004c50      0x2e8 c:/devkitPro/libnds/lib\libnds9.a(background.o)
                0x02004c50                bgIsText
                0x02004c5c                checkIfText
                0x02004cb4                bgUpdate
                0x02004da8                bgInit_call
                0x02004e6c                bgInitSub_call
 .text          0x02004f38      0x128 c:/devkitPro/libnds/lib\libnds9.a(system.o)
                0x02004f38                setSDcallback
                0x02004f44                systemMsgHandler
                0x02004f88                systemSleep
                0x02004fa0                systemValueHandler
                0x02004fdc                powerOn
                0x02005008                powerOff
                0x02005030                ledBlink
                0x02005040                getBatteryLevel
 .text          0x02005060      0x1f8 c:/devkitPro/libnds/lib\libnds9.a(video.o)
                0x02005060                vramSetPrimaryBanks
                0x020050a4                vramSetMainBanks
                0x020050e8                vramSetBanks_EFG
                0x02005120                vramRestorePrimaryBanks
                0x0200512c                vramRestoreMainBanks
                0x02005138                vramRestoreBanks_EFG
                0x02005144                setBrightness
                0x02005184                vramDefault
 .text          0x02005258        0x0 c:/devkitpro/devkitarm/bin/../lib/gcc/arm-none-eabi/4.7.1/../../../../arm-none-eabi/lib/thumb\libstdc++.a(new_op.o)
 .text          0x02005258        0x0 c:/devkitpro/devkitarm/bin/../lib/gcc/arm-none-eabi/4.7.1/../../../../arm-none-eabi/lib/thumb\libstdc++.a(eh_call.o)
 .text          0x02005258        0x0 c:/devkitpro/devkitarm/bin/../lib/gcc/arm-none-eabi/4.7.1/../../../../arm-none-eabi/lib/thumb\libstdc++.a(eh_personality.o)
 .text          0x02005258        0x0 c:/devkitpro/devkitarm/bin/../lib/gcc/arm-none-eabi/4.7.1/../../../../arm-none-eabi/lib/thumb\libstdc++.a(del_op.o)
 .text          0x02005258        0x0 c:/devkitpro/devkitarm/bin/../lib/gcc/arm-none-eabi/4.7.1/../../../../arm-none-eabi/lib/thumb\libstdc++.a(eh_terminate.o)
 .text          0x02005258        0x0 c:/devkitpro/devkitarm/bin/../lib/gcc/arm-none-eabi/4.7.1/../../../../arm-none-eabi/lib/thumb\libstdc++.a(eh_exception.o)
 .text          0x02005258        0x0 c:/devkitpro/devkitarm/bin/../lib/gcc/arm-none-eabi/4.7.1/../../../../arm-none-eabi/lib/thumb\libstdc++.a(eh_alloc.o)
 .text          0x02005258        0x0 c:/devkitpro/devkitarm/bin/../lib/gcc/arm-none-eabi/4.7.1/../../../../arm-none-eabi/lib/thumb\libstdc++.a(bad_alloc.o)
 .text          0x02005258        0x0 c:/devkitpro/devkitarm/bin/../lib/gcc/arm-none-eabi/4.7.1/../../../../arm-none-eabi/lib/thumb\libstdc++.a(class_type_info.o)
 .text          0x02005258        0x0 c:/devkitpro/devkitarm/bin/../lib/gcc/arm-none-eabi/4.7.1/../../../../arm-none-eabi/lib/thumb\libstdc++.a(new_handler.o)
 .text          0x02005258        0x0 c:/devkitpro/devkitarm/bin/../lib/gcc/arm-none-eabi/4.7.1/../../../../arm-none-eabi/lib/thumb\libstdc++.a(eh_arm.o)
 .text          0x02005258        0x0 c:/devkitpro/devkitarm/bin/../lib/gcc/arm-none-eabi/4.7.1/../../../../arm-none-eabi/lib/thumb\libstdc++.a(eh_throw.o)
 .text          0x02005258        0x0 c:/devkitpro/devkitarm/bin/../lib/gcc/arm-none-eabi/4.7.1/../../../../arm-none-eabi/lib/thumb\libstdc++.a(pure.o)
 .text          0x02005258        0x0 c:/devkitpro/devkitarm/bin/../lib/gcc/arm-none-eabi/4.7.1/../../../../arm-none-eabi/lib/thumb\libstdc++.a(eh_globals.o)
 .text          0x02005258        0x0 c:/devkitpro/devkitarm/bin/../lib/gcc/arm-none-eabi/4.7.1/../../../../arm-none-eabi/lib/thumb\libstdc++.a(eh_catch.o)
 .text          0x02005258        0x0 c:/devkitpro/devkitarm/bin/../lib/gcc/arm-none-eabi/4.7.1/../../../../arm-none-eabi/lib/thumb\libstdc++.a(si_class_type_info.o)
 .text          0x02005258        0x0 c:/devkitpro/devkitarm/bin/../lib/gcc/arm-none-eabi/4.7.1/../../../../arm-none-eabi/lib/thumb\libstdc++.a(eh_unex_handler.o)
 .text          0x02005258        0x0 c:/devkitpro/devkitarm/bin/../lib/gcc/arm-none-eabi/4.7.1/../../../../arm-none-eabi/lib/thumb\libstdc++.a(tinfo.o)
 .text          0x02005258        0x0 c:/devkitpro/devkitarm/bin/../lib/gcc/arm-none-eabi/4.7.1/../../../../arm-none-eabi/lib/thumb\libstdc++.a(eh_term_handler.o)
 .text          0x02005258        0x0 c:/devkitpro/devkitarm/bin/../lib/gcc/arm-none-eabi/4.7.1/../../../../arm-none-eabi/lib/thumb\libstdc++.a(vterminate.o)
 .text          0x02005258        0x0 c:/devkitpro/devkitarm/bin/../lib/gcc/arm-none-eabi/4.7.1/../../../../arm-none-eabi/lib/thumb\libstdc++.a(eh_type.o)
 .text          0x02005258     0x5984 c:/devkitpro/devkitarm/bin/../lib/gcc/arm-none-eabi/4.7.1/../../../../arm-none-eabi/lib/thumb\libstdc++.a(cp-demangle.o)
                0x0200aae8                __cxa_demangle
                0x0200abb0                __gcclibcxx_demangle_callback
 .text          0x0200abdc      0x11c c:/devkitpro/devkitarm/bin/../lib/gcc/arm-none-eabi/4.7.1/thumb\libgcc.a(_udivsi3.o)
                0x0200abdc                __aeabi_uidiv
                0x0200abdc                __udivsi3
                0x0200acd8                __aeabi_uidivmod
 .text          0x0200acf8      0x150 c:/devkitpro/devkitarm/bin/../lib/gcc/arm-none-eabi/4.7.1/thumb\libgcc.a(_divsi3.o)
                0x0200acf8                __divsi3
                0x0200acf8                __aeabi_idiv
                0x0200ae28                __aeabi_idivmod
 .text          0x0200ae48        0x4 c:/devkitpro/devkitarm/bin/../lib/gcc/arm-none-eabi/4.7.1/thumb\libgcc.a(_dvmd_tls.o)
                0x0200ae48                __aeabi_idiv0
                0x0200ae48                __aeabi_ldiv0
 .text          0x0200ae4c      0xab4 c:/devkitpro/devkitarm/bin/../lib/gcc/arm-none-eabi/4.7.1/thumb\libgcc.a(unwind-arm.o)
                0x0200b148                _Unwind_GetCFA
                0x0200b14c                __gnu_Unwind_RaiseException
                0x0200b1ac                __gnu_Unwind_ForcedUnwind
                0x0200b1c4                __gnu_Unwind_Resume
                0x0200b20c                __gnu_Unwind_Resume_or_Rethrow
                0x0200b22c                _Unwind_Complete
                0x0200b230                _Unwind_DeleteException
                0x0200b248                _Unwind_VRS_Get
                0x0200b294                _Unwind_VRS_Set
                0x0200b5f0                __aeabi_unwind_cpp_pr2
                0x0200b600                __aeabi_unwind_cpp_pr1
                0x0200b610                __aeabi_unwind_cpp_pr0
                0x0200b620                __gnu_Unwind_Backtrace
                0x0200b694                _Unwind_VRS_Pop
 .text          0x0200b900      0x1d8 c:/devkitpro/devkitarm/bin/../lib/gcc/arm-none-eabi/4.7.1/thumb\libgcc.a(libunwind.o)
                0x0200b900                __restore_core_regs
                0x0200b900                restore_core_regs
                0x0200b91c                __gnu_Unwind_Restore_VFP
                0x0200b924                __gnu_Unwind_Save_VFP
                0x0200b92c                __gnu_Unwind_Restore_VFP_D
                0x0200b934                __gnu_Unwind_Save_VFP_D
                0x0200b93c                __gnu_Unwind_Restore_VFP_D_16_to_31
                0x0200b944                __gnu_Unwind_Save_VFP_D_16_to_31
                0x0200b94c                __gnu_Unwind_Restore_WMMXD
                0x0200b990                __gnu_Unwind_Save_WMMXD
                0x0200b9d4                __gnu_Unwind_Restore_WMMXC
                0x0200b9e8                __gnu_Unwind_Save_WMMXC
                0x0200b9fc                ___Unwind_RaiseException
                0x0200b9fc                _Unwind_RaiseException
                0x0200ba28                _Unwind_Resume
                0x0200ba28                ___Unwind_Resume
                0x0200ba54                _Unwind_Resume_or_Rethrow
                0x0200ba54                ___Unwind_Resume_or_Rethrow
                0x0200ba80                _Unwind_ForcedUnwind
                0x0200ba80                ___Unwind_ForcedUnwind
                0x0200baac                ___Unwind_Backtrace
                0x0200baac                _Unwind_Backtrace
 .text          0x0200bad8      0x3e0 c:/devkitpro/devkitarm/bin/../lib/gcc/arm-none-eabi/4.7.1/thumb\libgcc.a(pr-support.o)
                0x0200bb34                __gnu_unwind_execute
                0x0200be54                __gnu_unwind_frame
                0x0200be80                _Unwind_GetRegionStart
                0x0200be90                _Unwind_GetLanguageSpecificData
                0x0200bea8                _Unwind_GetDataRelBase
                0x0200beb0                _Unwind_GetTextRelBase
 .text          0x0200beb8       0x10 c:/devkitpro/devkitarm/bin/../lib/gcc/arm-none-eabi/4.7.1/../../../../arm-none-eabi/lib/thumb\libg.a(lib_a-abort.o)
                0x0200beb8                abort
 .text          0x0200bec8       0x64 c:/devkitpro/devkitarm/bin/../lib/gcc/arm-none-eabi/4.7.1/../../../../arm-none-eabi/lib/thumb\libg.a(lib_a-bsearch.o)
                0x0200bec8                bsearch
 .text          0x0200bf2c       0xb0 c:/devkitpro/devkitarm/bin/../lib/gcc/arm-none-eabi/4.7.1/../../../../arm-none-eabi/lib/thumb\libg.a(lib_a-fclose.o)
                0x0200bf2c                _fclose_r
                0x0200bfc0                fclose
 .text          0x0200bfdc      0x1b8 c:/devkitpro/devkitarm/bin/../lib/gcc/arm-none-eabi/4.7.1/../../../../arm-none-eabi/lib/thumb\libg.a(lib_a-fflush.o)
                0x0200bfdc                __sflush_r
                0x0200c134                _fflush_r
                0x0200c164                fflush
 .text          0x0200c194      0x1d8 c:/devkitpro/devkitarm/bin/../lib/gcc/arm-none-eabi/4.7.1/../../../../arm-none-eabi/lib/thumb\libg.a(lib_a-findfp.o)
                0x0200c19c                _cleanup_r
                0x0200c1fc                __sfmoreglue
                0x0200c22c                _cleanup
                0x0200c240                __sinit
                0x0200c294                __sfp
                0x0200c324                __sfp_lock_acquire
                0x0200c328                __sfp_lock_release
                0x0200c32c                __sinit_lock_acquire
                0x0200c330                __sinit_lock_release
                0x0200c334                __fp_lock_all
                0x0200c350                __fp_unlock_all
 .text          0x0200c36c       0xa8 c:/devkitpro/devkitarm/bin/../lib/gcc/arm-none-eabi/4.7.1/../../../../arm-none-eabi/lib/thumb\libg.a(lib_a-fopen.o)
                0x0200c36c                _fopen_r
                0x0200c3f8                fopen
 .text          0x0200c414       0x54 c:/devkitpro/devkitarm/bin/../lib/gcc/arm-none-eabi/4.7.1/../../../../arm-none-eabi/lib/thumb\libg.a(lib_a-fputc.o)
                0x0200c414                _fputc_r
                0x0200c43c                fputc
 .text          0x0200c468       0x78 c:/devkitpro/devkitarm/bin/../lib/gcc/arm-none-eabi/4.7.1/../../../../arm-none-eabi/lib/thumb\libg.a(lib_a-fputs.o)
                0x0200c468                _fputs_r
                0x0200c4c4                fputs
 .text          0x0200c4e0      0x190 c:/devkitpro/devkitarm/bin/../lib/gcc/arm-none-eabi/4.7.1/../../../../arm-none-eabi/lib/thumb\libg.a(lib_a-fread.o)
                0x0200c4e0                _fread_r
                0x0200c648                fread
 .text          0x0200c670      0x238 c:/devkitpro/devkitarm/bin/../lib/gcc/arm-none-eabi/4.7.1/../../../../arm-none-eabi/lib/thumb\libg.a(lib_a-freer.o)
                0x0200c670                _malloc_trim_r
                0x0200c714                _free_r
 .text          0x0200c8a8      0x328 c:/devkitpro/devkitarm/bin/../lib/gcc/arm-none-eabi/4.7.1/../../../../arm-none-eabi/lib/thumb\libg.a(lib_a-fseek.o)
                0x0200c8a8                _fseek_r
                0x0200cbac                fseek
 .text          0x0200cbd0      0x2fc c:/devkitpro/devkitarm/bin/../lib/gcc/arm-none-eabi/4.7.1/../../../../arm-none-eabi/lib/thumb\libg.a(lib_a-fvwrite.o)
                0x0200cbd0                __sfvwrite_r
 .text          0x0200cecc       0xb4 c:/devkitpro/devkitarm/bin/../lib/gcc/arm-none-eabi/4.7.1/../../../../arm-none-eabi/lib/thumb\libg.a(lib_a-fwalk.o)
                0x0200cecc                _fwalk
                0x0200cf20                _fwalk_reent
 .text          0x0200cf80       0x9c c:/devkitpro/devkitarm/bin/../lib/gcc/arm-none-eabi/4.7.1/../../../../arm-none-eabi/lib/thumb\libg.a(lib_a-fwrite.o)
                0x0200cf80                _fwrite_r
                0x0200cff4                fwrite
 .text          0x0200d01c        0x0 c:/devkitpro/devkitarm/bin/../lib/gcc/arm-none-eabi/4.7.1/../../../../arm-none-eabi/lib/thumb\libg.a(lib_a-impure.o)
 .text          0x0200d01c       0x54 c:/devkitpro/devkitarm/bin/../lib/gcc/arm-none-eabi/4.7.1/../../../../arm-none-eabi/lib/thumb\libg.a(lib_a-init.o)
                0x0200d01c                __libc_init_array
 .text          0x0200d070       0x40 c:/devkitpro/devkitarm/bin/../lib/gcc/arm-none-eabi/4.7.1/../../../../arm-none-eabi/lib/thumb\libg.a(lib_a-iprintf.o)
                0x0200d070                iprintf
                0x0200d094                _iprintf_r
 .text          0x0200d0b0       0xe0 c:/devkitpro/devkitarm/bin/../lib/gcc/arm-none-eabi/4.7.1/../../../../arm-none-eabi/lib/thumb\libg.a(lib_a-makebuf.o)
                0x0200d0b0                __smakebuf_r
 .text          0x0200d190       0x30 c:/devkitpro/devkitarm/bin/../lib/gcc/arm-none-eabi/4.7.1/../../../../arm-none-eabi/lib/thumb\libg.a(lib_a-malloc.o)
                0x0200d190                malloc
                0x0200d1a8                free
 .text          0x0200d1c0      0x51c c:/devkitpro/devkitarm/bin/../lib/gcc/arm-none-eabi/4.7.1/../../../../arm-none-eabi/lib/thumb\libg.a(lib_a-mallocr.o)
                0x0200d1c0                _malloc_r
 .text          0x0200d6dc       0x98 c:/devkitpro/devkitarm/bin/../lib/gcc/arm-none-eabi/4.7.1/../../../../arm-none-eabi/lib/thumb\libg.a(lib_a-memchr-stub.o)
                0x0200d6dc                memchr
 .text          0x0200d774       0x60 c:/devkitpro/devkitarm/bin/../lib/gcc/arm-none-eabi/4.7.1/../../../../arm-none-eabi/lib/thumb\libg.a(lib_a-memcmp.o)
                0x0200d774                memcmp
 .text          0x0200d7d4       0x90 c:/devkitpro/devkitarm/bin/../lib/gcc/arm-none-eabi/4.7.1/../../../../arm-none-eabi/lib/thumb\libg.a(lib_a-memcpy-stub.o)
                0x0200d7d4                memcpy
 .text          0x0200d864       0xb0 c:/devkitpro/devkitarm/bin/../lib/gcc/arm-none-eabi/4.7.1/../../../../arm-none-eabi/lib/thumb\libg.a(lib_a-memmove.o)
                0x0200d864                memmove
 .text          0x0200d914       0x98 c:/devkitpro/devkitarm/bin/../lib/gcc/arm-none-eabi/4.7.1/../../../../arm-none-eabi/lib/thumb\libg.a(lib_a-memset.o)
                0x0200d914                memset
 .text          0x0200d9ac        0x8 c:/devkitpro/devkitarm/bin/../lib/gcc/arm-none-eabi/4.7.1/../../../../arm-none-eabi/lib/thumb\libg.a(lib_a-mlock.o)
                0x0200d9ac                __malloc_lock
                0x0200d9b0                __malloc_unlock
 .text          0x0200d9b4       0xc4 c:/devkitpro/devkitarm/bin/../lib/gcc/arm-none-eabi/4.7.1/../../../../arm-none-eabi/lib/thumb\libg.a(lib_a-putc.o)
                0x0200d9b4                _putc_r
                0x0200da14                putc
 .text          0x0200da78       0x1c c:/devkitpro/devkitarm/bin/../lib/gcc/arm-none-eabi/4.7.1/../../../../arm-none-eabi/lib/thumb\libg.a(lib_a-realloc.o)
                0x0200da78                realloc
 .text          0x0200da94      0x3e8 c:/devkitpro/devkitarm/bin/../lib/gcc/arm-none-eabi/4.7.1/../../../../arm-none-eabi/lib/thumb\libg.a(lib_a-reallocr.o)
                0x0200da94                _realloc_r
 .text          0x0200de7c      0x144 c:/devkitpro/devkitarm/bin/../lib/gcc/arm-none-eabi/4.7.1/../../../../arm-none-eabi/lib/thumb\libg.a(lib_a-refill.o)
                0x0200de9c                __srefill_r
 .text          0x0200dfc0      0x120 c:/devkitpro/devkitarm/bin/../lib/gcc/arm-none-eabi/4.7.1/../../../../arm-none-eabi/lib/thumb\libg.a(lib_a-setvbuf.o)
                0x0200dfc0                setvbuf
 .text          0x0200e0e0      0x198 c:/devkitpro/devkitarm/bin/../lib/gcc/arm-none-eabi/4.7.1/../../../../arm-none-eabi/lib/thumb\libg.a(lib_a-signal.o)
                0x0200e0e0                _init_signal_r
                0x0200e120                _signal_r
                0x0200e160                _raise_r
                0x0200e1c0                __sigtramp_r
                0x0200e214                raise
                0x0200e22c                signal
                0x0200e248                _init_signal
                0x0200e25c                __sigtramp
 .text          0x0200e278       0xa0 c:/devkitpro/devkitarm/bin/../lib/gcc/arm-none-eabi/4.7.1/../../../../arm-none-eabi/lib/thumb\libg.a(lib_a-siscanf.o)
                0x0200e278                siscanf
                0x0200e2c8                _siscanf_r
 .text          0x0200e318       0x84 c:/devkitpro/devkitarm/bin/../lib/gcc/arm-none-eabi/4.7.1/../../../../arm-none-eabi/lib/thumb\libg.a(lib_a-sprintf.o)
                0x0200e318                _sprintf_r
                0x0200e358                sprintf
 .text          0x0200e39c       0xac c:/devkitpro/devkitarm/bin/../lib/gcc/arm-none-eabi/4.7.1/../../../../arm-none-eabi/lib/thumb\libg.a(lib_a-stdio.o)
                0x0200e39c                __sread
                0x0200e3c8                __seofread
                0x0200e3cc                __swrite
                0x0200e408                __sseek
                0x0200e438                __sclose
 .text          0x0200e448       0x14 c:/devkitpro/devkitarm/bin/../lib/gcc/arm-none-eabi/4.7.1/../../../../arm-none-eabi/lib/thumb\libg.a(lib_a-strcmp.o)
                0x0200e448                strcmp
 .text          0x0200e45c       0x10 c:/devkitpro/devkitarm/bin/../lib/gcc/arm-none-eabi/4.7.1/../../../../arm-none-eabi/lib/thumb\libg.a(lib_a-strlen.o)
                0x0200e45c                strlen
 .text          0x0200e46c       0xbc c:/devkitpro/devkitarm/bin/../lib/gcc/arm-none-eabi/4.7.1/../../../../arm-none-eabi/lib/thumb\libg.a(lib_a-strncmp.o)
                0x0200e46c                strncmp
 .text          0x0200e528      0xa98 c:/devkitpro/devkitarm/bin/../lib/gcc/arm-none-eabi/4.7.1/../../../../arm-none-eabi/lib/thumb\libg.a(lib_a-svfiscanf.o)
                0x0200e528                _sungetc_r
                0x0200e5b0                __ssrefill_r
                0x0200e5f4                _sfread_r
                0x0200e680                __ssvfiscanf_r
 .text          0x0200efc0     0x1728 c:/devkitpro/devkitarm/bin/../lib/gcc/arm-none-eabi/4.7.1/../../../../arm-none-eabi/lib/thumb\libg.a(lib_a-svfprintf.o)
                0x0200efc0                _svfprintf_r
 .text          0x020106e8       0x20 c:/devkitpro/devkitarm/bin/../lib/gcc/arm-none-eabi/4.7.1/../../../../arm-none-eabi/lib/thumb\libg.a(lib_a-syswrite.o)
                0x020106e8                write
 .text          0x02010708      0x188 c:/devkitpro/devkitarm/bin/../lib/gcc/arm-none-eabi/4.7.1/../../../../arm-none-eabi/lib/thumb\libg.a(lib_a-ungetc.o)
                0x02010708                __submore
                0x02010790                _ungetc_r
                0x02010874                ungetc
 .text          0x02010890      0xed4 c:/devkitpro/devkitarm/bin/../lib/gcc/arm-none-eabi/4.7.1/../../../../arm-none-eabi/lib/thumb\libg.a(lib_a-vfiprintf.o)
                0x02010890                __sprint_r
                0x02010914                _vfiprintf_r
                0x02011740                vfiprintf
 .text          0x02011764       0xd0 c:/devkitpro/devkitarm/bin/../lib/gcc/arm-none-eabi/4.7.1/../../../../arm-none-eabi/lib/thumb\libg.a(lib_a-wbuf.o)
                0x02011764                __swbuf_r
                0x02011818                __swbuf
 .text          0x02011834       0xe8 c:/devkitpro/devkitarm/bin/../lib/gcc/arm-none-eabi/4.7.1/../../../../arm-none-eabi/lib/thumb\libg.a(lib_a-wcrtomb.o)
                0x02011834                _wcrtomb_r
                0x0201189c                wcrtomb
 .text          0x0201191c       0x40 c:/devkitpro/devkitarm/bin/../lib/gcc/arm-none-eabi/4.7.1/../../../../arm-none-eabi/lib/thumb\libg.a(lib_a-wcsrtombs.o)
                0x0201191c                _wcsrtombs_r
                0x02011934                wcsrtombs
 .text          0x0201195c      0x2a4 c:/devkitpro/devkitarm/bin/../lib/gcc/arm-none-eabi/4.7.1/../../../../arm-none-eabi/lib/thumb\libg.a(lib_a-wctomb_r.o)
                0x0201195c                __utf8_wctomb
                0x02011a10                _wctomb_r
                0x02011a48                __ascii_wctomb
                0x02011a68                __sjis_wctomb
                0x02011ae4                __eucjp_wctomb
                0x02011b80                __jis_wctomb
 .text          0x02011c00       0xd0 c:/devkitpro/devkitarm/bin/../lib/gcc/arm-none-eabi/4.7.1/../../../../arm-none-eabi/lib/thumb\libg.a(lib_a-wsetup.o)
                0x02011c00                __swsetup_r
 .text          0x02011cd0       0x10 c:/devkitpro/devkitarm/bin/../lib/gcc/arm-none-eabi/4.7.1/../../../../arm-none-eabi/lib/thumb\libg.a(lib_a-ctype_.o)
                0x02011cd0                __set_ctype
 .text          0x02011ce0     0x10a0 c:/devkitpro/devkitarm/bin/../lib/gcc/arm-none-eabi/4.7.1/../../../../arm-none-eabi/lib/thumb\libg.a(lib_a-dtoa.o)
                0x02011e38                _dtoa_r
 .text          0x02012d80       0x70 c:/devkitpro/devkitarm/bin/../lib/gcc/arm-none-eabi/4.7.1/../../../../arm-none-eabi/lib/thumb\libg.a(lib_a-flags.o)
                0x02012d80                __sflags
 .text          0x02012df0      0x104 c:/devkitpro/devkitarm/bin/../lib/gcc/arm-none-eabi/4.7.1/../../../../arm-none-eabi/lib/thumb\libg.a(lib_a-fputwc.o)
                0x02012df0                _fputwc_r
                0x02012ec8                fputwc
 .text          0x02012ef4       0x78 c:/devkitpro/devkitarm/bin/../lib/gcc/arm-none-eabi/4.7.1/../../../../arm-none-eabi/lib/thumb\libg.a(lib_a-iswspace.o)
                0x02012ef4                iswspace
 .text          0x02012f6c      0x1f0 c:/devkitpro/devkitarm/bin/../lib/gcc/arm-none-eabi/4.7.1/../../../../arm-none-eabi/lib/thumb\libg.a(lib_a-jp2uc.o)
                0x020130f8                _jp2uc
 .text          0x0201315c      0x950 c:/devkitpro/devkitarm/bin/../lib/gcc/arm-none-eabi/4.7.1/../../../../arm-none-eabi/lib/thumb\libg.a(lib_a-locale.o)
                0x02013850                _setlocale_r
                0x02013a4c                __locale_charset
                0x02013a54                __locale_mb_cur_max
                0x02013a60                __locale_msgcharset
                0x02013a6c                __locale_cjk_lang
                0x02013a78                _localeconv_r
                0x02013a84                setlocale
                0x02013aa0                localeconv
 .text          0x02013aac      0x104 c:/devkitpro/devkitarm/bin/../lib/gcc/arm-none-eabi/4.7.1/../../../../arm-none-eabi/lib/thumb\libg.a(lib_a-mbrtowc.o)
                0x02013aac                _mbrtowc_r
                0x02013b24                mbrtowc
 .text          0x02013bb0      0x584 c:/devkitpro/devkitarm/bin/../lib/gcc/arm-none-eabi/4.7.1/../../../../arm-none-eabi/lib/thumb\libg.a(lib_a-mbtowc_r.o)
                0x02013bb0                __utf8_mbtowc
                0x02013e10                _mbtowc_r
                0x02013e4c                __ascii_mbtowc
                0x02013e7c                __sjis_mbtowc
                0x02013f3c                __eucjp_mbtowc
                0x02014004                __jis_mbtowc
 *fill*         0x02014134        0x4 ff
 .text          0x02014138      0x978 c:/devkitpro/devkitarm/bin/../lib/gcc/arm-none-eabi/4.7.1/../../../../arm-none-eabi/lib/thumb\libg.a(lib_a-mprec.o)
                0x02014138                _Balloc
                0x0201418c                _Bfree
                0x020141a4                __multadd
                0x02014250                __s2b
                0x020142ec                __hi0bits
                0x02014324                __lo0bits
                0x02014384                __i2b
                0x0201439c                __multiply
                0x02014500                __pow5mult
                0x020145b0                __lshift
                0x02014680                __mcmp
                0x020146bc                __mdiff
                0x020147ac                __ulp
                0x020147f4                __b2d
                0x02014898                __d2b
                0x02014950                __ratio
                0x020149cc                _mprec_log10
                0x02014a0c                __copybits
                0x02014a54                __any_on
 .text          0x02014ab0       0x7c c:/devkitpro/devkitarm/bin/../lib/gcc/arm-none-eabi/4.7.1/../../../../arm-none-eabi/lib/thumb\libg.a(lib_a-sccl.o)
                0x02014ab0                __sccl
 .text          0x02014b2c       0x5c c:/devkitpro/devkitarm/bin/../lib/gcc/arm-none-eabi/4.7.1/../../../../arm-none-eabi/lib/thumb\libg.a(lib_a-s_fpclassify.o)
                0x02014b2c                __fpclassifyd
 .text          0x02014b88       0x50 c:/devkitpro/devkitarm/bin/../lib/gcc/arm-none-eabi/4.7.1/../../../../arm-none-eabi/lib/thumb\libg.a(lib_a-strcasecmp.o)
                0x02014b88                strcasecmp
 .text          0x02014bd8       0x50 c:/devkitpro/devkitarm/bin/../lib/gcc/arm-none-eabi/4.7.1/../../../../arm-none-eabi/lib/thumb\libg.a(lib_a-strcat.o)
                0x02014bd8                strcat
 .text          0x02014c28       0xd4 c:/devkitpro/devkitarm/bin/../lib/gcc/arm-none-eabi/4.7.1/../../../../arm-none-eabi/lib/thumb\libg.a(lib_a-strchr.o)
                0x02014c28                strchr
 .text          0x02014cfc       0x10 c:/devkitpro/devkitarm/bin/../lib/gcc/arm-none-eabi/4.7.1/../../../../arm-none-eabi/lib/thumb\libg.a(lib_a-strcpy.o)
                0x02014cfc                strcpy
 .text          0x02014d0c       0x48 c:/devkitpro/devkitarm/bin/../lib/gcc/arm-none-eabi/4.7.1/../../../../arm-none-eabi/lib/thumb\libg.a(lib_a-strlcpy.o)
                0x02014d0c                strlcpy
 .text          0x02014d54       0x60 c:/devkitpro/devkitarm/bin/../lib/gcc/arm-none-eabi/4.7.1/../../../../arm-none-eabi/lib/thumb\libg.a(lib_a-strncasecmp.o)
                0x02014d54                strncasecmp
 .text          0x02014db4       0x60 c:/devkitpro/devkitarm/bin/../lib/gcc/arm-none-eabi/4.7.1/../../../../arm-none-eabi/lib/thumb\libg.a(lib_a-strncpy.o)
                0x02014db4                strncpy
 *fill*         0x02014e14        0x4 ff
 .text          0x02014e18      0x208 c:/devkitpro/devkitarm/bin/../lib/gcc/arm-none-eabi/4.7.1/../../../../arm-none-eabi/lib/thumb\libg.a(lib_a-strtoll_r.o)
                0x02014e18                _strtoll_r
 .text          0x02015020      0x190 c:/devkitpro/devkitarm/bin/../lib/gcc/arm-none-eabi/4.7.1/../../../../arm-none-eabi/lib/thumb\libg.a(lib_a-strtol.o)
                0x02015020                _strtol_r
                0x02015190                strtol
 .text          0x020151b0      0x238 c:/devkitpro/devkitarm/bin/../lib/gcc/arm-none-eabi/4.7.1/../../../../arm-none-eabi/lib/thumb\libg.a(lib_a-strtoull_r.o)
                0x020151b0                _strtoull_r
 .text          0x020153e8      0x198 c:/devkitpro/devkitarm/bin/../lib/gcc/arm-none-eabi/4.7.1/../../../../arm-none-eabi/lib/thumb\libg.a(lib_a-strtoul.o)
                0x020153e8                _strtoul_r
                0x02015560                strtoul
 .text          0x02015580      0xeb4 c:/devkitpro/devkitarm/bin/../lib/gcc/arm-none-eabi/4.7.1/../../../../arm-none-eabi/lib/thumb\libg.a(lib_a-svfiprintf.o)
                0x02015580                __ssprint_r
                0x020156b0                _svfiprintf_r
 .text          0x02016434      0x150 c:/devkitpro/devkitarm/bin/../lib/gcc/arm-none-eabi/4.7.1/../../../../arm-none-eabi/lib/thumb\libg.a(lib_a-wcsnrtombs.o)
                0x02016434                _wcsnrtombs_r
                0x02016554                wcsnrtombs
 .text          0x02016584       0x64 c:/devkitpro/devkitarm/bin/../lib/gcc/arm-none-eabi/4.7.1/../../../../arm-none-eabi/lib/thumb\libg.a(lib_a-callocr.o)
                0x02016584                _calloc_r
 .text          0x020165e8       0xa8 c:/devkitpro/devkitarm/bin/../lib/gcc/arm-none-eabi/4.7.1/../../../../arm-none-eabi/lib/thumb\libg.a(lib_a-getenv_r.o)
                0x020165e8                _findenv_r
                0x02016680                _getenv_r
 .text          0x02016690        0x0 c:/devkitpro/devkitarm/bin/../lib/gcc/arm-none-eabi/4.7.1/../../../../arm-none-eabi/lib/thumb\libg.a(lib_a-environ.o)
 .text          0x02016690        0x8 c:/devkitpro/devkitarm/bin/../lib/gcc/arm-none-eabi/4.7.1/../../../../arm-none-eabi/lib/thumb\libg.a(lib_a-envlock.o)
                0x02016690                __env_lock
                0x02016694                __env_unlock
 .text          0x02016698      0x144 c:/devkitpro/devkitarm/bin/../lib/gcc/arm-none-eabi/4.7.1/../../../../arm-none-eabi/lib/thumb\libsysbase.a(iosupport.o)
                0x02016698                setDefaultDevice
                0x020166ac                FindDevice
                0x0201671c                RemoveDevice
                0x02016740                AddDevice
                0x020167bc                GetDeviceOpTab
 .text          0x020167dc       0x50 c:/devkitpro/devkitarm/bin/../lib/gcc/arm-none-eabi/4.7.1/../../../../arm-none-eabi/lib/thumb\libsysbase.a(close.o)
                0x020167dc                _close_r
 .text          0x0201682c       0x50 c:/devkitpro/devkitarm/bin/../lib/gcc/arm-none-eabi/4.7.1/../../../../arm-none-eabi/lib/thumb\libsysbase.a(fstat.o)
                0x0201682c                _fstat_r
 .text          0x0201687c        0xc c:/devkitpro/devkitarm/bin/../lib/gcc/arm-none-eabi/4.7.1/../../../../arm-none-eabi/lib/thumb\libsysbase.a(getpid.o)
                0x0201687c                _getpid_r
 .text          0x02016888        0x4 c:/devkitpro/devkitarm/bin/../lib/gcc/arm-none-eabi/4.7.1/../../../../arm-none-eabi/lib/thumb\libsysbase.a(isatty.o)
                0x02016888                _isatty_r
 .text          0x0201688c        0xc c:/devkitpro/devkitarm/bin/../lib/gcc/arm-none-eabi/4.7.1/../../../../arm-none-eabi/lib/thumb\libsysbase.a(kill.o)
                0x0201688c                _kill_r
 .text          0x02016898       0x50 c:/devkitpro/devkitarm/bin/../lib/gcc/arm-none-eabi/4.7.1/../../../../arm-none-eabi/lib/thumb\libsysbase.a(lseek.o)
                0x02016898                _lseek_r
 .text          0x020168e8       0xa0 c:/devkitpro/devkitarm/bin/../lib/gcc/arm-none-eabi/4.7.1/../../../../arm-none-eabi/lib/thumb\libsysbase.a(open.o)
                0x020168e8                _open_r
 .text          0x02016988       0x50 c:/devkitpro/devkitarm/bin/../lib/gcc/arm-none-eabi/4.7.1/../../../../arm-none-eabi/lib/thumb\libsysbase.a(read.o)
                0x02016988                _read_r
 .text          0x020169d8       0x54 c:/devkitpro/devkitarm/bin/../lib/gcc/arm-none-eabi/4.7.1/../../../../arm-none-eabi/lib/thumb\libsysbase.a(sbrk.o)
                0x020169d8                _sbrk_r
 .text          0x02016a2c       0x44 c:/devkitpro/devkitarm/bin/../lib/gcc/arm-none-eabi/4.7.1/../../../../arm-none-eabi/lib/thumb\libsysbase.a(times.o)
                0x02016a2c                _times
                0x02016a40                _times_r
                0x02016a48                _gettimeofday_r
 .text          0x02016a70       0x58 c:/devkitpro/devkitarm/bin/../lib/gcc/arm-none-eabi/4.7.1/../../../../arm-none-eabi/lib/thumb\libsysbase.a(write.o)
                0x02016a70                _write_r
 .text          0x02016ac8       0x18 c:/devkitpro/devkitarm/bin/../lib/gcc/arm-none-eabi/4.7.1/../../../../arm-none-eabi/lib/thumb\libsysbase.a(_exit.o)
                0x02016ac8                _exit
 .text          0x02016ae0        0x0 c:/devkitpro/devkitarm/bin/../lib/gcc/arm-none-eabi/4.7.1/../../../../arm-none-eabi/lib/thumb\libsysbase.a(malloc_vars.o)
 .text          0x02016ae0       0x4c c:/devkitpro/devkitarm/bin/../lib/gcc/arm-none-eabi/4.7.1/../../../../arm-none-eabi/lib/thumb\libsysbase.a(build_argv.o)
                0x02016ae0                build_argv
 .text          0x02016b2c        0x0 c:/devkitpro/devkitarm/bin/../lib/gcc/arm-none-eabi/4.7.1/../../../../arm-none-eabi/lib/thumb\libsysbase.a(syscall_support.o)
 .text          0x02016b2c       0x84 c:/devkitpro/devkitarm/bin/../lib/gcc/arm-none-eabi/4.7.1/../../../../arm-none-eabi/lib/thumb\libsysbase.a(handle_manager.o)
                0x02016b2c                __release_handle
                0x02016b58                __alloc_handle
                0x02016b90                __get_handle
 .text          0x02016bb0      0x41c c:/devkitpro/devkitarm/bin/../lib/gcc/arm-none-eabi/4.7.1/thumb\libgcc.a(_arm_addsubdf3.o)
                0x02016bb0                __aeabi_drsub
                0x02016bb8                __aeabi_dsub
                0x02016bb8                __subdf3
                0x02016bbc                __aeabi_dadd
                0x02016bbc                __adddf3
                0x02016ecc                __floatunsidf
                0x02016ecc                __aeabi_ui2d
                0x02016ef0                __floatsidf
                0x02016ef0                __aeabi_i2d
                0x02016f18                __aeabi_f2d
                0x02016f18                __extendsfdf2
                0x02016f58                __floatundidf
                0x02016f58                __aeabi_ul2d
                0x02016f6c                __floatdidf
                0x02016f6c                __aeabi_l2d
 .text          0x02016fcc      0x49c c:/devkitpro/devkitarm/bin/../lib/gcc/arm-none-eabi/4.7.1/thumb\libgcc.a(_arm_muldivdf3.o)
                0x02016fcc                __aeabi_dmul
                0x02016fcc                __muldf3
                0x0201725c                __divdf3
                0x0201725c                __aeabi_ddiv
 .text          0x02017468      0x144 c:/devkitpro/devkitarm/bin/../lib/gcc/arm-none-eabi/4.7.1/thumb\libgcc.a(_arm_cmpdf2.o)
                0x02017468                __gtdf2
                0x02017468                __gedf2
                0x02017470                __ltdf2
                0x02017470                __ledf2
                0x02017478                __nedf2
                0x02017478                __eqdf2
                0x02017478                __cmpdf2
                0x02017500                __aeabi_cdrcmple
                0x0201751c                __aeabi_cdcmpeq
                0x0201751c                __aeabi_cdcmple
                0x02017534                __aeabi_dcmpeq
                0x0201754c                __aeabi_dcmplt
                0x02017564                __aeabi_dcmple
                0x0201757c                __aeabi_dcmpge
                0x02017594                __aeabi_dcmpgt
 .text          0x020175ac       0x5c c:/devkitpro/devkitarm/bin/../lib/gcc/arm-none-eabi/4.7.1/thumb\libgcc.a(_arm_fixdfsi.o)
                0x020175ac                __aeabi_d2iz
                0x020175ac                __fixdfsi
 .text          0x02017608       0x3c c:/devkitpro/devkitarm/bin/../lib/gcc/arm-none-eabi/4.7.1/thumb\libgcc.a(_aeabi_uldivmod.o)
                0x02017608                __aeabi_uldivmod
 .text          0x02017644       0x4c c:/devkitpro/devkitarm/bin/../lib/gcc/arm-none-eabi/4.7.1/thumb\libgcc.a(_muldi3.o)
                0x02017644                __muldi3
                0x02017644                __aeabi_lmul
 .text          0x02017690       0x7c c:/devkitpro/devkitarm/bin/../lib/gcc/arm-none-eabi/4.7.1/thumb\libgcc.a(bpabi.o)
                0x02017690                __gnu_ldivmod_helper
                0x020176d0                __gnu_uldivmod_helper
 .text          0x0201770c      0x3d4 c:/devkitpro/devkitarm/bin/../lib/gcc/arm-none-eabi/4.7.1/thumb\libgcc.a(_divdi3.o)
                0x0201770c                __divdi3
 .text          0x02017ae0      0x3a0 c:/devkitpro/devkitarm/bin/../lib/gcc/arm-none-eabi/4.7.1/thumb\libgcc.a(_udivdi3.o)
                0x02017ae0                __udivdi3
 .text          0x02017e80       0x48 c:/devkitpro/devkitarm/bin/../lib/gcc/arm-none-eabi/4.7.1/thumb\libgcc.a(_clzsi2.o)
                0x02017e80                __clzsi2
 .text          0x02017ec8        0xc c:/devkitpro/devkitarm/bin/../lib/gcc/arm-none-eabi/4.7.1/../../../../arm-none-eabi/lib/thumb\libg.a(lib_a-errno.o)
                0x02017ec8                __errno
 .text          0x02017ed4        0x0 c:/devkitpro/devkitarm/bin/../lib/gcc/arm-none-eabi/4.7.1/thumb/crtend.o
 .text          0x02017ed4        0x0 c:/devkitpro/devkitarm/bin/../lib/gcc/arm-none-eabi/4.7.1/thumb/crtn.o
 *(.text.*)
 .text._ZNSt6vectorIP5BlockSaIS1_EE13_M_insert_auxEN9__gnu_cxx17__normal_iteratorIPS1_S3_EERKS1_
                0x02017ed4       0xec ClassDefinitions.o
                0x02017ed4                std::vector<Block*, std::allocator<Block*> >::_M_insert_aux(__gnu_cxx::__normal_iterator<Block**, std::vector<Block*, std::allocator<Block*> > >, Block* const&)
 .text._ZN6Level1D2Ev
                0x02017fc0       0x18 Levels.o
                0x02017fc0                Level1::~Level1()
                0x02017fc0                Level1::~Level1()
 .text._ZN13LevelMainMenuD2Ev
                0x02017fd8       0x18 Levels.o
                0x02017fd8                LevelMainMenu::~LevelMainMenu()
                0x02017fd8                LevelMainMenu::~LevelMainMenu()
 .text._ZN13LevelMainMenuD0Ev
                0x02017ff0       0x1c Levels.o
                0x02017ff0                LevelMainMenu::~LevelMainMenu()
 .text._ZN6Level1D0Ev
                0x0201800c       0x1c Levels.o
                0x0201800c                Level1::~Level1()
 .text.startup  0x02018028       0x4c main.o
                0x02018028                main
 .text._Znwj    0x02018074       0x60 c:/devkitpro/devkitarm/bin/../lib/gcc/arm-none-eabi/4.7.1/../../../../arm-none-eabi/lib/thumb\libstdc++.a(new_op.o)
                0x02018074                operator new(unsigned int)
 .text._ZN10__cxxabiv1L24__is_gxx_exception_classEPc
                0x020180d4       0x40 c:/devkitpro/devkitarm/bin/../lib/gcc/arm-none-eabi/4.7.1/../../../../arm-none-eabi/lib/thumb\libstdc++.a(eh_call.o)
 .text.__cxa_call_terminate
                0x02018114       0x24 c:/devkitpro/devkitarm/bin/../lib/gcc/arm-none-eabi/4.7.1/../../../../arm-none-eabi/lib/thumb\libstdc++.a(eh_call.o)
                0x02018114                __cxa_call_terminate
 .text.__cxa_call_unexpected
                0x02018138       0xec c:/devkitpro/devkitarm/bin/../lib/gcc/arm-none-eabi/4.7.1/../../../../arm-none-eabi/lib/thumb\libstdc++.a(eh_call.o)
                0x02018138                __cxa_call_unexpected
 .text._ZL12read_sleb128PKhPl
                0x02018224       0x34 c:/devkitpro/devkitarm/bin/../lib/gcc/arm-none-eabi/4.7.1/../../../../arm-none-eabi/lib/thumb\libstdc++.a(eh_personality.o)
 .text._ZL28read_encoded_value_with_basehjPKhPj
                0x02018258       0xd8 c:/devkitpro/devkitarm/bin/../lib/gcc/arm-none-eabi/4.7.1/../../../../arm-none-eabi/lib/thumb\libstdc++.a(eh_personality.o)
 .text._ZL21base_of_encoded_valuehP15_Unwind_Context
                0x02018330       0x4c c:/devkitpro/devkitarm/bin/../lib/gcc/arm-none-eabi/4.7.1/../../../../arm-none-eabi/lib/thumb\libstdc++.a(eh_personality.o)
 .text._ZL17parse_lsda_headerP15_Unwind_ContextPKhP16lsda_header_info
                0x0201837c       0x98 c:/devkitpro/devkitarm/bin/../lib/gcc/arm-none-eabi/4.7.1/../../../../arm-none-eabi/lib/thumb\libstdc++.a(eh_personality.o)
 .text.__gxx_personality_v0
                0x02018414      0x3ec c:/devkitpro/devkitarm/bin/../lib/gcc/arm-none-eabi/4.7.1/../../../../arm-none-eabi/lib/thumb\libstdc++.a(eh_personality.o)
                0x02018414                __gxx_personality_v0
 .text._ZdlPv   0x02018800       0x10 c:/devkitpro/devkitarm/bin/../lib/gcc/arm-none-eabi/4.7.1/../../../../arm-none-eabi/lib/thumb\libstdc++.a(del_op.o)
                0x02018800                operator delete(void*)
 .text._ZN10__cxxabiv111__terminateEPFvvE
                0x02018810       0x2c c:/devkitpro/devkitarm/bin/../lib/gcc/arm-none-eabi/4.7.1/../../../../arm-none-eabi/lib/thumb\libstdc++.a(eh_terminate.o)
                0x02018810                __cxxabiv1::__terminate(void (*)())
 .text._ZSt9terminatev
                0x0201883c       0x10 c:/devkitpro/devkitarm/bin/../lib/gcc/arm-none-eabi/4.7.1/../../../../arm-none-eabi/lib/thumb\libstdc++.a(eh_terminate.o)
                0x0201883c                std::terminate()
 .text._ZN10__cxxabiv112__unexpectedEPFvvE
                0x0201884c        0xc c:/devkitpro/devkitarm/bin/../lib/gcc/arm-none-eabi/4.7.1/../../../../arm-none-eabi/lib/thumb\libstdc++.a(eh_terminate.o)
                0x0201884c                __cxxabiv1::__unexpected(void (*)())
 .text._ZSt10unexpectedv
                0x02018858       0x10 c:/devkitpro/devkitarm/bin/../lib/gcc/arm-none-eabi/4.7.1/../../../../arm-none-eabi/lib/thumb\libstdc++.a(eh_terminate.o)
                0x02018858                std::unexpected()
 .text._ZSt13set_terminatePFvvE
                0x02018868       0x10 c:/devkitpro/devkitarm/bin/../lib/gcc/arm-none-eabi/4.7.1/../../../../arm-none-eabi/lib/thumb\libstdc++.a(eh_terminate.o)
                0x02018868                std::set_terminate(void (*)())
 .text._ZSt14set_unexpectedPFvvE
                0x02018878       0x10 c:/devkitpro/devkitarm/bin/../lib/gcc/arm-none-eabi/4.7.1/../../../../arm-none-eabi/lib/thumb\libstdc++.a(eh_terminate.o)
                0x02018878                std::set_unexpected(void (*)())
 .text._ZNSt9exceptionD2Ev
                0x02018888        0xc c:/devkitpro/devkitarm/bin/../lib/gcc/arm-none-eabi/4.7.1/../../../../arm-none-eabi/lib/thumb\libstdc++.a(eh_exception.o)
                0x02018888                std::exception::~exception()
                0x02018888                std::exception::~exception()
 .text._ZNSt13bad_exceptionD2Ev
                0x02018894        0xc c:/devkitpro/devkitarm/bin/../lib/gcc/arm-none-eabi/4.7.1/../../../../arm-none-eabi/lib/thumb\libstdc++.a(eh_exception.o)
                0x02018894                std::bad_exception::~bad_exception()
                0x02018894                std::bad_exception::~bad_exception()
 .text._ZN10__cxxabiv115__forced_unwindD2Ev
                0x020188a0        0xc c:/devkitpro/devkitarm/bin/../lib/gcc/arm-none-eabi/4.7.1/../../../../arm-none-eabi/lib/thumb\libstdc++.a(eh_exception.o)
                0x020188a0                __cxxabiv1::__forced_unwind::~__forced_unwind()
                0x020188a0                __cxxabiv1::__forced_unwind::~__forced_unwind()
 .text._ZN10__cxxabiv119__foreign_exceptionD2Ev
                0x020188ac        0xc c:/devkitpro/devkitarm/bin/../lib/gcc/arm-none-eabi/4.7.1/../../../../arm-none-eabi/lib/thumb\libstdc++.a(eh_exception.o)
                0x020188ac                __cxxabiv1::__foreign_exception::~__foreign_exception()
                0x020188ac                __cxxabiv1::__foreign_exception::~__foreign_exception()
 .text._ZNKSt9exception4whatEv
                0x020188b8        0x8 c:/devkitpro/devkitarm/bin/../lib/gcc/arm-none-eabi/4.7.1/../../../../arm-none-eabi/lib/thumb\libstdc++.a(eh_exception.o)
                0x020188b8                std::exception::what() const
 .text._ZNKSt13bad_exception4whatEv
                0x020188c0        0x8 c:/devkitpro/devkitarm/bin/../lib/gcc/arm-none-eabi/4.7.1/../../../../arm-none-eabi/lib/thumb\libstdc++.a(eh_exception.o)
                0x020188c0                std::bad_exception::what() const
 .text._ZN10__cxxabiv119__foreign_exceptionD0Ev
                0x020188c8       0x1c c:/devkitpro/devkitarm/bin/../lib/gcc/arm-none-eabi/4.7.1/../../../../arm-none-eabi/lib/thumb\libstdc++.a(eh_exception.o)
                0x020188c8                __cxxabiv1::__foreign_exception::~__foreign_exception()
 .text._ZN10__cxxabiv115__forced_unwindD0Ev
                0x020188e4       0x1c c:/devkitpro/devkitarm/bin/../lib/gcc/arm-none-eabi/4.7.1/../../../../arm-none-eabi/lib/thumb\libstdc++.a(eh_exception.o)
                0x020188e4                __cxxabiv1::__forced_unwind::~__forced_unwind()
 .text._ZNSt9exceptionD0Ev
                0x02018900       0x1c c:/devkitpro/devkitarm/bin/../lib/gcc/arm-none-eabi/4.7.1/../../../../arm-none-eabi/lib/thumb\libstdc++.a(eh_exception.o)
                0x02018900                std::exception::~exception()
 .text._ZNSt13bad_exceptionD0Ev
                0x0201891c       0x1c c:/devkitpro/devkitarm/bin/../lib/gcc/arm-none-eabi/4.7.1/../../../../arm-none-eabi/lib/thumb\libstdc++.a(eh_exception.o)
                0x0201891c                std::bad_exception::~bad_exception()
 .text.__cxa_allocate_exception
                0x02018938       0x68 c:/devkitpro/devkitarm/bin/../lib/gcc/arm-none-eabi/4.7.1/../../../../arm-none-eabi/lib/thumb\libstdc++.a(eh_alloc.o)
                0x02018938                __cxa_allocate_exception
 .text.__cxa_free_exception
                0x020189a0       0x38 c:/devkitpro/devkitarm/bin/../lib/gcc/arm-none-eabi/4.7.1/../../../../arm-none-eabi/lib/thumb\libstdc++.a(eh_alloc.o)
                0x020189a0                __cxa_free_exception
 .text.__cxa_allocate_dependent_exception
                0x020189d8       0x60 c:/devkitpro/devkitarm/bin/../lib/gcc/arm-none-eabi/4.7.1/../../../../arm-none-eabi/lib/thumb\libstdc++.a(eh_alloc.o)
                0x020189d8                __cxa_allocate_dependent_exception
 .text.__cxa_free_dependent_exception
                0x02018a38       0x3c c:/devkitpro/devkitarm/bin/../lib/gcc/arm-none-eabi/4.7.1/../../../../arm-none-eabi/lib/thumb\libstdc++.a(eh_alloc.o)
                0x02018a38                __cxa_free_dependent_exception
 .text._ZNKSt9bad_alloc4whatEv
                0x02018a74        0x8 c:/devkitpro/devkitarm/bin/../lib/gcc/arm-none-eabi/4.7.1/../../../../arm-none-eabi/lib/thumb\libstdc++.a(bad_alloc.o)
                0x02018a74                std::bad_alloc::what() const
 .text._ZNSt9bad_allocD2Ev
                0x02018a7c       0x1c c:/devkitpro/devkitarm/bin/../lib/gcc/arm-none-eabi/4.7.1/../../../../arm-none-eabi/lib/thumb\libstdc++.a(bad_alloc.o)
                0x02018a7c                std::bad_alloc::~bad_alloc()
                0x02018a7c                std::bad_alloc::~bad_alloc()
 .text._ZNSt9bad_allocD0Ev
                0x02018a98       0x18 c:/devkitpro/devkitarm/bin/../lib/gcc/arm-none-eabi/4.7.1/../../../../arm-none-eabi/lib/thumb\libstdc++.a(bad_alloc.o)
                0x02018a98                std::bad_alloc::~bad_alloc()
 .text._ZNK10__cxxabiv117__class_type_info11__do_upcastEPKS0_PPv
                0x02018ab0       0x40 c:/devkitpro/devkitarm/bin/../lib/gcc/arm-none-eabi/4.7.1/../../../../arm-none-eabi/lib/thumb\libstdc++.a(class_type_info.o)
                0x02018ab0                __cxxabiv1::__class_type_info::__do_upcast(__cxxabiv1::__class_type_info const*, void**) const
 .text._ZNK10__cxxabiv117__class_type_info20__do_find_public_srcEiPKvPKS0_S2_
                0x02018af0       0x14 c:/devkitpro/devkitarm/bin/../lib/gcc/arm-none-eabi/4.7.1/../../../../arm-none-eabi/lib/thumb\libstdc++.a(class_type_info.o)
                0x02018af0                __cxxabiv1::__class_type_info::__do_find_public_src(int, void const*, __cxxabiv1::__class_type_info const*, void const*) const
 .text._ZNK10__cxxabiv117__class_type_info11__do_upcastEPKS0_PKvRNS0_15__upcast_resultE
                0x02018b04       0x24 c:/devkitpro/devkitarm/bin/../lib/gcc/arm-none-eabi/4.7.1/../../../../arm-none-eabi/lib/thumb\libstdc++.a(class_type_info.o)
                0x02018b04                __cxxabiv1::__class_type_info::__do_upcast(__cxxabiv1::__class_type_info const*, void const*, __cxxabiv1::__class_type_info::__upcast_result&) const
 .text._ZN10__cxxabiv117__class_type_infoD2Ev
                0x02018b28       0x1c c:/devkitpro/devkitarm/bin/../lib/gcc/arm-none-eabi/4.7.1/../../../../arm-none-eabi/lib/thumb\libstdc++.a(class_type_info.o)
                0x02018b28                __cxxabiv1::__class_type_info::~__class_type_info()
                0x02018b28                __cxxabiv1::__class_type_info::~__class_type_info()
 .text._ZN10__cxxabiv117__class_type_infoD0Ev
                0x02018b44       0x18 c:/devkitpro/devkitarm/bin/../lib/gcc/arm-none-eabi/4.7.1/../../../../arm-none-eabi/lib/thumb\libstdc++.a(class_type_info.o)
                0x02018b44                __cxxabiv1::__class_type_info::~__class_type_info()
 .text._ZNK10__cxxabiv117__class_type_info12__do_dyncastEiNS0_10__sub_kindEPKS0_PKvS3_S5_RNS0_16__dyncast_resultE
                0x02018b5c       0x44 c:/devkitpro/devkitarm/bin/../lib/gcc/arm-none-eabi/4.7.1/../../../../arm-none-eabi/lib/thumb\libstdc++.a(class_type_info.o)
                0x02018b5c                __cxxabiv1::__class_type_info::__do_dyncast(int, __cxxabiv1::__class_type_info::__sub_kind, __cxxabiv1::__class_type_info const*, void const*, __cxxabiv1::__class_type_info const*, void const*, __cxxabiv1::__class_type_info::__dyncast_result&) const
 .text._ZNK10__cxxabiv117__class_type_info10__do_catchEPKSt9type_infoPPvj
                0x02018ba0       0x40 c:/devkitpro/devkitarm/bin/../lib/gcc/arm-none-eabi/4.7.1/../../../../arm-none-eabi/lib/thumb\libstdc++.a(class_type_info.o)
                0x02018ba0                __cxxabiv1::__class_type_info::__do_catch(std::type_info const*, void**, unsigned int) const
 .text._ZSt15set_new_handlerPFvvE
                0x02018be0       0x10 c:/devkitpro/devkitarm/bin/../lib/gcc/arm-none-eabi/4.7.1/../../../../arm-none-eabi/lib/thumb\libstdc++.a(new_handler.o)
                0x02018be0                std::set_new_handler(void (*)())
 .text.__cxa_end_cleanup
                0x02018bf0        0xc c:/devkitpro/devkitarm/bin/../lib/gcc/arm-none-eabi/4.7.1/../../../../arm-none-eabi/lib/thumb\libstdc++.a(eh_arm.o)
                0x02018bf0                __cxa_end_cleanup
 .text.__cxa_type_match
                0x02018bfc       0xcc c:/devkitpro/devkitarm/bin/../lib/gcc/arm-none-eabi/4.7.1/../../../../arm-none-eabi/lib/thumb\libstdc++.a(eh_arm.o)
                0x02018bfc                __cxa_type_match
 .text.__cxa_begin_cleanup
                0x02018cc8       0x64 c:/devkitpro/devkitarm/bin/../lib/gcc/arm-none-eabi/4.7.1/../../../../arm-none-eabi/lib/thumb\libstdc++.a(eh_arm.o)
                0x02018cc8                __cxa_begin_cleanup
 .text.__gnu_end_cleanup
                0x02018d2c       0x74 c:/devkitpro/devkitarm/bin/../lib/gcc/arm-none-eabi/4.7.1/../../../../arm-none-eabi/lib/thumb\libstdc++.a(eh_arm.o)
                0x02018d2c                __gnu_end_cleanup
 .text._ZL23__gxx_exception_cleanup19_Unwind_Reason_CodeP21_Unwind_Control_Block
                0x02018da0       0x30 c:/devkitpro/devkitarm/bin/../lib/gcc/arm-none-eabi/4.7.1/../../../../arm-none-eabi/lib/thumb\libstdc++.a(eh_throw.o)
 .text.__cxa_throw
                0x02018dd0       0x68 c:/devkitpro/devkitarm/bin/../lib/gcc/arm-none-eabi/4.7.1/../../../../arm-none-eabi/lib/thumb\libstdc++.a(eh_throw.o)
                0x02018dd0                __cxa_throw
 .text.__cxa_rethrow
                0x02018e38       0x74 c:/devkitpro/devkitarm/bin/../lib/gcc/arm-none-eabi/4.7.1/../../../../arm-none-eabi/lib/thumb\libstdc++.a(eh_throw.o)
                0x02018e38                __cxa_rethrow
 .text.__cxa_pure_virtual
                0x02018eac       0x14 c:/devkitpro/devkitarm/bin/../lib/gcc/arm-none-eabi/4.7.1/../../../../arm-none-eabi/lib/thumb\libstdc++.a(pure.o)
                0x02018eac                __cxa_pure_virtual
 .text.__cxa_deleted_virtual
                0x02018ec0       0x14 c:/devkitpro/devkitarm/bin/../lib/gcc/arm-none-eabi/4.7.1/../../../../arm-none-eabi/lib/thumb\libstdc++.a(pure.o)
                0x02018ec0                __cxa_deleted_virtual
 .text.__cxa_get_globals_fast
                0x02018ed4        0x8 c:/devkitpro/devkitarm/bin/../lib/gcc/arm-none-eabi/4.7.1/../../../../arm-none-eabi/lib/thumb\libstdc++.a(eh_globals.o)
                0x02018ed4                __cxa_get_globals_fast
 .text.__cxa_get_globals
                0x02018edc        0x8 c:/devkitpro/devkitarm/bin/../lib/gcc/arm-none-eabi/4.7.1/../../../../arm-none-eabi/lib/thumb\libstdc++.a(eh_globals.o)
                0x02018edc                __cxa_get_globals
 .text.__cxa_get_exception_ptr
                0x02018ee4        0x4 c:/devkitpro/devkitarm/bin/../lib/gcc/arm-none-eabi/4.7.1/../../../../arm-none-eabi/lib/thumb\libstdc++.a(eh_catch.o)
                0x02018ee4                __cxa_get_exception_ptr
 .text.__cxa_begin_catch
                0x02018ee8       0x88 c:/devkitpro/devkitarm/bin/../lib/gcc/arm-none-eabi/4.7.1/../../../../arm-none-eabi/lib/thumb\libstdc++.a(eh_catch.o)
                0x02018ee8                __cxa_begin_catch
 .text.__cxa_end_catch
                0x02018f70       0x94 c:/devkitpro/devkitarm/bin/../lib/gcc/arm-none-eabi/4.7.1/../../../../arm-none-eabi/lib/thumb\libstdc++.a(eh_catch.o)
                0x02018f70                __cxa_end_catch
 .text._ZSt18uncaught_exceptionv
                0x02019004       0x14 c:/devkitpro/devkitarm/bin/../lib/gcc/arm-none-eabi/4.7.1/../../../../arm-none-eabi/lib/thumb\libstdc++.a(eh_catch.o)
                0x02019004                std::uncaught_exception()
 .text._ZNK10__cxxabiv120__si_class_type_info12__do_dyncastEiNS_17__class_type_info10__sub_kindEPKS1_PKvS4_S6_RNS1_16__dyncast_resultE
                0x02019018       0x90 c:/devkitpro/devkitarm/bin/../lib/gcc/arm-none-eabi/4.7.1/../../../../arm-none-eabi/lib/thumb\libstdc++.a(si_class_type_info.o)
                0x02019018                __cxxabiv1::__si_class_type_info::__do_dyncast(int, __cxxabiv1::__class_type_info::__sub_kind, __cxxabiv1::__class_type_info const*, void const*, __cxxabiv1::__class_type_info const*, void const*, __cxxabiv1::__class_type_info::__dyncast_result&) const
 .text._ZN10__cxxabiv120__si_class_type_infoD2Ev
                0x020190a8       0x1c c:/devkitpro/devkitarm/bin/../lib/gcc/arm-none-eabi/4.7.1/../../../../arm-none-eabi/lib/thumb\libstdc++.a(si_class_type_info.o)
                0x020190a8                __cxxabiv1::__si_class_type_info::~__si_class_type_info()
                0x020190a8                __cxxabiv1::__si_class_type_info::~__si_class_type_info()
 .text._ZN10__cxxabiv120__si_class_type_infoD0Ev
                0x020190c4       0x18 c:/devkitpro/devkitarm/bin/../lib/gcc/arm-none-eabi/4.7.1/../../../../arm-none-eabi/lib/thumb\libstdc++.a(si_class_type_info.o)
                0x020190c4                __cxxabiv1::__si_class_type_info::~__si_class_type_info()
 .text._ZNK10__cxxabiv120__si_class_type_info11__do_upcastEPKNS_17__class_type_infoEPKvRNS1_15__upcast_resultE
                0x020190dc       0x30 c:/devkitpro/devkitarm/bin/../lib/gcc/arm-none-eabi/4.7.1/../../../../arm-none-eabi/lib/thumb\libstdc++.a(si_class_type_info.o)
                0x020190dc                __cxxabiv1::__si_class_type_info::__do_upcast(__cxxabiv1::__class_type_info const*, void const*, __cxxabiv1::__class_type_info::__upcast_result&) const
 .text._ZNK10__cxxabiv120__si_class_type_info20__do_find_public_srcEiPKvPKNS_17__class_type_infoES2_
                0x0201910c       0x40 c:/devkitpro/devkitarm/bin/../lib/gcc/arm-none-eabi/4.7.1/../../../../arm-none-eabi/lib/thumb\libstdc++.a(si_class_type_info.o)
                0x0201910c                __cxxabiv1::__si_class_type_info::__do_find_public_src(int, void const*, __cxxabiv1::__class_type_info const*, void const*) const
 .text._ZNSt9type_infoD2Ev
                0x0201914c        0xc c:/devkitpro/devkitarm/bin/../lib/gcc/arm-none-eabi/4.7.1/../../../../arm-none-eabi/lib/thumb\libstdc++.a(tinfo.o)
                0x0201914c                std::type_info::~type_info()
                0x0201914c                std::type_info::~type_info()
 .text._ZNKSt9type_info14__is_pointer_pEv
                0x02019158        0x4 c:/devkitpro/devkitarm/bin/../lib/gcc/arm-none-eabi/4.7.1/../../../../arm-none-eabi/lib/thumb\libstdc++.a(tinfo.o)
                0x02019158                std::type_info::__is_pointer_p() const
 .text._ZNKSt9type_info15__is_function_pEv
                0x0201915c        0x4 c:/devkitpro/devkitarm/bin/../lib/gcc/arm-none-eabi/4.7.1/../../../../arm-none-eabi/lib/thumb\libstdc++.a(tinfo.o)
                0x0201915c                std::type_info::__is_function_p() const
 .text._ZNKSt9type_info11__do_upcastEPKN10__cxxabiv117__class_type_infoEPPv
                0x02019160        0x4 c:/devkitpro/devkitarm/bin/../lib/gcc/arm-none-eabi/4.7.1/../../../../arm-none-eabi/lib/thumb\libstdc++.a(tinfo.o)
                0x02019160                std::type_info::__do_upcast(__cxxabiv1::__class_type_info const*, void**) const
 .text._ZNSt9type_infoD0Ev
                0x02019164       0x1c c:/devkitpro/devkitarm/bin/../lib/gcc/arm-none-eabi/4.7.1/../../../../arm-none-eabi/lib/thumb\libstdc++.a(tinfo.o)
                0x02019164                std::type_info::~type_info()
 .text._ZNKSt9type_infoeqERKS_
                0x02019180       0x30 c:/devkitpro/devkitarm/bin/../lib/gcc/arm-none-eabi/4.7.1/../../../../arm-none-eabi/lib/thumb\libstdc++.a(tinfo.o)
                0x02019180                std::type_info::operator==(std::type_info const&) const
 .text._ZNKSt9type_info10__do_catchEPKS_PPvj
                0x020191b0        0xc c:/devkitpro/devkitarm/bin/../lib/gcc/arm-none-eabi/4.7.1/../../../../arm-none-eabi/lib/thumb\libstdc++.a(tinfo.o)
                0x020191b0                std::type_info::__do_catch(std::type_info const*, void**, unsigned int) const
 .text._ZN9__gnu_cxx27__verbose_terminate_handlerEv
                0x020191bc      0x11c c:/devkitpro/devkitarm/bin/../lib/gcc/arm-none-eabi/4.7.1/../../../../arm-none-eabi/lib/thumb\libstdc++.a(vterminate.o)
                0x020191bc                __gnu_cxx::__verbose_terminate_handler()
 .text.__cxa_current_exception_type
                0x020192d8       0x28 c:/devkitpro/devkitarm/bin/../lib/gcc/arm-none-eabi/4.7.1/../../../../arm-none-eabi/lib/thumb\libstdc++.a(eh_type.o)
                0x020192d8                __cxa_current_exception_type
 .text.__cxa_current_exception_type.stub
                0x02019300      0x140 linker stubs
 *(.stub)
 *(.gnu.warning)
 *(.gnu.linkonce.t*)
 *(.glue_7)
 .glue_7        0x00000000        0x0 linker stubs
 *(.glue_7t)
 .glue_7t       0x00000000        0x0 linker stubs
                0x02019440                . = ALIGN (0x4)

.vfp11_veneer   0x02019450        0x0
 .vfp11_veneer  0x00000000        0x0 linker stubs

.v4_bx          0x02019450        0x0
 .v4_bx         0x00000000        0x0 linker stubs

.iplt           0x02019450        0x0
 .iplt          0x00000000        0x0 c:/devkitpro/devkitarm/bin/../lib/gcc/arm-none-eabi/4.7.1/../../../../arm-none-eabi/lib/thumb/ds_arm9_crt0.o

.fini           0x02019450        0xc
 *(.fini)
 .fini          0x02019450        0x4 c:/devkitpro/devkitarm/bin/../lib/gcc/arm-none-eabi/4.7.1/thumb/crti.o
                0x02019450                _fini
 .fini          0x02019454        0x8 c:/devkitpro/devkitarm/bin/../lib/gcc/arm-none-eabi/4.7.1/thumb/crtn.o
                0x0201945c                __text_end = .

.rodata         0x02019460   0x1a208c
 *(.rodata)
 .rodata        0x02019460   0x181718 soundbank.bin.o
                0x02019460                soundbank_bin
                0x0219ab74                soundbank_bin_size
                0x0219ab74                soundbank_bin_end
 .rodata        0x0219ab78       0x80 Blocks.o
                0x0219ab78                vtable for Door
                0x0219ab98                vtable for Triggerable
                0x0219abb8                vtable for Actuator
                0x0219abd8                vtable for Plate
 .rodata        0x0219abf8       0x58 ClassDefinitions.o
                0x0219abf8                vtable for Level
                0x0219ac18                vtable for Entity
                0x0219ac30                vtable for Block
 .rodata        0x0219ac50       0x48 Entities.o
                0x0219ac50                vtable for Player
                0x0219ac68                vtable for Mob
                0x0219ac80                vtable for Rock
 .rodata        0x0219ac98       0x40 Levels.o
                0x0219ac98                vtable for Level1
                0x0219acb8                vtable for LevelMainMenu
 .rodata        0x0219acd8       0x60 LevelMainMenu.o
                0x0219acd8                LevelMainMenuBitmap
 .rodata        0x0219ad38      0x100 LevelTest.o
                0x0219ad38                LevelTestBitmap
 .rodata        0x0219ae38     0x8200 Sprites.o
                0x0219ae38                SpritesPal
                0x0219b038                SpritesTiles
 .rodata        0x021a3038    0x10200 Tileset.o
                0x021a3038                TilesetPal
                0x021a3238                TilesetTiles
 .rodata        0x021b3238      0x200 c:/devkitPro/libnds/lib\libnds9.a(console.o)
 .rodata        0x021b3438      0x308 c:/devkitPro/libnds/lib\libnds9.a(trig.o)
                0x021b3438                SIN_LUT
                0x021b353c                TAN_LUT
 .rodata        0x021b3740     0x2004 c:/devkitPro/libnds/lib\libnds9.a(default_font.bin.o)
                0x021b3740                default_font_bin
                0x021b5740                default_font_bin_size
                0x021b5740                default_font_bin_end
 .rodata        0x021b5744      0xf7c c:/devkitpro/devkitarm/bin/../lib/gcc/arm-none-eabi/4.7.1/../../../../arm-none-eabi/lib/thumb\libstdc++.a(cp-demangle.o)
 .rodata        0x021b66c0       0x14 c:/devkitpro/devkitarm/bin/../lib/gcc/arm-none-eabi/4.7.1/thumb\libgcc.a(unwind-arm.o)
 .rodata        0x021b66d4        0x4 c:/devkitpro/devkitarm/bin/../lib/gcc/arm-none-eabi/4.7.1/../../../../arm-none-eabi/lib/thumb\libg.a(lib_a-impure.o)
                0x021b66d4                _global_impure_ptr
 .rodata        0x021b66d8      0x340 c:/devkitpro/devkitarm/bin/../lib/gcc/arm-none-eabi/4.7.1/../../../../arm-none-eabi/lib/thumb\libg.a(lib_a-svfiscanf.o)
 .rodata        0x021b6a18      0x184 c:/devkitpro/devkitarm/bin/../lib/gcc/arm-none-eabi/4.7.1/../../../../arm-none-eabi/lib/thumb\libg.a(lib_a-svfprintf.o)
 .rodata        0x021b6b9c      0x184 c:/devkitpro/devkitarm/bin/../lib/gcc/arm-none-eabi/4.7.1/../../../../arm-none-eabi/lib/thumb\libg.a(lib_a-vfiprintf.o)
 .rodata        0x021b6d20      0x104 c:/devkitpro/devkitarm/bin/../lib/gcc/arm-none-eabi/4.7.1/../../../../arm-none-eabi/lib/thumb\libg.a(lib_a-ctype_.o)
                0x021b6d20                _ctype_
 .rodata        0x021b6e24     0x34f0 c:/devkitpro/devkitarm/bin/../lib/gcc/arm-none-eabi/4.7.1/../../../../arm-none-eabi/lib/thumb\libg.a(lib_a-jp2uc.o)
 .rodata        0x021ba314       0xf0 c:/devkitpro/devkitarm/bin/../lib/gcc/arm-none-eabi/4.7.1/../../../../arm-none-eabi/lib/thumb\libg.a(lib_a-locale.o)
 .rodata        0x021ba404       0xa8 c:/devkitpro/devkitarm/bin/../lib/gcc/arm-none-eabi/4.7.1/../../../../arm-none-eabi/lib/thumb\libg.a(lib_a-mbtowc_r.o)
 *fill*         0x021ba4ac        0x4 ff
 .rodata        0x021ba4b0      0x128 c:/devkitpro/devkitarm/bin/../lib/gcc/arm-none-eabi/4.7.1/../../../../arm-none-eabi/lib/thumb\libg.a(lib_a-mprec.o)
                0x021ba4c0                __mprec_tens
                0x021ba588                __mprec_tinytens
                0x021ba5b0                __mprec_bigtens
 .rodata        0x021ba5d8      0x184 c:/devkitpro/devkitarm/bin/../lib/gcc/arm-none-eabi/4.7.1/../../../../arm-none-eabi/lib/thumb\libg.a(lib_a-svfiprintf.o)
 .rodata        0x021ba75c       0x64 c:/devkitpro/devkitarm/bin/../lib/gcc/arm-none-eabi/4.7.1/../../../../arm-none-eabi/lib/thumb\libsysbase.a(iosupport.o)
                0x021ba75c                dotab_stdnull
 *all.rodata*(*)
 *(.roda)
 *(.rodata.*)
 .rodata._ZTV4Wall
                0x021ba7c0       0x20 Blocks.o
                0x021ba7c0                vtable for Wall
 .rodata._ZTV5Floor
                0x021ba7e0       0x20 Blocks.o
                0x021ba7e0                vtable for Floor
 .rodata.str1.4
                0x021ba800       0x27 Blocks.o
                                 0x28 (size before relaxing)
 *fill*         0x021ba827        0x1 ff
 .rodata.str1.4
                0x021ba828        0x7 ClassDefinitions.o
                                  0x8 (size before relaxing)
 *fill*         0x021ba82f        0x1 ff
 .rodata.str1.4
                0x021ba830       0x15 Entities.o
                                 0x18 (size before relaxing)
 *fill*         0x021ba845        0x3 ff
 .rodata.str1.4
                0x021ba848        0xe main.o
                                 0x10 (size before relaxing)
 *fill*         0x021ba856        0x2 ff
 .rodata.str1.4
                0x021ba858       0x49 c:/devkitPro/libnds/lib\libnds9.a(console.o)
                                 0x4c (size before relaxing)
 *fill*         0x021ba8a1        0x3 ff
 .rodata._ZL28read_encoded_value_with_basehjPKhPj
                0x021ba8a4       0x34 c:/devkitpro/devkitarm/bin/../lib/gcc/arm-none-eabi/4.7.1/../../../../arm-none-eabi/lib/thumb\libstdc++.a(eh_personality.o)
 .rodata._ZTVN10__cxxabiv115__forced_unwindE
                0x021ba8d8       0x18 c:/devkitpro/devkitarm/bin/../lib/gcc/arm-none-eabi/4.7.1/../../../../arm-none-eabi/lib/thumb\libstdc++.a(eh_exception.o)
                0x021ba8d8                vtable for __cxxabiv1::__forced_unwind
 .rodata._ZTVSt9exception
                0x021ba8f0       0x18 c:/devkitpro/devkitarm/bin/../lib/gcc/arm-none-eabi/4.7.1/../../../../arm-none-eabi/lib/thumb\libstdc++.a(eh_exception.o)
                0x021ba8f0                vtable for std::exception
 .rodata._ZTIN10__cxxabiv115__forced_unwindE
                0x021ba908        0x8 c:/devkitpro/devkitarm/bin/../lib/gcc/arm-none-eabi/4.7.1/../../../../arm-none-eabi/lib/thumb\libstdc++.a(eh_exception.o)
                0x021ba908                typeinfo for __cxxabiv1::__forced_unwind
 .rodata._ZTISt9exception
                0x021ba910        0x8 c:/devkitpro/devkitarm/bin/../lib/gcc/arm-none-eabi/4.7.1/../../../../arm-none-eabi/lib/thumb\libstdc++.a(eh_exception.o)
                0x021ba910                typeinfo for std::exception
 .rodata._ZTSSt13bad_exception
                0x021ba918       0x14 c:/devkitpro/devkitarm/bin/../lib/gcc/arm-none-eabi/4.7.1/../../../../arm-none-eabi/lib/thumb\libstdc++.a(eh_exception.o)
                0x021ba918                typeinfo name for std::bad_exception
 .rodata.str1.4
                0x021ba92c       0x23 c:/devkitpro/devkitarm/bin/../lib/gcc/arm-none-eabi/4.7.1/../../../../arm-none-eabi/lib/thumb\libstdc++.a(eh_exception.o)
                                 0x24 (size before relaxing)
 *fill*         0x021ba94f        0x1 ff
 .rodata._ZTSN10__cxxabiv119__foreign_exceptionE
                0x021ba950       0x24 c:/devkitpro/devkitarm/bin/../lib/gcc/arm-none-eabi/4.7.1/../../../../arm-none-eabi/lib/thumb\libstdc++.a(eh_exception.o)
                0x021ba950                typeinfo name for __cxxabiv1::__foreign_exception
 .rodata._ZTIN10__cxxabiv119__foreign_exceptionE
                0x021ba974        0x8 c:/devkitpro/devkitarm/bin/../lib/gcc/arm-none-eabi/4.7.1/../../../../arm-none-eabi/lib/thumb\libstdc++.a(eh_exception.o)
                0x021ba974                typeinfo for __cxxabiv1::__foreign_exception
 *fill*         0x021ba97c        0x4 ff
 .rodata._ZTVSt13bad_exception
                0x021ba980       0x18 c:/devkitpro/devkitarm/bin/../lib/gcc/arm-none-eabi/4.7.1/../../../../arm-none-eabi/lib/thumb\libstdc++.a(eh_exception.o)
                0x021ba980                vtable for std::bad_exception
 .rodata._ZTSSt9exception
                0x021ba998       0x10 c:/devkitpro/devkitarm/bin/../lib/gcc/arm-none-eabi/4.7.1/../../../../arm-none-eabi/lib/thumb\libstdc++.a(eh_exception.o)
                0x021ba998                typeinfo name for std::exception
 .rodata._ZTVN10__cxxabiv119__foreign_exceptionE
                0x021ba9a8       0x18 c:/devkitpro/devkitarm/bin/../lib/gcc/arm-none-eabi/4.7.1/../../../../arm-none-eabi/lib/thumb\libstdc++.a(eh_exception.o)
                0x021ba9a8                vtable for __cxxabiv1::__foreign_exception
 .rodata._ZTSN10__cxxabiv115__forced_unwindE
                0x021ba9c0       0x20 c:/devkitpro/devkitarm/bin/../lib/gcc/arm-none-eabi/4.7.1/../../../../arm-none-eabi/lib/thumb\libstdc++.a(eh_exception.o)
                0x021ba9c0                typeinfo name for __cxxabiv1::__forced_unwind
 .rodata._ZTISt13bad_exception
                0x021ba9e0        0xc c:/devkitpro/devkitarm/bin/../lib/gcc/arm-none-eabi/4.7.1/../../../../arm-none-eabi/lib/thumb\libstdc++.a(eh_exception.o)
                0x021ba9e0                typeinfo for std::bad_exception
 *fill*         0x021ba9ec        0x4 ff
 .rodata._ZTVSt9bad_alloc
                0x021ba9f0       0x18 c:/devkitpro/devkitarm/bin/../lib/gcc/arm-none-eabi/4.7.1/../../../../arm-none-eabi/lib/thumb\libstdc++.a(bad_alloc.o)
                0x021ba9f0                vtable for std::bad_alloc
 .rodata._ZTISt9bad_alloc
                0x021baa08        0xc c:/devkitpro/devkitarm/bin/../lib/gcc/arm-none-eabi/4.7.1/../../../../arm-none-eabi/lib/thumb\libstdc++.a(bad_alloc.o)
                0x021baa08                typeinfo for std::bad_alloc
 .rodata.str1.4
                0x021baa14        0xf c:/devkitpro/devkitarm/bin/../lib/gcc/arm-none-eabi/4.7.1/../../../../arm-none-eabi/lib/thumb\libstdc++.a(bad_alloc.o)
                                 0x10 (size before relaxing)
 *fill*         0x021baa23        0x1 ff
 .rodata._ZTSSt9bad_alloc
                0x021baa24       0x10 c:/devkitpro/devkitarm/bin/../lib/gcc/arm-none-eabi/4.7.1/../../../../arm-none-eabi/lib/thumb\libstdc++.a(bad_alloc.o)
                0x021baa24                typeinfo name for std::bad_alloc
 *fill*         0x021baa34        0x4 ff
 .rodata._ZTVN10__cxxabiv117__class_type_infoE
                0x021baa38       0x30 c:/devkitpro/devkitarm/bin/../lib/gcc/arm-none-eabi/4.7.1/../../../../arm-none-eabi/lib/thumb\libstdc++.a(class_type_info.o)
                0x021baa38                vtable for __cxxabiv1::__class_type_info
 .rodata._ZTIN10__cxxabiv117__class_type_infoE
                0x021baa68        0xc c:/devkitpro/devkitarm/bin/../lib/gcc/arm-none-eabi/4.7.1/../../../../arm-none-eabi/lib/thumb\libstdc++.a(class_type_info.o)
                0x021baa68                typeinfo for __cxxabiv1::__class_type_info
 .rodata._ZTSN10__cxxabiv117__class_type_infoE
                0x021baa74       0x24 c:/devkitpro/devkitarm/bin/../lib/gcc/arm-none-eabi/4.7.1/../../../../arm-none-eabi/lib/thumb\libstdc++.a(class_type_info.o)
                0x021baa74                typeinfo name for __cxxabiv1::__class_type_info
 .rodata._ZSt7nothrow
                0x021baa98        0x4 c:/devkitpro/devkitarm/bin/../lib/gcc/arm-none-eabi/4.7.1/../../../../arm-none-eabi/lib/thumb\libstdc++.a(new_handler.o)
                0x021baa98                std::nothrow
 .rodata.str1.4
                0x021baa9c       0x3b c:/devkitpro/devkitarm/bin/../lib/gcc/arm-none-eabi/4.7.1/../../../../arm-none-eabi/lib/thumb\libstdc++.a(pure.o)
                                 0x3c (size before relaxing)
 *fill*         0x021baad7        0x1 ff
 .rodata._ZTVN10__cxxabiv120__si_class_type_infoE
                0x021baad8       0x30 c:/devkitpro/devkitarm/bin/../lib/gcc/arm-none-eabi/4.7.1/../../../../arm-none-eabi/lib/thumb\libstdc++.a(si_class_type_info.o)
                0x021baad8                vtable for __cxxabiv1::__si_class_type_info
 .rodata._ZTIN10__cxxabiv120__si_class_type_infoE
                0x021bab08        0xc c:/devkitpro/devkitarm/bin/../lib/gcc/arm-none-eabi/4.7.1/../../../../arm-none-eabi/lib/thumb\libstdc++.a(si_class_type_info.o)
                0x021bab08                typeinfo for __cxxabiv1::__si_class_type_info
 .rodata._ZTSN10__cxxabiv120__si_class_type_infoE
                0x021bab14       0x28 c:/devkitpro/devkitarm/bin/../lib/gcc/arm-none-eabi/4.7.1/../../../../arm-none-eabi/lib/thumb\libstdc++.a(si_class_type_info.o)
                0x021bab14                typeinfo name for __cxxabiv1::__si_class_type_info
 .rodata._ZTISt9type_info
                0x021bab3c        0x8 c:/devkitpro/devkitarm/bin/../lib/gcc/arm-none-eabi/4.7.1/../../../../arm-none-eabi/lib/thumb\libstdc++.a(tinfo.o)
                0x021bab3c                typeinfo for std::type_info
 .rodata._ZTSSt9type_info
                0x021bab44       0x10 c:/devkitpro/devkitarm/bin/../lib/gcc/arm-none-eabi/4.7.1/../../../../arm-none-eabi/lib/thumb\libstdc++.a(tinfo.o)
                0x021bab44                typeinfo name for std::type_info
 *fill*         0x021bab54        0x4 ff
 .rodata._ZTVSt9type_info
                0x021bab58       0x20 c:/devkitpro/devkitarm/bin/../lib/gcc/arm-none-eabi/4.7.1/../../../../arm-none-eabi/lib/thumb\libstdc++.a(tinfo.o)
                0x021bab58                vtable for std::type_info
 .rodata.str1.4
                0x021bab78       0x94 c:/devkitpro/devkitarm/bin/../lib/gcc/arm-none-eabi/4.7.1/../../../../arm-none-eabi/lib/thumb\libstdc++.a(vterminate.o)
 .rodata.str1.4
                0x021bac0c      0x75f c:/devkitpro/devkitarm/bin/../lib/gcc/arm-none-eabi/4.7.1/../../../../arm-none-eabi/lib/thumb\libstdc++.a(cp-demangle.o)
                                0x7b4 (size before relaxing)
 *fill*         0x021bb36b        0x1 ff
 .rodata.str1.4
                0x021bb36c        0x2 c:/devkitpro/devkitarm/bin/../lib/gcc/arm-none-eabi/4.7.1/../../../../arm-none-eabi/lib/thumb\libg.a(lib_a-impure.o)
                                  0x4 (size before relaxing)
 *fill*         0x021bb36e        0x2 ff
 .rodata.str1.4
                0x021bb370       0x42 c:/devkitpro/devkitarm/bin/../lib/gcc/arm-none-eabi/4.7.1/../../../../arm-none-eabi/lib/thumb\libg.a(lib_a-svfprintf.o)
                                 0x44 (size before relaxing)
 .rodata.str1.4
                0x00000000       0x30 c:/devkitpro/devkitarm/bin/../lib/gcc/arm-none-eabi/4.7.1/../../../../arm-none-eabi/lib/thumb\libg.a(lib_a-vfiprintf.o)
 *fill*         0x021bb3b2        0x2 ff
 .rodata.str1.4
                0x021bb3b4       0x10 c:/devkitpro/devkitarm/bin/../lib/gcc/arm-none-eabi/4.7.1/../../../../arm-none-eabi/lib/thumb\libg.a(lib_a-dtoa.o)