Archive member included because of file (symbol)

c:/devkitPro/libnds/lib\libmm9.a(mm_comms.o)
                              ClassDefinitions.o (mmStart)
c:/devkitPro/libnds/lib\libmm9.a(mm_main9.o)
                              c:/devkitPro/libnds/lib\libmm9.a(mm_comms.o) (mmCallback)
c:/devkitPro/libnds/lib\libmm9.a(mm_memory.o)
                              ClassDefinitions.o (mmLoad)
c:/devkitPro/libnds/lib\libmm9.a(mm_soundbank.o)
                              c:/devkitPro/libnds/lib\libmm9.a(mm_main9.o) (mmSoundBankInMemory)
c:/devkitPro/libnds/lib\libmm9.a(mm_flusher.o)
                              c:/devkitPro/libnds/lib\libmm9.a(mm_memory.o) (mmFlushBank)
c:/devkitPro/libnds/lib\libnds9.a(console.o)
                              main.o (consoleDemoInit)
c:/devkitPro/libnds/lib\libnds9.a(keys.o)
                              ClassDefinitions.o (scanKeys)
c:/devkitPro/libnds/lib\libnds9.a(sprite.o)
                              ClassDefinitions.o (oamInit)
c:/devkitPro/libnds/lib\libnds9.a(sprite_alloc.o)
                              c:/devkitPro/libnds/lib\libnds9.a(sprite.o) (oamAllocReset)
c:/devkitPro/libnds/lib\libnds9.a(touch.o)
                              ClassDefinitions.o (touchRead)
c:/devkitPro/libnds/lib\libnds9.a(trig.o)
                              c:/devkitPro/libnds/lib\libnds9.a(sprite.o) (sinLerp)
c:/devkitPro/libnds/lib\libnds9.a(initSystem.o)
                              c:/devkitpro/devkitarm/bin/../lib/gcc/arm-none-eabi/4.7.1/../../../../arm-none-eabi/lib/thumb/ds_arm9_crt0.o (initSystem)
c:/devkitPro/libnds/lib\libnds9.a(fifosystem.o)
                              c:/devkitPro/libnds/lib\libnds9.a(initSystem.o) (fifoSendValue32)
c:/devkitPro/libnds/lib\libnds9.a(interrupts.o)
                              c:/devkitPro/libnds/lib\libnds9.a(fifosystem.o) (irqSet)
c:/devkitPro/libnds/lib\libnds9.a(libnds_exit.arm.o)
                              c:/devkitpro/devkitarm/bin/../lib/gcc/arm-none-eabi/4.7.1/../../../../arm-none-eabi/lib/thumb/ds_arm9_crt0.o (__libnds_exit)
c:/devkitPro/libnds/lib\libnds9.a(dcache.o)
                              c:/devkitPro/libnds/lib\libnds9.a(sprite.o) (DC_FlushRange)
c:/devkitPro/libnds/lib\libnds9.a(mpu_setup.o)
                              c:/devkitpro/devkitarm/bin/../lib/gcc/arm-none-eabi/4.7.1/../../../../arm-none-eabi/lib/thumb/ds_arm9_crt0.o (__libnds_mpu_setup)
c:/devkitPro/libnds/lib\libnds9.a(biosCalls.o)
                              c:/devkitPro/libnds/lib\libnds9.a(fifosystem.o) (swiIntrWait)
c:/devkitPro/libnds/lib\libnds9.a(debugprint.o)
                              c:/devkitPro/libnds/lib\libnds9.a(console.o) (nocashWrite)
c:/devkitPro/libnds/lib\libnds9.a(interruptDispatcher.o)
                              c:/devkitPro/libnds/lib\libnds9.a(interrupts.o) (IntrMain)
c:/devkitPro/libnds/lib\libnds9.a(swiSoftReset.o)
                              c:/devkitPro/libnds/lib\libnds9.a(fifosystem.o) (swiSoftReset)
c:/devkitPro/libnds/lib\libnds9.a(default_font.bin.o)
                              c:/devkitPro/libnds/lib\libnds9.a(console.o) (default_font_bin)
c:/devkitPro/libnds/lib\libnds9.a(background.o)
                              c:/devkitPro/libnds/lib\libnds9.a(console.o) (bgState)
c:/devkitPro/libnds/lib\libnds9.a(system.o)
                              c:/devkitPro/libnds/lib\libnds9.a(initSystem.o) (systemMsgHandler)
c:/devkitPro/libnds/lib\libnds9.a(video.o)
                              c:/devkitPro/libnds/lib\libnds9.a(initSystem.o) (vramDefault)
c:/devkitpro/devkitarm/bin/../lib/gcc/arm-none-eabi/4.7.1/../../../../arm-none-eabi/lib/thumb\libstdc++.a(new_op.o)
                              Blocks.o (operator new(unsigned int))
c:/devkitpro/devkitarm/bin/../lib/gcc/arm-none-eabi/4.7.1/../../../../arm-none-eabi/lib/thumb\libstdc++.a(eh_call.o)
                              c:/devkitpro/devkitarm/bin/../lib/gcc/arm-none-eabi/4.7.1/../../../../arm-none-eabi/lib/thumb\libstdc++.a(new_op.o) (__cxa_call_unexpected)
c:/devkitpro/devkitarm/bin/../lib/gcc/arm-none-eabi/4.7.1/../../../../arm-none-eabi/lib/thumb\libstdc++.a(eh_personality.o)
                              c:/devkitpro/devkitarm/bin/../lib/gcc/arm-none-eabi/4.7.1/../../../../arm-none-eabi/lib/thumb\libstdc++.a(new_op.o) (__gxx_personality_v0)
c:/devkitpro/devkitarm/bin/../lib/gcc/arm-none-eabi/4.7.1/../../../../arm-none-eabi/lib/thumb\libstdc++.a(del_op.o)
                              ClassDefinitions.o (operator delete(void*))
c:/devkitpro/devkitarm/bin/../lib/gcc/arm-none-eabi/4.7.1/../../../../arm-none-eabi/lib/thumb\libstdc++.a(eh_terminate.o)
                              c:/devkitpro/devkitarm/bin/../lib/gcc/arm-none-eabi/4.7.1/../../../../arm-none-eabi/lib/thumb\libstdc++.a(eh_call.o) (__cxxabiv1::__terminate(void (*)()))
c:/devkitpro/devkitarm/bin/../lib/gcc/arm-none-eabi/4.7.1/../../../../arm-none-eabi/lib/thumb\libstdc++.a(eh_exception.o)
[...]
Memory Configuration

Name             Origin             Length             Attributes
rom              0x08000000         0x02000000
ewram            0x02000000         0x003ff000
dtcm             0x0b000000         0x00004000
vectors          0x01000000         0x00000100
itcm             0x01000100         0x00007f00
*default*        0x00000000         0xffffffff

Linker script and memory map

                0x01000000                __vectors_start = ORIGIN (vectors)
                0x01000100                __itcm_start = ORIGIN (itcm)
                0x023ff000                __ewram_end = (ORIGIN (ewram) + 0x3ff000)
                0x023ff000                __eheap_end = (ORIGIN (ewram) + 0x3ff000)
                0x0b000000                __dtcm_start = ORIGIN (dtcm)
                0x0b004000                __dtcm_top = (ORIGIN (dtcm) + 0x4000)
                0x0b003ff8                __irq_flags = (__dtcm_top - 0x8)
                0x0b003ffc                __irq_vector = (__dtcm_top - 0x4)
                0x0b003f00                __sp_svc = (__dtcm_top - 0x100)
                0x0b003e00                __sp_irq = (__sp_svc - 0x100)
                0x0b003d00                __sp_usr = (__sp_irq - 0x100)

.init           0x02000000      0x23c
                0x02000000                __text_start = .
 *(.init)
 .init          0x02000000      0x230 c:/devkitpro/devkitarm/bin/../lib/gcc/arm-none-eabi/4.7.1/../../../../arm-none-eabi/lib/thumb/ds_arm9_crt0.o
                0x02000000                _start
 .init          0x02000230        0x4 c:/devkitpro/devkitarm/bin/../lib/gcc/arm-none-eabi/4.7.1/thumb/crti.o
                0x02000230                _init
 .init          0x02000234        0x8 c:/devkitpro/devkitarm/bin/../lib/gcc/arm-none-eabi/4.7.1/thumb/crtn.o
                0x0200023c                . = ALIGN (0x4)

.plt
 *(.plt)

.text           0x02000240    0x19240
 *(EXCLUDE_FILE(*.itcm*) .text)
 .text          0x02000240        0x0 c:/devkitpro/devkitarm/bin/../lib/gcc/arm-none-eabi/4.7.1/../../../../arm-none-eabi/lib/thumb/ds_arm9_crt0.o
 .text          0x02000240        0x0 c:/devkitpro/devkitarm/bin/../lib/gcc/arm-none-eabi/4.7.1/thumb/crti.o
 .text          0x02000240       0xd0 c:/devkitpro/devkitarm/bin/../lib/gcc/arm-none-eabi/4.7.1/thumb/crtbegin.o
 .text          0x02000310        0x0 soundbank.bin.o
 .text          0x02000310      0x28c Blocks.o
                0x02000310                Triggerable::trigger(bool)
                0x02000320                Actuator::trigger(bool)
                0x02000368                Plate::tick()
                0x020003a8                Door::useOn(Item*, Entity*)
                0x02000404                Wall::Wall()
                0x02000404                Wall::Wall()
                0x02000424                Floor::Floor()
                0x02000424                Floor::Floor()
                0x02000440                Door::Door()
                0x02000440                Door::Door()
                0x02000468                Door::linkToBlock(int, int)
                0x02000498                Door::linkToLevel(Level*)
                0x020004a8                Triggerable::Triggerable()
                0x020004a8                Triggerable::Triggerable()
                0x020004c4                Actuator::Actuator()
                0x020004c4                Actuator::Actuator()
                0x020004e8                Plate::Plate()
                0x020004e8                Plate::Plate()
                0x02000508                Plate::linkTrigger(Triggerable*)
                0x0200050c                BlockFactory::makeWall(unsigned short)
                0x02000528                BlockFactory::makeFloor(unsigned short)
                0x02000544                BlockFactory::makeDoor(unsigned short)
                0x02000560                BlockFactory::makeActuator(unsigned short)
                0x0200057c                BlockFactory::makePlate(unsigned short, Triggerable*)
 .text          0x0200059c      0xbfc ClassDefinitions.o
                0x0200059c                Entity::useOn(Item*, Entity*)
                0x020005a0                Block::onLoad(int, int)
                0x020005ac                Block::onEnter(Entity*)
                0x020005b0                Block::onUnload()
                0x020005c0                Level::onUnload()
                0x0200060c                Block::tick()
                0x02000620                Block::useOn(Item*, Entity*)
                0x02000634                Level::~Level()
                0x02000634                Level::~Level()
                0x02000650                Level::~Level()
                0x02000664                Sprite::Sprite()
                0x02000664                Sprite::Sprite()
                0x02000688                Sprite::writeOam()
                0x02000700                Sprite::setAnimFrame(unsigned char)
                0x02000704                Sprite::setGfxBase(int)
                0x02000718                Sprite::setSpriteEntry(unsigned char)
                0x0200071c                Sprite::onUnload()
                0x0200075c                Entity::onUnload()
                0x02000768                Item::getAtt()
                0x0200076c                Item::getDef()
                0x02000770                Item::Item(unsigned char, unsigned char)
                0x02000770                Item::Item(unsigned char, unsigned char)
                0x02000778                Item::Item()
                0x02000778                Item::Item()
                0x02000780                Entity::Entity()
                0x02000780                Entity::Entity()
                0x020007b8                Entity::loadCommon()
                0x02000810                Entity::onLoad()
                0x02000820                Entity::calcSprite()
                0x0200087c                Entity::tick()
                0x02000894                Entity::calcGrid()
                0x020008a8                Block::Block()
                0x020008a8                Block::Block()
                0x020008c0                Block::getTileIndex()
                0x020008c4                Block::setEntity(Entity*)
                0x020008e4                Block::setTileIndex(unsigned short)
                0x020008e8                Level::loadCommon()
                0x02000970                Level::getOamEntry()
                0x02000984                Level::isPlayer(Entity*)
                0x02000990                Level::getBlock(int, int)
                0x020009b8                Entity::translate(int, int)
                0x02000a20                Level::testSolid(int, int)
                0x02000a2c                Level::calcLight(int, int, unsigned char)
                0x02000ac0                Level::drawLevel()
                0x02000c60                Level::tick()
                0x02000e38                SoundManager::SoundManager()
                0x02000e38                SoundManager::SoundManager()
                0x02000eb0                SoundManager::playBGM(unsigned char, bool)
                0x02000ee4                SoundManager::stopBGM()
                0x02000efc                SoundManager::setBGMVol(unsigned int)
                0x02000f10                SoundManager::setBGMTempo(unsigned int)
                0x02000f34                SoundManager::playSFX(unsigned char, unsigned int)
                0x02000f54                Level::onLoad()
                0x02000fdc                Game::Game()
                0x02000fdc                Game::Game()
                0x02001060                Game::loadLevel(Level*)
                0x020010a0                Game::setLevel(Level*)
                0x020010ac                Game::mainLoop()
                0x020010f4                Level::initBlocks()
 .text          0x02001198      0x754 Entities.o
                0x02001198                Rock::tick()
                0x0200120c                Rock::onLoad()
                0x02001224                Mob::onLoad()
                0x02001248                Mob::useOn(Item*, Entity*)
                0x020012f0                Player::onLoad()
                0x02001318                Player::tick()
                0x02001580                Rock::useOn(Item*, Entity*)
                0x020016d4                Mob::move(int)
                0x02001840                Mob::moveIdle()
                0x02001874                Mob::tick()
 .text          0x020018ec        0x0 Items.o
 .text          0x020018ec      0x478 Levels.o
                0x020018ec                LevelMainMenu::onLoad()
                0x020019d4                Level1::onLoad()
                0x02001b2c                LevelMainMenu::initBlocks()
                0x02001c48                Level1::initBlocks()
 .text          0x02001d64        0x0 main.o
 .text          0x02001d64        0x0 LevelMainMenu.o
 .text          0x02001d64        0x0 LevelTest.o
 .text          0x02001d64        0x0 Sprites.o
 .text          0x02001d64        0x0 Tileset.o
 .text          0x02001d64      0x24c c:/devkitPro/libnds/lib\libmm9.a(mm_comms.o)
                0x02001d64                mmSetupComms
                0x02001db6                mmSendBank
                0x02001dc0                mmLockChannels
                0x02001dc6                mmUnlockChannels
                0x02001dcc                mmStart
                0x02001dd6                mmPause
                0x02001dda                mmResume
                0x02001dde                mmStop
                0x02001de2                mmPosition
                0x02001de6                mmJingle
                0x02001dea                mmSetModuleVolume
                0x02001dee                mmSetJingleVolume
                0x02001df2                mmSetModuleTempo
                0x02001df6                mmSetModulePitch
                0x02001dfa                mmSetEffectsVolume
                0x02001dfe                mmSelectMode
                0x02001e02                mmStreamBegin
                0x02001e16                mmStreamEnd
                0x02001e6c                mmEffect
                0x02001e90                mmEffectVolume
                0x02001e94                mmEffectPanning
                0x02001e98                mmEffectRate
                0x02001ea2                mmEffectScaleRate
                0x02001eac                mmEffectRelease
                0x02001eb2                mmEffectCancel
                0x02001eb8                mmEffectEx
                0x02001ef6                mmEffectCancelAll
                0x02001efa                mmReverbEnable
                0x02001efe                mmReverbDisable
                0x02001f02                mmReverbConfigure
                0x02001f5e                mmReverbStart
                0x02001f62                mmReverbStop
 .text          0x02001fb0      0x108 c:/devkitPro/libnds/lib\libmm9.a(mm_main9.o)
                0x02001fb0                mmActive
                0x02001fb6                mmSetEventHandler
                0x02001fbc                mmInit
                0x02001fe6                mmInitDefault
                0x02002030                mmInitDefaultMem
                0x02002052                mmSuspendIRQ_t
                0x02002070                mmRestoreIRQ_t
 .text          0x020020b8      0x120 c:/devkitPro/libnds/lib\libmm9.a(mm_memory.o)
                0x020020b8                mmLoad
                0x02002108                mmUnload
                0x02002160                mmLoadEffect
                0x02002198                mmUnloadEffect
 .text          0x020021d8      0x100 c:/devkitPro/libnds/lib\libmm9.a(mm_soundbank.o)
                0x020021d8                mmSoundBankInMemory
                0x020021e0                mmSoundBankInFiles
                0x020021f2                mmSetCustomSoundBankHandler
                0x0200221e                mmsHandleFileOp
 .text          0x020022d8       0x3c c:/devkitPro/libnds/lib\libmm9.a(mm_flusher.o)
                0x020022d8                mmFlushBank
 .text          0x02002314      0xa4c c:/devkitPro/libnds/lib\libnds9.a(console.o)
                0x020023b4                nocash_write
                0x020023c4                consoleGetDefault
                0x020023d0                consoleSelect
                0x020023e0                consoleDebugInit
                0x02002430                consolePrintChar
                0x020025fc                consoleLoadFont
                0x02002884                consoleSetFont
                0x020028a4                consoleInit
                0x02002a0c                consoleDemoInit
                0x02002a50                con_write
                0x02002d2c                consoleClear
                0x02002d3c                consoleSetWindow
 .text          0x02002d60       0xf4 c:/devkitPro/libnds/lib\libnds9.a(keys.o)
                0x02002d60                scanKeys
                0x02002dcc                keysHeld
                0x02002dd8                keysDown
                0x02002de8                keysDownRepeat
                0x02002df8                keysSetRepeat
                0x02002e10                keysUp
                0x02002e20                keysCurrent
 .text          0x02002e54      0x3f4 c:/devkitPro/libnds/lib\libnds9.a(sprite.o)
                0x02002e54                oamInit
                0x02002f68                oamDisable
                0x02002f98                oamEnable
                0x02002fbc                oamGetGfxPtr
                0x02002ff0                oamClear
                0x02003018                oamGfxPtrToOffset
                0x0200304c                oamSet
                0x0200319c                oamUpdate
                0x020031fc                oamRotateScale
 .text          0x02003248      0x450 c:/devkitPro/libnds/lib\libnds9.a(sprite_alloc.o)
                0x02003278                oamAllocReset
                0x020032ac                oamAllocateGfx
                0x020034b0                oamFreeGfx
                0x0200364c                oamCountFragments
 .text          0x02003698       0x4c c:/devkitPro/libnds/lib\libnds9.a(touch.o)
                0x02003698                touchRead
                0x020036c0                touchReadXY
 .text          0x020036e4      0x244 c:/devkitPro/libnds/lib\libnds9.a(trig.o)
                0x020036e4                asinComp
                0x0200370c                sinLutLookup
                0x02003748                sinLerp
                0x02003780                cosLerp
                0x02003794                tanLutLookup
                0x020037cc                tanLerp
                0x02003870                asinLerp
                0x020038ec                acosLerp
                0x02003900                atanComp
 .text          0x02003928      0x140 c:/devkitPro/libnds/lib\libnds9.a(initSystem.o)
                0x02003928                initSystem
 .text          0x02003a68      0xc58 c:/devkitPro/libnds/lib\libnds9.a(fifosystem.o)
                0x02003cbc                fifoSendAddress
                0x02003ce8                fifoSendValue32
                0x02003d28                fifoSendDatamsg
                0x02003d98                fifoGetAddress
                0x02003e10                fifoSetAddressHandler
                0x02003e84                fifoGetValue32
                0x02003ef8                fifoSetValue32Handler
                0x02003f6c                fifoGetDatamsg
                0x020043f0                fifoSetDatamsgHandler
                0x02004488                fifoCheckAddress
                0x020044ac                fifoCheckDatamsg
                0x020044d0                fifoCheckValue32
                0x020044f4                fifoInit
 .text          0x020046c0      0x1ec c:/devkitPro/libnds/lib\libnds9.a(interrupts.o)
                0x020046c0                irqDummy
                0x020046c4                irqSet
                0x02004730                irqInit
                0x0200477c                irqInitHandler
                0x020047ac                irqEnable
                0x02004810                irqDisable
                0x02004874                irqClear
 .text          0x020048ac       0x58 c:/devkitPro/libnds/lib\libnds9.a(libnds_exit.arm.o)
                0x020048ac                systemErrorExit
                0x020048b0                __libnds_exit
 .text          0x02004904       0x70 c:/devkitPro/libnds/lib\libnds9.a(dcache.o)
                0x02004904                DC_FlushAll
                0x02004930                DC_FlushRange
                0x0200494c                DC_InvalidateAll
                0x02004958                DC_InvalidateRange
 .text          0x02004974      0x1b4 c:/devkitPro/libnds/lib\libnds9.a(mpu_setup.o)
                0x02004974                __libnds_mpu_setup
                0x02004ab4                memCached
                0x02004acc                memUncached
 *fill*         0x02004b28        0x8 ff
 .text          0x02004b30       0x70 c:/devkitPro/libnds/lib\libnds9.a(biosCalls.o)
                0x02004b30                swiDelay
                0x02004b34                swiIntrWait
                0x02004b38                swiWaitForVBlank
                0x02004b3c                swiSleep
                0x02004b40                swiChangeSoundBias
                0x02004b44                swiDivide
                0x02004b48                swiRemainder
                0x02004b4e                swiDivMod
                0x02004b5a                swiCopy
                0x02004b5e                swiFastCopy
                0x02004b62                swiSqrt
                0x02004b66                swiCRC16
                0x02004b6a                swiIsDebugger
                0x02004b6e                swiUnpackBits
                0x02004b72                swiDecompressLZSSWram
                0x02004b76                swiDecompressLZSSVramNTR
                0x02004b7a                swiDecompressLZSSVramTWL
                0x02004b7e                swiDecompressHuffman
                0x02004b82                swiDecompressRLEWram
                0x02004b86                swiDecompressRLEVram
                0x02004b8a                swiWaitForIRQ
                0x02004b8e                swiDecodeDelta8
                0x02004b92                swiDecodeDelta16
                0x02004b96                swiSetHaltCR
 .text          0x02004ba0       0xa4 c:/devkitPro/libnds/lib\libnds9.a(debugprint.o)
                0x02004ba0                nocashWrite
                0x02004ba2                nocashMessage
 .text          0x02004c44        0x0 c:/devkitPro/libnds/lib\libnds9.a(interruptDispatcher.o)
 *fill*         0x02004c44        0xc ff
 .text          0x02004c50       0x30 c:/devkitPro/libnds/lib\libnds9.a(swiSoftReset.o)
                0x02004c50                swiSoftReset
 .text          0x02004c80        0x0 c:/devkitPro/libnds/lib\libnds9.a(default_font.bin.o)
 .text          0x02004c80      0x2e8 c:/devkitPro/libnds/lib\libnds9.a(background.o)
                0x02004c80                bgIsText
                0x02004c8c                checkIfText
                0x02004ce4                bgUpdate
                0x02004dd8                bgInit_call
                0x02004e9c                bgInitSub_call
 .text          0x02004f68      0x128 c:/devkitPro/libnds/lib\libnds9.a(system.o)
                0x02004f68                setSDcallback
                0x02004f74                systemMsgHandler
                0x02004fb8                systemSleep
                0x02004fd0                systemValueHandler
                0x0200500c                powerOn
                0x02005038                powerOff
                0x02005060                ledBlink
                0x02005070                getBatteryLevel
 .text          0x02005090      0x1f8 c:/devkitPro/libnds/lib\libnds9.a(video.o)
                0x02005090                vramSetPrimaryBanks
                0x020050d4                vramSetMainBanks
                0x02005118                vramSetBanks_EFG
                0x02005150                vramRestorePrimaryBanks
                0x0200515c                vramRestoreMainBanks
                0x02005168                vramRestoreBanks_EFG
                0x02005174                setBrightness
                0x020051b4                vramDefault
 .text          0x02005288        0x0 c:/devkitpro/devkitarm/bin/../lib/gcc/arm-none-eabi/4.7.1/../../../../arm-none-eabi/lib/thumb\libstdc++.a(new_op.o)
 .text          0x02005288        0x0 c:/devkitpro/devkitarm/bin/../lib/gcc/arm-none-eabi/4.7.1/../../../../arm-none-eabi/lib/thumb\libstdc++.a(eh_call.o)
 .text          0x02005288        0x0 c:/devkitpro/devkitarm/bin/../lib/gcc/arm-none-eabi/4.7.1/../../../../arm-none-eabi/lib/thumb\libstdc++.a(eh_personality.o)
 .text          0x02005288        0x0 c:/devkitpro/devkitarm/bin/../lib/gcc/arm-none-eabi/4.7.1/../../../../arm-none-eabi/lib/thumb\libstdc++.a(del_op.o)
 .text          0x02005288        0x0 c:/devkitpro/devkitarm/bin/../lib/gcc/arm-none-eabi/4.7.1/../../../../arm-none-eabi/lib/thumb\libstdc++.a(eh_terminate.o)
 .text          0x02005288        0x0 c:/devkitpro/devkitarm/bin/../lib/gcc/arm-none-eabi/4.7.1/../../../../arm-none-eabi/lib/thumb\libstdc++.a(eh_exception.o)
 .text          0x02005288        0x0 c:/devkitpro/devkitarm/bin/../lib/gcc/arm-none-eabi/4.7.1/../../../../arm-none-eabi/lib/thumb\libstdc++.a(eh_alloc.o)
 .text          0x02005288        0x0 c:/devkitpro/devkitarm/bin/../lib/gcc/arm-none-eabi/4.7.1/../../../../arm-none-eabi/lib/thumb\libstdc++.a(bad_alloc.o)
 .text          0x02005288        0x0 c:/devkitpro/devkitarm/bin/../lib/gcc/arm-none-eabi/4.7.1/../../../../arm-none-eabi/lib/thumb\libstdc++.a(class_type_info.o)
 .text          0x02005288        0x0 c:/devkitpro/devkitarm/bin/../lib/gcc/arm-none-eabi/4.7.1/../../../../arm-none-eabi/lib/thumb\libstdc++.a(new_handler.o)
 .text          0x02005288        0x0 c:/devkitpro/devkitarm/bin/../lib/gcc/arm-none-eabi/4.7.1/../../../../arm-none-eabi/lib/thumb\libstdc++.a(eh_arm.o)
 .text          0x02005288        0x0 c:/devkitpro/devkitarm/bin/../lib/gcc/arm-none-eabi/4.7.1/../../../../arm-none-eabi/lib/thumb\libstdc++.a(eh_throw.o)
 .text          0x02005288        0x0 c:/devkitpro/devkitarm/bin/../lib/gcc/arm-none-eabi/4.7.1/../../../../arm-none-eabi/lib/thumb\libstdc++.a(pure.o)
 .text          0x02005288        0x0 c:/devkitpro/devkitarm/bin/../lib/gcc/arm-none-eabi/4.7.1/../../../../arm-none-eabi/lib/thumb\libstdc++.a(eh_globals.o)
 .text          0x02005288        0x0 c:/devkitpro/devkitarm/bin/../lib/gcc/arm-none-eabi/4.7.1/../../../../arm-none-eabi/lib/thumb\libstdc++.a(eh_catch.o)
 .text          0x02005288        0x0 c:/devkitpro/devkitarm/bin/../lib/gcc/arm-none-eabi/4.7.1/../../../../arm-none-eabi/lib/thumb\libstdc++.a(si_class_type_info.o)
 .text          0x02005288        0x0 c:/devkitpro/devkitarm/bin/../lib/gcc/arm-none-eabi/4.7.1/../../../../arm-none-eabi/lib/thumb\libstdc++.a(eh_unex_handler.o)
 .text          0x02005288        0x0 c:/devkitpro/devkitarm/bin/../lib/gcc/arm-none-eabi/4.7.1/../../../../arm-none-eabi/lib/thumb\libstdc++.a(tinfo.o)
 .text          0x02005288        0x0 c:/devkitpro/devkitarm/bin/../lib/gcc/arm-none-eabi/4.7.1/../../../../arm-none-eabi/lib/thumb\libstdc++.a(eh_term_handler.o)
 .text          0x02005288        0x0 c:/devkitpro/devkitarm/bin/../lib/gcc/arm-none-eabi/4.7.1/../../../../arm-none-eabi/lib/thumb\libstdc++.a(vterminate.o)
 .text          0x02005288        0x0 c:/devkitpro/devkitarm/bin/../lib/gcc/arm-none-eabi/4.7.1/../../../../arm-none-eabi/lib/thumb\libstdc++.a(eh_type.o)
 .text          0x02005288     0x5984 c:/devkitpro/devkitarm/bin/../lib/gcc/arm-none-eabi/4.7.1/../../../../arm-none-eabi/lib/thumb\libstdc++.a(cp-demangle.o)
                0x0200ab18                __cxa_demangle
                0x0200abe0                __gcclibcxx_demangle_callback
 .text          0x0200ac0c      0x11c c:/devkitpro/devkitarm/bin/../lib/gcc/arm-none-eabi/4.7.1/thumb\libgcc.a(_udivsi3.o)
                0x0200ac0c                __aeabi_uidiv
                0x0200ac0c                __udivsi3
                0x0200ad08                __aeabi_uidivmod
 .text          0x0200ad28      0x150 c:/devkitpro/devkitarm/bin/../lib/gcc/arm-none-eabi/4.7.1/thumb\libgcc.a(_divsi3.o)
                0x0200ad28                __divsi3
                0x0200ad28                __aeabi_idiv
                0x0200ae58                __aeabi_idivmod
 .text          0x0200ae78        0x4 c:/devkitpro/devkitarm/bin/../lib/gcc/arm-none-eabi/4.7.1/thumb\libgcc.a(_dvmd_tls.o)
                0x0200ae78                __aeabi_idiv0
                0x0200ae78                __aeabi_ldiv0
 .text          0x0200ae7c      0xab4 c:/devkitpro/devkitarm/bin/../lib/gcc/arm-none-eabi/4.7.1/thumb\libgcc.a(unwind-arm.o)
                0x0200b178                _Unwind_GetCFA
                0x0200b17c                __gnu_Unwind_RaiseException
                0x0200b1dc                __gnu_Unwind_ForcedUnwind
                0x0200b1f4                __gnu_Unwind_Resume
                0x0200b23c                __gnu_Unwind_Resume_or_Rethrow
                0x0200b25c                _Unwind_Complete
                0x0200b260                _Unwind_DeleteException
                0x0200b278                _Unwind_VRS_Get
                0x0200b2c4                _Unwind_VRS_Set
                0x0200b620                __aeabi_unwind_cpp_pr2
                0x0200b630                __aeabi_unwind_cpp_pr1
                0x0200b640                __aeabi_unwind_cpp_pr0
                0x0200b650                __gnu_Unwind_Backtrace
                0x0200b6c4                _Unwind_VRS_Pop
 .text          0x0200b930      0x1d8 c:/devkitpro/devkitarm/bin/../lib/gcc/arm-none-eabi/4.7.1/thumb\libgcc.a(libunwind.o)
                0x0200b930                __restore_core_regs
                0x0200b930                restore_core_regs
                0x0200b94c                __gnu_Unwind_Restore_VFP
                0x0200b954                __gnu_Unwind_Save_VFP
                0x0200b95c                __gnu_Unwind_Restore_VFP_D
                0x0200b964                __gnu_Unwind_Save_VFP_D
                0x0200b96c                __gnu_Unwind_Restore_VFP_D_16_to_31
                0x0200b974                __gnu_Unwind_Save_VFP_D_16_to_31
                0x0200b97c                __gnu_Unwind_Restore_WMMXD
                0x0200b9c0                __gnu_Unwind_Save_WMMXD
                0x0200ba04                __gnu_Unwind_Restore_WMMXC
                0x0200ba18                __gnu_Unwind_Save_WMMXC
                0x0200ba2c                ___Unwind_RaiseException
                0x0200ba2c                _Unwind_RaiseException
                0x0200ba58                _Unwind_Resume
                0x0200ba58                ___Unwind_Resume
                0x0200ba84                _Unwind_Resume_or_Rethrow
                0x0200ba84                ___Unwind_Resume_or_Rethrow
                0x0200bab0                _Unwind_ForcedUnwind
                0x0200bab0                ___Unwind_ForcedUnwind
                0x0200badc                ___Unwind_Backtrace
                0x0200badc                _Unwind_Backtrace
 .text          0x0200bb08      0x3e0 c:/devkitpro/devkitarm/bin/../lib/gcc/arm-none-eabi/4.7.1/thumb\libgcc.a(pr-support.o)
                0x0200bb64                __gnu_unwind_execute
                0x0200be84                __gnu_unwind_frame
                0x0200beb0                _Unwind_GetRegionStart
                0x0200bec0                _Unwind_GetLanguageSpecificData
                0x0200bed8                _Unwind_GetDataRelBase
                0x0200bee0                _Unwind_GetTextRelBase
 .text          0x0200bee8       0x10 c:/devkitpro/devkitarm/bin/../lib/gcc/arm-none-eabi/4.7.1/../../../../arm-none-eabi/lib/thumb\libg.a(lib_a-abort.o)
                0x0200bee8                abort
 .text          0x0200bef8       0x64 c:/devkitpro/devkitarm/bin/../lib/gcc/arm-none-eabi/4.7.1/../../../../arm-none-eabi/lib/thumb\libg.a(lib_a-bsearch.o)
                0x0200bef8                bsearch
 .text          0x0200bf5c       0xb0 c:/devkitpro/devkitarm/bin/../lib/gcc/arm-none-eabi/4.7.1/../../../../arm-none-eabi/lib/thumb\libg.a(lib_a-fclose.o)
                0x0200bf5c                _fclose_r
                0x0200bff0                fclose
 .text          0x0200c00c      0x1b8 c:/devkitpro/devkitarm/bin/../lib/gcc/arm-none-eabi/4.7.1/../../../../arm-none-eabi/lib/thumb\libg.a(lib_a-fflush.o)
                0x0200c00c                __sflush_r
                0x0200c164                _fflush_r
                0x0200c194                fflush
 .text          0x0200c1c4      0x1d8 c:/devkitpro/devkitarm/bin/../lib/gcc/arm-none-eabi/4.7.1/../../../../arm-none-eabi/lib/thumb\libg.a(lib_a-findfp.o)
                0x0200c1cc                _cleanup_r
                0x0200c22c                __sfmoreglue
                0x0200c25c                _cleanup
                0x0200c270                __sinit
                0x0200c2c4                __sfp
                0x0200c354                __sfp_lock_acquire
                0x0200c358                __sfp_lock_release
                0x0200c35c                __sinit_lock_acquire
                0x0200c360                __sinit_lock_release
                0x0200c364                __fp_lock_all
                0x0200c380                __fp_unlock_all
 .text          0x0200c39c       0xa8 c:/devkitpro/devkitarm/bin/../lib/gcc/arm-none-eabi/4.7.1/../../../../arm-none-eabi/lib/thumb\libg.a(lib_a-fopen.o)
                0x0200c39c                _fopen_r
                0x0200c428                fopen
 .text          0x0200c444       0x54 c:/devkitpro/devkitarm/bin/../lib/gcc/arm-none-eabi/4.7.1/../../../../arm-none-eabi/lib/thumb\libg.a(lib_a-fputc.o)
                0x0200c444                _fputc_r
                0x0200c46c                fputc
 .text          0x0200c498       0x78 c:/devkitpro/devkitarm/bin/../lib/gcc/arm-none-eabi/4.7.1/../../../../arm-none-eabi/lib/thumb\libg.a(lib_a-fputs.o)
                0x0200c498                _fputs_r
                0x0200c4f4                fputs
 .text          0x0200c510      0x190 c:/devkitpro/devkitarm/bin/../lib/gcc/arm-none-eabi/4.7.1/../../../../arm-none-eabi/lib/thumb\libg.a(lib_a-fread.o)
                0x0200c510                _fread_r
                0x0200c678                fread
 .text          0x0200c6a0      0x238 c:/devkitpro/devkitarm/bin/../lib/gcc/arm-none-eabi/4.7.1/../../../../arm-none-eabi/lib/thumb\libg.a(lib_a-freer.o)
                0x0200c6a0                _malloc_trim_r
                0x0200c744                _free_r
 .text          0x0200c8d8      0x328 c:/devkitpro/devkitarm/bin/../lib/gcc/arm-none-eabi/4.7.1/../../../../arm-none-eabi/lib/thumb\libg.a(lib_a-fseek.o)
                0x0200c8d8                _fseek_r
                0x0200cbdc                fseek
 .text          0x0200cc00      0x2fc c:/devkitpro/devkitarm/bin/../lib/gcc/arm-none-eabi/4.7.1/../../../../arm-none-eabi/lib/thumb\libg.a(lib_a-fvwrite.o)
                0x0200cc00                __sfvwrite_r
 .text          0x0200cefc       0xb4 c:/devkitpro/devkitarm/bin/../lib/gcc/arm-none-eabi/4.7.1/../../../../arm-none-eabi/lib/thumb\libg.a(lib_a-fwalk.o)
                0x0200cefc                _fwalk
                0x0200cf50                _fwalk_reent
 .text          0x0200cfb0       0x9c c:/devkitpro/devkitarm/bin/../lib/gcc/arm-none-eabi/4.7.1/../../../../arm-none-eabi/lib/thumb\libg.a(lib_a-fwrite.o)
                0x0200cfb0                _fwrite_r
                0x0200d024                fwrite
 .text          0x0200d04c        0x0 c:/devkitpro/devkitarm/bin/../lib/gcc/arm-none-eabi/4.7.1/../../../../arm-none-eabi/lib/thumb\libg.a(lib_a-impure.o)
 .text          0x0200d04c       0x54 c:/devkitpro/devkitarm/bin/../lib/gcc/arm-none-eabi/4.7.1/../../../../arm-none-eabi/lib/thumb\libg.a(lib_a-init.o)
                0x0200d04c                __libc_init_array
 .text          0x0200d0a0       0x40 c:/devkitpro/devkitarm/bin/../lib/gcc/arm-none-eabi/4.7.1/../../../../arm-none-eabi/lib/thumb\libg.a(lib_a-iprintf.o)
                0x0200d0a0                iprintf
                0x0200d0c4                _iprintf_r
 .text          0x0200d0e0       0xe0 c:/devkitpro/devkitarm/bin/../lib/gcc/arm-none-eabi/4.7.1/../../../../arm-none-eabi/lib/thumb\libg.a(lib_a-makebuf.o)
                0x0200d0e0                __smakebuf_r
 .text          0x0200d1c0       0x30 c:/devkitpro/devkitarm/bin/../lib/gcc/arm-none-eabi/4.7.1/../../../../arm-none-eabi/lib/thumb\libg.a(lib_a-malloc.o)
                0x0200d1c0                malloc
                0x0200d1d8                free
 .text          0x0200d1f0      0x51c c:/devkitpro/devkitarm/bin/../lib/gcc/arm-none-eabi/4.7.1/../../../../arm-none-eabi/lib/thumb\libg.a(lib_a-mallocr.o)
                0x0200d1f0                _malloc_r
 .text          0x0200d70c       0x98 c:/devkitpro/devkitarm/bin/../lib/gcc/arm-none-eabi/4.7.1/../../../../arm-none-eabi/lib/thumb\libg.a(lib_a-memchr-stub.o)
                0x0200d70c                memchr
 .text          0x0200d7a4       0x60 c:/devkitpro/devkitarm/bin/../lib/gcc/arm-none-eabi/4.7.1/../../../../arm-none-eabi/lib/thumb\libg.a(lib_a-memcmp.o)
                0x0200d7a4                memcmp
 .text          0x0200d804       0x90 c:/devkitpro/devkitarm/bin/../lib/gcc/arm-none-eabi/4.7.1/../../../../arm-none-eabi/lib/thumb\libg.a(lib_a-memcpy-stub.o)
                0x0200d804                memcpy
 .text          0x0200d894       0xb0 c:/devkitpro/devkitarm/bin/../lib/gcc/arm-none-eabi/4.7.1/../../../../arm-none-eabi/lib/thumb\libg.a(lib_a-memmove.o)
                0x0200d894                memmove
 .text          0x0200d944       0x98 c:/devkitpro/devkitarm/bin/../lib/gcc/arm-none-eabi/4.7.1/../../../../arm-none-eabi/lib/thumb\libg.a(lib_a-memset.o)
                0x0200d944                memset
 .text          0x0200d9dc        0x8 c:/devkitpro/devkitarm/bin/../lib/gcc/arm-none-eabi/4.7.1/../../../../arm-none-eabi/lib/thumb\libg.a(lib_a-mlock.o)
                0x0200d9dc                __malloc_lock
                0x0200d9e0                __malloc_unlock
 .text          0x0200d9e4       0xc4 c:/devkitpro/devkitarm/bin/../lib/gcc/arm-none-eabi/4.7.1/../../../../arm-none-eabi/lib/thumb\libg.a(lib_a-putc.o)
                0x0200d9e4                _putc_r
                0x0200da44                putc
 .text          0x0200daa8       0x1c c:/devkitpro/devkitarm/bin/../lib/gcc/arm-none-eabi/4.7.1/../../../../arm-none-eabi/lib/thumb\libg.a(lib_a-realloc.o)
                0x0200daa8                realloc
 .text          0x0200dac4      0x3e8 c:/devkitpro/devkitarm/bin/../lib/gcc/arm-none-eabi/4.7.1/../../../../arm-none-eabi/lib/thumb\libg.a(lib_a-reallocr.o)
                0x0200dac4                _realloc_r
 .text          0x0200deac      0x144 c:/devkitpro/devkitarm/bin/../lib/gcc/arm-none-eabi/4.7.1/../../../../arm-none-eabi/lib/thumb\libg.a(lib_a-refill.o)
                0x0200decc                __srefill_r
 .text          0x0200dff0      0x120 c:/devkitpro/devkitarm/bin/../lib/gcc/arm-none-eabi/4.7.1/../../../../arm-none-eabi/lib/thumb\libg.a(lib_a-setvbuf.o)
                0x0200dff0                setvbuf
 .text          0x0200e110      0x198 c:/devkitpro/devkitarm/bin/../lib/gcc/arm-none-eabi/4.7.1/../../../../arm-none-eabi/lib/thumb\libg.a(lib_a-signal.o)
                0x0200e110                _init_signal_r
                0x0200e150                _signal_r
                0x0200e190                _raise_r
                0x0200e1f0                __sigtramp_r
                0x0200e244                raise
                0x0200e25c                signal
                0x0200e278                _init_signal
                0x0200e28c                __sigtramp
 .text          0x0200e2a8       0xa0 c:/devkitpro/devkitarm/bin/../lib/gcc/arm-none-eabi/4.7.1/../../../../arm-none-eabi/lib/thumb\libg.a(lib_a-siscanf.o)
                0x0200e2a8                siscanf
                0x0200e2f8                _siscanf_r
 .text          0x0200e348       0x84 c:/devkitpro/devkitarm/bin/../lib/gcc/arm-none-eabi/4.7.1/../../../../arm-none-eabi/lib/thumb\libg.a(lib_a-sprintf.o)
                0x0200e348                _sprintf_r
                0x0200e388                sprintf
 .text          0x0200e3cc       0xac c:/devkitpro/devkitarm/bin/../lib/gcc/arm-none-eabi/4.7.1/../../../../arm-none-eabi/lib/thumb\libg.a(lib_a-stdio.o)
                0x0200e3cc                __sread
                0x0200e3f8                __seofread
                0x0200e3fc                __swrite
                0x0200e438                __sseek
                0x0200e468                __sclose
 .text          0x0200e478       0x14 c:/devkitpro/devkitarm/bin/../lib/gcc/arm-none-eabi/4.7.1/../../../../arm-none-eabi/lib/thumb\libg.a(lib_a-strcmp.o)
                0x0200e478                strcmp
 .text          0x0200e48c       0x10 c:/devkitpro/devkitarm/bin/../lib/gcc/arm-none-eabi/4.7.1/../../../../arm-none-eabi/lib/thumb\libg.a(lib_a-strlen.o)
                0x0200e48c                strlen
 .text          0x0200e49c       0xbc c:/devkitpro/devkitarm/bin/../lib/gcc/arm-none-eabi/4.7.1/../../../../arm-none-eabi/lib/thumb\libg.a(lib_a-strncmp.o)
                0x0200e49c                strncmp
 .text          0x0200e558      0xa98 c:/devkitpro/devkitarm/bin/../lib/gcc/arm-none-eabi/4.7.1/../../../../arm-none-eabi/lib/thumb\libg.a(lib_a-svfiscanf.o)
                0x0200e558                _sungetc_r
                0x0200e5e0                __ssrefill_r
                0x0200e624                _sfread_r
                0x0200e6b0                __ssvfiscanf_r
 .text          0x0200eff0     0x1728 c:/devkitpro/devkitarm/bin/../lib/gcc/arm-none-eabi/4.7.1/../../../../arm-none-eabi/lib/thumb\libg.a(lib_a-svfprintf.o)
                0x0200eff0                _svfprintf_r
 .text          0x02010718       0x20 c:/devkitpro/devkitarm/bin/../lib/gcc/arm-none-eabi/4.7.1/../../../../arm-none-eabi/lib/thumb\libg.a(lib_a-syswrite.o)
                0x02010718                write
 .text          0x02010738      0x188 c:/devkitpro/devkitarm/bin/../lib/gcc/arm-none-eabi/4.7.1/../../../../arm-none-eabi/lib/thumb\libg.a(lib_a-ungetc.o)
                0x02010738                __submore
                0x020107c0                _ungetc_r
                0x020108a4                ungetc
 .text          0x020108c0      0xed4 c:/devkitpro/devkitarm/bin/../lib/gcc/arm-none-eabi/4.7.1/../../../../arm-none-eabi/lib/thumb\libg.a(lib_a-vfiprintf.o)
                0x020108c0                __sprint_r
                0x02010944                _vfiprintf_r
                0x02011770                vfiprintf
 .text          0x02011794       0xd0 c:/devkitpro/devkitarm/bin/../lib/gcc/arm-none-eabi/4.7.1/../../../../arm-none-eabi/lib/thumb\libg.a(lib_a-wbuf.o)
                0x02011794                __swbuf_r
                0x02011848                __swbuf
 .text          0x02011864       0xe8 c:/devkitpro/devkitarm/bin/../lib/gcc/arm-none-eabi/4.7.1/../../../../arm-none-eabi/lib/thumb\libg.a(lib_a-wcrtomb.o)
                0x02011864                _wcrtomb_r
                0x020118cc                wcrtomb
 .text          0x0201194c       0x40 c:/devkitpro/devkitarm/bin/../lib/gcc/arm-none-eabi/4.7.1/../../../../arm-none-eabi/lib/thumb\libg.a(lib_a-wcsrtombs.o)
                0x0201194c                _wcsrtombs_r
                0x02011964                wcsrtombs
 .text          0x0201198c      0x2a4 c:/devkitpro/devkitarm/bin/../lib/gcc/arm-none-eabi/4.7.1/../../../../arm-none-eabi/lib/thumb\libg.a(lib_a-wctomb_r.o)
                0x0201198c                __utf8_wctomb
                0x02011a40                _wctomb_r
                0x02011a78                __ascii_wctomb
                0x02011a98                __sjis_wctomb
                0x02011b14                __eucjp_wctomb
                0x02011bb0                __jis_wctomb
 .text          0x02011c30       0xd0 c:/devkitpro/devkitarm/bin/../lib/gcc/arm-none-eabi/4.7.1/../../../../arm-none-eabi/lib/thumb\libg.a(lib_a-wsetup.o)
                0x02011c30                __swsetup_r
 .text          0x02011d00       0x10 c:/devkitpro/devkitarm/bin/../lib/gcc/arm-none-eabi/4.7.1/../../../../arm-none-eabi/lib/thumb\libg.a(lib_a-ctype_.o)
                0x02011d00                __set_ctype
 .text          0x02011d10     0x10a0 c:/devkitpro/devkitarm/bin/../lib/gcc/arm-none-eabi/4.7.1/../../../../arm-none-eabi/lib/thumb\libg.a(lib_a-dtoa.o)
                0x02011e68                _dtoa_r
 .text          0x02012db0       0x70 c:/devkitpro/devkitarm/bin/../lib/gcc/arm-none-eabi/4.7.1/../../../../arm-none-eabi/lib/thumb\libg.a(lib_a-flags.o)
                0x02012db0                __sflags
 .text          0x02012e20      0x104 c:/devkitpro/devkitarm/bin/../lib/gcc/arm-none-eabi/4.7.1/../../../../arm-none-eabi/lib/thumb\libg.a(lib_a-fputwc.o)
                0x02012e20                _fputwc_r
                0x02012ef8                fputwc
 .text          0x02012f24       0x78 c:/devkitpro/devkitarm/bin/../lib/gcc/arm-none-eabi/4.7.1/../../../../arm-none-eabi/lib/thumb\libg.a(lib_a-iswspace.o)
                0x02012f24                iswspace
 .text          0x02012f9c      0x1f0 c:/devkitpro/devkitarm/bin/../lib/gcc/arm-none-eabi/4.7.1/../../../../arm-none-eabi/lib/thumb\libg.a(lib_a-jp2uc.o)
                0x02013128                _jp2uc
 .text          0x0201318c      0x950 c:/devkitpro/devkitarm/bin/../lib/gcc/arm-none-eabi/4.7.1/../../../../arm-none-eabi/lib/thumb\libg.a(lib_a-locale.o)
                0x02013880                _setlocale_r
                0x02013a7c                __locale_charset
                0x02013a84                __locale_mb_cur_max
                0x02013a90                __locale_msgcharset
                0x02013a9c                __locale_cjk_lang
                0x02013aa8                _localeconv_r
                0x02013ab4                setlocale
                0x02013ad0                localeconv
 .text          0x02013adc      0x104 c:/devkitpro/devkitarm/bin/../lib/gcc/arm-none-eabi/4.7.1/../../../../arm-none-eabi/lib/thumb\libg.a(lib_a-mbrtowc.o)
                0x02013adc                _mbrtowc_r
                0x02013b54                mbrtowc
 .text          0x02013be0      0x584 c:/devkitpro/devkitarm/bin/../lib/gcc/arm-none-eabi/4.7.1/../../../../arm-none-eabi/lib/thumb\libg.a(lib_a-mbtowc_r.o)
                0x02013be0                __utf8_mbtowc
                0x02013e40                _mbtowc_r
                0x02013e7c                __ascii_mbtowc
                0x02013eac                __sjis_mbtowc
                0x02013f6c                __eucjp_mbtowc
                0x02014034                __jis_mbtowc
 *fill*         0x02014164        0x4 ff
 .text          0x02014168      0x978 c:/devkitpro/devkitarm/bin/../lib/gcc/arm-none-eabi/4.7.1/../../../../arm-none-eabi/lib/thumb\libg.a(lib_a-mprec.o)
                0x02014168                _Balloc
                0x020141bc                _Bfree
                0x020141d4                __multadd
                0x02014280                __s2b
                0x0201431c                __hi0bits
                0x02014354                __lo0bits
                0x020143b4                __i2b
                0x020143cc                __multiply
                0x02014530                __pow5mult
                0x020145e0                __lshift
                0x020146b0                __mcmp
                0x020146ec                __mdiff
                0x020147dc                __ulp
                0x02014824                __b2d
                0x020148c8                __d2b
                0x02014980                __ratio
                0x020149fc                _mprec_log10
                0x02014a3c                __copybits
                0x02014a84                __any_on
 .text          0x02014ae0       0x7c c:/devkitpro/devkitarm/bin/../lib/gcc/arm-none-eabi/4.7.1/../../../../arm-none-eabi/lib/thumb\libg.a(lib_a-sccl.o)
                0x02014ae0                __sccl
 .text          0x02014b5c       0x5c c:/devkitpro/devkitarm/bin/../lib/gcc/arm-none-eabi/4.7.1/../../../../arm-none-eabi/lib/thumb\libg.a(lib_a-s_fpclassify.o)
                0x02014b5c                __fpclassifyd
 .text          0x02014bb8       0x50 c:/devkitpro/devkitarm/bin/../lib/gcc/arm-none-eabi/4.7.1/../../../../arm-none-eabi/lib/thumb\libg.a(lib_a-strcasecmp.o)
                0x02014bb8                strcasecmp
 .text          0x02014c08       0x50 c:/devkitpro/devkitarm/bin/../lib/gcc/arm-none-eabi/4.7.1/../../../../arm-none-eabi/lib/thumb\libg.a(lib_a-strcat.o)
                0x02014c08                strcat
 .text          0x02014c58       0xd4 c:/devkitpro/devkitarm/bin/../lib/gcc/arm-none-eabi/4.7.1/../../../../arm-none-eabi/lib/thumb\libg.a(lib_a-strchr.o)
                0x02014c58                strchr
 .text          0x02014d2c       0x10 c:/devkitpro/devkitarm/bin/../lib/gcc/arm-none-eabi/4.7.1/../../../../arm-none-eabi/lib/thumb\libg.a(lib_a-strcpy.o)
                0x02014d2c                strcpy
 .text          0x02014d3c       0x48 c:/devkitpro/devkitarm/bin/../lib/gcc/arm-none-eabi/4.7.1/../../../../arm-none-eabi/lib/thumb\libg.a(lib_a-strlcpy.o)
                0x02014d3c                strlcpy
 .text          0x02014d84       0x60 c:/devkitpro/devkitarm/bin/../lib/gcc/arm-none-eabi/4.7.1/../../../../arm-none-eabi/lib/thumb\libg.a(lib_a-strncasecmp.o)
                0x02014d84                strncasecmp
 .text          0x02014de4       0x60 c:/devkitpro/devkitarm/bin/../lib/gcc/arm-none-eabi/4.7.1/../../../../arm-none-eabi/lib/thumb\libg.a(lib_a-strncpy.o)
                0x02014de4                strncpy
 *fill*         0x02014e44        0x4 ff
 .text          0x02014e48      0x208 c:/devkitpro/devkitarm/bin/../lib/gcc/arm-none-eabi/4.7.1/../../../../arm-none-eabi/lib/thumb\libg.a(lib_a-strtoll_r.o)
                0x02014e48                _strtoll_r
 .text          0x02015050      0x190 c:/devkitpro/devkitarm/bin/../lib/gcc/arm-none-eabi/4.7.1/../../../../arm-none-eabi/lib/thumb\libg.a(lib_a-strtol.o)
                0x02015050                _strtol_r
                0x020151c0                strtol
 .text          0x020151e0      0x238 c:/devkitpro/devkitarm/bin/../lib/gcc/arm-none-eabi/4.7.1/../../../../arm-none-eabi/lib/thumb\libg.a(lib_a-strtoull_r.o)
                0x020151e0                _strtoull_r
 .text          0x02015418      0x198 c:/devkitpro/devkitarm/bin/../lib/gcc/arm-none-eabi/4.7.1/../../../../arm-none-eabi/lib/thumb\libg.a(lib_a-strtoul.o)
                0x02015418                _strtoul_r
                0x02015590                strtoul
 .text          0x020155b0      0xeb4 c:/devkitpro/devkitarm/bin/../lib/gcc/arm-none-eabi/4.7.1/../../../../arm-none-eabi/lib/thumb\libg.a(lib_a-svfiprintf.o)
                0x020155b0                __ssprint_r
                0x020156e0                _svfiprintf_r
 .text          0x02016464      0x150 c:/devkitpro/devkitarm/bin/../lib/gcc/arm-none-eabi/4.7.1/../../../../arm-none-eabi/lib/thumb\libg.a(lib_a-wcsnrtombs.o)
                0x02016464                _wcsnrtombs_r
                0x02016584                wcsnrtombs
 .text          0x020165b4       0x64 c:/devkitpro/devkitarm/bin/../lib/gcc/arm-none-eabi/4.7.1/../../../../arm-none-eabi/lib/thumb\libg.a(lib_a-callocr.o)
                0x020165b4                _calloc_r
 .text          0x02016618       0xa8 c:/devkitpro/devkitarm/bin/../lib/gcc/arm-none-eabi/4.7.1/../../../../arm-none-eabi/lib/thumb\libg.a(lib_a-getenv_r.o)
                0x02016618                _findenv_r
                0x020166b0                _getenv_r
 .text          0x020166c0        0x0 c:/devkitpro/devkitarm/bin/../lib/gcc/arm-none-eabi/4.7.1/../../../../arm-none-eabi/lib/thumb\libg.a(lib_a-environ.o)
 .text          0x020166c0        0x8 c:/devkitpro/devkitarm/bin/../lib/gcc/arm-none-eabi/4.7.1/../../../../arm-none-eabi/lib/thumb\libg.a(lib_a-envlock.o)
                0x020166c0                __env_lock
                0x020166c4                __env_unlock
 .text          0x020166c8      0x144 c:/devkitpro/devkitarm/bin/../lib/gcc/arm-none-eabi/4.7.1/../../../../arm-none-eabi/lib/thumb\libsysbase.a(iosupport.o)
                0x020166c8                setDefaultDevice
                0x020166dc                FindDevice
                0x0201674c                RemoveDevice
                0x02016770                AddDevice
                0x020167ec                GetDeviceOpTab
 .text          0x0201680c       0x50 c:/devkitpro/devkitarm/bin/../lib/gcc/arm-none-eabi/4.7.1/../../../../arm-none-eabi/lib/thumb\libsysbase.a(close.o)
                0x0201680c                _close_r
 .text          0x0201685c       0x50 c:/devkitpro/devkitarm/bin/../lib/gcc/arm-none-eabi/4.7.1/../../../../arm-none-eabi/lib/thumb\libsysbase.a(fstat.o)
                0x0201685c                _fstat_r
 .text          0x020168ac        0xc c:/devkitpro/devkitarm/bin/../lib/gcc/arm-none-eabi/4.7.1/../../../../arm-none-eabi/lib/thumb\libsysbase.a(getpid.o)
                0x020168ac                _getpid_r
 .text          0x020168b8        0x4 c:/devkitpro/devkitarm/bin/../lib/gcc/arm-none-eabi/4.7.1/../../../../arm-none-eabi/lib/thumb\libsysbase.a(isatty.o)
                0x020168b8                _isatty_r
 .text          0x020168bc        0xc c:/devkitpro/devkitarm/bin/../lib/gcc/arm-none-eabi/4.7.1/../../../../arm-none-eabi/lib/thumb\libsysbase.a(kill.o)
                0x020168bc                _kill_r
 .text          0x020168c8       0x50 c:/devkitpro/devkitarm/bin/../lib/gcc/arm-none-eabi/4.7.1/../../../../arm-none-eabi/lib/thumb\libsysbase.a(lseek.o)
                0x020168c8                _lseek_r
 .text          0x02016918       0xa0 c:/devkitpro/devkitarm/bin/../lib/gcc/arm-none-eabi/4.7.1/../../../../arm-none-eabi/lib/thumb\libsysbase.a(open.o)
                0x02016918                _open_r
 .text          0x020169b8       0x50 c:/devkitpro/devkitarm/bin/../lib/gcc/arm-none-eabi/4.7.1/../../../../arm-none-eabi/lib/thumb\libsysbase.a(read.o)
                0x020169b8                _read_r
 .text          0x02016a08       0x54 c:/devkitpro/devkitarm/bin/../lib/gcc/arm-none-eabi/4.7.1/../../../../arm-none-eabi/lib/thumb\libsysbase.a(sbrk.o)
                0x02016a08                _sbrk_r
 .text          0x02016a5c       0x44 c:/devkitpro/devkitarm/bin/../lib/gcc/arm-none-eabi/4.7.1/../../../../arm-none-eabi/lib/thumb\libsysbase.a(times.o)
                0x02016a5c                _times
                0x02016a70                _times_r
                0x02016a78                _gettimeofday_r
 .text          0x02016aa0       0x58 c:/devkitpro/devkitarm/bin/../lib/gcc/arm-none-eabi/4.7.1/../../../../arm-none-eabi/lib/thumb\libsysbase.a(write.o)
                0x02016aa0                _write_r
 .text          0x02016af8       0x18 c:/devkitpro/devkitarm/bin/../lib/gcc/arm-none-eabi/4.7.1/../../../../arm-none-eabi/lib/thumb\libsysbase.a(_exit.o)
                0x02016af8                _exit
 .text          0x02016b10        0x0 c:/devkitpro/devkitarm/bin/../lib/gcc/arm-none-eabi/4.7.1/../../../../arm-none-eabi/lib/thumb\libsysbase.a(malloc_vars.o)
 .text          0x02016b10       0x4c c:/devkitpro/devkitarm/bin/../lib/gcc/arm-none-eabi/4.7.1/../../../../arm-none-eabi/lib/thumb\libsysbase.a(build_argv.o)
                0x02016b10                build_argv
 .text          0x02016b5c        0x0 c:/devkitpro/devkitarm/bin/../lib/gcc/arm-none-eabi/4.7.1/../../../../arm-none-eabi/lib/thumb\libsysbase.a(syscall_support.o)
 .text          0x02016b5c       0x84 c:/devkitpro/devkitarm/bin/../lib/gcc/arm-none-eabi/4.7.1/../../../../arm-none-eabi/lib/thumb\libsysbase.a(handle_manager.o)
                0x02016b5c                __release_handle
                0x02016b88                __alloc_handle
                0x02016bc0                __get_handle
 .text          0x02016be0      0x41c c:/devkitpro/devkitarm/bin/../lib/gcc/arm-none-eabi/4.7.1/thumb\libgcc.a(_arm_addsubdf3.o)
                0x02016be0                __aeabi_drsub
                0x02016be8                __aeabi_dsub
                0x02016be8                __subdf3
                0x02016bec                __aeabi_dadd
                0x02016bec                __adddf3
                0x02016efc                __floatunsidf
                0x02016efc                __aeabi_ui2d
                0x02016f20                __floatsidf
                0x02016f20                __aeabi_i2d
                0x02016f48                __aeabi_f2d
                0x02016f48                __extendsfdf2
                0x02016f88                __floatundidf
                0x02016f88                __aeabi_ul2d
                0x02016f9c                __floatdidf
                0x02016f9c                __aeabi_l2d
 .text          0x02016ffc      0x49c c:/devkitpro/devkitarm/bin/../lib/gcc/arm-none-eabi/4.7.1/thumb\libgcc.a(_arm_muldivdf3.o)
                0x02016ffc                __aeabi_dmul
                0x02016ffc                __muldf3
                0x0201728c                __divdf3
                0x0201728c                __aeabi_ddiv
 .text          0x02017498      0x144 c:/devkitpro/devkitarm/bin/../lib/gcc/arm-none-eabi/4.7.1/thumb\libgcc.a(_arm_cmpdf2.o)
                0x02017498                __gtdf2
                0x02017498                __gedf2
                0x020174a0                __ltdf2
                0x020174a0                __ledf2
                0x020174a8                __nedf2
                0x020174a8                __eqdf2
                0x020174a8                __cmpdf2
                0x02017530                __aeabi_cdrcmple
                0x0201754c                __aeabi_cdcmpeq
                0x0201754c                __aeabi_cdcmple
                0x02017564                __aeabi_dcmpeq
                0x0201757c                __aeabi_dcmplt
                0x02017594                __aeabi_dcmple
                0x020175ac                __aeabi_dcmpge
                0x020175c4                __aeabi_dcmpgt
 .text          0x020175dc       0x5c c:/devkitpro/devkitarm/bin/../lib/gcc/arm-none-eabi/4.7.1/thumb\libgcc.a(_arm_fixdfsi.o)
                0x020175dc                __aeabi_d2iz
                0x020175dc                __fixdfsi
 .text          0x02017638       0x3c c:/devkitpro/devkitarm/bin/../lib/gcc/arm-none-eabi/4.7.1/thumb\libgcc.a(_aeabi_uldivmod.o)
                0x02017638                __aeabi_uldivmod
 .text          0x02017674       0x4c c:/devkitpro/devkitarm/bin/../lib/gcc/arm-none-eabi/4.7.1/thumb\libgcc.a(_muldi3.o)
                0x02017674                __muldi3
                0x02017674                __aeabi_lmul
 .text          0x020176c0       0x7c c:/devkitpro/devkitarm/bin/../lib/gcc/arm-none-eabi/4.7.1/thumb\libgcc.a(bpabi.o)
                0x020176c0                __gnu_ldivmod_helper
                0x02017700                __gnu_uldivmod_helper
 .text          0x0201773c      0x3d4 c:/devkitpro/devkitarm/bin/../lib/gcc/arm-none-eabi/4.7.1/thumb\libgcc.a(_divdi3.o)
                0x0201773c                __divdi3
 .text          0x02017b10      0x3a0 c:/devkitpro/devkitarm/bin/../lib/gcc/arm-none-eabi/4.7.1/thumb\libgcc.a(_udivdi3.o)
                0x02017b10                __udivdi3
 .text          0x02017eb0       0x48 c:/devkitpro/devkitarm/bin/../lib/gcc/arm-none-eabi/4.7.1/thumb\libgcc.a(_clzsi2.o)
                0x02017eb0                __clzsi2
 .text          0x02017ef8        0xc c:/devkitpro/devkitarm/bin/../lib/gcc/arm-none-eabi/4.7.1/../../../../arm-none-eabi/lib/thumb\libg.a(lib_a-errno.o)
                0x02017ef8                __errno
 .text          0x02017f04        0x0 c:/devkitpro/devkitarm/bin/../lib/gcc/arm-none-eabi/4.7.1/thumb/crtend.o
 .text          0x02017f04        0x0 c:/devkitpro/devkitarm/bin/../lib/gcc/arm-none-eabi/4.7.1/thumb/crtn.o
 *(.text.*)
 .text._ZNSt6vectorIP5BlockSaIS1_EE13_M_insert_auxEN9__gnu_cxx17__normal_iteratorIPS1_S3_EERKS1_
                0x02017f04       0xec ClassDefinitions.o
                0x02017f04                std::vector<Block*, std::allocator<Block*> >::_M_insert_aux(__gnu_cxx::__normal_iterator<Block**, std::vector<Block*, std::allocator<Block*> > >, Block* const&)
 .text._ZN6Level1D2Ev
                0x02017ff0       0x18 Levels.o
                0x02017ff0                Level1::~Level1()
                0x02017ff0                Level1::~Level1()
 .text._ZN13LevelMainMenuD2Ev
                0x02018008       0x18 Levels.o
                0x02018008                LevelMainMenu::~LevelMainMenu()
                0x02018008                LevelMainMenu::~LevelMainMenu()
 .text._ZN13LevelMainMenuD0Ev
                0x02018020       0x1c Levels.o
                0x02018020                LevelMainMenu::~LevelMainMenu()
 .text._ZN6Level1D0Ev
                0x0201803c       0x1c Levels.o
                0x0201803c                Level1::~Level1()
 .text.startup  0x02018058       0x4c main.o
                0x02018058                main
 .text._Znwj    0x020180a4       0x60 c:/devkitpro/devkitarm/bin/../lib/gcc/arm-none-eabi/4.7.1/../../../../arm-none-eabi/lib/thumb\libstdc++.a(new_op.o)
                0x020180a4                operator new(unsigned int)
 .text._ZN10__cxxabiv1L24__is_gxx_exception_classEPc
                0x02018104       0x40 c:/devkitpro/devkitarm/bin/../lib/gcc/arm-none-eabi/4.7.1/../../../../arm-none-eabi/lib/thumb\libstdc++.a(eh_call.o)
 .text.__cxa_call_terminate
                0x02018144       0x24 c:/devkitpro/devkitarm/bin/../lib/gcc/arm-none-eabi/4.7.1/../../../../arm-none-eabi/lib/thumb\libstdc++.a(eh_call.o)
                0x02018144                __cxa_call_terminate
 .text.__cxa_call_unexpected
                0x02018168       0xec c:/devkitpro/devkitarm/bin/../lib/gcc/arm-none-eabi/4.7.1/../../../../arm-none-eabi/lib/thumb\libstdc++.a(eh_call.o)
                0x02018168                __cxa_call_unexpected
 .text._ZL12read_sleb128PKhPl
                0x02018254       0x34 c:/devkitpro/devkitarm/bin/../lib/gcc/arm-none-eabi/4.7.1/../../../../arm-none-eabi/lib/thumb\libstdc++.a(eh_personality.o)
 .text._ZL28read_encoded_value_with_basehjPKhPj
                0x02018288       0xd8 c:/devkitpro/devkitarm/bin/../lib/gcc/arm-none-eabi/4.7.1/../../../../arm-none-eabi/lib/thumb\libstdc++.a(eh_personality.o)
 .text._ZL21base_of_encoded_valuehP15_Unwind_Context
                0x02018360       0x4c c:/devkitpro/devkitarm/bin/../lib/gcc/arm-none-eabi/4.7.1/../../../../arm-none-eabi/lib/thumb\libstdc++.a(eh_personality.o)
 .text._ZL17parse_lsda_headerP15_Unwind_ContextPKhP16lsda_header_info
                0x020183ac       0x98 c:/devkitpro/devkitarm/bin/../lib/gcc/arm-none-eabi/4.7.1/../../../../arm-none-eabi/lib/thumb\libstdc++.a(eh_personality.o)
 .text.__gxx_personality_v0
                0x02018444      0x3ec c:/devkitpro/devkitarm/bin/../lib/gcc/arm-none-eabi/4.7.1/../../../../arm-none-eabi/lib/thumb\libstdc++.a(eh_personality.o)
                0x02018444                __gxx_personality_v0
 .text._ZdlPv   0x02018830       0x10 c:/devkitpro/devkitarm/bin/../lib/gcc/arm-none-eabi/4.7.1/../../../../arm-none-eabi/lib/thumb\libstdc++.a(del_op.o)
                0x02018830                operator delete(void*)
 .text._ZN10__cxxabiv111__terminateEPFvvE
                0x02018840       0x2c c:/devkitpro/devkitarm/bin/../lib/gcc/arm-none-eabi/4.7.1/../../../../arm-none-eabi/lib/thumb\libstdc++.a(eh_terminate.o)
                0x02018840                __cxxabiv1::__terminate(void (*)())
 .text._ZSt9terminatev
                0x0201886c       0x10 c:/devkitpro/devkitarm/bin/../lib/gcc/arm-none-eabi/4.7.1/../../../../arm-none-eabi/lib/thumb\libstdc++.a(eh_terminate.o)
                0x0201886c                std::terminate()
 .text._ZN10__cxxabiv112__unexpectedEPFvvE
                0x0201887c        0xc c:/devkitpro/devkitarm/bin/../lib/gcc/arm-none-eabi/4.7.1/../../../../arm-none-eabi/lib/thumb\libstdc++.a(eh_terminate.o)
                0x0201887c                __cxxabiv1::__unexpected(void (*)())
 .text._ZSt10unexpectedv
                0x02018888       0x10 c:/devkitpro/devkitarm/bin/../lib/gcc/arm-none-eabi/4.7.1/../../../../arm-none-eabi/lib/thumb\libstdc++.a(eh_terminate.o)
                0x02018888                std::unexpected()
 .text._ZSt13set_terminatePFvvE
                0x02018898       0x10 c:/devkitpro/devkitarm/bin/../lib/gcc/arm-none-eabi/4.7.1/../../../../arm-none-eabi/lib/thumb\libstdc++.a(eh_terminate.o)
                0x02018898                std::set_terminate(void (*)())
 .text._ZSt14set_unexpectedPFvvE
                0x020188a8       0x10 c:/devkitpro/devkitarm/bin/../lib/gcc/arm-none-eabi/4.7.1/../../../../arm-none-eabi/lib/thumb\libstdc++.a(eh_terminate.o)
                0x020188a8                std::set_unexpected(void (*)())
 .text._ZNSt9exceptionD2Ev
                0x020188b8        0xc c:/devkitpro/devkitarm/bin/../lib/gcc/arm-none-eabi/4.7.1/../../../../arm-none-eabi/lib/thumb\libstdc++.a(eh_exception.o)
                0x020188b8                std::exception::~exception()
                0x020188b8                std::exception::~exception()
 .text._ZNSt13bad_exceptionD2Ev
                0x020188c4        0xc c:/devkitpro/devkitarm/bin/../lib/gcc/arm-none-eabi/4.7.1/../../../../arm-none-eabi/lib/thumb\libstdc++.a(eh_exception.o)
                0x020188c4                std::bad_exception::~bad_exception()
                0x020188c4                std::bad_exception::~bad_exception()
 .text._ZN10__cxxabiv115__forced_unwindD2Ev
                0x020188d0        0xc c:/devkitpro/devkitarm/bin/../lib/gcc/arm-none-eabi/4.7.1/../../../../arm-none-eabi/lib/thumb\libstdc++.a(eh_exception.o)
                0x020188d0                __cxxabiv1::__forced_unwind::~__forced_unwind()
                0x020188d0                __cxxabiv1::__forced_unwind::~__forced_unwind()
 .text._ZN10__cxxabiv119__foreign_exceptionD2Ev
                0x020188dc        0xc c:/devkitpro/devkitarm/bin/../lib/gcc/arm-none-eabi/4.7.1/../../../../arm-none-eabi/lib/thumb\libstdc++.a(eh_exception.o)
                0x020188dc                __cxxabiv1::__foreign_exception::~__foreign_exception()
                0x020188dc                __cxxabiv1::__foreign_exception::~__foreign_exception()
 .text._ZNKSt9exception4whatEv
                0x020188e8        0x8 c:/devkitpro/devkitarm/bin/../lib/gcc/arm-none-eabi/4.7.1/../../../../arm-none-eabi/lib/thumb\libstdc++.a(eh_exception.o)
                0x020188e8                std::exception::what() const
 .text._ZNKSt13bad_exception4whatEv
                0x020188f0        0x8 c:/devkitpro/devkitarm/bin/../lib/gcc/arm-none-eabi/4.7.1/../../../../arm-none-eabi/lib/thumb\libstdc++.a(eh_exception.o)
                0x020188f0                std::bad_exception::what() const
 .text._ZN10__cxxabiv119__foreign_exceptionD0Ev
                0x020188f8       0x1c c:/devkitpro/devkitarm/bin/../lib/gcc/arm-none-eabi/4.7.1/../../../../arm-none-eabi/lib/thumb\libstdc++.a(eh_exception.o)
                0x020188f8                __cxxabiv1::__foreign_exception::~__foreign_exception()
 .text._ZN10__cxxabiv115__forced_unwindD0Ev
                0x02018914       0x1c c:/devkitpro/devkitarm/bin/../lib/gcc/arm-none-eabi/4.7.1/../../../../arm-none-eabi/lib/thumb\libstdc++.a(eh_exception.o)
                0x02018914                __cxxabiv1::__forced_unwind::~__forced_unwind()
 .text._ZNSt9exceptionD0Ev
                0x02018930       0x1c c:/devkitpro/devkitarm/bin/../lib/gcc/arm-none-eabi/4.7.1/../../../../arm-none-eabi/lib/thumb\libstdc++.a(eh_exception.o)
                0x02018930                std::exception::~exception()
 .text._ZNSt13bad_exceptionD0Ev
                0x0201894c       0x1c c:/devkitpro/devkitarm/bin/../lib/gcc/arm-none-eabi/4.7.1/../../../../arm-none-eabi/lib/thumb\libstdc++.a(eh_exception.o)
                0x0201894c                std::bad_exception::~bad_exception()
 .text.__cxa_allocate_exception
                0x02018968       0x68 c:/devkitpro/devkitarm/bin/../lib/gcc/arm-none-eabi/4.7.1/../../../../arm-none-eabi/lib/thumb\libstdc++.a(eh_alloc.o)
                0x02018968                __cxa_allocate_exception
 .text.__cxa_free_exception
                0x020189d0       0x38 c:/devkitpro/devkitarm/bin/../lib/gcc/arm-none-eabi/4.7.1/../../../../arm-none-eabi/lib/thumb\libstdc++.a(eh_alloc.o)
                0x020189d0                __cxa_free_exception
 .text.__cxa_allocate_dependent_exception
                0x02018a08       0x60 c:/devkitpro/devkitarm/bin/../lib/gcc/arm-none-eabi/4.7.1/../../../../arm-none-eabi/lib/thumb\libstdc++.a(eh_alloc.o)
                0x02018a08                __cxa_allocate_dependent_exception
 .text.__cxa_free_dependent_exception
                0x02018a68       0x3c c:/devkitpro/devkitarm/bin/../lib/gcc/arm-none-eabi/4.7.1/../../../../arm-none-eabi/lib/thumb\libstdc++.a(eh_alloc.o)
                0x02018a68                __cxa_free_dependent_exception
 .text._ZNKSt9bad_alloc4whatEv
                0x02018aa4        0x8 c:/devkitpro/devkitarm/bin/../lib/gcc/arm-none-eabi/4.7.1/../../../../arm-none-eabi/lib/thumb\libstdc++.a(bad_alloc.o)
                0x02018aa4                std::bad_alloc::what() const
 .text._ZNSt9bad_allocD2Ev
                0x02018aac       0x1c c:/devkitpro/devkitarm/bin/../lib/gcc/arm-none-eabi/4.7.1/../../../../arm-none-eabi/lib/thumb\libstdc++.a(bad_alloc.o)
                0x02018aac                std::bad_alloc::~bad_alloc()
                0x02018aac                std::bad_alloc::~bad_alloc()
 .text._ZNSt9bad_allocD0Ev
                0x02018ac8       0x18 c:/devkitpro/devkitarm/bin/../lib/gcc/arm-none-eabi/4.7.1/../../../../arm-none-eabi/lib/thumb\libstdc++.a(bad_alloc.o)
                0x02018ac8                std::bad_alloc::~bad_alloc()
 .text._ZNK10__cxxabiv117__class_type_info11__do_upcastEPKS0_PPv
                0x02018ae0       0x40 c:/devkitpro/devkitarm/bin/../lib/gcc/arm-none-eabi/4.7.1/../../../../arm-none-eabi/lib/thumb\libstdc++.a(class_type_info.o)
                0x02018ae0                __cxxabiv1::__class_type_info::__do_upcast(__cxxabiv1::__class_type_info const*, void**) const
 .text._ZNK10__cxxabiv117__class_type_info20__do_find_public_srcEiPKvPKS0_S2_
                0x02018b20       0x14 c:/devkitpro/devkitarm/bin/../lib/gcc/arm-none-eabi/4.7.1/../../../../arm-none-eabi/lib/thumb\libstdc++.a(class_type_info.o)
                0x02018b20                __cxxabiv1::__class_type_info::__do_find_public_src(int, void const*, __cxxabiv1::__class_type_info const*, void const*) const
 .text._ZNK10__cxxabiv117__class_type_info11__do_upcastEPKS0_PKvRNS0_15__upcast_resultE
                0x02018b34       0x24 c:/devkitpro/devkitarm/bin/../lib/gcc/arm-none-eabi/4.7.1/../../../../arm-none-eabi/lib/thumb\libstdc++.a(class_type_info.o)
                0x02018b34                __cxxabiv1::__class_type_info::__do_upcast(__cxxabiv1::__class_type_info const*, void const*, __cxxabiv1::__class_type_info::__upcast_result&) const
 .text._ZN10__cxxabiv117__class_type_infoD2Ev
                0x02018b58       0x1c c:/devkitpro/devkitarm/bin/../lib/gcc/arm-none-eabi/4.7.1/../../../../arm-none-eabi/lib/thumb\libstdc++.a(class_type_info.o)
                0x02018b58                __cxxabiv1::__class_type_info::~__class_type_info()
                0x02018b58                __cxxabiv1::__class_type_info::~__class_type_info()
 .text._ZN10__cxxabiv117__class_type_infoD0Ev
                0x02018b74       0x18 c:/devkitpro/devkitarm/bin/../lib/gcc/arm-none-eabi/4.7.1/../../../../arm-none-eabi/lib/thumb\libstdc++.a(class_type_info.o)
                0x02018b74                __cxxabiv1::__class_type_info::~__class_type_info()
 .text._ZNK10__cxxabiv117__class_type_info12__do_dyncastEiNS0_10__sub_kindEPKS0_PKvS3_S5_RNS0_16__dyncast_resultE
                0x02018b8c       0x44 c:/devkitpro/devkitarm/bin/../lib/gcc/arm-none-eabi/4.7.1/../../../../arm-none-eabi/lib/thumb\libstdc++.a(class_type_info.o)
                0x02018b8c                __cxxabiv1::__class_type_info::__do_dyncast(int, __cxxabiv1::__class_type_info::__sub_kind, __cxxabiv1::__class_type_info const*, void const*, __cxxabiv1::__class_type_info const*, void const*, __cxxabiv1::__class_type_info::__dyncast_result&) const
 .text._ZNK10__cxxabiv117__class_type_info10__do_catchEPKSt9type_infoPPvj
                0x02018bd0       0x40 c:/devkitpro/devkitarm/bin/../lib/gcc/arm-none-eabi/4.7.1/../../../../arm-none-eabi/lib/thumb\libstdc++.a(class_type_info.o)
                0x02018bd0                __cxxabiv1::__class_type_info::__do_catch(std::type_info const*, void**, unsigned int) const
 .text._ZSt15set_new_handlerPFvvE
                0x02018c10       0x10 c:/devkitpro/devkitarm/bin/../lib/gcc/arm-none-eabi/4.7.1/../../../../arm-none-eabi/lib/thumb\libstdc++.a(new_handler.o)
                0x02018c10                std::set_new_handler(void (*)())
 .text.__cxa_end_cleanup
                0x02018c20        0xc c:/devkitpro/devkitarm/bin/../lib/gcc/arm-none-eabi/4.7.1/../../../../arm-none-eabi/lib/thumb\libstdc++.a(eh_arm.o)
                0x02018c20                __cxa_end_cleanup
 .text.__cxa_type_match
                0x02018c2c       0xcc c:/devkitpro/devkitarm/bin/../lib/gcc/arm-none-eabi/4.7.1/../../../../arm-none-eabi/lib/thumb\libstdc++.a(eh_arm.o)
                0x02018c2c                __cxa_type_match
 .text.__cxa_begin_cleanup
                0x02018cf8       0x64 c:/devkitpro/devkitarm/bin/../lib/gcc/arm-none-eabi/4.7.1/../../../../arm-none-eabi/lib/thumb\libstdc++.a(eh_arm.o)
                0x02018cf8                __cxa_begin_cleanup
 .text.__gnu_end_cleanup
                0x02018d5c       0x74 c:/devkitpro/devkitarm/bin/../lib/gcc/arm-none-eabi/4.7.1/../../../../arm-none-eabi/lib/thumb\libstdc++.a(eh_arm.o)
                0x02018d5c                __gnu_end_cleanup
 .text._ZL23__gxx_exception_cleanup19_Unwind_Reason_CodeP21_Unwind_Control_Block
                0x02018dd0       0x30 c:/devkitpro/devkitarm/bin/../lib/gcc/arm-none-eabi/4.7.1/../../../../arm-none-eabi/lib/thumb\libstdc++.a(eh_throw.o)
 .text.__cxa_throw
                0x02018e00       0x68 c:/devkitpro/devkitarm/bin/../lib/gcc/arm-none-eabi/4.7.1/../../../../arm-none-eabi/lib/thumb\libstdc++.a(eh_throw.o)
                0x02018e00                __cxa_throw
 .text.__cxa_rethrow
                0x02018e68       0x74 c:/devkitpro/devkitarm/bin/../lib/gcc/arm-none-eabi/4.7.1/../../../../arm-none-eabi/lib/thumb\libstdc++.a(eh_throw.o)
                0x02018e68                __cxa_rethrow
 .text.__cxa_pure_virtual
                0x02018edc       0x14 c:/devkitpro/devkitarm/bin/../lib/gcc/arm-none-eabi/4.7.1/../../../../arm-none-eabi/lib/thumb\libstdc++.a(pure.o)
                0x02018edc                __cxa_pure_virtual
 .text.__cxa_deleted_virtual
                0x02018ef0       0x14 c:/devkitpro/devkitarm/bin/../lib/gcc/arm-none-eabi/4.7.1/../../../../arm-none-eabi/lib/thumb\libstdc++.a(pure.o)
                0x02018ef0                __cxa_deleted_virtual
 .text.__cxa_get_globals_fast
                0x02018f04        0x8 c:/devkitpro/devkitarm/bin/../lib/gcc/arm-none-eabi/4.7.1/../../../../arm-none-eabi/lib/thumb\libstdc++.a(eh_globals.o)
                0x02018f04                __cxa_get_globals_fast
 .text.__cxa_get_globals
                0x02018f0c        0x8 c:/devkitpro/devkitarm/bin/../lib/gcc/arm-none-eabi/4.7.1/../../../../arm-none-eabi/lib/thumb\libstdc++.a(eh_globals.o)
                0x02018f0c                __cxa_get_globals
 .text.__cxa_get_exception_ptr
                0x02018f14        0x4 c:/devkitpro/devkitarm/bin/../lib/gcc/arm-none-eabi/4.7.1/../../../../arm-none-eabi/lib/thumb\libstdc++.a(eh_catch.o)
                0x02018f14                __cxa_get_exception_ptr
 .text.__cxa_begin_catch
                0x02018f18       0x88 c:/devkitpro/devkitarm/bin/../lib/gcc/arm-none-eabi/4.7.1/../../../../arm-none-eabi/lib/thumb\libstdc++.a(eh_catch.o)
                0x02018f18                __cxa_begin_catch
 .text.__cxa_end_catch
                0x02018fa0       0x94 c:/devkitpro/devkitarm/bin/../lib/gcc/arm-none-eabi/4.7.1/../../../../arm-none-eabi/lib/thumb\libstdc++.a(eh_catch.o)
                0x02018fa0                __cxa_end_catch
 .text._ZSt18uncaught_exceptionv
                0x02019034       0x14 c:/devkitpro/devkitarm/bin/../lib/gcc/arm-none-eabi/4.7.1/../../../../arm-none-eabi/lib/thumb\libstdc++.a(eh_catch.o)
                0x02019034                std::uncaught_exception()
 .text._ZNK10__cxxabiv120__si_class_type_info12__do_dyncastEiNS_17__class_type_info10__sub_kindEPKS1_PKvS4_S6_RNS1_16__dyncast_resultE
                0x02019048       0x90 c:/devkitpro/devkitarm/bin/../lib/gcc/arm-none-eabi/4.7.1/../../../../arm-none-eabi/lib/thumb\libstdc++.a(si_class_type_info.o)
                0x02019048                __cxxabiv1::__si_class_type_info::__do_dyncast(int, __cxxabiv1::__class_type_info::__sub_kind, __cxxabiv1::__class_type_info const*, void const*, __cxxabiv1::__class_type_info const*, void const*, __cxxabiv1::__class_type_info::__dyncast_result&) const
 .text._ZN10__cxxabiv120__si_class_type_infoD2Ev
                0x020190d8       0x1c c:/devkitpro/devkitarm/bin/../lib/gcc/arm-none-eabi/4.7.1/../../../../arm-none-eabi/lib/thumb\libstdc++.a(si_class_type_info.o)
                0x020190d8                __cxxabiv1::__si_class_type_info::~__si_class_type_info()
                0x020190d8                __cxxabiv1::__si_class_type_info::~__si_class_type_info()
 .text._ZN10__cxxabiv120__si_class_type_infoD0Ev
                0x020190f4       0x18 c:/devkitpro/devkitarm/bin/../lib/gcc/arm-none-eabi/4.7.1/../../../../arm-none-eabi/lib/thumb\libstdc++.a(si_class_type_info.o)
                0x020190f4                __cxxabiv1::__si_class_type_info::~__si_class_type_info()
 .text._ZNK10__cxxabiv120__si_class_type_info11__do_upcastEPKNS_17__class_type_infoEPKvRNS1_15__upcast_resultE
                0x0201910c       0x30 c:/devkitpro/devkitarm/bin/../lib/gcc/arm-none-eabi/4.7.1/../../../../arm-none-eabi/lib/thumb\libstdc++.a(si_class_type_info.o)
                0x0201910c                __cxxabiv1::__si_class_type_info::__do_upcast(__cxxabiv1::__class_type_info const*, void const*, __cxxabiv1::__class_type_info::__upcast_result&) const
 .text._ZNK10__cxxabiv120__si_class_type_info20__do_find_public_srcEiPKvPKNS_17__class_type_infoES2_
                0x0201913c       0x40 c:/devkitpro/devkitarm/bin/../lib/gcc/arm-none-eabi/4.7.1/../../../../arm-none-eabi/lib/thumb\libstdc++.a(si_class_type_info.o)
                0x0201913c                __cxxabiv1::__si_class_type_info::__do_find_public_src(int, void const*, __cxxabiv1::__class_type_info const*, void const*) const
 .text._ZNSt9type_infoD2Ev
                0x0201917c        0xc c:/devkitpro/devkitarm/bin/../lib/gcc/arm-none-eabi/4.7.1/../../../../arm-none-eabi/lib/thumb\libstdc++.a(tinfo.o)
                0x0201917c                std::type_info::~type_info()
                0x0201917c                std::type_info::~type_info()
 .text._ZNKSt9type_info14__is_pointer_pEv
                0x02019188        0x4 c:/devkitpro/devkitarm/bin/../lib/gcc/arm-none-eabi/4.7.1/../../../../arm-none-eabi/lib/thumb\libstdc++.a(tinfo.o)
                0x02019188                std::type_info::__is_pointer_p() const
 .text._ZNKSt9type_info15__is_function_pEv
                0x0201918c        0x4 c:/devkitpro/devkitarm/bin/../lib/gcc/arm-none-eabi/4.7.1/../../../../arm-none-eabi/lib/thumb\libstdc++.a(tinfo.o)
                0x0201918c                std::type_info::__is_function_p() const
 .text._ZNKSt9type_info11__do_upcastEPKN10__cxxabiv117__class_type_infoEPPv
                0x02019190        0x4 c:/devkitpro/devkitarm/bin/../lib/gcc/arm-none-eabi/4.7.1/../../../../arm-none-eabi/lib/thumb\libstdc++.a(tinfo.o)
                0x02019190                std::type_info::__do_upcast(__cxxabiv1::__class_type_info const*, void**) const
 .text._ZNSt9type_infoD0Ev
                0x02019194       0x1c c:/devkitpro/devkitarm/bin/../lib/gcc/arm-none-eabi/4.7.1/../../../../arm-none-eabi/lib/thumb\libstdc++.a(tinfo.o)
                0x02019194                std::type_info::~type_info()
 .text._ZNKSt9type_infoeqERKS_
                0x020191b0       0x30 c:/devkitpro/devkitarm/bin/../lib/gcc/arm-none-eabi/4.7.1/../../../../arm-none-eabi/lib/thumb\libstdc++.a(tinfo.o)
                0x020191b0                std::type_info::operator==(std::type_info const&) const
 .text._ZNKSt9type_info10__do_catchEPKS_PPvj
                0x020191e0        0xc c:/devkitpro/devkitarm/bin/../lib/gcc/arm-none-eabi/4.7.1/../../../../arm-none-eabi/lib/thumb\libstdc++.a(tinfo.o)
                0x020191e0                std::type_info::__do_catch(std::type_info const*, void**, unsigned int) const
 .text._ZN9__gnu_cxx27__verbose_terminate_handlerEv
                0x020191ec      0x11c c:/devkitpro/devkitarm/bin/../lib/gcc/arm-none-eabi/4.7.1/../../../../arm-none-eabi/lib/thumb\libstdc++.a(vterminate.o)
                0x020191ec                __gnu_cxx::__verbose_terminate_handler()
 .text.__cxa_current_exception_type
                0x02019308       0x28 c:/devkitpro/devkitarm/bin/../lib/gcc/arm-none-eabi/4.7.1/../../../../arm-none-eabi/lib/thumb\libstdc++.a(eh_type.o)
                0x02019308                __cxa_current_exception_type
 .text.__cxa_current_exception_type.stub
                0x02019330      0x140 linker stubs
 *(.stub)
 *(.gnu.warning)
 *(.gnu.linkonce.t*)
 *(.glue_7)
 .glue_7        0x00000000        0x0 linker stubs
 *(.glue_7t)
 .glue_7t       0x00000000        0x0 linker stubs
                0x02019470                . = ALIGN (0x4)

.vfp11_veneer   0x02019480        0x0
 .vfp11_veneer  0x00000000        0x0 linker stubs

.v4_bx          0x02019480        0x0
 .v4_bx         0x00000000        0x0 linker stubs

.iplt           0x02019480        0x0
 .iplt          0x00000000        0x0 c:/devkitpro/devkitarm/bin/../lib/gcc/arm-none-eabi/4.7.1/../../../../arm-none-eabi/lib/thumb/ds_arm9_crt0.o

.fini           0x02019480        0xc
 *(.fini)
 .fini          0x02019480        0x4 c:/devkitpro/devkitarm/bin/../lib/gcc/arm-none-eabi/4.7.1/thumb/crti.o
                0x02019480                _fini
 .fini          0x02019484        0x8 c:/devkitpro/devkitarm/bin/../lib/gcc/arm-none-eabi/4.7.1/thumb/crtn.o
                0x0201948c                __text_end = .

.rodata         0x02019490   0x1a208c
 *(.rodata)
 .rodata        0x02019490   0x181718 soundbank.bin.o
                0x02019490                soundbank_bin
                0x0219aba4                soundbank_bin_size
                0x0219aba4                soundbank_bin_end
 .rodata        0x0219aba8       0x80 Blocks.o
                0x0219aba8                vtable for Door
                0x0219abc8                vtable for Triggerable
                0x0219abe8                vtable for Actuator
                0x0219ac08                vtable for Plate
 .rodata        0x0219ac28       0x58 ClassDefinitions.o
                0x0219ac28                vtable for Level
                0x0219ac48                vtable for Entity
                0x0219ac60                vtable for Block
 .rodata        0x0219ac80       0x48 Entities.o
                0x0219ac80                vtable for Player
                0x0219ac98                vtable for Mob
                0x0219acb0                vtable for Rock
 .rodata        0x0219acc8       0x40 Levels.o
                0x0219acc8                vtable for Level1
                0x0219ace8                vtable for LevelMainMenu
 .rodata        0x0219ad08       0x60 LevelMainMenu.o
                0x0219ad08                LevelMainMenuBitmap
 .rodata        0x0219ad68      0x100 LevelTest.o
                0x0219ad68                LevelTestBitmap
 .rodata        0x0219ae68     0x8200 Sprites.o
                0x0219ae68                SpritesPal
                0x0219b068                SpritesTiles
 .rodata        0x021a3068    0x10200 Tileset.o
                0x021a3068                TilesetPal
                0x021a3268                TilesetTiles
 .rodata        0x021b3268      0x200 c:/devkitPro/libnds/lib\libnds9.a(console.o)
 .rodata        0x021b3468      0x308 c:/devkitPro/libnds/lib\libnds9.a(trig.o)
                0x021b3468                SIN_LUT
                0x021b356c                TAN_LUT
 .rodata        0x021b3770     0x2004 c:/devkitPro/libnds/lib\libnds9.a(default_font.bin.o)
                0x021b3770                default_font_bin
                0x021b5770                default_font_bin_size
                0x021b5770                default_font_bin_end
 .rodata        0x021b5774      0xf7c c:/devkitpro/devkitarm/bin/../lib/gcc/arm-none-eabi/4.7.1/../../../../arm-none-eabi/lib/thumb\libstdc++.a(cp-demangle.o)
 .rodata        0x021b66f0       0x14 c:/devkitpro/devkitarm/bin/../lib/gcc/arm-none-eabi/4.7.1/thumb\libgcc.a(unwind-arm.o)
 .rodata        0x021b6704        0x4 c:/devkitpro/devkitarm/bin/../lib/gcc/arm-none-eabi/4.7.1/../../../../arm-none-eabi/lib/thumb\libg.a(lib_a-impure.o)
                0x021b6704                _global_impure_ptr
 .rodata        0x021b6708      0x340 c:/devkitpro/devkitarm/bin/../lib/gcc/arm-none-eabi/4.7.1/../../../../arm-none-eabi/lib/thumb\libg.a(lib_a-svfiscanf.o)
 .rodata        0x021b6a48      0x184 c:/devkitpro/devkitarm/bin/../lib/gcc/arm-none-eabi/4.7.1/../../../../arm-none-eabi/lib/thumb\libg.a(lib_a-svfprintf.o)
 .rodata        0x021b6bcc      0x184 c:/devkitpro/devkitarm/bin/../lib/gcc/arm-none-eabi/4.7.1/../../../../arm-none-eabi/lib/thumb\libg.a(lib_a-vfiprintf.o)
 .rodata        0x021b6d50      0x104 c:/devkitpro/devkitarm/bin/../lib/gcc/arm-none-eabi/4.7.1/../../../../arm-none-eabi/lib/thumb\libg.a(lib_a-ctype_.o)
                0x021b6d50                _ctype_
 .rodata        0x021b6e54     0x34f0 c:/devkitpro/devkitarm/bin/../lib/gcc/arm-none-eabi/4.7.1/../../../../arm-none-eabi/lib/thumb\libg.a(lib_a-jp2uc.o)
 .rodata        0x021ba344       0xf0 c:/devkitpro/devkitarm/bin/../lib/gcc/arm-none-eabi/4.7.1/../../../../arm-none-eabi/lib/thumb\libg.a(lib_a-locale.o)
 .rodata        0x021ba434       0xa8 c:/devkitpro/devkitarm/bin/../lib/gcc/arm-none-eabi/4.7.1/../../../../arm-none-eabi/lib/thumb\libg.a(lib_a-mbtowc_r.o)
 *fill*         0x021ba4dc        0x4 ff
 .rodata        0x021ba4e0      0x128 c:/devkitpro/devkitarm/bin/../lib/gcc/arm-none-eabi/4.7.1/../../../../arm-none-eabi/lib/thumb\libg.a(lib_a-mprec.o)
                0x021ba4f0                __mprec_tens
                0x021ba5b8                __mprec_tinytens
                0x021ba5e0                __mprec_bigtens
 .rodata        0x021ba608      0x184 c:/devkitpro/devkitarm/bin/../lib/gcc/arm-none-eabi/4.7.1/../../../../arm-none-eabi/lib/thumb\libg.a(lib_a-svfiprintf.o)
 .rodata        0x021ba78c       0x64 c:/devkitpro/devkitarm/bin/../lib/gcc/arm-none-eabi/4.7.1/../../../../arm-none-eabi/lib/thumb\libsysbase.a(iosupport.o)
                0x021ba78c                dotab_stdnull
 *all.rodata*(*)
 *(.roda)
 *(.rodata.*)
 .rodata._ZTV4Wall
                0x021ba7f0       0x20 Blocks.o
                0x021ba7f0                vtable for Wall
 .rodata._ZTV5Floor
                0x021ba810       0x20 Blocks.o
                0x021ba810                vtable for Floor
 .rodata.str1.4
                0x021ba830       0x27 Blocks.o
                                 0x28 (size before relaxing)
 *fill*         0x021ba857        0x1 ff
 .rodata.str1.4
                0x021ba858        0x7 ClassDefinitions.o
                                  0x8 (size before relaxing)
 *fill*         0x021ba85f        0x1 ff
 .rodata.str1.4
                0x021ba860       0x15 Entities.o
                                 0x18 (size before relaxing)
 *fill*         0x021ba875        0x3 ff
 .rodata.str1.4
                0x021ba878        0xe main.o
                                 0x10 (size before relaxing)
 *fill*         0x021ba886        0x2 ff
 .rodata.str1.4
                0x021ba888       0x49 c:/devkitPro/libnds/lib\libnds9.a(console.o)
                                 0x4c (size before relaxing)
 *fill*         0x021ba8d1        0x3 ff
 .rodata._ZL28read_encoded_value_with_basehjPKhPj
                0x021ba8d4       0x34 c:/devkitpro/devkitarm/bin/../lib/gcc/arm-none-eabi/4.7.1/../../../../arm-none-eabi/lib/thumb\libstdc++.a(eh_personality.o)
 .rodata._ZTVN10__cxxabiv115__forced_unwindE
                0x021ba908       0x18 c:/devkitpro/devkitarm/bin/../lib/gcc/arm-none-eabi/4.7.1/../../../../arm-none-eabi/lib/thumb\libstdc++.a(eh_exception.o)
                0x021ba908                vtable for __cxxabiv1::__forced_unwind
 .rodata._ZTVSt9exception
                0x021ba920       0x18 c:/devkitpro/devkitarm/bin/../lib/gcc/arm-none-eabi/4.7.1/../../../../arm-none-eabi/lib/thumb\libstdc++.a(eh_exception.o)
                0x021ba920                vtable for std::exception
 .rodata._ZTIN10__cxxabiv115__forced_unwindE
                0x021ba938        0x8 c:/devkitpro/devkitarm/bin/../lib/gcc/arm-none-eabi/4.7.1/../../../../arm-none-eabi/lib/thumb\libstdc++.a(eh_exception.o)
                0x021ba938                typeinfo for __cxxabiv1::__forced_unwind
 .rodata._ZTISt9exception
                0x021ba940        0x8 c:/devkitpro/devkitarm/bin/../lib/gcc/arm-none-eabi/4.7.1/../../../../arm-none-eabi/lib/thumb\libstdc++.a(eh_exception.o)
                0x021ba940                typeinfo for std::exception
 .rodata._ZTSSt13bad_exception
                0x021ba948       0x14 c:/devkitpro/devkitarm/bin/../lib/gcc/arm-none-eabi/4.7.1/../../../../arm-none-eabi/lib/thumb\libstdc++.a(eh_exception.o)
                0x021ba948                typeinfo name for std::bad_exception
 .rodata.str1.4
                0x021ba95c       0x23 c:/devkitpro/devkitarm/bin/../lib/gcc/arm-none-eabi/4.7.1/../../../../arm-none-eabi/lib/thumb\libstdc++.a(eh_exception.o)
                                 0x24 (size before relaxing)
 *fill*         0x021ba97f        0x1 ff
 .rodata._ZTSN10__cxxabiv119__foreign_exceptionE
                0x021ba980       0x24 c:/devkitpro/devkitarm/bin/../lib/gcc/arm-none-eabi/4.7.1/../../../../arm-none-eabi/lib/thumb\libstdc++.a(eh_exception.o)
                0x021ba980                typeinfo name for __cxxabiv1::__foreign_exception
 .rodata._ZTIN10__cxxabiv119__foreign_exceptionE
                0x021ba9a4        0x8 c:/devkitpro/devkitarm/bin/../lib/gcc/arm-none-eabi/4.7.1/../../../../arm-none-eabi/lib/thumb\libstdc++.a(eh_exception.o)
                0x021ba9a4                typeinfo for __cxxabiv1::__foreign_exception
 *fill*         0x021ba9ac        0x4 ff
 .rodata._ZTVSt13bad_exception
                0x021ba9b0       0x18 c:/devkitpro/devkitarm/bin/../lib/gcc/arm-none-eabi/4.7.1/../../../../arm-none-eabi/lib/thumb\libstdc++.a(eh_exception.o)
                0x021ba9b0                vtable for std::bad_exception
 .rodata._ZTSSt9exception
                0x021ba9c8       0x10 c:/devkitpro/devkitarm/bin/../lib/gcc/arm-none-eabi/4.7.1/../../../../arm-none-eabi/lib/thumb\libstdc++.a(eh_exception.o)
                0x021ba9c8                typeinfo name for std::exception
 .rodata._ZTVN10__cxxabiv119__foreign_exceptionE
                0x021ba9d8       0x18 c:/devkitpro/devkitarm/bin/../lib/gcc/arm-none-eabi/4.7.1/../../../../arm-none-eabi/lib/thumb\libstdc++.a(eh_exception.o)
                0x021ba9d8                vtable for __cxxabiv1::__foreign_exception
 .rodata._ZTSN10__cxxabiv115__forced_unwindE
                0x021ba9f0       0x20 c:/devkitpro/devkitarm/bin/../lib/gcc/arm-none-eabi/4.7.1/../../../../arm-none-eabi/lib/thumb\libstdc++.a(eh_exception.o)
                0x021ba9f0                typeinfo name for __cxxabiv1::__forced_unwind
 .rodata._ZTISt13bad_exception
                0x021baa10        0xc c:/devkitpro/devkitarm/bin/../lib/gcc/arm-none-eabi/4.7.1/../../../../arm-none-eabi/lib/thumb\libstdc++.a(eh_exception.o)
                0x021baa10                typeinfo for std::bad_exception
 *fill*         0x021baa1c        0x4 ff
 .rodata._ZTVSt9bad_alloc
                0x021baa20       0x18 c:/devkitpro/devkitarm/bin/../lib/gcc/arm-none-eabi/4.7.1/../../../../arm-none-eabi/lib/thumb\libstdc++.a(bad_alloc.o)
                0x021baa20                vtable for std::bad_alloc
 .rodata._ZTISt9bad_alloc
                0x021baa38        0xc c:/devkitpro/devkitarm/bin/../lib/gcc/arm-none-eabi/4.7.1/../../../../arm-none-eabi/lib/thumb\libstdc++.a(bad_alloc.o)
                0x021baa38                typeinfo for std::bad_alloc
 .rodata.str1.4
                0x021baa44        0xf c:/devkitpro/devkitarm/bin/../lib/gcc/arm-none-eabi/4.7.1/../../../../arm-none-eabi/lib/thumb\libstdc++.a(bad_alloc.o)
                                 0x10 (size before relaxing)
 *fill*         0x021baa53        0x1 ff
 .rodata._ZTSSt9bad_alloc
                0x021baa54       0x10 c:/devkitpro/devkitarm/bin/../lib/gcc/arm-none-eabi/4.7.1/../../../../arm-none-eabi/lib/thumb\libstdc++.a(bad_alloc.o)
                0x021baa54                typeinfo name for std::bad_alloc
 *fill*         0x021baa64        0x4 ff
 .rodata._ZTVN10__cxxabiv117__class_type_infoE
                0x021baa68       0x30 c:/devkitpro/devkitarm/bin/../lib/gcc/arm-none-eabi/4.7.1/../../../../arm-none-eabi/lib/thumb\libstdc++.a(class_type_info.o)
                0x021baa68                vtable for __cxxabiv1::__class_type_info
 .rodata._ZTIN10__cxxabiv117__class_type_infoE
                0x021baa98        0xc c:/devkitpro/devkitarm/bin/../lib/gcc/arm-none-eabi/4.7.1/../../../../arm-none-eabi/lib/thumb\libstdc++.a(class_type_info.o)
                0x021baa98                typeinfo for __cxxabiv1::__class_type_info
 .rodata._ZTSN10__cxxabiv117__class_type_infoE
                0x021baaa4       0x24 c:/devkitpro/devkitarm/bin/../lib/gcc/arm-none-eabi/4.7.1/../../../../arm-none-eabi/lib/thumb\libstdc++.a(class_type_info.o)
                0x021baaa4                typeinfo name for __cxxabiv1::__class_type_info
 .rodata._ZSt7nothrow
                0x021baac8        0x4 c:/devkitpro/devkitarm/bin/../lib/gcc/arm-none-eabi/4.7.1/../../../../arm-none-eabi/lib/thumb\libstdc++.a(new_handler.o)
                0x021baac8                std::nothrow
 .rodata.str1.4
                0x021baacc       0x3b c:/devkitpro/devkitarm/bin/../lib/gcc/arm-none-eabi/4.7.1/../../../../arm-none-eabi/lib/thumb\libstdc++.a(pure.o)
                                 0x3c (size before relaxing)
 *fill*         0x021bab07        0x1 ff
 .rodata._ZTVN10__cxxabiv120__si_class_type_infoE
                0x021bab08       0x30 c:/devkitpro/devkitarm/bin/../lib/gcc/arm-none-eabi/4.7.1/../../../../arm-none-eabi/lib/thumb\libstdc++.a(si_class_type_info.o)
                0x021bab08                vtable for __cxxabiv1::__si_class_type_info
 .rodata._ZTIN10__cxxabiv120__si_class_type_infoE
                0x021bab38        0xc c:/devkitpro/devkitarm/bin/../lib/gcc/arm-none-eabi/4.7.1/../../../../arm-none-eabi/lib/thumb\libstdc++.a(si_class_type_info.o)
                0x021bab38                typeinfo for __cxxabiv1::__si_class_type_info
 .rodata._ZTSN10__cxxabiv120__si_class_type_infoE
                0x021bab44       0x28 c:/devkitpro/devkitarm/bin/../lib/gcc/arm-none-eabi/4.7.1/../../../../arm-none-eabi/lib/thumb\libstdc++.a(si_class_type_info.o)
                0x021bab44                typeinfo name for __cxxabiv1::__si_class_type_info
 .rodata._ZTISt9type_info
                0x021bab6c        0x8 c:/devkitpro/devkitarm/bin/../lib/gcc/arm-none-eabi/4.7.1/../../../../arm-none-eabi/lib/thumb\libstdc++.a(tinfo.o)
                0x021bab6c                typeinfo for std::type_info
 .rodata._ZTSSt9type_info
                0x021bab74       0x10 c:/devkitpro/devkitarm/bin/../lib/gcc/arm-none-eabi/4.7.1/../../../../arm-none-eabi/lib/thumb\libstdc++.a(tinfo.o)
                0x021bab74                typeinfo name for std::type_info
 *fill*         0x021bab84        0x4 ff
 .rodata._ZTVSt9type_info
                0x021bab88       0x20 c:/devkitpro/devkitarm/bin/../lib/gcc/arm-none-eabi/4.7.1/../../../../arm-none-eabi/lib/thumb\libstdc++.a(tinfo.o)
                0x021bab88                vtable for std::type_info
 .rodata.str1.4
                0x021baba8       0x94 c:/devkitpro/devkitarm/bin/../lib/gcc/arm-none-eabi/4.7.1/../../../../arm-none-eabi/lib/thumb\libstdc++.a(vterminate.o)
 .rodata.str1.4
                0x021bac3c      0x75f c:/devkitpro/devkitarm/bin/../lib/gcc/arm-none-eabi/4.7.1/../../../../arm-none-eabi/lib/thumb\libstdc++.a(cp-demangle.o)
                                0x7b4 (size before relaxing)
 *fill*         0x021bb39b        0x1 ff
 .rodata.str1.4
                0x021bb39c        0x2 c:/devkitpro/devkitarm/bin/../lib/gcc/arm-none-eabi/4.7.1/../../../../arm-none-eabi/lib/thumb\libg.a(lib_a-impure.o)
                                  0x4 (size before relaxing)
 *fill*         0x021bb39e        0x2 ff
 .rodata.str1.4
                0x021bb3a0       0x42 c:/devkitpro/devkitarm/bin/../lib/gcc/arm-none-eabi/4.7.1/../../../../arm-none-eabi/lib/thumb\libg.a(lib_a-svfprintf.o)
                                 0x44 (size before relaxing)
 .rodata.str1.4
                0x00000000       0x30 c:/devkitpro/devkitarm/bin/../lib/gcc/arm-none-eabi/4.7.1/../../../../arm-none-eabi/lib/thumb\libg.a(lib_a-vfiprintf.o)
 *fill*         0x021bb3e2        0x2 ff
 .rodata.str1.4
                0x021bb3e4       0x10 c:/devkitpro/devkitarm/bin/../lib/gcc/arm-none-eabi/4.7.1/../../../../arm-none-eabi/lib/thumb\libg.a(lib_a-dtoa.o)