Archive member included because of file (symbol)

c:/devkitPro/libnds/lib\libmm9.a(mm_comms.o)
                              ClassDefinitions.o (mmStart)
c:/devkitPro/libnds/lib\libmm9.a(mm_main9.o)
                              c:/devkitPro/libnds/lib\libmm9.a(mm_comms.o) (mmCallback)
c:/devkitPro/libnds/lib\libmm9.a(mm_memory.o)
                              ClassDefinitions.o (mmLoad)
c:/devkitPro/libnds/lib\libmm9.a(mm_soundbank.o)
                              c:/devkitPro/libnds/lib\libmm9.a(mm_main9.o) (mmSoundBankInMemory)
c:/devkitPro/libnds/lib\libmm9.a(mm_flusher.o)
                              c:/devkitPro/libnds/lib\libmm9.a(mm_memory.o) (mmFlushBank)
c:/devkitPro/libnds/lib\libnds9.a(console.o)
                              main.o (consoleDemoInit)
c:/devkitPro/libnds/lib\libnds9.a(keys.o)
                              main.o (scanKeys)
c:/devkitPro/libnds/lib\libnds9.a(sprite.o)
                              ClassDefinitions.o (oamInit)
c:/devkitPro/libnds/lib\libnds9.a(sprite_alloc.o)
                              c:/devkitPro/libnds/lib\libnds9.a(sprite.o) (oamAllocReset)
c:/devkitPro/libnds/lib\libnds9.a(trig.o)
                              c:/devkitPro/libnds/lib\libnds9.a(sprite.o) (sinLerp)
c:/devkitPro/libnds/lib\libnds9.a(initSystem.o)
                              c:/devkitpro/devkitarm/bin/../lib/gcc/arm-none-eabi/4.7.1/../../../../arm-none-eabi/lib/thumb/ds_arm9_crt0.o (initSystem)
c:/devkitPro/libnds/lib\libnds9.a(fifosystem.o)
                              c:/devkitPro/libnds/lib\libnds9.a(initSystem.o) (fifoSendValue32)
c:/devkitPro/libnds/lib\libnds9.a(interrupts.o)
                              c:/devkitPro/libnds/lib\libnds9.a(fifosystem.o) (irqSet)
c:/devkitPro/libnds/lib\libnds9.a(libnds_exit.arm.o)
                              c:/devkitpro/devkitarm/bin/../lib/gcc/arm-none-eabi/4.7.1/../../../../arm-none-eabi/lib/thumb/ds_arm9_crt0.o (__libnds_exit)
c:/devkitPro/libnds/lib\libnds9.a(dcache.o)
                              c:/devkitPro/libnds/lib\libnds9.a(sprite.o) (DC_FlushRange)
c:/devkitPro/libnds/lib\libnds9.a(mpu_setup.o)
                              c:/devkitpro/devkitarm/bin/../lib/gcc/arm-none-eabi/4.7.1/../../../../arm-none-eabi/lib/thumb/ds_arm9_crt0.o (__libnds_mpu_setup)
c:/devkitPro/libnds/lib\libnds9.a(biosCalls.o)
                              c:/devkitPro/libnds/lib\libnds9.a(fifosystem.o) (swiIntrWait)
c:/devkitPro/libnds/lib\libnds9.a(debugprint.o)
                              c:/devkitPro/libnds/lib\libnds9.a(console.o) (nocashWrite)
c:/devkitPro/libnds/lib\libnds9.a(interruptDispatcher.o)
                              c:/devkitPro/libnds/lib\libnds9.a(interrupts.o) (IntrMain)
c:/devkitPro/libnds/lib\libnds9.a(swiSoftReset.o)
                              c:/devkitPro/libnds/lib\libnds9.a(fifosystem.o) (swiSoftReset)
c:/devkitPro/libnds/lib\libnds9.a(default_font.bin.o)
                              c:/devkitPro/libnds/lib\libnds9.a(console.o) (default_font_bin)
c:/devkitPro/libnds/lib\libnds9.a(background.o)
                              c:/devkitPro/libnds/lib\libnds9.a(console.o) (bgState)
c:/devkitPro/libnds/lib\libnds9.a(system.o)
                              c:/devkitPro/libnds/lib\libnds9.a(initSystem.o) (systemMsgHandler)
c:/devkitPro/libnds/lib\libnds9.a(video.o)
                              c:/devkitPro/libnds/lib\libnds9.a(initSystem.o) (vramDefault)
c:/devkitpro/devkitarm/bin/../lib/gcc/arm-none-eabi/4.7.1/../../../../arm-none-eabi/lib/thumb\libstdc++.a(new_op.o)
                              ClassDefinitions.o (operator new(unsigned int))
c:/devkitpro/devkitarm/bin/../lib/gcc/arm-none-eabi/4.7.1/../../../../arm-none-eabi/lib/thumb\libstdc++.a(eh_call.o)
                              c:/devkitpro/devkitarm/bin/../lib/gcc/arm-none-eabi/4.7.1/../../../../arm-none-eabi/lib/thumb\libstdc++.a(new_op.o) (__cxa_call_unexpected)
c:/devkitpro/devkitarm/bin/../lib/gcc/arm-none-eabi/4.7.1/../../../../arm-none-eabi/lib/thumb\libstdc++.a(eh_personality.o)
                              c:/devkitpro/devkitarm/bin/../lib/gcc/arm-none-eabi/4.7.1/../../../../arm-none-eabi/lib/thumb\libstdc++.a(new_op.o) (__gxx_personality_v0)
c:/devkitpro/devkitarm/bin/../lib/gcc/arm-none-eabi/4.7.1/../../../../arm-none-eabi/lib/thumb\libstdc++.a(del_op.o)
                              ClassDefinitions.o (operator delete(void*))
c:/devkitpro/devkitarm/bin/../lib/gcc/arm-none-eabi/4.7.1/../../../../arm-none-eabi/lib/thumb\libstdc++.a(eh_terminate.o)
                              c:/devkitpro/devkitarm/bin/../lib/gcc/arm-none-eabi/4.7.1/../../../../arm-none-eabi/lib/thumb\libstdc++.a(eh_call.o) (__cxxabiv1::__terminate(void (*)()))
c:/devkitpro/devkitarm/bin/../lib/gcc/arm-none-eabi/4.7.1/../../../../arm-none-eabi/lib/thumb\libstdc++.a(eh_exception.o)
                              c:/devkitpro/devkitarm/bin/../lib/gcc/arm-none-eabi/4.7.1/../../../../arm-none-eabi/lib/thumb\libstdc++.a(eh_call.o) (std::bad_exception::~bad_exception())
[...]
Memory Configuration

Name             Origin             Length             Attributes
rom              0x08000000         0x02000000
ewram            0x02000000         0x003ff000
dtcm             0x0b000000         0x00004000
vectors          0x01000000         0x00000100
itcm             0x01000100         0x00007f00
*default*        0x00000000         0xffffffff

Linker script and memory map

                0x01000000                __vectors_start = ORIGIN (vectors)
                0x01000100                __itcm_start = ORIGIN (itcm)
                0x023ff000                __ewram_end = (ORIGIN (ewram) + 0x3ff000)
                0x023ff000                __eheap_end = (ORIGIN (ewram) + 0x3ff000)
                0x0b000000                __dtcm_start = ORIGIN (dtcm)
                0x0b004000                __dtcm_top = (ORIGIN (dtcm) + 0x4000)
                0x0b003ff8                __irq_flags = (__dtcm_top - 0x8)
                0x0b003ffc                __irq_vector = (__dtcm_top - 0x4)
                0x0b003f00                __sp_svc = (__dtcm_top - 0x100)
                0x0b003e00                __sp_irq = (__sp_svc - 0x100)
                0x0b003d00                __sp_usr = (__sp_irq - 0x100)

.init           0x02000000      0x23c
                0x02000000                __text_start = .
 *(.init)
 .init          0x02000000      0x230 c:/devkitpro/devkitarm/bin/../lib/gcc/arm-none-eabi/4.7.1/../../../../arm-none-eabi/lib/thumb/ds_arm9_crt0.o
                0x02000000                _start
 .init          0x02000230        0x4 c:/devkitpro/devkitarm/bin/../lib/gcc/arm-none-eabi/4.7.1/thumb/crti.o
                0x02000230                _init
 .init          0x02000234        0x8 c:/devkitpro/devkitarm/bin/../lib/gcc/arm-none-eabi/4.7.1/thumb/crtn.o
                0x0200023c                . = ALIGN (0x4)

.plt
 *(.plt)

.text           0x02000240    0x186f0
 *(EXCLUDE_FILE(*.itcm*) .text)
 .text          0x02000240        0x0 c:/devkitpro/devkitarm/bin/../lib/gcc/arm-none-eabi/4.7.1/../../../../arm-none-eabi/lib/thumb/ds_arm9_crt0.o
 .text          0x02000240        0x0 c:/devkitpro/devkitarm/bin/../lib/gcc/arm-none-eabi/4.7.1/thumb/crti.o
 .text          0x02000240       0xd0 c:/devkitpro/devkitarm/bin/../lib/gcc/arm-none-eabi/4.7.1/thumb/crtbegin.o
 .text          0x02000310        0x0 soundbank.bin.o
 .text          0x02000310       0x6c Blocks.o
                0x02000310                Wall::Wall()
                0x02000310                Wall::Wall()
                0x02000330                Floor::Floor()
                0x02000330                Floor::Floor()
                0x0200034c                BlockFactory::makeWall(unsigned short)
                0x02000364                BlockFactory::makeFloor(unsigned short)
 .text          0x0200037c      0x9fc ClassDefinitions.o
                0x0200037c                Entity::onLoad()
                0x020003d8                Entity::useOn(Item*, Entity*)
                0x020003dc                Block::onLoad(int, int)
                0x020003e4                Block::useOn(Item*, Entity*)
                0x020003e8                Block::onEnter(Entity*)
                0x020003ec                Block::onUnload()
                0x020003fc                Level::onUnload()
                0x02000430                Block::tick()
                0x02000444                Sprite::Sprite()
                0x02000444                Sprite::Sprite()
                0x02000468                Sprite::writeOam()
                0x020004b0                Sprite::setAnimFrame(unsigned char)
                0x020004b4                Sprite::setGfxPointer(unsigned short*)
                0x020004b8                Sprite::setSpriteEntry(unsigned char)
                0x020004bc                Entity::Entity()
                0x020004bc                Entity::Entity()
                0x020004f4                Entity::calcSprite()
                0x02000550                Block::Block()
                0x02000550                Block::Block()
                0x02000568                Block::getTileIndex()
                0x0200056c                Block::setEntity(Entity*)
                0x0200058c                Entity::calcGrid()
                0x02000724                Entity::tick()
                0x02000738                Block::setTileIndex(unsigned short)
                0x0200073c                Level::loadCommon()
                0x020007a8                Level::drawLevel()
                0x02000898                Level::tick()
                0x02000a14                Level::getOamEntry()
                0x02000a28                Level::isPlayer(Entity*)
                0x02000a34                Level::getBlock(int, int)
                0x02000a60                SoundManager::SoundManager()
                0x02000a60                SoundManager::SoundManager()
                0x02000ad8                SoundManager::playBGM(unsigned char, bool)
                0x02000b0c                SoundManager::stopBGM()
                0x02000b24                SoundManager::setBGMVol(unsigned int)
                0x02000b38                SoundManager::setBGMTempo(unsigned int)
                0x02000b5c                SoundManager::playSFX(unsigned char, unsigned int)
                0x02000b7c                Level::onLoad()
                0x02000bf8                Game::Game()
                0x02000bf8                Game::Game()
                0x02000c70                Game::loadLevel(Level*)
                0x02000ca0                Game::mainLoop()
                0x02000cc0                Level::initBlocks()
 .text          0x02000d78      0x3c4 Levels.o
                0x02000d78                Player::tick()
                0x02000edc                Level1::onLoad()
                0x02000f8c                Level1::initBlocks()
 .text          0x0200113c        0x0 main.o
 .text          0x0200113c        0x0 LevelTest.o
 .text          0x0200113c        0x0 Sprites.o
 .text          0x0200113c        0x0 Tileset.o
 .text          0x0200113c      0x24c c:/devkitPro/libnds/lib\libmm9.a(mm_comms.o)
                0x0200113c                mmSetupComms
                0x0200118e                mmSendBank
                0x02001198                mmLockChannels
                0x0200119e                mmUnlockChannels
                0x020011a4                mmStart
                0x020011ae                mmPause
                0x020011b2                mmResume
                0x020011b6                mmStop
                0x020011ba                mmPosition
                0x020011be                mmJingle
                0x020011c2                mmSetModuleVolume
                0x020011c6                mmSetJingleVolume
                0x020011ca                mmSetModuleTempo
                0x020011ce                mmSetModulePitch
                0x020011d2                mmSetEffectsVolume
                0x020011d6                mmSelectMode
                0x020011da                mmStreamBegin
                0x020011ee                mmStreamEnd
                0x02001244                mmEffect
                0x02001268                mmEffectVolume
                0x0200126c                mmEffectPanning
                0x02001270                mmEffectRate
                0x0200127a                mmEffectScaleRate
                0x02001284                mmEffectRelease
                0x0200128a                mmEffectCancel
                0x02001290                mmEffectEx
                0x020012ce                mmEffectCancelAll
                0x020012d2                mmReverbEnable
                0x020012d6                mmReverbDisable
                0x020012da                mmReverbConfigure
                0x02001336                mmReverbStart
                0x0200133a                mmReverbStop
 .text          0x02001388      0x108 c:/devkitPro/libnds/lib\libmm9.a(mm_main9.o)
                0x02001388                mmActive
                0x0200138e                mmSetEventHandler
                0x02001394                mmInit
                0x020013be                mmInitDefault
                0x02001408                mmInitDefaultMem
                0x0200142a                mmSuspendIRQ_t
                0x02001448                mmRestoreIRQ_t
 .text          0x02001490      0x120 c:/devkitPro/libnds/lib\libmm9.a(mm_memory.o)
                0x02001490                mmLoad
                0x020014e0                mmUnload
                0x02001538                mmLoadEffect
                0x02001570                mmUnloadEffect
 .text          0x020015b0      0x100 c:/devkitPro/libnds/lib\libmm9.a(mm_soundbank.o)
                0x020015b0                mmSoundBankInMemory
                0x020015b8                mmSoundBankInFiles
                0x020015ca                mmSetCustomSoundBankHandler
                0x020015f6                mmsHandleFileOp
 .text          0x020016b0       0x3c c:/devkitPro/libnds/lib\libmm9.a(mm_flusher.o)
                0x020016b0                mmFlushBank
 .text          0x020016ec      0xa4c c:/devkitPro/libnds/lib\libnds9.a(console.o)
                0x0200178c                nocash_write
                0x0200179c                consoleGetDefault
                0x020017a8                consoleSelect
                0x020017b8                consoleDebugInit
                0x02001808                consolePrintChar
                0x020019d4                consoleLoadFont
                0x02001c5c                consoleSetFont
                0x02001c7c                consoleInit
                0x02001de4                consoleDemoInit
                0x02001e28                con_write
                0x02002104                consoleClear
                0x02002114                consoleSetWindow
 .text          0x02002138       0xf4 c:/devkitPro/libnds/lib\libnds9.a(keys.o)
                0x02002138                scanKeys
                0x020021a4                keysHeld
                0x020021b0                keysDown
                0x020021c0                keysDownRepeat
                0x020021d0                keysSetRepeat
                0x020021e8                keysUp
                0x020021f8                keysCurrent
 .text          0x0200222c      0x3f4 c:/devkitPro/libnds/lib\libnds9.a(sprite.o)
                0x0200222c                oamInit
                0x02002340                oamDisable
                0x02002370                oamEnable
                0x02002394                oamGetGfxPtr
                0x020023c8                oamClear
                0x020023f0                oamGfxPtrToOffset
                0x02002424                oamSet
                0x02002574                oamUpdate
                0x020025d4                oamRotateScale
 .text          0x02002620      0x450 c:/devkitPro/libnds/lib\libnds9.a(sprite_alloc.o)
                0x02002650                oamAllocReset
                0x02002684                oamAllocateGfx
                0x02002888                oamFreeGfx
                0x02002a24                oamCountFragments
 .text          0x02002a70      0x244 c:/devkitPro/libnds/lib\libnds9.a(trig.o)
                0x02002a70                asinComp
                0x02002a98                sinLutLookup
                0x02002ad4                sinLerp
                0x02002b0c                cosLerp
                0x02002b20                tanLutLookup
                0x02002b58                tanLerp
                0x02002bfc                asinLerp
                0x02002c78                acosLerp
                0x02002c8c                atanComp
 .text          0x02002cb4      0x140 c:/devkitPro/libnds/lib\libnds9.a(initSystem.o)
                0x02002cb4                initSystem
 .text          0x02002df4      0xc58 c:/devkitPro/libnds/lib\libnds9.a(fifosystem.o)
                0x02003048                fifoSendAddress
                0x02003074                fifoSendValue32
                0x020030b4                fifoSendDatamsg
                0x02003124                fifoGetAddress
                0x0200319c                fifoSetAddressHandler
                0x02003210                fifoGetValue32
                0x02003284                fifoSetValue32Handler
                0x020032f8                fifoGetDatamsg
                0x0200377c                fifoSetDatamsgHandler
                0x02003814                fifoCheckAddress
                0x02003838                fifoCheckDatamsg
                0x0200385c                fifoCheckValue32
                0x02003880                fifoInit
 .text          0x02003a4c      0x1ec c:/devkitPro/libnds/lib\libnds9.a(interrupts.o)
                0x02003a4c                irqDummy
                0x02003a50                irqSet
                0x02003abc                irqInit
                0x02003b08                irqInitHandler
                0x02003b38                irqEnable
                0x02003b9c                irqDisable
                0x02003c00                irqClear
 .text          0x02003c38       0x58 c:/devkitPro/libnds/lib\libnds9.a(libnds_exit.arm.o)
                0x02003c38                systemErrorExit
                0x02003c3c                __libnds_exit
 .text          0x02003c90       0x70 c:/devkitPro/libnds/lib\libnds9.a(dcache.o)
                0x02003c90                DC_FlushAll
                0x02003cbc                DC_FlushRange
                0x02003cd8                DC_InvalidateAll
                0x02003ce4                DC_InvalidateRange
 .text          0x02003d00      0x1b4 c:/devkitPro/libnds/lib\libnds9.a(mpu_setup.o)
                0x02003d00                __libnds_mpu_setup
                0x02003e40                memCached
                0x02003e58                memUncached
 *fill*         0x02003eb4        0xc ff
 .text          0x02003ec0       0x70 c:/devkitPro/libnds/lib\libnds9.a(biosCalls.o)
                0x02003ec0                swiDelay
                0x02003ec4                swiIntrWait
                0x02003ec8                swiWaitForVBlank
                0x02003ecc                swiSleep
                0x02003ed0                swiChangeSoundBias
                0x02003ed4                swiDivide
                0x02003ed8                swiRemainder
                0x02003ede                swiDivMod
                0x02003eea                swiCopy
                0x02003eee                swiFastCopy
                0x02003ef2                swiSqrt
                0x02003ef6                swiCRC16
                0x02003efa                swiIsDebugger
                0x02003efe                swiUnpackBits
                0x02003f02                swiDecompressLZSSWram
                0x02003f06                swiDecompressLZSSVramNTR
                0x02003f0a                swiDecompressLZSSVramTWL
                0x02003f0e                swiDecompressHuffman
                0x02003f12                swiDecompressRLEWram
                0x02003f16                swiDecompressRLEVram
                0x02003f1a                swiWaitForIRQ
                0x02003f1e                swiDecodeDelta8
                0x02003f22                swiDecodeDelta16
                0x02003f26                swiSetHaltCR
 .text          0x02003f30       0xa4 c:/devkitPro/libnds/lib\libnds9.a(debugprint.o)
                0x02003f30                nocashWrite
                0x02003f32                nocashMessage
 .text          0x02003fd4        0x0 c:/devkitPro/libnds/lib\libnds9.a(interruptDispatcher.o)
 *fill*         0x02003fd4        0xc ff
 .text          0x02003fe0       0x30 c:/devkitPro/libnds/lib\libnds9.a(swiSoftReset.o)
                0x02003fe0                swiSoftReset
 .text          0x02004010        0x0 c:/devkitPro/libnds/lib\libnds9.a(default_font.bin.o)
 .text          0x02004010      0x2e8 c:/devkitPro/libnds/lib\libnds9.a(background.o)
                0x02004010                bgIsText
                0x0200401c                checkIfText
                0x02004074                bgUpdate
                0x02004168                bgInit_call
                0x0200422c                bgInitSub_call
 .text          0x020042f8      0x128 c:/devkitPro/libnds/lib\libnds9.a(system.o)
                0x020042f8                setSDcallback
                0x02004304                systemMsgHandler
                0x02004348                systemSleep
                0x02004360                systemValueHandler
                0x0200439c                powerOn
                0x020043c8                powerOff
                0x020043f0                ledBlink
                0x02004400                getBatteryLevel
 .text          0x02004420      0x1f8 c:/devkitPro/libnds/lib\libnds9.a(video.o)
                0x02004420                vramSetPrimaryBanks
                0x02004464                vramSetMainBanks
                0x020044a8                vramSetBanks_EFG
                0x020044e0                vramRestorePrimaryBanks
                0x020044ec                vramRestoreMainBanks
                0x020044f8                vramRestoreBanks_EFG
                0x02004504                setBrightness
                0x02004544                vramDefault
 .text          0x02004618        0x0 c:/devkitpro/devkitarm/bin/../lib/gcc/arm-none-eabi/4.7.1/../../../../arm-none-eabi/lib/thumb\libstdc++.a(new_op.o)
 .text          0x02004618        0x0 c:/devkitpro/devkitarm/bin/../lib/gcc/arm-none-eabi/4.7.1/../../../../arm-none-eabi/lib/thumb\libstdc++.a(eh_call.o)
 .text          0x02004618        0x0 c:/devkitpro/devkitarm/bin/../lib/gcc/arm-none-eabi/4.7.1/../../../../arm-none-eabi/lib/thumb\libstdc++.a(eh_personality.o)
 .text          0x02004618        0x0 c:/devkitpro/devkitarm/bin/../lib/gcc/arm-none-eabi/4.7.1/../../../../arm-none-eabi/lib/thumb\libstdc++.a(del_op.o)
 .text          0x02004618        0x0 c:/devkitpro/devkitarm/bin/../lib/gcc/arm-none-eabi/4.7.1/../../../../arm-none-eabi/lib/thumb\libstdc++.a(eh_terminate.o)
 .text          0x02004618        0x0 c:/devkitpro/devkitarm/bin/../lib/gcc/arm-none-eabi/4.7.1/../../../../arm-none-eabi/lib/thumb\libstdc++.a(eh_exception.o)
 .text          0x02004618        0x0 c:/devkitpro/devkitarm/bin/../lib/gcc/arm-none-eabi/4.7.1/../../../../arm-none-eabi/lib/thumb\libstdc++.a(eh_alloc.o)
 .text          0x02004618        0x0 c:/devkitpro/devkitarm/bin/../lib/gcc/arm-none-eabi/4.7.1/../../../../arm-none-eabi/lib/thumb\libstdc++.a(bad_alloc.o)
 .text          0x02004618        0x0 c:/devkitpro/devkitarm/bin/../lib/gcc/arm-none-eabi/4.7.1/../../../../arm-none-eabi/lib/thumb\libstdc++.a(class_type_info.o)
 .text          0x02004618        0x0 c:/devkitpro/devkitarm/bin/../lib/gcc/arm-none-eabi/4.7.1/../../../../arm-none-eabi/lib/thumb\libstdc++.a(new_handler.o)
 .text          0x02004618        0x0 c:/devkitpro/devkitarm/bin/../lib/gcc/arm-none-eabi/4.7.1/../../../../arm-none-eabi/lib/thumb\libstdc++.a(eh_arm.o)
 .text          0x02004618        0x0 c:/devkitpro/devkitarm/bin/../lib/gcc/arm-none-eabi/4.7.1/../../../../arm-none-eabi/lib/thumb\libstdc++.a(eh_throw.o)
 .text          0x02004618        0x0 c:/devkitpro/devkitarm/bin/../lib/gcc/arm-none-eabi/4.7.1/../../../../arm-none-eabi/lib/thumb\libstdc++.a(pure.o)
 .text          0x02004618        0x0 c:/devkitpro/devkitarm/bin/../lib/gcc/arm-none-eabi/4.7.1/../../../../arm-none-eabi/lib/thumb\libstdc++.a(eh_globals.o)
 .text          0x02004618        0x0 c:/devkitpro/devkitarm/bin/../lib/gcc/arm-none-eabi/4.7.1/../../../../arm-none-eabi/lib/thumb\libstdc++.a(eh_catch.o)
 .text          0x02004618        0x0 c:/devkitpro/devkitarm/bin/../lib/gcc/arm-none-eabi/4.7.1/../../../../arm-none-eabi/lib/thumb\libstdc++.a(si_class_type_info.o)
 .text          0x02004618        0x0 c:/devkitpro/devkitarm/bin/../lib/gcc/arm-none-eabi/4.7.1/../../../../arm-none-eabi/lib/thumb\libstdc++.a(eh_unex_handler.o)
 .text          0x02004618        0x0 c:/devkitpro/devkitarm/bin/../lib/gcc/arm-none-eabi/4.7.1/../../../../arm-none-eabi/lib/thumb\libstdc++.a(tinfo.o)
 .text          0x02004618        0x0 c:/devkitpro/devkitarm/bin/../lib/gcc/arm-none-eabi/4.7.1/../../../../arm-none-eabi/lib/thumb\libstdc++.a(eh_term_handler.o)
 .text          0x02004618        0x0 c:/devkitpro/devkitarm/bin/../lib/gcc/arm-none-eabi/4.7.1/../../../../arm-none-eabi/lib/thumb\libstdc++.a(vterminate.o)
 .text          0x02004618        0x0 c:/devkitpro/devkitarm/bin/../lib/gcc/arm-none-eabi/4.7.1/../../../../arm-none-eabi/lib/thumb\libstdc++.a(eh_type.o)
 .text          0x02004618     0x5984 c:/devkitpro/devkitarm/bin/../lib/gcc/arm-none-eabi/4.7.1/../../../../arm-none-eabi/lib/thumb\libstdc++.a(cp-demangle.o)
                0x02009ea8                __cxa_demangle
                0x02009f70                __gcclibcxx_demangle_callback
 .text          0x02009f9c      0x11c c:/devkitpro/devkitarm/bin/../lib/gcc/arm-none-eabi/4.7.1/thumb\libgcc.a(_udivsi3.o)
                0x02009f9c                __aeabi_uidiv
                0x02009f9c                __udivsi3
                0x0200a098                __aeabi_uidivmod
 .text          0x0200a0b8      0x150 c:/devkitpro/devkitarm/bin/../lib/gcc/arm-none-eabi/4.7.1/thumb\libgcc.a(_divsi3.o)
                0x0200a0b8                __divsi3
                0x0200a0b8                __aeabi_idiv
                0x0200a1e8                __aeabi_idivmod
 .text          0x0200a208        0x4 c:/devkitpro/devkitarm/bin/../lib/gcc/arm-none-eabi/4.7.1/thumb\libgcc.a(_dvmd_tls.o)
                0x0200a208                __aeabi_idiv0
                0x0200a208                __aeabi_ldiv0
 .text          0x0200a20c      0xab4 c:/devkitpro/devkitarm/bin/../lib/gcc/arm-none-eabi/4.7.1/thumb\libgcc.a(unwind-arm.o)
                0x0200a508                _Unwind_GetCFA
                0x0200a50c                __gnu_Unwind_RaiseException
                0x0200a56c                __gnu_Unwind_ForcedUnwind
                0x0200a584                __gnu_Unwind_Resume
                0x0200a5cc                __gnu_Unwind_Resume_or_Rethrow
                0x0200a5ec                _Unwind_Complete
                0x0200a5f0                _Unwind_DeleteException
                0x0200a608                _Unwind_VRS_Get
                0x0200a654                _Unwind_VRS_Set
                0x0200a9b0                __aeabi_unwind_cpp_pr2
                0x0200a9c0                __aeabi_unwind_cpp_pr1
                0x0200a9d0                __aeabi_unwind_cpp_pr0
                0x0200a9e0                __gnu_Unwind_Backtrace
                0x0200aa54                _Unwind_VRS_Pop
 .text          0x0200acc0      0x1d8 c:/devkitpro/devkitarm/bin/../lib/gcc/arm-none-eabi/4.7.1/thumb\libgcc.a(libunwind.o)
                0x0200acc0                __restore_core_regs
                0x0200acc0                restore_core_regs
                0x0200acdc                __gnu_Unwind_Restore_VFP
                0x0200ace4                __gnu_Unwind_Save_VFP
                0x0200acec                __gnu_Unwind_Restore_VFP_D
                0x0200acf4                __gnu_Unwind_Save_VFP_D
                0x0200acfc                __gnu_Unwind_Restore_VFP_D_16_to_31
                0x0200ad04                __gnu_Unwind_Save_VFP_D_16_to_31
                0x0200ad0c                __gnu_Unwind_Restore_WMMXD
                0x0200ad50                __gnu_Unwind_Save_WMMXD
                0x0200ad94                __gnu_Unwind_Restore_WMMXC
                0x0200ada8                __gnu_Unwind_Save_WMMXC
                0x0200adbc                ___Unwind_RaiseException
                0x0200adbc                _Unwind_RaiseException
                0x0200ade8                _Unwind_Resume
                0x0200ade8                ___Unwind_Resume
                0x0200ae14                _Unwind_Resume_or_Rethrow
                0x0200ae14                ___Unwind_Resume_or_Rethrow
                0x0200ae40                _Unwind_ForcedUnwind
                0x0200ae40                ___Unwind_ForcedUnwind
                0x0200ae6c                ___Unwind_Backtrace
                0x0200ae6c                _Unwind_Backtrace
 .text          0x0200ae98      0x3e0 c:/devkitpro/devkitarm/bin/../lib/gcc/arm-none-eabi/4.7.1/thumb\libgcc.a(pr-support.o)
                0x0200aef4                __gnu_unwind_execute
                0x0200b214                __gnu_unwind_frame
                0x0200b240                _Unwind_GetRegionStart
                0x0200b250                _Unwind_GetLanguageSpecificData
                0x0200b268                _Unwind_GetDataRelBase
                0x0200b270                _Unwind_GetTextRelBase
 .text          0x0200b278       0x10 c:/devkitpro/devkitarm/bin/../lib/gcc/arm-none-eabi/4.7.1/../../../../arm-none-eabi/lib/thumb\libg.a(lib_a-abort.o)
                0x0200b278                abort
 .text          0x0200b288       0x64 c:/devkitpro/devkitarm/bin/../lib/gcc/arm-none-eabi/4.7.1/../../../../arm-none-eabi/lib/thumb\libg.a(lib_a-bsearch.o)
                0x0200b288                bsearch
 .text          0x0200b2ec       0xb0 c:/devkitpro/devkitarm/bin/../lib/gcc/arm-none-eabi/4.7.1/../../../../arm-none-eabi/lib/thumb\libg.a(lib_a-fclose.o)
                0x0200b2ec                _fclose_r
                0x0200b380                fclose
 .text          0x0200b39c      0x1b8 c:/devkitpro/devkitarm/bin/../lib/gcc/arm-none-eabi/4.7.1/../../../../arm-none-eabi/lib/thumb\libg.a(lib_a-fflush.o)
                0x0200b39c                __sflush_r
                0x0200b4f4                _fflush_r
                0x0200b524                fflush
 .text          0x0200b554      0x1d8 c:/devkitpro/devkitarm/bin/../lib/gcc/arm-none-eabi/4.7.1/../../../../arm-none-eabi/lib/thumb\libg.a(lib_a-findfp.o)
                0x0200b55c                _cleanup_r
                0x0200b5bc                __sfmoreglue
                0x0200b5ec                _cleanup
                0x0200b600                __sinit
                0x0200b654                __sfp
                0x0200b6e4                __sfp_lock_acquire
                0x0200b6e8                __sfp_lock_release
                0x0200b6ec                __sinit_lock_acquire
                0x0200b6f0                __sinit_lock_release
                0x0200b6f4                __fp_lock_all
                0x0200b710                __fp_unlock_all
 .text          0x0200b72c       0xa8 c:/devkitpro/devkitarm/bin/../lib/gcc/arm-none-eabi/4.7.1/../../../../arm-none-eabi/lib/thumb\libg.a(lib_a-fopen.o)
                0x0200b72c                _fopen_r
                0x0200b7b8                fopen
 .text          0x0200b7d4       0x54 c:/devkitpro/devkitarm/bin/../lib/gcc/arm-none-eabi/4.7.1/../../../../arm-none-eabi/lib/thumb\libg.a(lib_a-fputc.o)
                0x0200b7d4                _fputc_r
                0x0200b7fc                fputc
 .text          0x0200b828       0x78 c:/devkitpro/devkitarm/bin/../lib/gcc/arm-none-eabi/4.7.1/../../../../arm-none-eabi/lib/thumb\libg.a(lib_a-fputs.o)
                0x0200b828                _fputs_r
                0x0200b884                fputs
 .text          0x0200b8a0      0x190 c:/devkitpro/devkitarm/bin/../lib/gcc/arm-none-eabi/4.7.1/../../../../arm-none-eabi/lib/thumb\libg.a(lib_a-fread.o)
                0x0200b8a0                _fread_r
                0x0200ba08                fread
 .text          0x0200ba30      0x238 c:/devkitpro/devkitarm/bin/../lib/gcc/arm-none-eabi/4.7.1/../../../../arm-none-eabi/lib/thumb\libg.a(lib_a-freer.o)
                0x0200ba30                _malloc_trim_r
                0x0200bad4                _free_r
 .text          0x0200bc68      0x328 c:/devkitpro/devkitarm/bin/../lib/gcc/arm-none-eabi/4.7.1/../../../../arm-none-eabi/lib/thumb\libg.a(lib_a-fseek.o)
                0x0200bc68                _fseek_r
                0x0200bf6c                fseek
 .text          0x0200bf90      0x2fc c:/devkitpro/devkitarm/bin/../lib/gcc/arm-none-eabi/4.7.1/../../../../arm-none-eabi/lib/thumb\libg.a(lib_a-fvwrite.o)
                0x0200bf90                __sfvwrite_r
 .text          0x0200c28c       0xb4 c:/devkitpro/devkitarm/bin/../lib/gcc/arm-none-eabi/4.7.1/../../../../arm-none-eabi/lib/thumb\libg.a(lib_a-fwalk.o)
                0x0200c28c                _fwalk
                0x0200c2e0                _fwalk_reent
 .text          0x0200c340       0x9c c:/devkitpro/devkitarm/bin/../lib/gcc/arm-none-eabi/4.7.1/../../../../arm-none-eabi/lib/thumb\libg.a(lib_a-fwrite.o)
                0x0200c340                _fwrite_r
                0x0200c3b4                fwrite
 .text          0x0200c3dc        0x0 c:/devkitpro/devkitarm/bin/../lib/gcc/arm-none-eabi/4.7.1/../../../../arm-none-eabi/lib/thumb\libg.a(lib_a-impure.o)
 .text          0x0200c3dc       0x54 c:/devkitpro/devkitarm/bin/../lib/gcc/arm-none-eabi/4.7.1/../../../../arm-none-eabi/lib/thumb\libg.a(lib_a-init.o)
                0x0200c3dc                __libc_init_array
 .text          0x0200c430       0x40 c:/devkitpro/devkitarm/bin/../lib/gcc/arm-none-eabi/4.7.1/../../../../arm-none-eabi/lib/thumb\libg.a(lib_a-iprintf.o)
                0x0200c430                iprintf
                0x0200c454                _iprintf_r
 .text          0x0200c470       0xe0 c:/devkitpro/devkitarm/bin/../lib/gcc/arm-none-eabi/4.7.1/../../../../arm-none-eabi/lib/thumb\libg.a(lib_a-makebuf.o)
                0x0200c470                __smakebuf_r
 .text          0x0200c550       0x30 c:/devkitpro/devkitarm/bin/../lib/gcc/arm-none-eabi/4.7.1/../../../../arm-none-eabi/lib/thumb\libg.a(lib_a-malloc.o)
                0x0200c550                malloc
                0x0200c568                free
 .text          0x0200c580      0x51c c:/devkitpro/devkitarm/bin/../lib/gcc/arm-none-eabi/4.7.1/../../../../arm-none-eabi/lib/thumb\libg.a(lib_a-mallocr.o)
                0x0200c580                _malloc_r
 .text          0x0200ca9c       0x98 c:/devkitpro/devkitarm/bin/../lib/gcc/arm-none-eabi/4.7.1/../../../../arm-none-eabi/lib/thumb\libg.a(lib_a-memchr-stub.o)
                0x0200ca9c                memchr
 .text          0x0200cb34       0x60 c:/devkitpro/devkitarm/bin/../lib/gcc/arm-none-eabi/4.7.1/../../../../arm-none-eabi/lib/thumb\libg.a(lib_a-memcmp.o)
                0x0200cb34                memcmp
 .text          0x0200cb94       0x90 c:/devkitpro/devkitarm/bin/../lib/gcc/arm-none-eabi/4.7.1/../../../../arm-none-eabi/lib/thumb\libg.a(lib_a-memcpy-stub.o)
                0x0200cb94                memcpy
 .text          0x0200cc24       0xb0 c:/devkitpro/devkitarm/bin/../lib/gcc/arm-none-eabi/4.7.1/../../../../arm-none-eabi/lib/thumb\libg.a(lib_a-memmove.o)
                0x0200cc24                memmove
 .text          0x0200ccd4       0x98 c:/devkitpro/devkitarm/bin/../lib/gcc/arm-none-eabi/4.7.1/../../../../arm-none-eabi/lib/thumb\libg.a(lib_a-memset.o)
                0x0200ccd4                memset
 .text          0x0200cd6c        0x8 c:/devkitpro/devkitarm/bin/../lib/gcc/arm-none-eabi/4.7.1/../../../../arm-none-eabi/lib/thumb\libg.a(lib_a-mlock.o)
                0x0200cd6c                __malloc_lock
                0x0200cd70                __malloc_unlock
 .text          0x0200cd74       0xc4 c:/devkitpro/devkitarm/bin/../lib/gcc/arm-none-eabi/4.7.1/../../../../arm-none-eabi/lib/thumb\libg.a(lib_a-putc.o)
                0x0200cd74                _putc_r
                0x0200cdd4                putc
 .text          0x0200ce38       0x1c c:/devkitpro/devkitarm/bin/../lib/gcc/arm-none-eabi/4.7.1/../../../../arm-none-eabi/lib/thumb\libg.a(lib_a-realloc.o)
                0x0200ce38                realloc
 .text          0x0200ce54      0x3e8 c:/devkitpro/devkitarm/bin/../lib/gcc/arm-none-eabi/4.7.1/../../../../arm-none-eabi/lib/thumb\libg.a(lib_a-reallocr.o)
                0x0200ce54                _realloc_r
 .text          0x0200d23c      0x144 c:/devkitpro/devkitarm/bin/../lib/gcc/arm-none-eabi/4.7.1/../../../../arm-none-eabi/lib/thumb\libg.a(lib_a-refill.o)
                0x0200d25c                __srefill_r
 .text          0x0200d380      0x120 c:/devkitpro/devkitarm/bin/../lib/gcc/arm-none-eabi/4.7.1/../../../../arm-none-eabi/lib/thumb\libg.a(lib_a-setvbuf.o)
                0x0200d380                setvbuf
 .text          0x0200d4a0      0x198 c:/devkitpro/devkitarm/bin/../lib/gcc/arm-none-eabi/4.7.1/../../../../arm-none-eabi/lib/thumb\libg.a(lib_a-signal.o)
                0x0200d4a0                _init_signal_r
                0x0200d4e0                _signal_r
                0x0200d520                _raise_r
                0x0200d580                __sigtramp_r
                0x0200d5d4                raise
                0x0200d5ec                signal
                0x0200d608                _init_signal
                0x0200d61c                __sigtramp
 .text          0x0200d638       0xa0 c:/devkitpro/devkitarm/bin/../lib/gcc/arm-none-eabi/4.7.1/../../../../arm-none-eabi/lib/thumb\libg.a(lib_a-siscanf.o)
                0x0200d638                siscanf
                0x0200d688                _siscanf_r
 .text          0x0200d6d8       0x84 c:/devkitpro/devkitarm/bin/../lib/gcc/arm-none-eabi/4.7.1/../../../../arm-none-eabi/lib/thumb\libg.a(lib_a-sprintf.o)
                0x0200d6d8                _sprintf_r
                0x0200d718                sprintf
 .text          0x0200d75c       0xac c:/devkitpro/devkitarm/bin/../lib/gcc/arm-none-eabi/4.7.1/../../../../arm-none-eabi/lib/thumb\libg.a(lib_a-stdio.o)
                0x0200d75c                __sread
                0x0200d788                __seofread
                0x0200d78c                __swrite
                0x0200d7c8                __sseek
                0x0200d7f8                __sclose
 .text          0x0200d808       0x14 c:/devkitpro/devkitarm/bin/../lib/gcc/arm-none-eabi/4.7.1/../../../../arm-none-eabi/lib/thumb\libg.a(lib_a-strcmp.o)
                0x0200d808                strcmp
 .text          0x0200d81c       0x10 c:/devkitpro/devkitarm/bin/../lib/gcc/arm-none-eabi/4.7.1/../../../../arm-none-eabi/lib/thumb\libg.a(lib_a-strlen.o)
                0x0200d81c                strlen
 .text          0x0200d82c       0xbc c:/devkitpro/devkitarm/bin/../lib/gcc/arm-none-eabi/4.7.1/../../../../arm-none-eabi/lib/thumb\libg.a(lib_a-strncmp.o)
                0x0200d82c                strncmp
 .text          0x0200d8e8      0xa98 c:/devkitpro/devkitarm/bin/../lib/gcc/arm-none-eabi/4.7.1/../../../../arm-none-eabi/lib/thumb\libg.a(lib_a-svfiscanf.o)
                0x0200d8e8                _sungetc_r
                0x0200d970                __ssrefill_r
                0x0200d9b4                _sfread_r
                0x0200da40                __ssvfiscanf_r
 .text          0x0200e380     0x1728 c:/devkitpro/devkitarm/bin/../lib/gcc/arm-none-eabi/4.7.1/../../../../arm-none-eabi/lib/thumb\libg.a(lib_a-svfprintf.o)
                0x0200e380                _svfprintf_r
 .text          0x0200faa8       0x20 c:/devkitpro/devkitarm/bin/../lib/gcc/arm-none-eabi/4.7.1/../../../../arm-none-eabi/lib/thumb\libg.a(lib_a-syswrite.o)
                0x0200faa8                write
 .text          0x0200fac8      0x188 c:/devkitpro/devkitarm/bin/../lib/gcc/arm-none-eabi/4.7.1/../../../../arm-none-eabi/lib/thumb\libg.a(lib_a-ungetc.o)
                0x0200fac8                __submore
                0x0200fb50                _ungetc_r
                0x0200fc34                ungetc
 .text          0x0200fc50      0xed4 c:/devkitpro/devkitarm/bin/../lib/gcc/arm-none-eabi/4.7.1/../../../../arm-none-eabi/lib/thumb\libg.a(lib_a-vfiprintf.o)
                0x0200fc50                __sprint_r
                0x0200fcd4                _vfiprintf_r
                0x02010b00                vfiprintf
 .text          0x02010b24       0xd0 c:/devkitpro/devkitarm/bin/../lib/gcc/arm-none-eabi/4.7.1/../../../../arm-none-eabi/lib/thumb\libg.a(lib_a-wbuf.o)
                0x02010b24                __swbuf_r
                0x02010bd8                __swbuf
 .text          0x02010bf4       0xe8 c:/devkitpro/devkitarm/bin/../lib/gcc/arm-none-eabi/4.7.1/../../../../arm-none-eabi/lib/thumb\libg.a(lib_a-wcrtomb.o)
                0x02010bf4                _wcrtomb_r
                0x02010c5c                wcrtomb
 .text          0x02010cdc       0x40 c:/devkitpro/devkitarm/bin/../lib/gcc/arm-none-eabi/4.7.1/../../../../arm-none-eabi/lib/thumb\libg.a(lib_a-wcsrtombs.o)
                0x02010cdc                _wcsrtombs_r
                0x02010cf4                wcsrtombs
 .text          0x02010d1c      0x2a4 c:/devkitpro/devkitarm/bin/../lib/gcc/arm-none-eabi/4.7.1/../../../../arm-none-eabi/lib/thumb\libg.a(lib_a-wctomb_r.o)
                0x02010d1c                __utf8_wctomb
                0x02010dd0                _wctomb_r
                0x02010e08                __ascii_wctomb
                0x02010e28                __sjis_wctomb
                0x02010ea4                __eucjp_wctomb
                0x02010f40                __jis_wctomb
 .text          0x02010fc0       0xd0 c:/devkitpro/devkitarm/bin/../lib/gcc/arm-none-eabi/4.7.1/../../../../arm-none-eabi/lib/thumb\libg.a(lib_a-wsetup.o)
                0x02010fc0                __swsetup_r
 .text          0x02011090       0x10 c:/devkitpro/devkitarm/bin/../lib/gcc/arm-none-eabi/4.7.1/../../../../arm-none-eabi/lib/thumb\libg.a(lib_a-ctype_.o)
                0x02011090                __set_ctype
 .text          0x020110a0     0x10a0 c:/devkitpro/devkitarm/bin/../lib/gcc/arm-none-eabi/4.7.1/../../../../arm-none-eabi/lib/thumb\libg.a(lib_a-dtoa.o)
                0x020111f8                _dtoa_r
 .text          0x02012140       0x70 c:/devkitpro/devkitarm/bin/../lib/gcc/arm-none-eabi/4.7.1/../../../../arm-none-eabi/lib/thumb\libg.a(lib_a-flags.o)
                0x02012140                __sflags
 .text          0x020121b0      0x104 c:/devkitpro/devkitarm/bin/../lib/gcc/arm-none-eabi/4.7.1/../../../../arm-none-eabi/lib/thumb\libg.a(lib_a-fputwc.o)
                0x020121b0                _fputwc_r
                0x02012288                fputwc
 .text          0x020122b4       0x78 c:/devkitpro/devkitarm/bin/../lib/gcc/arm-none-eabi/4.7.1/../../../../arm-none-eabi/lib/thumb\libg.a(lib_a-iswspace.o)
                0x020122b4                iswspace
 .text          0x0201232c      0x1f0 c:/devkitpro/devkitarm/bin/../lib/gcc/arm-none-eabi/4.7.1/../../../../arm-none-eabi/lib/thumb\libg.a(lib_a-jp2uc.o)
                0x020124b8                _jp2uc
 .text          0x0201251c      0x950 c:/devkitpro/devkitarm/bin/../lib/gcc/arm-none-eabi/4.7.1/../../../../arm-none-eabi/lib/thumb\libg.a(lib_a-locale.o)
                0x02012c10                _setlocale_r
                0x02012e0c                __locale_charset
                0x02012e14                __locale_mb_cur_max
                0x02012e20                __locale_msgcharset
                0x02012e2c                __locale_cjk_lang
                0x02012e38                _localeconv_r
                0x02012e44                setlocale
                0x02012e60                localeconv
 .text          0x02012e6c      0x104 c:/devkitpro/devkitarm/bin/../lib/gcc/arm-none-eabi/4.7.1/../../../../arm-none-eabi/lib/thumb\libg.a(lib_a-mbrtowc.o)
                0x02012e6c                _mbrtowc_r
                0x02012ee4                mbrtowc
 .text          0x02012f70      0x584 c:/devkitpro/devkitarm/bin/../lib/gcc/arm-none-eabi/4.7.1/../../../../arm-none-eabi/lib/thumb\libg.a(lib_a-mbtowc_r.o)
                0x02012f70                __utf8_mbtowc
                0x020131d0                _mbtowc_r
                0x0201320c                __ascii_mbtowc
                0x0201323c                __sjis_mbtowc
                0x020132fc                __eucjp_mbtowc
                0x020133c4                __jis_mbtowc
 *fill*         0x020134f4        0x4 ff
 .text          0x020134f8      0x978 c:/devkitpro/devkitarm/bin/../lib/gcc/arm-none-eabi/4.7.1/../../../../arm-none-eabi/lib/thumb\libg.a(lib_a-mprec.o)
                0x020134f8                _Balloc
                0x0201354c                _Bfree
                0x02013564                __multadd
                0x02013610                __s2b
                0x020136ac                __hi0bits
                0x020136e4                __lo0bits
                0x02013744                __i2b
                0x0201375c                __multiply
                0x020138c0                __pow5mult
                0x02013970                __lshift
                0x02013a40                __mcmp
                0x02013a7c                __mdiff
                0x02013b6c                __ulp
                0x02013bb4                __b2d
                0x02013c58                __d2b
                0x02013d10                __ratio
                0x02013d8c                _mprec_log10
                0x02013dcc                __copybits
                0x02013e14                __any_on
 .text          0x02013e70       0x7c c:/devkitpro/devkitarm/bin/../lib/gcc/arm-none-eabi/4.7.1/../../../../arm-none-eabi/lib/thumb\libg.a(lib_a-sccl.o)
                0x02013e70                __sccl
 .text          0x02013eec       0x5c c:/devkitpro/devkitarm/bin/../lib/gcc/arm-none-eabi/4.7.1/../../../../arm-none-eabi/lib/thumb\libg.a(lib_a-s_fpclassify.o)
                0x02013eec                __fpclassifyd
 .text          0x02013f48       0x50 c:/devkitpro/devkitarm/bin/../lib/gcc/arm-none-eabi/4.7.1/../../../../arm-none-eabi/lib/thumb\libg.a(lib_a-strcasecmp.o)
                0x02013f48                strcasecmp
 .text          0x02013f98       0x50 c:/devkitpro/devkitarm/bin/../lib/gcc/arm-none-eabi/4.7.1/../../../../arm-none-eabi/lib/thumb\libg.a(lib_a-strcat.o)
                0x02013f98                strcat
 .text          0x02013fe8       0xd4 c:/devkitpro/devkitarm/bin/../lib/gcc/arm-none-eabi/4.7.1/../../../../arm-none-eabi/lib/thumb\libg.a(lib_a-strchr.o)
                0x02013fe8                strchr
 .text          0x020140bc       0x10 c:/devkitpro/devkitarm/bin/../lib/gcc/arm-none-eabi/4.7.1/../../../../arm-none-eabi/lib/thumb\libg.a(lib_a-strcpy.o)
                0x020140bc                strcpy
 .text          0x020140cc       0x48 c:/devkitpro/devkitarm/bin/../lib/gcc/arm-none-eabi/4.7.1/../../../../arm-none-eabi/lib/thumb\libg.a(lib_a-strlcpy.o)
                0x020140cc                strlcpy
 .text          0x02014114       0x60 c:/devkitpro/devkitarm/bin/../lib/gcc/arm-none-eabi/4.7.1/../../../../arm-none-eabi/lib/thumb\libg.a(lib_a-strncasecmp.o)
                0x02014114                strncasecmp
 .text          0x02014174       0x60 c:/devkitpro/devkitarm/bin/../lib/gcc/arm-none-eabi/4.7.1/../../../../arm-none-eabi/lib/thumb\libg.a(lib_a-strncpy.o)
                0x02014174                strncpy
 *fill*         0x020141d4        0x4 ff
 .text          0x020141d8      0x208 c:/devkitpro/devkitarm/bin/../lib/gcc/arm-none-eabi/4.7.1/../../../../arm-none-eabi/lib/thumb\libg.a(lib_a-strtoll_r.o)
                0x020141d8                _strtoll_r
 .text          0x020143e0      0x190 c:/devkitpro/devkitarm/bin/../lib/gcc/arm-none-eabi/4.7.1/../../../../arm-none-eabi/lib/thumb\libg.a(lib_a-strtol.o)
                0x020143e0                _strtol_r
                0x02014550                strtol
 .text          0x02014570      0x238 c:/devkitpro/devkitarm/bin/../lib/gcc/arm-none-eabi/4.7.1/../../../../arm-none-eabi/lib/thumb\libg.a(lib_a-strtoull_r.o)
                0x02014570                _strtoull_r
 .text          0x020147a8      0x198 c:/devkitpro/devkitarm/bin/../lib/gcc/arm-none-eabi/4.7.1/../../../../arm-none-eabi/lib/thumb\libg.a(lib_a-strtoul.o)
                0x020147a8                _strtoul_r
                0x02014920                strtoul
 .text          0x02014940      0xeb4 c:/devkitpro/devkitarm/bin/../lib/gcc/arm-none-eabi/4.7.1/../../../../arm-none-eabi/lib/thumb\libg.a(lib_a-svfiprintf.o)
                0x02014940                __ssprint_r
                0x02014a70                _svfiprintf_r
 .text          0x020157f4      0x150 c:/devkitpro/devkitarm/bin/../lib/gcc/arm-none-eabi/4.7.1/../../../../arm-none-eabi/lib/thumb\libg.a(lib_a-wcsnrtombs.o)
                0x020157f4                _wcsnrtombs_r
                0x02015914                wcsnrtombs
 .text          0x02015944       0x64 c:/devkitpro/devkitarm/bin/../lib/gcc/arm-none-eabi/4.7.1/../../../../arm-none-eabi/lib/thumb\libg.a(lib_a-callocr.o)
                0x02015944                _calloc_r
 .text          0x020159a8       0xa8 c:/devkitpro/devkitarm/bin/../lib/gcc/arm-none-eabi/4.7.1/../../../../arm-none-eabi/lib/thumb\libg.a(lib_a-getenv_r.o)
                0x020159a8                _findenv_r
                0x02015a40                _getenv_r
 .text          0x02015a50        0x0 c:/devkitpro/devkitarm/bin/../lib/gcc/arm-none-eabi/4.7.1/../../../../arm-none-eabi/lib/thumb\libg.a(lib_a-environ.o)
 .text          0x02015a50        0x8 c:/devkitpro/devkitarm/bin/../lib/gcc/arm-none-eabi/4.7.1/../../../../arm-none-eabi/lib/thumb\libg.a(lib_a-envlock.o)
                0x02015a50                __env_lock
                0x02015a54                __env_unlock
 .text          0x02015a58      0x144 c:/devkitpro/devkitarm/bin/../lib/gcc/arm-none-eabi/4.7.1/../../../../arm-none-eabi/lib/thumb\libsysbase.a(iosupport.o)
                0x02015a58                setDefaultDevice
                0x02015a6c                FindDevice
                0x02015adc                RemoveDevice
                0x02015b00                AddDevice
                0x02015b7c                GetDeviceOpTab
 .text          0x02015b9c       0x50 c:/devkitpro/devkitarm/bin/../lib/gcc/arm-none-eabi/4.7.1/../../../../arm-none-eabi/lib/thumb\libsysbase.a(close.o)
                0x02015b9c                _close_r
 .text          0x02015bec       0x50 c:/devkitpro/devkitarm/bin/../lib/gcc/arm-none-eabi/4.7.1/../../../../arm-none-eabi/lib/thumb\libsysbase.a(fstat.o)
                0x02015bec                _fstat_r
 .text          0x02015c3c        0xc c:/devkitpro/devkitarm/bin/../lib/gcc/arm-none-eabi/4.7.1/../../../../arm-none-eabi/lib/thumb\libsysbase.a(getpid.o)
                0x02015c3c                _getpid_r
 .text          0x02015c48        0x4 c:/devkitpro/devkitarm/bin/../lib/gcc/arm-none-eabi/4.7.1/../../../../arm-none-eabi/lib/thumb\libsysbase.a(isatty.o)
                0x02015c48                _isatty_r
 .text          0x02015c4c        0xc c:/devkitpro/devkitarm/bin/../lib/gcc/arm-none-eabi/4.7.1/../../../../arm-none-eabi/lib/thumb\libsysbase.a(kill.o)
                0x02015c4c                _kill_r
 .text          0x02015c58       0x50 c:/devkitpro/devkitarm/bin/../lib/gcc/arm-none-eabi/4.7.1/../../../../arm-none-eabi/lib/thumb\libsysbase.a(lseek.o)
                0x02015c58                _lseek_r
 .text          0x02015ca8       0xa0 c:/devkitpro/devkitarm/bin/../lib/gcc/arm-none-eabi/4.7.1/../../../../arm-none-eabi/lib/thumb\libsysbase.a(open.o)
                0x02015ca8                _open_r
 .text          0x02015d48       0x50 c:/devkitpro/devkitarm/bin/../lib/gcc/arm-none-eabi/4.7.1/../../../../arm-none-eabi/lib/thumb\libsysbase.a(read.o)
                0x02015d48                _read_r
 .text          0x02015d98       0x54 c:/devkitpro/devkitarm/bin/../lib/gcc/arm-none-eabi/4.7.1/../../../../arm-none-eabi/lib/thumb\libsysbase.a(sbrk.o)
                0x02015d98                _sbrk_r
 .text          0x02015dec       0x44 c:/devkitpro/devkitarm/bin/../lib/gcc/arm-none-eabi/4.7.1/../../../../arm-none-eabi/lib/thumb\libsysbase.a(times.o)
                0x02015dec                _times
                0x02015e00                _times_r
                0x02015e08                _gettimeofday_r
 .text          0x02015e30       0x58 c:/devkitpro/devkitarm/bin/../lib/gcc/arm-none-eabi/4.7.1/../../../../arm-none-eabi/lib/thumb\libsysbase.a(write.o)
                0x02015e30                _write_r
 .text          0x02015e88       0x18 c:/devkitpro/devkitarm/bin/../lib/gcc/arm-none-eabi/4.7.1/../../../../arm-none-eabi/lib/thumb\libsysbase.a(_exit.o)
                0x02015e88                _exit
 .text          0x02015ea0        0x0 c:/devkitpro/devkitarm/bin/../lib/gcc/arm-none-eabi/4.7.1/../../../../arm-none-eabi/lib/thumb\libsysbase.a(malloc_vars.o)
 .text          0x02015ea0       0x4c c:/devkitpro/devkitarm/bin/../lib/gcc/arm-none-eabi/4.7.1/../../../../arm-none-eabi/lib/thumb\libsysbase.a(build_argv.o)
                0x02015ea0                build_argv
 .text          0x02015eec        0x0 c:/devkitpro/devkitarm/bin/../lib/gcc/arm-none-eabi/4.7.1/../../../../arm-none-eabi/lib/thumb\libsysbase.a(syscall_support.o)
 .text          0x02015eec       0x84 c:/devkitpro/devkitarm/bin/../lib/gcc/arm-none-eabi/4.7.1/../../../../arm-none-eabi/lib/thumb\libsysbase.a(handle_manager.o)
                0x02015eec                __release_handle
                0x02015f18                __alloc_handle
                0x02015f50                __get_handle
 .text          0x02015f70      0x41c c:/devkitpro/devkitarm/bin/../lib/gcc/arm-none-eabi/4.7.1/thumb\libgcc.a(_arm_addsubdf3.o)
                0x02015f70                __aeabi_drsub
                0x02015f78                __aeabi_dsub
                0x02015f78                __subdf3
                0x02015f7c                __aeabi_dadd
                0x02015f7c                __adddf3
                0x0201628c                __floatunsidf
                0x0201628c                __aeabi_ui2d
                0x020162b0                __floatsidf
                0x020162b0                __aeabi_i2d
                0x020162d8                __aeabi_f2d
                0x020162d8                __extendsfdf2
                0x02016318                __floatundidf
                0x02016318                __aeabi_ul2d
                0x0201632c                __floatdidf
                0x0201632c                __aeabi_l2d
 .text          0x0201638c      0x49c c:/devkitpro/devkitarm/bin/../lib/gcc/arm-none-eabi/4.7.1/thumb\libgcc.a(_arm_muldivdf3.o)
                0x0201638c                __aeabi_dmul
                0x0201638c                __muldf3
                0x0201661c                __divdf3
                0x0201661c                __aeabi_ddiv
 .text          0x02016828      0x144 c:/devkitpro/devkitarm/bin/../lib/gcc/arm-none-eabi/4.7.1/thumb\libgcc.a(_arm_cmpdf2.o)
                0x02016828                __gtdf2
                0x02016828                __gedf2
                0x02016830                __ltdf2
                0x02016830                __ledf2
                0x02016838                __nedf2
                0x02016838                __eqdf2
                0x02016838                __cmpdf2
                0x020168c0                __aeabi_cdrcmple
                0x020168dc                __aeabi_cdcmpeq
                0x020168dc                __aeabi_cdcmple
                0x020168f4                __aeabi_dcmpeq
                0x0201690c                __aeabi_dcmplt
                0x02016924                __aeabi_dcmple
                0x0201693c                __aeabi_dcmpge
                0x02016954                __aeabi_dcmpgt
 .text          0x0201696c       0x5c c:/devkitpro/devkitarm/bin/../lib/gcc/arm-none-eabi/4.7.1/thumb\libgcc.a(_arm_fixdfsi.o)
                0x0201696c                __aeabi_d2iz
                0x0201696c                __fixdfsi
 .text          0x020169c8       0x3c c:/devkitpro/devkitarm/bin/../lib/gcc/arm-none-eabi/4.7.1/thumb\libgcc.a(_aeabi_uldivmod.o)
                0x020169c8                __aeabi_uldivmod
 .text          0x02016a04       0x4c c:/devkitpro/devkitarm/bin/../lib/gcc/arm-none-eabi/4.7.1/thumb\libgcc.a(_muldi3.o)
                0x02016a04                __muldi3
                0x02016a04                __aeabi_lmul
 .text          0x02016a50       0x7c c:/devkitpro/devkitarm/bin/../lib/gcc/arm-none-eabi/4.7.1/thumb\libgcc.a(bpabi.o)
                0x02016a50                __gnu_ldivmod_helper
                0x02016a90                __gnu_uldivmod_helper
 .text          0x02016acc      0x3d4 c:/devkitpro/devkitarm/bin/../lib/gcc/arm-none-eabi/4.7.1/thumb\libgcc.a(_divdi3.o)
                0x02016acc                __divdi3
 .text          0x02016ea0      0x3a0 c:/devkitpro/devkitarm/bin/../lib/gcc/arm-none-eabi/4.7.1/thumb\libgcc.a(_udivdi3.o)
                0x02016ea0                __udivdi3
 .text          0x02017240       0x48 c:/devkitpro/devkitarm/bin/../lib/gcc/arm-none-eabi/4.7.1/thumb\libgcc.a(_clzsi2.o)
                0x02017240                __clzsi2
 .text          0x02017288        0xc c:/devkitpro/devkitarm/bin/../lib/gcc/arm-none-eabi/4.7.1/../../../../arm-none-eabi/lib/thumb\libg.a(lib_a-errno.o)
                0x02017288                __errno
 .text          0x02017294        0x0 c:/devkitpro/devkitarm/bin/../lib/gcc/arm-none-eabi/4.7.1/thumb/crtend.o
 .text          0x02017294        0x0 c:/devkitpro/devkitarm/bin/../lib/gcc/arm-none-eabi/4.7.1/thumb/crtn.o
 *(.text.*)
 .text._ZNSt6vectorI5BlockSaIS0_EE13_M_insert_auxEN9__gnu_cxx17__normal_iteratorIPS0_S2_EERKS0_
                0x02017294      0x26c ClassDefinitions.o
                0x02017294                std::vector<Block, std::allocator<Block> >::_M_insert_aux(__gnu_cxx::__normal_iterator<Block*, std::vector<Block, std::allocator<Block> > >, Block const&)
 .text.startup  0x02017500       0x54 main.o
                0x02017500                main
 .text._Znwj    0x02017554       0x60 c:/devkitpro/devkitarm/bin/../lib/gcc/arm-none-eabi/4.7.1/../../../../arm-none-eabi/lib/thumb\libstdc++.a(new_op.o)
                0x02017554                operator new(unsigned int)
 .text._ZN10__cxxabiv1L24__is_gxx_exception_classEPc
                0x020175b4       0x40 c:/devkitpro/devkitarm/bin/../lib/gcc/arm-none-eabi/4.7.1/../../../../arm-none-eabi/lib/thumb\libstdc++.a(eh_call.o)
 .text.__cxa_call_terminate
                0x020175f4       0x24 c:/devkitpro/devkitarm/bin/../lib/gcc/arm-none-eabi/4.7.1/../../../../arm-none-eabi/lib/thumb\libstdc++.a(eh_call.o)
                0x020175f4                __cxa_call_terminate
 .text.__cxa_call_unexpected
                0x02017618       0xec c:/devkitpro/devkitarm/bin/../lib/gcc/arm-none-eabi/4.7.1/../../../../arm-none-eabi/lib/thumb\libstdc++.a(eh_call.o)
                0x02017618                __cxa_call_unexpected
 .text._ZL12read_sleb128PKhPl
                0x02017704       0x34 c:/devkitpro/devkitarm/bin/../lib/gcc/arm-none-eabi/4.7.1/../../../../arm-none-eabi/lib/thumb\libstdc++.a(eh_personality.o)
 .text._ZL28read_encoded_value_with_basehjPKhPj
                0x02017738       0xd8 c:/devkitpro/devkitarm/bin/../lib/gcc/arm-none-eabi/4.7.1/../../../../arm-none-eabi/lib/thumb\libstdc++.a(eh_personality.o)
 .text._ZL21base_of_encoded_valuehP15_Unwind_Context
                0x02017810       0x4c c:/devkitpro/devkitarm/bin/../lib/gcc/arm-none-eabi/4.7.1/../../../../arm-none-eabi/lib/thumb\libstdc++.a(eh_personality.o)
 .text._ZL17parse_lsda_headerP15_Unwind_ContextPKhP16lsda_header_info
                0x0201785c       0x98 c:/devkitpro/devkitarm/bin/../lib/gcc/arm-none-eabi/4.7.1/../../../../arm-none-eabi/lib/thumb\libstdc++.a(eh_personality.o)
 .text.__gxx_personality_v0
                0x020178f4      0x3ec c:/devkitpro/devkitarm/bin/../lib/gcc/arm-none-eabi/4.7.1/../../../../arm-none-eabi/lib/thumb\libstdc++.a(eh_personality.o)
                0x020178f4                __gxx_personality_v0
 .text._ZdlPv   0x02017ce0       0x10 c:/devkitpro/devkitarm/bin/../lib/gcc/arm-none-eabi/4.7.1/../../../../arm-none-eabi/lib/thumb\libstdc++.a(del_op.o)
                0x02017ce0                operator delete(void*)
 .text._ZN10__cxxabiv111__terminateEPFvvE
                0x02017cf0       0x2c c:/devkitpro/devkitarm/bin/../lib/gcc/arm-none-eabi/4.7.1/../../../../arm-none-eabi/lib/thumb\libstdc++.a(eh_terminate.o)
                0x02017cf0                __cxxabiv1::__terminate(void (*)())
 .text._ZSt9terminatev
                0x02017d1c       0x10 c:/devkitpro/devkitarm/bin/../lib/gcc/arm-none-eabi/4.7.1/../../../../arm-none-eabi/lib/thumb\libstdc++.a(eh_terminate.o)
                0x02017d1c                std::terminate()
 .text._ZN10__cxxabiv112__unexpectedEPFvvE
                0x02017d2c        0xc c:/devkitpro/devkitarm/bin/../lib/gcc/arm-none-eabi/4.7.1/../../../../arm-none-eabi/lib/thumb\libstdc++.a(eh_terminate.o)
                0x02017d2c                __cxxabiv1::__unexpected(void (*)())
 .text._ZSt10unexpectedv
                0x02017d38       0x10 c:/devkitpro/devkitarm/bin/../lib/gcc/arm-none-eabi/4.7.1/../../../../arm-none-eabi/lib/thumb\libstdc++.a(eh_terminate.o)
                0x02017d38                std::unexpected()
 .text._ZSt13set_terminatePFvvE
                0x02017d48       0x10 c:/devkitpro/devkitarm/bin/../lib/gcc/arm-none-eabi/4.7.1/../../../../arm-none-eabi/lib/thumb\libstdc++.a(eh_terminate.o)
                0x02017d48                std::set_terminate(void (*)())
 .text._ZSt14set_unexpectedPFvvE
                0x02017d58       0x10 c:/devkitpro/devkitarm/bin/../lib/gcc/arm-none-eabi/4.7.1/../../../../arm-none-eabi/lib/thumb\libstdc++.a(eh_terminate.o)
                0x02017d58                std::set_unexpected(void (*)())
 .text._ZNSt9exceptionD2Ev
                0x02017d68        0xc c:/devkitpro/devkitarm/bin/../lib/gcc/arm-none-eabi/4.7.1/../../../../arm-none-eabi/lib/thumb\libstdc++.a(eh_exception.o)
                0x02017d68                std::exception::~exception()
                0x02017d68                std::exception::~exception()
 .text._ZNSt13bad_exceptionD2Ev
                0x02017d74        0xc c:/devkitpro/devkitarm/bin/../lib/gcc/arm-none-eabi/4.7.1/../../../../arm-none-eabi/lib/thumb\libstdc++.a(eh_exception.o)
                0x02017d74                std::bad_exception::~bad_exception()
                0x02017d74                std::bad_exception::~bad_exception()
 .text._ZN10__cxxabiv115__forced_unwindD2Ev
                0x02017d80        0xc c:/devkitpro/devkitarm/bin/../lib/gcc/arm-none-eabi/4.7.1/../../../../arm-none-eabi/lib/thumb\libstdc++.a(eh_exception.o)
                0x02017d80                __cxxabiv1::__forced_unwind::~__forced_unwind()
                0x02017d80                __cxxabiv1::__forced_unwind::~__forced_unwind()
 .text._ZN10__cxxabiv119__foreign_exceptionD2Ev
                0x02017d8c        0xc c:/devkitpro/devkitarm/bin/../lib/gcc/arm-none-eabi/4.7.1/../../../../arm-none-eabi/lib/thumb\libstdc++.a(eh_exception.o)
                0x02017d8c                __cxxabiv1::__foreign_exception::~__foreign_exception()
                0x02017d8c                __cxxabiv1::__foreign_exception::~__foreign_exception()
 .text._ZNKSt9exception4whatEv
                0x02017d98        0x8 c:/devkitpro/devkitarm/bin/../lib/gcc/arm-none-eabi/4.7.1/../../../../arm-none-eabi/lib/thumb\libstdc++.a(eh_exception.o)
                0x02017d98                std::exception::what() const
 .text._ZNKSt13bad_exception4whatEv
                0x02017da0        0x8 c:/devkitpro/devkitarm/bin/../lib/gcc/arm-none-eabi/4.7.1/../../../../arm-none-eabi/lib/thumb\libstdc++.a(eh_exception.o)
                0x02017da0                std::bad_exception::what() const
 .text._ZN10__cxxabiv119__foreign_exceptionD0Ev
                0x02017da8       0x1c c:/devkitpro/devkitarm/bin/../lib/gcc/arm-none-eabi/4.7.1/../../../../arm-none-eabi/lib/thumb\libstdc++.a(eh_exception.o)
                0x02017da8                __cxxabiv1::__foreign_exception::~__foreign_exception()
 .text._ZN10__cxxabiv115__forced_unwindD0Ev
                0x02017dc4       0x1c c:/devkitpro/devkitarm/bin/../lib/gcc/arm-none-eabi/4.7.1/../../../../arm-none-eabi/lib/thumb\libstdc++.a(eh_exception.o)
                0x02017dc4                __cxxabiv1::__forced_unwind::~__forced_unwind()
 .text._ZNSt9exceptionD0Ev
                0x02017de0       0x1c c:/devkitpro/devkitarm/bin/../lib/gcc/arm-none-eabi/4.7.1/../../../../arm-none-eabi/lib/thumb\libstdc++.a(eh_exception.o)
                0x02017de0                std::exception::~exception()
 .text._ZNSt13bad_exceptionD0Ev
                0x02017dfc       0x1c c:/devkitpro/devkitarm/bin/../lib/gcc/arm-none-eabi/4.7.1/../../../../arm-none-eabi/lib/thumb\libstdc++.a(eh_exception.o)
                0x02017dfc                std::bad_exception::~bad_exception()
 .text.__cxa_allocate_exception
                0x02017e18       0x68 c:/devkitpro/devkitarm/bin/../lib/gcc/arm-none-eabi/4.7.1/../../../../arm-none-eabi/lib/thumb\libstdc++.a(eh_alloc.o)
                0x02017e18                __cxa_allocate_exception
 .text.__cxa_free_exception
                0x02017e80       0x38 c:/devkitpro/devkitarm/bin/../lib/gcc/arm-none-eabi/4.7.1/../../../../arm-none-eabi/lib/thumb\libstdc++.a(eh_alloc.o)
                0x02017e80                __cxa_free_exception
 .text.__cxa_allocate_dependent_exception
                0x02017eb8       0x60 c:/devkitpro/devkitarm/bin/../lib/gcc/arm-none-eabi/4.7.1/../../../../arm-none-eabi/lib/thumb\libstdc++.a(eh_alloc.o)
                0x02017eb8                __cxa_allocate_dependent_exception
 .text.__cxa_free_dependent_exception
                0x02017f18       0x3c c:/devkitpro/devkitarm/bin/../lib/gcc/arm-none-eabi/4.7.1/../../../../arm-none-eabi/lib/thumb\libstdc++.a(eh_alloc.o)
                0x02017f18                __cxa_free_dependent_exception
 .text._ZNKSt9bad_alloc4whatEv
                0x02017f54        0x8 c:/devkitpro/devkitarm/bin/../lib/gcc/arm-none-eabi/4.7.1/../../../../arm-none-eabi/lib/thumb\libstdc++.a(bad_alloc.o)
                0x02017f54                std::bad_alloc::what() const
 .text._ZNSt9bad_allocD2Ev
                0x02017f5c       0x1c c:/devkitpro/devkitarm/bin/../lib/gcc/arm-none-eabi/4.7.1/../../../../arm-none-eabi/lib/thumb\libstdc++.a(bad_alloc.o)
                0x02017f5c                std::bad_alloc::~bad_alloc()
                0x02017f5c                std::bad_alloc::~bad_alloc()
 .text._ZNSt9bad_allocD0Ev
                0x02017f78       0x18 c:/devkitpro/devkitarm/bin/../lib/gcc/arm-none-eabi/4.7.1/../../../../arm-none-eabi/lib/thumb\libstdc++.a(bad_alloc.o)
                0x02017f78                std::bad_alloc::~bad_alloc()
 .text._ZNK10__cxxabiv117__class_type_info11__do_upcastEPKS0_PPv
                0x02017f90       0x40 c:/devkitpro/devkitarm/bin/../lib/gcc/arm-none-eabi/4.7.1/../../../../arm-none-eabi/lib/thumb\libstdc++.a(class_type_info.o)
                0x02017f90                __cxxabiv1::__class_type_info::__do_upcast(__cxxabiv1::__class_type_info const*, void**) const
 .text._ZNK10__cxxabiv117__class_type_info20__do_find_public_srcEiPKvPKS0_S2_
                0x02017fd0       0x14 c:/devkitpro/devkitarm/bin/../lib/gcc/arm-none-eabi/4.7.1/../../../../arm-none-eabi/lib/thumb\libstdc++.a(class_type_info.o)
                0x02017fd0                __cxxabiv1::__class_type_info::__do_find_public_src(int, void const*, __cxxabiv1::__class_type_info const*, void const*) const
 .text._ZNK10__cxxabiv117__class_type_info11__do_upcastEPKS0_PKvRNS0_15__upcast_resultE
                0x02017fe4       0x24 c:/devkitpro/devkitarm/bin/../lib/gcc/arm-none-eabi/4.7.1/../../../../arm-none-eabi/lib/thumb\libstdc++.a(class_type_info.o)
                0x02017fe4                __cxxabiv1::__class_type_info::__do_upcast(__cxxabiv1::__class_type_info const*, void const*, __cxxabiv1::__class_type_info::__upcast_result&) const
 .text._ZN10__cxxabiv117__class_type_infoD2Ev
                0x02018008       0x1c c:/devkitpro/devkitarm/bin/../lib/gcc/arm-none-eabi/4.7.1/../../../../arm-none-eabi/lib/thumb\libstdc++.a(class_type_info.o)
                0x02018008                __cxxabiv1::__class_type_info::~__class_type_info()
                0x02018008                __cxxabiv1::__class_type_info::~__class_type_info()
 .text._ZN10__cxxabiv117__class_type_infoD0Ev
                0x02018024       0x18 c:/devkitpro/devkitarm/bin/../lib/gcc/arm-none-eabi/4.7.1/../../../../arm-none-eabi/lib/thumb\libstdc++.a(class_type_info.o)
                0x02018024                __cxxabiv1::__class_type_info::~__class_type_info()
 .text._ZNK10__cxxabiv117__class_type_info12__do_dyncastEiNS0_10__sub_kindEPKS0_PKvS3_S5_RNS0_16__dyncast_resultE
                0x0201803c       0x44 c:/devkitpro/devkitarm/bin/../lib/gcc/arm-none-eabi/4.7.1/../../../../arm-none-eabi/lib/thumb\libstdc++.a(class_type_info.o)
                0x0201803c                __cxxabiv1::__class_type_info::__do_dyncast(int, __cxxabiv1::__class_type_info::__sub_kind, __cxxabiv1::__class_type_info const*, void const*, __cxxabiv1::__class_type_info const*, void const*, __cxxabiv1::__class_type_info::__dyncast_result&) const
 .text._ZNK10__cxxabiv117__class_type_info10__do_catchEPKSt9type_infoPPvj
                0x02018080       0x40 c:/devkitpro/devkitarm/bin/../lib/gcc/arm-none-eabi/4.7.1/../../../../arm-none-eabi/lib/thumb\libstdc++.a(class_type_info.o)
                0x02018080                __cxxabiv1::__class_type_info::__do_catch(std::type_info const*, void**, unsigned int) const
 .text._ZSt15set_new_handlerPFvvE
                0x020180c0       0x10 c:/devkitpro/devkitarm/bin/../lib/gcc/arm-none-eabi/4.7.1/../../../../arm-none-eabi/lib/thumb\libstdc++.a(new_handler.o)
                0x020180c0                std::set_new_handler(void (*)())
 .text.__cxa_end_cleanup
                0x020180d0        0xc c:/devkitpro/devkitarm/bin/../lib/gcc/arm-none-eabi/4.7.1/../../../../arm-none-eabi/lib/thumb\libstdc++.a(eh_arm.o)
                0x020180d0                __cxa_end_cleanup
 .text.__cxa_type_match
                0x020180dc       0xcc c:/devkitpro/devkitarm/bin/../lib/gcc/arm-none-eabi/4.7.1/../../../../arm-none-eabi/lib/thumb\libstdc++.a(eh_arm.o)
                0x020180dc                __cxa_type_match
 .text.__cxa_begin_cleanup
                0x020181a8       0x64 c:/devkitpro/devkitarm/bin/../lib/gcc/arm-none-eabi/4.7.1/../../../../arm-none-eabi/lib/thumb\libstdc++.a(eh_arm.o)
                0x020181a8                __cxa_begin_cleanup
 .text.__gnu_end_cleanup
                0x0201820c       0x74 c:/devkitpro/devkitarm/bin/../lib/gcc/arm-none-eabi/4.7.1/../../../../arm-none-eabi/lib/thumb\libstdc++.a(eh_arm.o)
                0x0201820c                __gnu_end_cleanup
 .text._ZL23__gxx_exception_cleanup19_Unwind_Reason_CodeP21_Unwind_Control_Block
                0x02018280       0x30 c:/devkitpro/devkitarm/bin/../lib/gcc/arm-none-eabi/4.7.1/../../../../arm-none-eabi/lib/thumb\libstdc++.a(eh_throw.o)
 .text.__cxa_throw
                0x020182b0       0x68 c:/devkitpro/devkitarm/bin/../lib/gcc/arm-none-eabi/4.7.1/../../../../arm-none-eabi/lib/thumb\libstdc++.a(eh_throw.o)
                0x020182b0                __cxa_throw
 .text.__cxa_rethrow
                0x02018318       0x74 c:/devkitpro/devkitarm/bin/../lib/gcc/arm-none-eabi/4.7.1/../../../../arm-none-eabi/lib/thumb\libstdc++.a(eh_throw.o)
                0x02018318                __cxa_rethrow
 .text.__cxa_pure_virtual
                0x0201838c       0x14 c:/devkitpro/devkitarm/bin/../lib/gcc/arm-none-eabi/4.7.1/../../../../arm-none-eabi/lib/thumb\libstdc++.a(pure.o)
                0x0201838c                __cxa_pure_virtual
 .text.__cxa_deleted_virtual
                0x020183a0       0x14 c:/devkitpro/devkitarm/bin/../lib/gcc/arm-none-eabi/4.7.1/../../../../arm-none-eabi/lib/thumb\libstdc++.a(pure.o)
                0x020183a0                __cxa_deleted_virtual
 .text.__cxa_get_globals_fast
                0x020183b4        0x8 c:/devkitpro/devkitarm/bin/../lib/gcc/arm-none-eabi/4.7.1/../../../../arm-none-eabi/lib/thumb\libstdc++.a(eh_globals.o)
                0x020183b4                __cxa_get_globals_fast
 .text.__cxa_get_globals
                0x020183bc        0x8 c:/devkitpro/devkitarm/bin/../lib/gcc/arm-none-eabi/4.7.1/../../../../arm-none-eabi/lib/thumb\libstdc++.a(eh_globals.o)
                0x020183bc                __cxa_get_globals
 .text.__cxa_get_exception_ptr
                0x020183c4        0x4 c:/devkitpro/devkitarm/bin/../lib/gcc/arm-none-eabi/4.7.1/../../../../arm-none-eabi/lib/thumb\libstdc++.a(eh_catch.o)
                0x020183c4                __cxa_get_exception_ptr
 .text.__cxa_begin_catch
                0x020183c8       0x88 c:/devkitpro/devkitarm/bin/../lib/gcc/arm-none-eabi/4.7.1/../../../../arm-none-eabi/lib/thumb\libstdc++.a(eh_catch.o)
                0x020183c8                __cxa_begin_catch
 .text.__cxa_end_catch
                0x02018450       0x94 c:/devkitpro/devkitarm/bin/../lib/gcc/arm-none-eabi/4.7.1/../../../../arm-none-eabi/lib/thumb\libstdc++.a(eh_catch.o)
                0x02018450                __cxa_end_catch
 .text._ZSt18uncaught_exceptionv
                0x020184e4       0x14 c:/devkitpro/devkitarm/bin/../lib/gcc/arm-none-eabi/4.7.1/../../../../arm-none-eabi/lib/thumb\libstdc++.a(eh_catch.o)
                0x020184e4                std::uncaught_exception()
 .text._ZNK10__cxxabiv120__si_class_type_info12__do_dyncastEiNS_17__class_type_info10__sub_kindEPKS1_PKvS4_S6_RNS1_16__dyncast_resultE
                0x020184f8       0x90 c:/devkitpro/devkitarm/bin/../lib/gcc/arm-none-eabi/4.7.1/../../../../arm-none-eabi/lib/thumb\libstdc++.a(si_class_type_info.o)
                0x020184f8                __cxxabiv1::__si_class_type_info::__do_dyncast(int, __cxxabiv1::__class_type_info::__sub_kind, __cxxabiv1::__class_type_info const*, void const*, __cxxabiv1::__class_type_info const*, void const*, __cxxabiv1::__class_type_info::__dyncast_result&) const
 .text._ZN10__cxxabiv120__si_class_type_infoD2Ev
                0x02018588       0x1c c:/devkitpro/devkitarm/bin/../lib/gcc/arm-none-eabi/4.7.1/../../../../arm-none-eabi/lib/thumb\libstdc++.a(si_class_type_info.o)
                0x02018588                __cxxabiv1::__si_class_type_info::~__si_class_type_info()
                0x02018588                __cxxabiv1::__si_class_type_info::~__si_class_type_info()
 .text._ZN10__cxxabiv120__si_class_type_infoD0Ev
                0x020185a4       0x18 c:/devkitpro/devkitarm/bin/../lib/gcc/arm-none-eabi/4.7.1/../../../../arm-none-eabi/lib/thumb\libstdc++.a(si_class_type_info.o)
                0x020185a4                __cxxabiv1::__si_class_type_info::~__si_class_type_info()
 .text._ZNK10__cxxabiv120__si_class_type_info11__do_upcastEPKNS_17__class_type_infoEPKvRNS1_15__upcast_resultE
                0x020185bc       0x30 c:/devkitpro/devkitarm/bin/../lib/gcc/arm-none-eabi/4.7.1/../../../../arm-none-eabi/lib/thumb\libstdc++.a(si_class_type_info.o)
                0x020185bc                __cxxabiv1::__si_class_type_info::__do_upcast(__cxxabiv1::__class_type_info const*, void const*, __cxxabiv1::__class_type_info::__upcast_result&) const
 .text._ZNK10__cxxabiv120__si_class_type_info20__do_find_public_srcEiPKvPKNS_17__class_type_infoES2_
                0x020185ec       0x40 c:/devkitpro/devkitarm/bin/../lib/gcc/arm-none-eabi/4.7.1/../../../../arm-none-eabi/lib/thumb\libstdc++.a(si_class_type_info.o)
                0x020185ec                __cxxabiv1::__si_class_type_info::__do_find_public_src(int, void const*, __cxxabiv1::__class_type_info const*, void const*) const
 .text._ZNSt9type_infoD2Ev
                0x0201862c        0xc c:/devkitpro/devkitarm/bin/../lib/gcc/arm-none-eabi/4.7.1/../../../../arm-none-eabi/lib/thumb\libstdc++.a(tinfo.o)
                0x0201862c                std::type_info::~type_info()
                0x0201862c                std::type_info::~type_info()
 .text._ZNKSt9type_info14__is_pointer_pEv
                0x02018638        0x4 c:/devkitpro/devkitarm/bin/../lib/gcc/arm-none-eabi/4.7.1/../../../../arm-none-eabi/lib/thumb\libstdc++.a(tinfo.o)
                0x02018638                std::type_info::__is_pointer_p() const
 .text._ZNKSt9type_info15__is_function_pEv
                0x0201863c        0x4 c:/devkitpro/devkitarm/bin/../lib/gcc/arm-none-eabi/4.7.1/../../../../arm-none-eabi/lib/thumb\libstdc++.a(tinfo.o)
                0x0201863c                std::type_info::__is_function_p() const
 .text._ZNKSt9type_info11__do_upcastEPKN10__cxxabiv117__class_type_infoEPPv
                0x02018640        0x4 c:/devkitpro/devkitarm/bin/../lib/gcc/arm-none-eabi/4.7.1/../../../../arm-none-eabi/lib/thumb\libstdc++.a(tinfo.o)
                0x02018640                std::type_info::__do_upcast(__cxxabiv1::__class_type_info const*, void**) const
 .text._ZNSt9type_infoD0Ev
                0x02018644       0x1c c:/devkitpro/devkitarm/bin/../lib/gcc/arm-none-eabi/4.7.1/../../../../arm-none-eabi/lib/thumb\libstdc++.a(tinfo.o)
                0x02018644                std::type_info::~type_info()
 .text._ZNKSt9type_infoeqERKS_
                0x02018660       0x30 c:/devkitpro/devkitarm/bin/../lib/gcc/arm-none-eabi/4.7.1/../../../../arm-none-eabi/lib/thumb\libstdc++.a(tinfo.o)
                0x02018660                std::type_info::operator==(std::type_info const&) const
 .text._ZNKSt9type_info10__do_catchEPKS_PPvj
                0x02018690        0xc c:/devkitpro/devkitarm/bin/../lib/gcc/arm-none-eabi/4.7.1/../../../../arm-none-eabi/lib/thumb\libstdc++.a(tinfo.o)
                0x02018690                std::type_info::__do_catch(std::type_info const*, void**, unsigned int) const
 .text._ZN9__gnu_cxx27__verbose_terminate_handlerEv
                0x0201869c      0x11c c:/devkitpro/devkitarm/bin/../lib/gcc/arm-none-eabi/4.7.1/../../../../arm-none-eabi/lib/thumb\libstdc++.a(vterminate.o)
                0x0201869c                __gnu_cxx::__verbose_terminate_handler()
 .text.__cxa_current_exception_type
                0x020187b8       0x28 c:/devkitpro/devkitarm/bin/../lib/gcc/arm-none-eabi/4.7.1/../../../../arm-none-eabi/lib/thumb\libstdc++.a(eh_type.o)
                0x020187b8                __cxa_current_exception_type
 .text.__cxa_current_exception_type.stub
                0x020187e0      0x140 linker stubs
 *(.stub)
 *(.gnu.warning)
 *(.gnu.linkonce.t*)
 *(.glue_7)
 .glue_7        0x00000000        0x0 linker stubs
 *(.glue_7t)
 .glue_7t       0x00000000        0x0 linker stubs
                0x02018920                . = ALIGN (0x4)

.vfp11_veneer   0x02018930        0x0
 .vfp11_veneer  0x00000000        0x0 linker stubs

.v4_bx          0x02018930        0x0
 .v4_bx         0x00000000        0x0 linker stubs

.iplt           0x02018930        0x0
 .iplt          0x00000000        0x0 c:/devkitpro/devkitarm/bin/../lib/gcc/arm-none-eabi/4.7.1/../../../../arm-none-eabi/lib/thumb/ds_arm9_crt0.o

.fini           0x02018930        0xc
 *(.fini)
 .fini          0x02018930        0x4 c:/devkitpro/devkitarm/bin/../lib/gcc/arm-none-eabi/4.7.1/thumb/crti.o
                0x02018930                _fini
 .fini          0x02018934        0x8 c:/devkitpro/devkitarm/bin/../lib/gcc/arm-none-eabi/4.7.1/thumb/crtn.o
                0x0201893c                __text_end = .

.rodata         0x02018940   0x19a00c
 *(.rodata)
 .rodata        0x02018940   0x181718 soundbank.bin.o
                0x02018940                soundbank_bin
                0x0219a054                soundbank_bin_size
                0x0219a054                soundbank_bin_end
 .rodata        0x0219a058       0x50 ClassDefinitions.o
                0x0219a058                vtable for Entity
                0x0219a070                vtable for Block
                0x0219a090                vtable for Level
 .rodata        0x0219a0a8       0x30 Levels.o
                0x0219a0a8                vtable for Player
                0x0219a0c0                vtable for Level1
 .rodata        0x0219a0d8      0x100 LevelTest.o
                0x0219a0d8                LevelTestBitmap
 .rodata        0x0219a1d8      0x300 Sprites.o
                0x0219a1d8                SpritesPal
                0x0219a3d8                SpritesTiles
 .rodata        0x0219a4d8    0x10200 Tileset.o
                0x0219a4d8                TilesetPal
                0x0219a6d8                TilesetTiles
 .rodata        0x021aa6d8      0x200 c:/devkitPro/libnds/lib\libnds9.a(console.o)
 .rodata        0x021aa8d8      0x308 c:/devkitPro/libnds/lib\libnds9.a(trig.o)
                0x021aa8d8                SIN_LUT
                0x021aa9dc                TAN_LUT
 .rodata        0x021aabe0     0x2004 c:/devkitPro/libnds/lib\libnds9.a(default_font.bin.o)
                0x021aabe0                default_font_bin
                0x021acbe0                default_font_bin_size
                0x021acbe0                default_font_bin_end
 .rodata        0x021acbe4      0xf7c c:/devkitpro/devkitarm/bin/../lib/gcc/arm-none-eabi/4.7.1/../../../../arm-none-eabi/lib/thumb\libstdc++.a(cp-demangle.o)
 .rodata        0x021adb60       0x14 c:/devkitpro/devkitarm/bin/../lib/gcc/arm-none-eabi/4.7.1/thumb\libgcc.a(unwind-arm.o)
 .rodata        0x021adb74        0x4 c:/devkitpro/devkitarm/bin/../lib/gcc/arm-none-eabi/4.7.1/../../../../arm-none-eabi/lib/thumb\libg.a(lib_a-impure.o)
                0x021adb74                _global_impure_ptr
 .rodata        0x021adb78      0x340 c:/devkitpro/devkitarm/bin/../lib/gcc/arm-none-eabi/4.7.1/../../../../arm-none-eabi/lib/thumb\libg.a(lib_a-svfiscanf.o)
 .rodata        0x021adeb8      0x184 c:/devkitpro/devkitarm/bin/../lib/gcc/arm-none-eabi/4.7.1/../../../../arm-none-eabi/lib/thumb\libg.a(lib_a-svfprintf.o)
 .rodata        0x021ae03c      0x184 c:/devkitpro/devkitarm/bin/../lib/gcc/arm-none-eabi/4.7.1/../../../../arm-none-eabi/lib/thumb\libg.a(lib_a-vfiprintf.o)
 .rodata        0x021ae1c0      0x104 c:/devkitpro/devkitarm/bin/../lib/gcc/arm-none-eabi/4.7.1/../../../../arm-none-eabi/lib/thumb\libg.a(lib_a-ctype_.o)
                0x021ae1c0                _ctype_
 .rodata        0x021ae2c4     0x34f0 c:/devkitpro/devkitarm/bin/../lib/gcc/arm-none-eabi/4.7.1/../../../../arm-none-eabi/lib/thumb\libg.a(lib_a-jp2uc.o)
 .rodata        0x021b17b4       0xf0 c:/devkitpro/devkitarm/bin/../lib/gcc/arm-none-eabi/4.7.1/../../../../arm-none-eabi/lib/thumb\libg.a(lib_a-locale.o)
 .rodata        0x021b18a4       0xa8 c:/devkitpro/devkitarm/bin/../lib/gcc/arm-none-eabi/4.7.1/../../../../arm-none-eabi/lib/thumb\libg.a(lib_a-mbtowc_r.o)
 *fill*         0x021b194c        0x4 ff
 .rodata        0x021b1950      0x128 c:/devkitpro/devkitarm/bin/../lib/gcc/arm-none-eabi/4.7.1/../../../../arm-none-eabi/lib/thumb\libg.a(lib_a-mprec.o)
                0x021b1960                __mprec_tens
                0x021b1a28                __mprec_tinytens
                0x021b1a50                __mprec_bigtens
 .rodata        0x021b1a78      0x184 c:/devkitpro/devkitarm/bin/../lib/gcc/arm-none-eabi/4.7.1/../../../../arm-none-eabi/lib/thumb\libg.a(lib_a-svfiprintf.o)
 .rodata        0x021b1bfc       0x64 c:/devkitpro/devkitarm/bin/../lib/gcc/arm-none-eabi/4.7.1/../../../../arm-none-eabi/lib/thumb\libsysbase.a(iosupport.o)
                0x021b1bfc                dotab_stdnull
 *all.rodata*(*)
 *(.roda)
 *(.rodata.*)
 .rodata._ZTV4Wall
                0x021b1c60       0x20 Blocks.o
                0x021b1c60                vtable for Wall
 .rodata._ZTV5Floor
                0x021b1c80       0x20 Blocks.o
                0x021b1c80                vtable for Floor
 .rodata.str1.4
                0x021b1ca0        0x7 ClassDefinitions.o
                                  0x8 (size before relaxing)
 *fill*         0x021b1ca7        0x1 ff
 .rodata.str1.4
                0x021b1ca8        0xe main.o
                                 0x10 (size before relaxing)
 *fill*         0x021b1cb6        0x2 ff
 .rodata.str1.4
                0x021b1cb8       0x49 c:/devkitPro/libnds/lib\libnds9.a(console.o)
                                 0x4c (size before relaxing)
 *fill*         0x021b1d01        0x3 ff
 .rodata._ZL28read_encoded_value_with_basehjPKhPj
                0x021b1d04       0x34 c:/devkitpro/devkitarm/bin/../lib/gcc/arm-none-eabi/4.7.1/../../../../arm-none-eabi/lib/thumb\libstdc++.a(eh_personality.o)
 .rodata._ZTVN10__cxxabiv115__forced_unwindE
                0x021b1d38       0x18 c:/devkitpro/devkitarm/bin/../lib/gcc/arm-none-eabi/4.7.1/../../../../arm-none-eabi/lib/thumb\libstdc++.a(eh_exception.o)
                0x021b1d38                vtable for __cxxabiv1::__forced_unwind
 .rodata._ZTVSt9exception
                0x021b1d50       0x18 c:/devkitpro/devkitarm/bin/../lib/gcc/arm-none-eabi/4.7.1/../../../../arm-none-eabi/lib/thumb\libstdc++.a(eh_exception.o)
                0x021b1d50                vtable for std::exception
 .rodata._ZTIN10__cxxabiv115__forced_unwindE
                0x021b1d68        0x8 c:/devkitpro/devkitarm/bin/../lib/gcc/arm-none-eabi/4.7.1/../../../../arm-none-eabi/lib/thumb\libstdc++.a(eh_exception.o)
                0x021b1d68                typeinfo for __cxxabiv1::__forced_unwind
 .rodata._ZTISt9exception
                0x021b1d70        0x8 c:/devkitpro/devkitarm/bin/../lib/gcc/arm-none-eabi/4.7.1/../../../../arm-none-eabi/lib/thumb\libstdc++.a(eh_exception.o)
                0x021b1d70                typeinfo for std::exception
 .rodata._ZTSSt13bad_exception
                0x021b1d78       0x14 c:/devkitpro/devkitarm/bin/../lib/gcc/arm-none-eabi/4.7.1/../../../../arm-none-eabi/lib/thumb\libstdc++.a(eh_exception.o)
                0x021b1d78                typeinfo name for std::bad_exception
 .rodata.str1.4
                0x021b1d8c       0x23 c:/devkitpro/devkitarm/bin/../lib/gcc/arm-none-eabi/4.7.1/../../../../arm-none-eabi/lib/thumb\libstdc++.a(eh_exception.o)
                                 0x24 (size before relaxing)
 *fill*         0x021b1daf        0x1 ff
 .rodata._ZTSN10__cxxabiv119__foreign_exceptionE
                0x021b1db0       0x24 c:/devkitpro/devkitarm/bin/../lib/gcc/arm-none-eabi/4.7.1/../../../../arm-none-eabi/lib/thumb\libstdc++.a(eh_exception.o)
                0x021b1db0                typeinfo name for __cxxabiv1::__foreign_exception
 .rodata._ZTIN10__cxxabiv119__foreign_exceptionE
                0x021b1dd4        0x8 c:/devkitpro/devkitarm/bin/../lib/gcc/arm-none-eabi/4.7.1/../../../../arm-none-eabi/lib/thumb\libstdc++.a(eh_exception.o)
                0x021b1dd4                typeinfo for __cxxabiv1::__foreign_exception
 *fill*         0x021b1ddc        0x4 ff
 .rodata._ZTVSt13bad_exception
                0x021b1de0       0x18 c:/devkitpro/devkitarm/bin/../lib/gcc/arm-none-eabi/4.7.1/../../../../arm-none-eabi/lib/thumb\libstdc++.a(eh_exception.o)
                0x021b1de0                vtable for std::bad_exception
 .rodata._ZTSSt9exception
                0x021b1df8       0x10 c:/devkitpro/devkitarm/bin/../lib/gcc/arm-none-eabi/4.7.1/../../../../arm-none-eabi/lib/thumb\libstdc++.a(eh_exception.o)
                0x021b1df8                typeinfo name for std::exception
 .rodata._ZTVN10__cxxabiv119__foreign_exceptionE
                0x021b1e08       0x18 c:/devkitpro/devkitarm/bin/../lib/gcc/arm-none-eabi/4.7.1/../../../../arm-none-eabi/lib/thumb\libstdc++.a(eh_exception.o)
                0x021b1e08                vtable for __cxxabiv1::__foreign_exception
 .rodata._ZTSN10__cxxabiv115__forced_unwindE
                0x021b1e20       0x20 c:/devkitpro/devkitarm/bin/../lib/gcc/arm-none-eabi/4.7.1/../../../../arm-none-eabi/lib/thumb\libstdc++.a(eh_exception.o)
                0x021b1e20                typeinfo name for __cxxabiv1::__forced_unwind
 .rodata._ZTISt13bad_exception
                0x021b1e40        0xc c:/devkitpro/devkitarm/bin/../lib/gcc/arm-none-eabi/4.7.1/../../../../arm-none-eabi/lib/thumb\libstdc++.a(eh_exception.o)
                0x021b1e40                typeinfo for std::bad_exception
 *fill*         0x021b1e4c        0x4 ff
 .rodata._ZTVSt9bad_alloc
                0x021b1e50       0x18 c:/devkitpro/devkitarm/bin/../lib/gcc/arm-none-eabi/4.7.1/../../../../arm-none-eabi/lib/thumb\libstdc++.a(bad_alloc.o)
                0x021b1e50                vtable for std::bad_alloc
 .rodata._ZTISt9bad_alloc
                0x021b1e68        0xc c:/devkitpro/devkitarm/bin/../lib/gcc/arm-none-eabi/4.7.1/../../../../arm-none-eabi/lib/thumb\libstdc++.a(bad_alloc.o)
                0x021b1e68                typeinfo for std::bad_alloc
 .rodata.str1.4
                0x021b1e74        0xf c:/devkitpro/devkitarm/bin/../lib/gcc/arm-none-eabi/4.7.1/../../../../arm-none-eabi/lib/thumb\libstdc++.a(bad_alloc.o)
                                 0x10 (size before relaxing)
 *fill*         0x021b1e83        0x1 ff
 .rodata._ZTSSt9bad_alloc
                0x021b1e84       0x10 c:/devkitpro/devkitarm/bin/../lib/gcc/arm-none-eabi/4.7.1/../../../../arm-none-eabi/lib/thumb\libstdc++.a(bad_alloc.o)
                0x021b1e84                typeinfo name for std::bad_alloc
 *fill*         0x021b1e94        0x4 ff
 .rodata._ZTVN10__cxxabiv117__class_type_infoE
                0x021b1e98       0x30 c:/devkitpro/devkitarm/bin/../lib/gcc/arm-none-eabi/4.7.1/../../../../arm-none-eabi/lib/thumb\libstdc++.a(class_type_info.o)
                0x021b1e98                vtable for __cxxabiv1::__class_type_info
 .rodata._ZTIN10__cxxabiv117__class_type_infoE
                0x021b1ec8        0xc c:/devkitpro/devkitarm/bin/../lib/gcc/arm-none-eabi/4.7.1/../../../../arm-none-eabi/lib/thumb\libstdc++.a(class_type_info.o)
                0x021b1ec8                typeinfo for __cxxabiv1::__class_type_info
 .rodata._ZTSN10__cxxabiv117__class_type_infoE
                0x021b1ed4       0x24 c:/devkitpro/devkitarm/bin/../lib/gcc/arm-none-eabi/4.7.1/../../../../arm-none-eabi/lib/thumb\libstdc++.a(class_type_info.o)
                0x021b1ed4                typeinfo name for __cxxabiv1::__class_type_info
 .rodata._ZSt7nothrow
                0x021b1ef8        0x4 c:/devkitpro/devkitarm/bin/../lib/gcc/arm-none-eabi/4.7.1/../../../../arm-none-eabi/lib/thumb\libstdc++.a(new_handler.o)
                0x021b1ef8                std::nothrow
 .rodata.str1.4
                0x021b1efc       0x3b c:/devkitpro/devkitarm/bin/../lib/gcc/arm-none-eabi/4.7.1/../../../../arm-none-eabi/lib/thumb\libstdc++.a(pure.o)
                                 0x3c (size before relaxing)
 *fill*         0x021b1f37        0x1 ff
 .rodata._ZTVN10__cxxabiv120__si_class_type_infoE
                0x021b1f38       0x30 c:/devkitpro/devkitarm/bin/../lib/gcc/arm-none-eabi/4.7.1/../../../../arm-none-eabi/lib/thumb\libstdc++.a(si_class_type_info.o)
                0x021b1f38                vtable for __cxxabiv1::__si_class_type_info
 .rodata._ZTIN10__cxxabiv120__si_class_type_infoE
                0x021b1f68        0xc c:/devkitpro/devkitarm/bin/../lib/gcc/arm-none-eabi/4.7.1/../../../../arm-none-eabi/lib/thumb\libstdc++.a(si_class_type_info.o)
                0x021b1f68                typeinfo for __cxxabiv1::__si_class_type_info
 .rodata._ZTSN10__cxxabiv120__si_class_type_infoE
                0x021b1f74       0x28 c:/devkitpro/devkitarm/bin/../lib/gcc/arm-none-eabi/4.7.1/../../../../arm-none-eabi/lib/thumb\libstdc++.a(si_class_type_info.o)
                0x021b1f74                typeinfo name for __cxxabiv1::__si_class_type_info
 .rodata._ZTISt9type_info
                0x021b1f9c        0x8 c:/devkitpro/devkitarm/bin/../lib/gcc/arm-none-eabi/4.7.1/../../../../arm-none-eabi/lib/thumb\libstdc++.a(tinfo.o)
                0x021b1f9c                typeinfo for std::type_info
 .rodata._ZTSSt9type_info
                0x021b1fa4       0x10 c:/devkitpro/devkitarm/bin/../lib/gcc/arm-none-eabi/4.7.1/../../../../arm-none-eabi/lib/thumb\libstdc++.a(tinfo.o)
                0x021b1fa4                typeinfo name for std::type_info
 *fill*         0x021b1fb4        0x4 ff
 .rodata._ZTVSt9type_info
                0x021b1fb8       0x20 c:/devkitpro/devkitarm/bin/../lib/gcc/arm-none-eabi/4.7.1/../../../../arm-none-eabi/lib/thumb\libstdc++.a(tinfo.o)
                0x021b1fb8                vtable for std::type_info
 .rodata.str1.4
                0x021b1fd8       0x94 c:/devkitpro/devkitarm/bin/../lib/gcc/arm-none-eabi/4.7.1/../../../../arm-none-eabi/lib/thumb\libstdc++.a(vterminate.o)
 .rodata.str1.4
                0x021b206c      0x75f c:/devkitpro/devkitarm/bin/../lib/gcc/arm-none-eabi/4.7.1/../../../../arm-none-eabi/lib/thumb\libstdc++.a(cp-demangle.o)
                                0x7b4 (size before relaxing)
 *fill*         0x021b27cb        0x1 ff
 .rodata.str1.4
                0x021b27cc        0x2 c:/devkitpro/devkitarm/bin/../lib/gcc/arm-none-eabi/4.7.1/../../../../arm-none-eabi/lib/thumb\libg.a(lib_a-impure.o)
                                  0x4 (size before relaxing)
 *fill*         0x021b27ce        0x2 ff
 .rodata.str1.4
                0x021b27d0       0x42 c:/devkitpro/devkitarm/bin/../lib/gcc/arm-none-eabi/4.7.1/../../../../arm-none-eabi/lib/thumb\libg.a(lib_a-svfprintf.o)
                                 0x44 (size before relaxing)
 .rodata.str1.4
                0x00000000       0x30 c:/devkitpro/devkitarm/bin/../lib/gcc/arm-none-eabi/4.7.1/../../../../arm-none-eabi/lib/thumb\libg.a(lib_a-vfiprintf.o)
 *fill*         0x021b2812        0x2 ff
 .rodata.str1.4
                0x021b2814       0x10 c:/devkitpro/devkitarm/bin/../lib/gcc/arm-none-eabi/4.7.1/../../../../arm-none-eabi/lib/thumb\libg.a(lib_a-dtoa.o)
                                 0x14 (size before relaxing)
 .rodata.str1.4
                0x021b2824       0x12 c:/devkitpro/devkitarm/bin/../lib/gcc/arm-none-eabi/4.7.1/../../../../arm-none-eabi/lib/thumb\libg.a(lib_a-jp2uc.o)
                                 0x14 (size before relaxing)
 *fill*         0x021b2836        0x2 ff
 .rodata.str1.4
                0x021b2838      0x10c c:/devkitpro/devkitarm/bin/../lib/gcc/arm-none-eabi/4.7.1/../../../../arm-none-eabi/lib/thumb\libg.a(lib_a-locale.o)
                                0x130 (size before relaxing)
 .rodata.str1.4
                0x00000000        0x4 c:/devkitpro/devkitarm/bin/../lib/gcc/arm-none-eabi/4.7.1/../../../../arm-none-eabi/lib/thumb\libg.a(lib_a-mbrtowc.o)
 .rodata.str1.4
                0x00000000       0x30 c:/devkitpro/devkitarm/bin/../lib/gcc/arm-none-eabi/4.7.1/../../../../arm-none-eabi/lib/thumb\libg.a(lib_a-svfiprintf.o)
 .rodata.str1.4
                0x021b2944        0x8 c:/devkitpro/devkitarm/bin/../lib/gcc/arm-none-eabi/4.7.1/../../../../arm-none-eabi/lib/thumb\libsysbase.a(iosupport.o)
 *(.gnu.linkonce.r*)
                0x021b294c                . = ALIGN (0x4)

.ARM.extab      0x021b294c      0x158
 *(.ARM.extab* .gnu.linkonce.armextab.*)
 .ARM.extab.text._Znwj
                0x021b294c       0x20 c:/devkitpro/devkitarm/bin/../lib/gcc/arm-none-eabi/4.7.1/../../../../arm-none-eabi/lib/thumb\libstdc++.a(new_op.o)
 .ARM.extab.text._ZN10__cxxabiv1L24__is_gxx_exception_classEPc
                0x021b296c        0x0 c:/devkitpro/devkitarm/bin/../lib/gcc/arm-none-eabi/4.7.1/../../../../arm-none-eabi/lib/thumb\libstdc++.a(eh_call.o)
 .ARM.extab.text.__cxa_call_terminate
                0x021b296c        0x0 c:/devkitpro/devkitarm/bin/../lib/gcc/arm-none-eabi/4.7.1/../../../../arm-none-eabi/lib/thumb\libstdc++.a(eh_call.o)
 .ARM.extab.text.__cxa_call_unexpected
                0x021b296c       0x30 c:/devkitpro/devkitarm/bin/../lib/gcc/arm-none-eabi/4.7.1/../../../../arm-none-eabi/lib/thumb\libstdc++.a(eh_call.o)
 .ARM.extab.text._ZL12read_sleb128PKhPl
                0x021b299c        0x0 c:/devkitpro/devkitarm/bin/../lib/gcc/arm-none-eabi/4.7.1/../../../../arm-none-eabi/lib/thumb\libstdc++.a(eh_personality.o)
 .ARM.extab.text._ZL28read_encoded_value_with_basehjPKhPj
                0x021b299c        0xc c:/devkitpro/devkitarm/bin/../lib/gcc/arm-none-eabi/4.7.1/../../../../arm-none-eabi/lib/thumb\libstdc++.a(eh_personality.o)
 .ARM.extab.text._ZL21base_of_encoded_valuehP15_Unwind_Context
                0x021b29a8        0xc c:/devkitpro/devkitarm/bin/../lib/gcc/arm-none-eabi/4.7.1/../../../../arm-none-eabi/lib/thumb\libstdc++.a(eh_personality.o)
 .ARM.extab.text._ZL17parse_lsda_headerP15_Unwind_ContextPKhP16lsda_header_info
                0x021b29b4        0x0 c:/devkitpro/devkitarm/bin/../lib/gcc/arm-none-eabi/4.7.1/../../../../arm-none-eabi/lib/thumb\libstdc++.a(eh_personality.o)
 .ARM.extab.text.__gxx_personality_v0
                0x021b29b4       0x24 c:/devkitpro/devkitarm/bin/../lib/gcc/arm-none-eabi/4.7.1/../../../../arm-none-eabi/lib/thumb\libstdc++.a(eh_personality.o)
 .ARM.extab.text._ZdlPv
                0x021b29d8        0x0 c:/devkitpro/devkitarm/bin/../lib/gcc/arm-none-eabi/4.7.1/../../../../arm-none-eabi/lib/thumb\libstdc++.a(del_op.o)
 .ARM.extab.text._ZN10__cxxabiv111__terminateEPFvvE
                0x021b29d8       0x28 c:/devkitpro/devkitarm/bin/../lib/gcc/arm-none-eabi/4.7.1/../../../../arm-none-eabi/lib/thumb\libstdc++.a(eh_terminate.o)
 .ARM.extab.text._ZSt9terminatev
                0x021b2a00        0x0 c:/devkitpro/devkitarm/bin/../lib/gcc/arm-none-eabi/4.7.1/../../../../arm-none-eabi/lib/thumb\libstdc++.a(eh_terminate.o)
 .ARM.extab.text._ZN10__cxxabiv112__unexpectedEPFvvE
                0x021b2a00        0xc c:/devkitpro/devkitarm/bin/../lib/gcc/arm-none-eabi/4.7.1/../../../../arm-none-eabi/lib/thumb\libstdc++.a(eh_terminate.o)
 .ARM.extab.text._ZSt10unexpectedv
                0x021b2a0c        0xc c:/devkitpro/devkitarm/bin/../lib/gcc/arm-none-eabi/4.7.1/../../../../arm-none-eabi/lib/thumb\libstdc++.a(eh_terminate.o)
 .ARM.extab.text._ZSt13set_terminatePFvvE
                0x021b2a18        0x0 c:/devkitpro/devkitarm/bin/../lib/gcc/arm-none-eabi/4.7.1/../../../../arm-none-eabi/lib/thumb\libstdc++.a(eh_terminate.o)
 .ARM.extab.text._ZSt14set_unexpectedPFvvE
                0x021b2a18        0x0 c:/devkitpro/devkitarm/bin/../lib/gcc/arm-none-eabi/4.7.1/../../../../arm-none-eabi/lib/thumb\libstdc++.a(eh_terminate.o)
 .ARM.extab.text._ZNSt9exceptionD2Ev
                0x021b2a18        0x0 c:/devkitpro/devkitarm/bin/../lib/gcc/arm-none-eabi/4.7.1/../../../../arm-none-eabi/lib/thumb\libstdc++.a(eh_exception.o)
 .ARM.extab.text._ZNSt13bad_exceptionD2Ev
                0x021b2a18        0x0 c:/devkitpro/devkitarm/bin/../lib/gcc/arm-none-eabi/4.7.1/../../../../arm-none-eabi/lib/thumb\libstdc++.a(eh_exception.o)