Archive member included because of file (symbol)

c:/devkitPro/libnds/lib\libmm9.a(mm_comms.o)
                              ClassDefinitions.o (mmStart)
c:/devkitPro/libnds/lib\libmm9.a(mm_main9.o)
                              c:/devkitPro/libnds/lib\libmm9.a(mm_comms.o) (mmCallback)
c:/devkitPro/libnds/lib\libmm9.a(mm_memory.o)
                              ClassDefinitions.o (mmLoad)
c:/devkitPro/libnds/lib\libmm9.a(mm_soundbank.o)
                              c:/devkitPro/libnds/lib\libmm9.a(mm_main9.o) (mmSoundBankInMemory)
c:/devkitPro/libnds/lib\libmm9.a(mm_flusher.o)
                              c:/devkitPro/libnds/lib\libmm9.a(mm_memory.o) (mmFlushBank)
c:/devkitPro/libnds/lib\libnds9.a(console.o)
                              main.o (consoleDemoInit)
c:/devkitPro/libnds/lib\libnds9.a(keys.o)
                              main.o (scanKeys)
c:/devkitPro/libnds/lib\libnds9.a(sprite.o)
                              ClassDefinitions.o (oamInit)
c:/devkitPro/libnds/lib\libnds9.a(sprite_alloc.o)
                              c:/devkitPro/libnds/lib\libnds9.a(sprite.o) (oamAllocReset)
c:/devkitPro/libnds/lib\libnds9.a(trig.o)
                              c:/devkitPro/libnds/lib\libnds9.a(sprite.o) (sinLerp)
c:/devkitPro/libnds/lib\libnds9.a(initSystem.o)
                              c:/devkitpro/devkitarm/bin/../lib/gcc/arm-none-eabi/4.7.1/../../../../arm-none-eabi/lib/thumb/ds_arm9_crt0.o (initSystem)
c:/devkitPro/libnds/lib\libnds9.a(fifosystem.o)
                              c:/devkitPro/libnds/lib\libnds9.a(initSystem.o) (fifoSendValue32)
c:/devkitPro/libnds/lib\libnds9.a(interrupts.o)
                              c:/devkitPro/libnds/lib\libnds9.a(fifosystem.o) (irqSet)
c:/devkitPro/libnds/lib\libnds9.a(libnds_exit.arm.o)
                              c:/devkitpro/devkitarm/bin/../lib/gcc/arm-none-eabi/4.7.1/../../../../arm-none-eabi/lib/thumb/ds_arm9_crt0.o (__libnds_exit)
c:/devkitPro/libnds/lib\libnds9.a(dcache.o)
                              c:/devkitPro/libnds/lib\libnds9.a(sprite.o) (DC_FlushRange)
c:/devkitPro/libnds/lib\libnds9.a(mpu_setup.o)
                              c:/devkitpro/devkitarm/bin/../lib/gcc/arm-none-eabi/4.7.1/../../../../arm-none-eabi/lib/thumb/ds_arm9_crt0.o (__libnds_mpu_setup)
c:/devkitPro/libnds/lib\libnds9.a(biosCalls.o)
                              c:/devkitPro/libnds/lib\libnds9.a(fifosystem.o) (swiIntrWait)
c:/devkitPro/libnds/lib\libnds9.a(debugprint.o)
                              c:/devkitPro/libnds/lib\libnds9.a(console.o) (nocashWrite)
c:/devkitPro/libnds/lib\libnds9.a(interruptDispatcher.o)
                              c:/devkitPro/libnds/lib\libnds9.a(interrupts.o) (IntrMain)
c:/devkitPro/libnds/lib\libnds9.a(swiSoftReset.o)
                              c:/devkitPro/libnds/lib\libnds9.a(fifosystem.o) (swiSoftReset)
c:/devkitPro/libnds/lib\libnds9.a(default_font.bin.o)
                              c:/devkitPro/libnds/lib\libnds9.a(console.o) (default_font_bin)
c:/devkitPro/libnds/lib\libnds9.a(background.o)
                              c:/devkitPro/libnds/lib\libnds9.a(console.o) (bgState)
c:/devkitPro/libnds/lib\libnds9.a(system.o)
                              c:/devkitPro/libnds/lib\libnds9.a(initSystem.o) (systemMsgHandler)
c:/devkitPro/libnds/lib\libnds9.a(video.o)
                              c:/devkitPro/libnds/lib\libnds9.a(initSystem.o) (vramDefault)
c:/devkitpro/devkitarm/bin/../lib/gcc/arm-none-eabi/4.7.1/../../../../arm-none-eabi/lib/thumb\libstdc++.a(new_op.o)
                              ClassDefinitions.o (operator new(unsigned int))
c:/devkitpro/devkitarm/bin/../lib/gcc/arm-none-eabi/4.7.1/../../../../arm-none-eabi/lib/thumb\libstdc++.a(eh_call.o)
                              c:/devkitpro/devkitarm/bin/../lib/gcc/arm-none-eabi/4.7.1/../../../../arm-none-eabi/lib/thumb\libstdc++.a(new_op.o) (__cxa_call_unexpected)
c:/devkitpro/devkitarm/bin/../lib/gcc/arm-none-eabi/4.7.1/../../../../arm-none-eabi/lib/thumb\libstdc++.a(eh_personality.o)
                              c:/devkitpro/devkitarm/bin/../lib/gcc/arm-none-eabi/4.7.1/../../../../arm-none-eabi/lib/thumb\libstdc++.a(new_op.o) (__gxx_personality_v0)
c:/devkitpro/devkitarm/bin/../lib/gcc/arm-none-eabi/4.7.1/../../../../arm-none-eabi/lib/thumb\libstdc++.a(del_op.o)
                              ClassDefinitions.o (operator delete(void*))
c:/devkitpro/devkitarm/bin/../lib/gcc/arm-none-eabi/4.7.1/../../../../arm-none-eabi/lib/thumb\libstdc++.a(eh_terminate.o)
                              c:/devkitpro/devkitarm/bin/../lib/gcc/arm-none-eabi/4.7.1/../../../../arm-none-eabi/lib/thumb\libstdc++.a(eh_call.o) (__cxxabiv1::__terminate(void (*)()))
c:/devkitpro/devkitarm/bin/../lib/gcc/arm-none-eabi/4.7.1/../../../../arm-none-eabi/lib/thumb\libstdc++.a(eh_exception.o)
                              c:/devkitpro/devkitarm/bin/../lib/gcc/arm-none-eabi/4.7.1/../../../../arm-none-eabi/lib/thumb\libstdc++.a(eh_call.o) (std::bad_exception::~bad_exception())
[...]
Memory Configuration

Name             Origin             Length             Attributes
rom              0x08000000         0x02000000
ewram            0x02000000         0x003ff000
dtcm             0x0b000000         0x00004000
vectors          0x01000000         0x00000100
itcm             0x01000100         0x00007f00
*default*        0x00000000         0xffffffff

Linker script and memory map

                0x01000000                __vectors_start = ORIGIN (vectors)
                0x01000100                __itcm_start = ORIGIN (itcm)
                0x023ff000                __ewram_end = (ORIGIN (ewram) + 0x3ff000)
                0x023ff000                __eheap_end = (ORIGIN (ewram) + 0x3ff000)
                0x0b000000                __dtcm_start = ORIGIN (dtcm)
                0x0b004000                __dtcm_top = (ORIGIN (dtcm) + 0x4000)
                0x0b003ff8                __irq_flags = (__dtcm_top - 0x8)
                0x0b003ffc                __irq_vector = (__dtcm_top - 0x4)
                0x0b003f00                __sp_svc = (__dtcm_top - 0x100)
                0x0b003e00                __sp_irq = (__sp_svc - 0x100)
                0x0b003d00                __sp_usr = (__sp_irq - 0x100)

.init           0x02000000      0x23c
                0x02000000                __text_start = .
 *(.init)
 .init          0x02000000      0x230 c:/devkitpro/devkitarm/bin/../lib/gcc/arm-none-eabi/4.7.1/../../../../arm-none-eabi/lib/thumb/ds_arm9_crt0.o
                0x02000000                _start
 .init          0x02000230        0x4 c:/devkitpro/devkitarm/bin/../lib/gcc/arm-none-eabi/4.7.1/thumb/crti.o
                0x02000230                _init
 .init          0x02000234        0x8 c:/devkitpro/devkitarm/bin/../lib/gcc/arm-none-eabi/4.7.1/thumb/crtn.o
                0x0200023c                . = ALIGN (0x4)

.plt
 *(.plt)

.text           0x02000240    0x18390
 *(EXCLUDE_FILE(*.itcm*) .text)
 .text          0x02000240        0x0 c:/devkitpro/devkitarm/bin/../lib/gcc/arm-none-eabi/4.7.1/../../../../arm-none-eabi/lib/thumb/ds_arm9_crt0.o
 .text          0x02000240        0x0 c:/devkitpro/devkitarm/bin/../lib/gcc/arm-none-eabi/4.7.1/thumb/crti.o
 .text          0x02000240       0xd0 c:/devkitpro/devkitarm/bin/../lib/gcc/arm-none-eabi/4.7.1/thumb/crtbegin.o
 .text          0x02000310        0x0 soundbank.bin.o
 .text          0x02000310      0x824 ClassDefinitions.o
                0x02000310                Entity::onLoad()
                0x0200036c                Entity::useOn(Item*, Entity*)
                0x02000370                Block::onLoad(int, int)
                0x02000378                Block::useOn(Item*, Entity*)
                0x0200037c                Block::onUnload()
                0x0200038c                Level::onUnload()
                0x020003c0                Block::tick()
                0x020003d4                Sprite::Sprite()
                0x020003d4                Sprite::Sprite()
                0x020003f8                Sprite::writeOam()
                0x02000440                Sprite::setAnimFrame(unsigned char)
                0x02000444                Sprite::setGfxPointer(unsigned short*)
                0x02000448                Sprite::setSpriteEntry(unsigned char)
                0x0200044c                Entity::Entity()
                0x0200044c                Entity::Entity()
                0x02000484                Entity::calcSprite()
                0x020004e0                Entity::tick()
                0x020004ec                Block::Block()
                0x020004ec                Block::Block()
                0x02000504                Block::getTileIndex()
                0x02000508                Block::setEntity(Entity*)
                0x02000524                Level::loadCommon()
                0x02000590                Level::drawLevel()
                0x02000680                Level::tick()
                0x020007fc                Level::getOamEntry()
                0x02000810                Level::isPlayer(Entity*)
                0x0200081c                SoundManager::SoundManager()
                0x0200081c                SoundManager::SoundManager()
                0x02000894                SoundManager::playBGM(unsigned char, bool)
                0x020008c8                SoundManager::stopBGM()
                0x020008e0                SoundManager::setBGMVol(unsigned int)
                0x020008f4                SoundManager::setBGMTempo(unsigned int)
                0x02000918                SoundManager::playSFX(unsigned char, unsigned int)
                0x02000938                Level::onLoad()
                0x020009b4                Game::Game()
                0x020009b4                Game::Game()
                0x02000a2c                Game::loadLevel(Level*)
                0x02000a5c                Game::mainLoop()
                0x02000a7c                Level::initBlocks()
 .text          0x02000b34      0x2b0 Levels.o
                0x02000b34                Player::tick()
                0x02000c84                Level1::onLoad()
                0x02000d34                Level1::initBlocks()
 .text          0x02000de4        0x0 main.o
 .text          0x02000de4        0x0 Sprites.o
 .text          0x02000de4        0x0 Tileset.o
 .text          0x02000de4      0x24c c:/devkitPro/libnds/lib\libmm9.a(mm_comms.o)
                0x02000de4                mmSetupComms
                0x02000e36                mmSendBank
                0x02000e40                mmLockChannels
                0x02000e46                mmUnlockChannels
                0x02000e4c                mmStart
                0x02000e56                mmPause
                0x02000e5a                mmResume
                0x02000e5e                mmStop
                0x02000e62                mmPosition
                0x02000e66                mmJingle
                0x02000e6a                mmSetModuleVolume
                0x02000e6e                mmSetJingleVolume
                0x02000e72                mmSetModuleTempo
                0x02000e76                mmSetModulePitch
                0x02000e7a                mmSetEffectsVolume
                0x02000e7e                mmSelectMode
                0x02000e82                mmStreamBegin
                0x02000e96                mmStreamEnd
                0x02000eec                mmEffect
                0x02000f10                mmEffectVolume
                0x02000f14                mmEffectPanning
                0x02000f18                mmEffectRate
                0x02000f22                mmEffectScaleRate
                0x02000f2c                mmEffectRelease
                0x02000f32                mmEffectCancel
                0x02000f38                mmEffectEx
                0x02000f76                mmEffectCancelAll
                0x02000f7a                mmReverbEnable
                0x02000f7e                mmReverbDisable
                0x02000f82                mmReverbConfigure
                0x02000fde                mmReverbStart
                0x02000fe2                mmReverbStop
 .text          0x02001030      0x108 c:/devkitPro/libnds/lib\libmm9.a(mm_main9.o)
                0x02001030                mmActive
                0x02001036                mmSetEventHandler
                0x0200103c                mmInit
                0x02001066                mmInitDefault
                0x020010b0                mmInitDefaultMem
                0x020010d2                mmSuspendIRQ_t
                0x020010f0                mmRestoreIRQ_t
 .text          0x02001138      0x120 c:/devkitPro/libnds/lib\libmm9.a(mm_memory.o)
                0x02001138                mmLoad
                0x02001188                mmUnload
                0x020011e0                mmLoadEffect
                0x02001218                mmUnloadEffect
 .text          0x02001258      0x100 c:/devkitPro/libnds/lib\libmm9.a(mm_soundbank.o)
                0x02001258                mmSoundBankInMemory
                0x02001260                mmSoundBankInFiles
                0x02001272                mmSetCustomSoundBankHandler
                0x0200129e                mmsHandleFileOp
 .text          0x02001358       0x3c c:/devkitPro/libnds/lib\libmm9.a(mm_flusher.o)
                0x02001358                mmFlushBank
 .text          0x02001394      0xa4c c:/devkitPro/libnds/lib\libnds9.a(console.o)
                0x02001434                nocash_write
                0x02001444                consoleGetDefault
                0x02001450                consoleSelect
                0x02001460                consoleDebugInit
                0x020014b0                consolePrintChar
                0x0200167c                consoleLoadFont
                0x02001904                consoleSetFont
                0x02001924                consoleInit
                0x02001a8c                consoleDemoInit
                0x02001ad0                con_write
                0x02001dac                consoleClear
                0x02001dbc                consoleSetWindow
 .text          0x02001de0       0xf4 c:/devkitPro/libnds/lib\libnds9.a(keys.o)
                0x02001de0                scanKeys
                0x02001e4c                keysHeld
                0x02001e58                keysDown
                0x02001e68                keysDownRepeat
                0x02001e78                keysSetRepeat
                0x02001e90                keysUp
                0x02001ea0                keysCurrent
 .text          0x02001ed4      0x3f4 c:/devkitPro/libnds/lib\libnds9.a(sprite.o)
                0x02001ed4                oamInit
                0x02001fe8                oamDisable
                0x02002018                oamEnable
                0x0200203c                oamGetGfxPtr
                0x02002070                oamClear
                0x02002098                oamGfxPtrToOffset
                0x020020cc                oamSet
                0x0200221c                oamUpdate
                0x0200227c                oamRotateScale
 .text          0x020022c8      0x450 c:/devkitPro/libnds/lib\libnds9.a(sprite_alloc.o)
                0x020022f8                oamAllocReset
                0x0200232c                oamAllocateGfx
                0x02002530                oamFreeGfx
                0x020026cc                oamCountFragments
 .text          0x02002718      0x244 c:/devkitPro/libnds/lib\libnds9.a(trig.o)
                0x02002718                asinComp
                0x02002740                sinLutLookup
                0x0200277c                sinLerp
                0x020027b4                cosLerp
                0x020027c8                tanLutLookup
                0x02002800                tanLerp
                0x020028a4                asinLerp
                0x02002920                acosLerp
                0x02002934                atanComp
 .text          0x0200295c      0x140 c:/devkitPro/libnds/lib\libnds9.a(initSystem.o)
                0x0200295c                initSystem
 .text          0x02002a9c      0xc58 c:/devkitPro/libnds/lib\libnds9.a(fifosystem.o)
                0x02002cf0                fifoSendAddress
                0x02002d1c                fifoSendValue32
                0x02002d5c                fifoSendDatamsg
                0x02002dcc                fifoGetAddress
                0x02002e44                fifoSetAddressHandler
                0x02002eb8                fifoGetValue32
                0x02002f2c                fifoSetValue32Handler
                0x02002fa0                fifoGetDatamsg
                0x02003424                fifoSetDatamsgHandler
                0x020034bc                fifoCheckAddress
                0x020034e0                fifoCheckDatamsg
                0x02003504                fifoCheckValue32
                0x02003528                fifoInit
 .text          0x020036f4      0x1ec c:/devkitPro/libnds/lib\libnds9.a(interrupts.o)
                0x020036f4                irqDummy
                0x020036f8                irqSet
                0x02003764                irqInit
                0x020037b0                irqInitHandler
                0x020037e0                irqEnable
                0x02003844                irqDisable
                0x020038a8                irqClear
 .text          0x020038e0       0x58 c:/devkitPro/libnds/lib\libnds9.a(libnds_exit.arm.o)
                0x020038e0                systemErrorExit
                0x020038e4                __libnds_exit
 .text          0x02003938       0x70 c:/devkitPro/libnds/lib\libnds9.a(dcache.o)
                0x02003938                DC_FlushAll
                0x02003964                DC_FlushRange
                0x02003980                DC_InvalidateAll
                0x0200398c                DC_InvalidateRange
 .text          0x020039a8      0x1b4 c:/devkitPro/libnds/lib\libnds9.a(mpu_setup.o)
                0x020039a8                __libnds_mpu_setup
                0x02003ae8                memCached
                0x02003b00                memUncached
 *fill*         0x02003b5c        0x4 ff
 .text          0x02003b60       0x70 c:/devkitPro/libnds/lib\libnds9.a(biosCalls.o)
                0x02003b60                swiDelay
                0x02003b64                swiIntrWait
                0x02003b68                swiWaitForVBlank
                0x02003b6c                swiSleep
                0x02003b70                swiChangeSoundBias
                0x02003b74                swiDivide
                0x02003b78                swiRemainder
                0x02003b7e                swiDivMod
                0x02003b8a                swiCopy
                0x02003b8e                swiFastCopy
                0x02003b92                swiSqrt
                0x02003b96                swiCRC16
                0x02003b9a                swiIsDebugger
                0x02003b9e                swiUnpackBits
                0x02003ba2                swiDecompressLZSSWram
                0x02003ba6                swiDecompressLZSSVramNTR
                0x02003baa                swiDecompressLZSSVramTWL
                0x02003bae                swiDecompressHuffman
                0x02003bb2                swiDecompressRLEWram
                0x02003bb6                swiDecompressRLEVram
                0x02003bba                swiWaitForIRQ
                0x02003bbe                swiDecodeDelta8
                0x02003bc2                swiDecodeDelta16
                0x02003bc6                swiSetHaltCR
 .text          0x02003bd0       0xa4 c:/devkitPro/libnds/lib\libnds9.a(debugprint.o)
                0x02003bd0                nocashWrite
                0x02003bd2                nocashMessage
 .text          0x02003c74        0x0 c:/devkitPro/libnds/lib\libnds9.a(interruptDispatcher.o)
 *fill*         0x02003c74        0xc ff
 .text          0x02003c80       0x30 c:/devkitPro/libnds/lib\libnds9.a(swiSoftReset.o)
                0x02003c80                swiSoftReset
 .text          0x02003cb0        0x0 c:/devkitPro/libnds/lib\libnds9.a(default_font.bin.o)
 .text          0x02003cb0      0x2e8 c:/devkitPro/libnds/lib\libnds9.a(background.o)
                0x02003cb0                bgIsText
                0x02003cbc                checkIfText
                0x02003d14                bgUpdate
                0x02003e08                bgInit_call
                0x02003ecc                bgInitSub_call
 .text          0x02003f98      0x128 c:/devkitPro/libnds/lib\libnds9.a(system.o)
                0x02003f98                setSDcallback
                0x02003fa4                systemMsgHandler
                0x02003fe8                systemSleep
                0x02004000                systemValueHandler
                0x0200403c                powerOn
                0x02004068                powerOff
                0x02004090                ledBlink
                0x020040a0                getBatteryLevel
 .text          0x020040c0      0x1f8 c:/devkitPro/libnds/lib\libnds9.a(video.o)
                0x020040c0                vramSetPrimaryBanks
                0x02004104                vramSetMainBanks
                0x02004148                vramSetBanks_EFG
                0x02004180                vramRestorePrimaryBanks
                0x0200418c                vramRestoreMainBanks
                0x02004198                vramRestoreBanks_EFG
                0x020041a4                setBrightness
                0x020041e4                vramDefault
 .text          0x020042b8        0x0 c:/devkitpro/devkitarm/bin/../lib/gcc/arm-none-eabi/4.7.1/../../../../arm-none-eabi/lib/thumb\libstdc++.a(new_op.o)
 .text          0x020042b8        0x0 c:/devkitpro/devkitarm/bin/../lib/gcc/arm-none-eabi/4.7.1/../../../../arm-none-eabi/lib/thumb\libstdc++.a(eh_call.o)
 .text          0x020042b8        0x0 c:/devkitpro/devkitarm/bin/../lib/gcc/arm-none-eabi/4.7.1/../../../../arm-none-eabi/lib/thumb\libstdc++.a(eh_personality.o)
 .text          0x020042b8        0x0 c:/devkitpro/devkitarm/bin/../lib/gcc/arm-none-eabi/4.7.1/../../../../arm-none-eabi/lib/thumb\libstdc++.a(del_op.o)
 .text          0x020042b8        0x0 c:/devkitpro/devkitarm/bin/../lib/gcc/arm-none-eabi/4.7.1/../../../../arm-none-eabi/lib/thumb\libstdc++.a(eh_terminate.o)
 .text          0x020042b8        0x0 c:/devkitpro/devkitarm/bin/../lib/gcc/arm-none-eabi/4.7.1/../../../../arm-none-eabi/lib/thumb\libstdc++.a(eh_exception.o)
 .text          0x020042b8        0x0 c:/devkitpro/devkitarm/bin/../lib/gcc/arm-none-eabi/4.7.1/../../../../arm-none-eabi/lib/thumb\libstdc++.a(eh_alloc.o)
 .text          0x020042b8        0x0 c:/devkitpro/devkitarm/bin/../lib/gcc/arm-none-eabi/4.7.1/../../../../arm-none-eabi/lib/thumb\libstdc++.a(bad_alloc.o)
 .text          0x020042b8        0x0 c:/devkitpro/devkitarm/bin/../lib/gcc/arm-none-eabi/4.7.1/../../../../arm-none-eabi/lib/thumb\libstdc++.a(class_type_info.o)
 .text          0x020042b8        0x0 c:/devkitpro/devkitarm/bin/../lib/gcc/arm-none-eabi/4.7.1/../../../../arm-none-eabi/lib/thumb\libstdc++.a(new_handler.o)
 .text          0x020042b8        0x0 c:/devkitpro/devkitarm/bin/../lib/gcc/arm-none-eabi/4.7.1/../../../../arm-none-eabi/lib/thumb\libstdc++.a(eh_arm.o)
 .text          0x020042b8        0x0 c:/devkitpro/devkitarm/bin/../lib/gcc/arm-none-eabi/4.7.1/../../../../arm-none-eabi/lib/thumb\libstdc++.a(eh_throw.o)
 .text          0x020042b8        0x0 c:/devkitpro/devkitarm/bin/../lib/gcc/arm-none-eabi/4.7.1/../../../../arm-none-eabi/lib/thumb\libstdc++.a(pure.o)
 .text          0x020042b8        0x0 c:/devkitpro/devkitarm/bin/../lib/gcc/arm-none-eabi/4.7.1/../../../../arm-none-eabi/lib/thumb\libstdc++.a(eh_globals.o)
 .text          0x020042b8        0x0 c:/devkitpro/devkitarm/bin/../lib/gcc/arm-none-eabi/4.7.1/../../../../arm-none-eabi/lib/thumb\libstdc++.a(eh_catch.o)
 .text          0x020042b8        0x0 c:/devkitpro/devkitarm/bin/../lib/gcc/arm-none-eabi/4.7.1/../../../../arm-none-eabi/lib/thumb\libstdc++.a(si_class_type_info.o)
 .text          0x020042b8        0x0 c:/devkitpro/devkitarm/bin/../lib/gcc/arm-none-eabi/4.7.1/../../../../arm-none-eabi/lib/thumb\libstdc++.a(eh_unex_handler.o)
 .text          0x020042b8        0x0 c:/devkitpro/devkitarm/bin/../lib/gcc/arm-none-eabi/4.7.1/../../../../arm-none-eabi/lib/thumb\libstdc++.a(tinfo.o)
 .text          0x020042b8        0x0 c:/devkitpro/devkitarm/bin/../lib/gcc/arm-none-eabi/4.7.1/../../../../arm-none-eabi/lib/thumb\libstdc++.a(eh_term_handler.o)
 .text          0x020042b8        0x0 c:/devkitpro/devkitarm/bin/../lib/gcc/arm-none-eabi/4.7.1/../../../../arm-none-eabi/lib/thumb\libstdc++.a(vterminate.o)
 .text          0x020042b8        0x0 c:/devkitpro/devkitarm/bin/../lib/gcc/arm-none-eabi/4.7.1/../../../../arm-none-eabi/lib/thumb\libstdc++.a(eh_type.o)
 .text          0x020042b8     0x5984 c:/devkitpro/devkitarm/bin/../lib/gcc/arm-none-eabi/4.7.1/../../../../arm-none-eabi/lib/thumb\libstdc++.a(cp-demangle.o)
                0x02009b48                __cxa_demangle
                0x02009c10                __gcclibcxx_demangle_callback
 .text          0x02009c3c      0x11c c:/devkitpro/devkitarm/bin/../lib/gcc/arm-none-eabi/4.7.1/thumb\libgcc.a(_udivsi3.o)
                0x02009c3c                __aeabi_uidiv
                0x02009c3c                __udivsi3
                0x02009d38                __aeabi_uidivmod
 .text          0x02009d58      0x150 c:/devkitpro/devkitarm/bin/../lib/gcc/arm-none-eabi/4.7.1/thumb\libgcc.a(_divsi3.o)
                0x02009d58                __divsi3
                0x02009d58                __aeabi_idiv
                0x02009e88                __aeabi_idivmod
 .text          0x02009ea8        0x4 c:/devkitpro/devkitarm/bin/../lib/gcc/arm-none-eabi/4.7.1/thumb\libgcc.a(_dvmd_tls.o)
                0x02009ea8                __aeabi_idiv0
                0x02009ea8                __aeabi_ldiv0
 .text          0x02009eac      0xab4 c:/devkitpro/devkitarm/bin/../lib/gcc/arm-none-eabi/4.7.1/thumb\libgcc.a(unwind-arm.o)
                0x0200a1a8                _Unwind_GetCFA
                0x0200a1ac                __gnu_Unwind_RaiseException
                0x0200a20c                __gnu_Unwind_ForcedUnwind
                0x0200a224                __gnu_Unwind_Resume
                0x0200a26c                __gnu_Unwind_Resume_or_Rethrow
                0x0200a28c                _Unwind_Complete
                0x0200a290                _Unwind_DeleteException
                0x0200a2a8                _Unwind_VRS_Get
                0x0200a2f4                _Unwind_VRS_Set
                0x0200a650                __aeabi_unwind_cpp_pr2
                0x0200a660                __aeabi_unwind_cpp_pr1
                0x0200a670                __aeabi_unwind_cpp_pr0
                0x0200a680                __gnu_Unwind_Backtrace
                0x0200a6f4                _Unwind_VRS_Pop
 .text          0x0200a960      0x1d8 c:/devkitpro/devkitarm/bin/../lib/gcc/arm-none-eabi/4.7.1/thumb\libgcc.a(libunwind.o)
                0x0200a960                __restore_core_regs
                0x0200a960                restore_core_regs
                0x0200a97c                __gnu_Unwind_Restore_VFP
                0x0200a984                __gnu_Unwind_Save_VFP
                0x0200a98c                __gnu_Unwind_Restore_VFP_D
                0x0200a994                __gnu_Unwind_Save_VFP_D
                0x0200a99c                __gnu_Unwind_Restore_VFP_D_16_to_31
                0x0200a9a4                __gnu_Unwind_Save_VFP_D_16_to_31
                0x0200a9ac                __gnu_Unwind_Restore_WMMXD
                0x0200a9f0                __gnu_Unwind_Save_WMMXD
                0x0200aa34                __gnu_Unwind_Restore_WMMXC
                0x0200aa48                __gnu_Unwind_Save_WMMXC
                0x0200aa5c                ___Unwind_RaiseException
                0x0200aa5c                _Unwind_RaiseException
                0x0200aa88                _Unwind_Resume
                0x0200aa88                ___Unwind_Resume
                0x0200aab4                _Unwind_Resume_or_Rethrow
                0x0200aab4                ___Unwind_Resume_or_Rethrow
                0x0200aae0                _Unwind_ForcedUnwind
                0x0200aae0                ___Unwind_ForcedUnwind
                0x0200ab0c                ___Unwind_Backtrace
                0x0200ab0c                _Unwind_Backtrace
 .text          0x0200ab38      0x3e0 c:/devkitpro/devkitarm/bin/../lib/gcc/arm-none-eabi/4.7.1/thumb\libgcc.a(pr-support.o)
                0x0200ab94                __gnu_unwind_execute
                0x0200aeb4                __gnu_unwind_frame
                0x0200aee0                _Unwind_GetRegionStart
                0x0200aef0                _Unwind_GetLanguageSpecificData
                0x0200af08                _Unwind_GetDataRelBase
                0x0200af10                _Unwind_GetTextRelBase
 .text          0x0200af18       0x10 c:/devkitpro/devkitarm/bin/../lib/gcc/arm-none-eabi/4.7.1/../../../../arm-none-eabi/lib/thumb\libg.a(lib_a-abort.o)
                0x0200af18                abort
 .text          0x0200af28       0x64 c:/devkitpro/devkitarm/bin/../lib/gcc/arm-none-eabi/4.7.1/../../../../arm-none-eabi/lib/thumb\libg.a(lib_a-bsearch.o)
                0x0200af28                bsearch
 .text          0x0200af8c       0xb0 c:/devkitpro/devkitarm/bin/../lib/gcc/arm-none-eabi/4.7.1/../../../../arm-none-eabi/lib/thumb\libg.a(lib_a-fclose.o)
                0x0200af8c                _fclose_r
                0x0200b020                fclose
 .text          0x0200b03c      0x1b8 c:/devkitpro/devkitarm/bin/../lib/gcc/arm-none-eabi/4.7.1/../../../../arm-none-eabi/lib/thumb\libg.a(lib_a-fflush.o)
                0x0200b03c                __sflush_r
                0x0200b194                _fflush_r
                0x0200b1c4                fflush
 .text          0x0200b1f4      0x1d8 c:/devkitpro/devkitarm/bin/../lib/gcc/arm-none-eabi/4.7.1/../../../../arm-none-eabi/lib/thumb\libg.a(lib_a-findfp.o)
                0x0200b1fc                _cleanup_r
                0x0200b25c                __sfmoreglue
                0x0200b28c                _cleanup
                0x0200b2a0                __sinit
                0x0200b2f4                __sfp
                0x0200b384                __sfp_lock_acquire
                0x0200b388                __sfp_lock_release
                0x0200b38c                __sinit_lock_acquire
                0x0200b390                __sinit_lock_release
                0x0200b394                __fp_lock_all
                0x0200b3b0                __fp_unlock_all
 .text          0x0200b3cc       0xa8 c:/devkitpro/devkitarm/bin/../lib/gcc/arm-none-eabi/4.7.1/../../../../arm-none-eabi/lib/thumb\libg.a(lib_a-fopen.o)
                0x0200b3cc                _fopen_r
                0x0200b458                fopen
 .text          0x0200b474       0x54 c:/devkitpro/devkitarm/bin/../lib/gcc/arm-none-eabi/4.7.1/../../../../arm-none-eabi/lib/thumb\libg.a(lib_a-fputc.o)
                0x0200b474                _fputc_r
                0x0200b49c                fputc
 .text          0x0200b4c8       0x78 c:/devkitpro/devkitarm/bin/../lib/gcc/arm-none-eabi/4.7.1/../../../../arm-none-eabi/lib/thumb\libg.a(lib_a-fputs.o)
                0x0200b4c8                _fputs_r
                0x0200b524                fputs
 .text          0x0200b540      0x190 c:/devkitpro/devkitarm/bin/../lib/gcc/arm-none-eabi/4.7.1/../../../../arm-none-eabi/lib/thumb\libg.a(lib_a-fread.o)
                0x0200b540                _fread_r
                0x0200b6a8                fread
 .text          0x0200b6d0      0x238 c:/devkitpro/devkitarm/bin/../lib/gcc/arm-none-eabi/4.7.1/../../../../arm-none-eabi/lib/thumb\libg.a(lib_a-freer.o)
                0x0200b6d0                _malloc_trim_r
                0x0200b774                _free_r
 .text          0x0200b908      0x328 c:/devkitpro/devkitarm/bin/../lib/gcc/arm-none-eabi/4.7.1/../../../../arm-none-eabi/lib/thumb\libg.a(lib_a-fseek.o)
                0x0200b908                _fseek_r
                0x0200bc0c                fseek
 .text          0x0200bc30      0x2fc c:/devkitpro/devkitarm/bin/../lib/gcc/arm-none-eabi/4.7.1/../../../../arm-none-eabi/lib/thumb\libg.a(lib_a-fvwrite.o)
                0x0200bc30                __sfvwrite_r
 .text          0x0200bf2c       0xb4 c:/devkitpro/devkitarm/bin/../lib/gcc/arm-none-eabi/4.7.1/../../../../arm-none-eabi/lib/thumb\libg.a(lib_a-fwalk.o)
                0x0200bf2c                _fwalk
                0x0200bf80                _fwalk_reent
 .text          0x0200bfe0       0x9c c:/devkitpro/devkitarm/bin/../lib/gcc/arm-none-eabi/4.7.1/../../../../arm-none-eabi/lib/thumb\libg.a(lib_a-fwrite.o)
                0x0200bfe0                _fwrite_r
                0x0200c054                fwrite
 .text          0x0200c07c        0x0 c:/devkitpro/devkitarm/bin/../lib/gcc/arm-none-eabi/4.7.1/../../../../arm-none-eabi/lib/thumb\libg.a(lib_a-impure.o)
 .text          0x0200c07c       0x54 c:/devkitpro/devkitarm/bin/../lib/gcc/arm-none-eabi/4.7.1/../../../../arm-none-eabi/lib/thumb\libg.a(lib_a-init.o)
                0x0200c07c                __libc_init_array
 .text          0x0200c0d0       0x40 c:/devkitpro/devkitarm/bin/../lib/gcc/arm-none-eabi/4.7.1/../../../../arm-none-eabi/lib/thumb\libg.a(lib_a-iprintf.o)
                0x0200c0d0                iprintf
                0x0200c0f4                _iprintf_r
 .text          0x0200c110       0xe0 c:/devkitpro/devkitarm/bin/../lib/gcc/arm-none-eabi/4.7.1/../../../../arm-none-eabi/lib/thumb\libg.a(lib_a-makebuf.o)
                0x0200c110                __smakebuf_r
 .text          0x0200c1f0       0x30 c:/devkitpro/devkitarm/bin/../lib/gcc/arm-none-eabi/4.7.1/../../../../arm-none-eabi/lib/thumb\libg.a(lib_a-malloc.o)
                0x0200c1f0                malloc
                0x0200c208                free
 .text          0x0200c220      0x51c c:/devkitpro/devkitarm/bin/../lib/gcc/arm-none-eabi/4.7.1/../../../../arm-none-eabi/lib/thumb\libg.a(lib_a-mallocr.o)
                0x0200c220                _malloc_r
 .text          0x0200c73c       0x98 c:/devkitpro/devkitarm/bin/../lib/gcc/arm-none-eabi/4.7.1/../../../../arm-none-eabi/lib/thumb\libg.a(lib_a-memchr-stub.o)
                0x0200c73c                memchr
 .text          0x0200c7d4       0x60 c:/devkitpro/devkitarm/bin/../lib/gcc/arm-none-eabi/4.7.1/../../../../arm-none-eabi/lib/thumb\libg.a(lib_a-memcmp.o)
                0x0200c7d4                memcmp
 .text          0x0200c834       0x90 c:/devkitpro/devkitarm/bin/../lib/gcc/arm-none-eabi/4.7.1/../../../../arm-none-eabi/lib/thumb\libg.a(lib_a-memcpy-stub.o)
                0x0200c834                memcpy
 .text          0x0200c8c4       0xb0 c:/devkitpro/devkitarm/bin/../lib/gcc/arm-none-eabi/4.7.1/../../../../arm-none-eabi/lib/thumb\libg.a(lib_a-memmove.o)
                0x0200c8c4                memmove
 .text          0x0200c974       0x98 c:/devkitpro/devkitarm/bin/../lib/gcc/arm-none-eabi/4.7.1/../../../../arm-none-eabi/lib/thumb\libg.a(lib_a-memset.o)
                0x0200c974                memset
 .text          0x0200ca0c        0x8 c:/devkitpro/devkitarm/bin/../lib/gcc/arm-none-eabi/4.7.1/../../../../arm-none-eabi/lib/thumb\libg.a(lib_a-mlock.o)
                0x0200ca0c                __malloc_lock
                0x0200ca10                __malloc_unlock
 .text          0x0200ca14       0xc4 c:/devkitpro/devkitarm/bin/../lib/gcc/arm-none-eabi/4.7.1/../../../../arm-none-eabi/lib/thumb\libg.a(lib_a-putc.o)
                0x0200ca14                _putc_r
                0x0200ca74                putc
 .text          0x0200cad8       0x1c c:/devkitpro/devkitarm/bin/../lib/gcc/arm-none-eabi/4.7.1/../../../../arm-none-eabi/lib/thumb\libg.a(lib_a-realloc.o)
                0x0200cad8                realloc
 .text          0x0200caf4      0x3e8 c:/devkitpro/devkitarm/bin/../lib/gcc/arm-none-eabi/4.7.1/../../../../arm-none-eabi/lib/thumb\libg.a(lib_a-reallocr.o)
                0x0200caf4                _realloc_r
 .text          0x0200cedc      0x144 c:/devkitpro/devkitarm/bin/../lib/gcc/arm-none-eabi/4.7.1/../../../../arm-none-eabi/lib/thumb\libg.a(lib_a-refill.o)
                0x0200cefc                __srefill_r
 .text          0x0200d020      0x120 c:/devkitpro/devkitarm/bin/../lib/gcc/arm-none-eabi/4.7.1/../../../../arm-none-eabi/lib/thumb\libg.a(lib_a-setvbuf.o)
                0x0200d020                setvbuf
 .text          0x0200d140      0x198 c:/devkitpro/devkitarm/bin/../lib/gcc/arm-none-eabi/4.7.1/../../../../arm-none-eabi/lib/thumb\libg.a(lib_a-signal.o)
                0x0200d140                _init_signal_r
                0x0200d180                _signal_r
                0x0200d1c0                _raise_r
                0x0200d220                __sigtramp_r
                0x0200d274                raise
                0x0200d28c                signal
                0x0200d2a8                _init_signal
                0x0200d2bc                __sigtramp
 .text          0x0200d2d8       0xa0 c:/devkitpro/devkitarm/bin/../lib/gcc/arm-none-eabi/4.7.1/../../../../arm-none-eabi/lib/thumb\libg.a(lib_a-siscanf.o)
                0x0200d2d8                siscanf
                0x0200d328                _siscanf_r
 .text          0x0200d378       0x84 c:/devkitpro/devkitarm/bin/../lib/gcc/arm-none-eabi/4.7.1/../../../../arm-none-eabi/lib/thumb\libg.a(lib_a-sprintf.o)
                0x0200d378                _sprintf_r
                0x0200d3b8                sprintf
 .text          0x0200d3fc       0xac c:/devkitpro/devkitarm/bin/../lib/gcc/arm-none-eabi/4.7.1/../../../../arm-none-eabi/lib/thumb\libg.a(lib_a-stdio.o)
                0x0200d3fc                __sread
                0x0200d428                __seofread
                0x0200d42c                __swrite
                0x0200d468                __sseek
                0x0200d498                __sclose
 .text          0x0200d4a8       0x14 c:/devkitpro/devkitarm/bin/../lib/gcc/arm-none-eabi/4.7.1/../../../../arm-none-eabi/lib/thumb\libg.a(lib_a-strcmp.o)
                0x0200d4a8                strcmp
 .text          0x0200d4bc       0x10 c:/devkitpro/devkitarm/bin/../lib/gcc/arm-none-eabi/4.7.1/../../../../arm-none-eabi/lib/thumb\libg.a(lib_a-strlen.o)
                0x0200d4bc                strlen
 .text          0x0200d4cc       0xbc c:/devkitpro/devkitarm/bin/../lib/gcc/arm-none-eabi/4.7.1/../../../../arm-none-eabi/lib/thumb\libg.a(lib_a-strncmp.o)
                0x0200d4cc                strncmp
 .text          0x0200d588      0xa98 c:/devkitpro/devkitarm/bin/../lib/gcc/arm-none-eabi/4.7.1/../../../../arm-none-eabi/lib/thumb\libg.a(lib_a-svfiscanf.o)
                0x0200d588                _sungetc_r
                0x0200d610                __ssrefill_r
                0x0200d654                _sfread_r
                0x0200d6e0                __ssvfiscanf_r
 .text          0x0200e020     0x1728 c:/devkitpro/devkitarm/bin/../lib/gcc/arm-none-eabi/4.7.1/../../../../arm-none-eabi/lib/thumb\libg.a(lib_a-svfprintf.o)
                0x0200e020                _svfprintf_r
 .text          0x0200f748       0x20 c:/devkitpro/devkitarm/bin/../lib/gcc/arm-none-eabi/4.7.1/../../../../arm-none-eabi/lib/thumb\libg.a(lib_a-syswrite.o)
                0x0200f748                write
 .text          0x0200f768      0x188 c:/devkitpro/devkitarm/bin/../lib/gcc/arm-none-eabi/4.7.1/../../../../arm-none-eabi/lib/thumb\libg.a(lib_a-ungetc.o)
                0x0200f768                __submore
                0x0200f7f0                _ungetc_r
                0x0200f8d4                ungetc
 .text          0x0200f8f0      0xed4 c:/devkitpro/devkitarm/bin/../lib/gcc/arm-none-eabi/4.7.1/../../../../arm-none-eabi/lib/thumb\libg.a(lib_a-vfiprintf.o)
                0x0200f8f0                __sprint_r
                0x0200f974                _vfiprintf_r
                0x020107a0                vfiprintf
 .text          0x020107c4       0xd0 c:/devkitpro/devkitarm/bin/../lib/gcc/arm-none-eabi/4.7.1/../../../../arm-none-eabi/lib/thumb\libg.a(lib_a-wbuf.o)
                0x020107c4                __swbuf_r
                0x02010878                __swbuf
 .text          0x02010894       0xe8 c:/devkitpro/devkitarm/bin/../lib/gcc/arm-none-eabi/4.7.1/../../../../arm-none-eabi/lib/thumb\libg.a(lib_a-wcrtomb.o)
                0x02010894                _wcrtomb_r
                0x020108fc                wcrtomb
 .text          0x0201097c       0x40 c:/devkitpro/devkitarm/bin/../lib/gcc/arm-none-eabi/4.7.1/../../../../arm-none-eabi/lib/thumb\libg.a(lib_a-wcsrtombs.o)
                0x0201097c                _wcsrtombs_r
                0x02010994                wcsrtombs
 .text          0x020109bc      0x2a4 c:/devkitpro/devkitarm/bin/../lib/gcc/arm-none-eabi/4.7.1/../../../../arm-none-eabi/lib/thumb\libg.a(lib_a-wctomb_r.o)
                0x020109bc                __utf8_wctomb
                0x02010a70                _wctomb_r
                0x02010aa8                __ascii_wctomb
                0x02010ac8                __sjis_wctomb
                0x02010b44                __eucjp_wctomb
                0x02010be0                __jis_wctomb
 .text          0x02010c60       0xd0 c:/devkitpro/devkitarm/bin/../lib/gcc/arm-none-eabi/4.7.1/../../../../arm-none-eabi/lib/thumb\libg.a(lib_a-wsetup.o)
                0x02010c60                __swsetup_r
 .text          0x02010d30       0x10 c:/devkitpro/devkitarm/bin/../lib/gcc/arm-none-eabi/4.7.1/../../../../arm-none-eabi/lib/thumb\libg.a(lib_a-ctype_.o)
                0x02010d30                __set_ctype
 .text          0x02010d40     0x10a0 c:/devkitpro/devkitarm/bin/../lib/gcc/arm-none-eabi/4.7.1/../../../../arm-none-eabi/lib/thumb\libg.a(lib_a-dtoa.o)
                0x02010e98                _dtoa_r
 .text          0x02011de0       0x70 c:/devkitpro/devkitarm/bin/../lib/gcc/arm-none-eabi/4.7.1/../../../../arm-none-eabi/lib/thumb\libg.a(lib_a-flags.o)
                0x02011de0                __sflags
 .text          0x02011e50      0x104 c:/devkitpro/devkitarm/bin/../lib/gcc/arm-none-eabi/4.7.1/../../../../arm-none-eabi/lib/thumb\libg.a(lib_a-fputwc.o)
                0x02011e50                _fputwc_r
                0x02011f28                fputwc
 .text          0x02011f54       0x78 c:/devkitpro/devkitarm/bin/../lib/gcc/arm-none-eabi/4.7.1/../../../../arm-none-eabi/lib/thumb\libg.a(lib_a-iswspace.o)
                0x02011f54                iswspace
 .text          0x02011fcc      0x1f0 c:/devkitpro/devkitarm/bin/../lib/gcc/arm-none-eabi/4.7.1/../../../../arm-none-eabi/lib/thumb\libg.a(lib_a-jp2uc.o)
                0x02012158                _jp2uc
 .text          0x020121bc      0x950 c:/devkitpro/devkitarm/bin/../lib/gcc/arm-none-eabi/4.7.1/../../../../arm-none-eabi/lib/thumb\libg.a(lib_a-locale.o)
                0x020128b0                _setlocale_r
                0x02012aac                __locale_charset
                0x02012ab4                __locale_mb_cur_max
                0x02012ac0                __locale_msgcharset
                0x02012acc                __locale_cjk_lang
                0x02012ad8                _localeconv_r
                0x02012ae4                setlocale
                0x02012b00                localeconv
 .text          0x02012b0c      0x104 c:/devkitpro/devkitarm/bin/../lib/gcc/arm-none-eabi/4.7.1/../../../../arm-none-eabi/lib/thumb\libg.a(lib_a-mbrtowc.o)
                0x02012b0c                _mbrtowc_r
                0x02012b84                mbrtowc
 .text          0x02012c10      0x584 c:/devkitpro/devkitarm/bin/../lib/gcc/arm-none-eabi/4.7.1/../../../../arm-none-eabi/lib/thumb\libg.a(lib_a-mbtowc_r.o)
                0x02012c10                __utf8_mbtowc
                0x02012e70                _mbtowc_r
                0x02012eac                __ascii_mbtowc
                0x02012edc                __sjis_mbtowc
                0x02012f9c                __eucjp_mbtowc
                0x02013064                __jis_mbtowc
 *fill*         0x02013194        0x4 ff
 .text          0x02013198      0x978 c:/devkitpro/devkitarm/bin/../lib/gcc/arm-none-eabi/4.7.1/../../../../arm-none-eabi/lib/thumb\libg.a(lib_a-mprec.o)
                0x02013198                _Balloc
                0x020131ec                _Bfree
                0x02013204                __multadd
                0x020132b0                __s2b
                0x0201334c                __hi0bits
                0x02013384                __lo0bits
                0x020133e4                __i2b
                0x020133fc                __multiply
                0x02013560                __pow5mult
                0x02013610                __lshift
                0x020136e0                __mcmp
                0x0201371c                __mdiff
                0x0201380c                __ulp
                0x02013854                __b2d
                0x020138f8                __d2b
                0x020139b0                __ratio
                0x02013a2c                _mprec_log10
                0x02013a6c                __copybits
                0x02013ab4                __any_on
 .text          0x02013b10       0x7c c:/devkitpro/devkitarm/bin/../lib/gcc/arm-none-eabi/4.7.1/../../../../arm-none-eabi/lib/thumb\libg.a(lib_a-sccl.o)
                0x02013b10                __sccl
 .text          0x02013b8c       0x5c c:/devkitpro/devkitarm/bin/../lib/gcc/arm-none-eabi/4.7.1/../../../../arm-none-eabi/lib/thumb\libg.a(lib_a-s_fpclassify.o)
                0x02013b8c                __fpclassifyd
 .text          0x02013be8       0x50 c:/devkitpro/devkitarm/bin/../lib/gcc/arm-none-eabi/4.7.1/../../../../arm-none-eabi/lib/thumb\libg.a(lib_a-strcasecmp.o)
                0x02013be8                strcasecmp
 .text          0x02013c38       0x50 c:/devkitpro/devkitarm/bin/../lib/gcc/arm-none-eabi/4.7.1/../../../../arm-none-eabi/lib/thumb\libg.a(lib_a-strcat.o)
                0x02013c38                strcat
 .text          0x02013c88       0xd4 c:/devkitpro/devkitarm/bin/../lib/gcc/arm-none-eabi/4.7.1/../../../../arm-none-eabi/lib/thumb\libg.a(lib_a-strchr.o)
                0x02013c88                strchr
 .text          0x02013d5c       0x10 c:/devkitpro/devkitarm/bin/../lib/gcc/arm-none-eabi/4.7.1/../../../../arm-none-eabi/lib/thumb\libg.a(lib_a-strcpy.o)
                0x02013d5c                strcpy
 .text          0x02013d6c       0x48 c:/devkitpro/devkitarm/bin/../lib/gcc/arm-none-eabi/4.7.1/../../../../arm-none-eabi/lib/thumb\libg.a(lib_a-strlcpy.o)
                0x02013d6c                strlcpy
 .text          0x02013db4       0x60 c:/devkitpro/devkitarm/bin/../lib/gcc/arm-none-eabi/4.7.1/../../../../arm-none-eabi/lib/thumb\libg.a(lib_a-strncasecmp.o)
                0x02013db4                strncasecmp
 .text          0x02013e14       0x60 c:/devkitpro/devkitarm/bin/../lib/gcc/arm-none-eabi/4.7.1/../../../../arm-none-eabi/lib/thumb\libg.a(lib_a-strncpy.o)
                0x02013e14                strncpy
 *fill*         0x02013e74        0x4 ff
 .text          0x02013e78      0x208 c:/devkitpro/devkitarm/bin/../lib/gcc/arm-none-eabi/4.7.1/../../../../arm-none-eabi/lib/thumb\libg.a(lib_a-strtoll_r.o)
                0x02013e78                _strtoll_r
 .text          0x02014080      0x190 c:/devkitpro/devkitarm/bin/../lib/gcc/arm-none-eabi/4.7.1/../../../../arm-none-eabi/lib/thumb\libg.a(lib_a-strtol.o)
                0x02014080                _strtol_r
                0x020141f0                strtol
 .text          0x02014210      0x238 c:/devkitpro/devkitarm/bin/../lib/gcc/arm-none-eabi/4.7.1/../../../../arm-none-eabi/lib/thumb\libg.a(lib_a-strtoull_r.o)
                0x02014210                _strtoull_r
 .text          0x02014448      0x198 c:/devkitpro/devkitarm/bin/../lib/gcc/arm-none-eabi/4.7.1/../../../../arm-none-eabi/lib/thumb\libg.a(lib_a-strtoul.o)
                0x02014448                _strtoul_r
                0x020145c0                strtoul
 .text          0x020145e0      0xeb4 c:/devkitpro/devkitarm/bin/../lib/gcc/arm-none-eabi/4.7.1/../../../../arm-none-eabi/lib/thumb\libg.a(lib_a-svfiprintf.o)
                0x020145e0                __ssprint_r
                0x02014710                _svfiprintf_r
 .text          0x02015494      0x150 c:/devkitpro/devkitarm/bin/../lib/gcc/arm-none-eabi/4.7.1/../../../../arm-none-eabi/lib/thumb\libg.a(lib_a-wcsnrtombs.o)
                0x02015494                _wcsnrtombs_r
                0x020155b4                wcsnrtombs
 .text          0x020155e4       0x64 c:/devkitpro/devkitarm/bin/../lib/gcc/arm-none-eabi/4.7.1/../../../../arm-none-eabi/lib/thumb\libg.a(lib_a-callocr.o)
                0x020155e4                _calloc_r
 .text          0x02015648       0xa8 c:/devkitpro/devkitarm/bin/../lib/gcc/arm-none-eabi/4.7.1/../../../../arm-none-eabi/lib/thumb\libg.a(lib_a-getenv_r.o)
                0x02015648                _findenv_r
                0x020156e0                _getenv_r
 .text          0x020156f0        0x0 c:/devkitpro/devkitarm/bin/../lib/gcc/arm-none-eabi/4.7.1/../../../../arm-none-eabi/lib/thumb\libg.a(lib_a-environ.o)
 .text          0x020156f0        0x8 c:/devkitpro/devkitarm/bin/../lib/gcc/arm-none-eabi/4.7.1/../../../../arm-none-eabi/lib/thumb\libg.a(lib_a-envlock.o)
                0x020156f0                __env_lock
                0x020156f4                __env_unlock
 .text          0x020156f8      0x144 c:/devkitpro/devkitarm/bin/../lib/gcc/arm-none-eabi/4.7.1/../../../../arm-none-eabi/lib/thumb\libsysbase.a(iosupport.o)
                0x020156f8                setDefaultDevice
                0x0201570c                FindDevice
                0x0201577c                RemoveDevice
                0x020157a0                AddDevice
                0x0201581c                GetDeviceOpTab
 .text          0x0201583c       0x50 c:/devkitpro/devkitarm/bin/../lib/gcc/arm-none-eabi/4.7.1/../../../../arm-none-eabi/lib/thumb\libsysbase.a(close.o)
                0x0201583c                _close_r
 .text          0x0201588c       0x50 c:/devkitpro/devkitarm/bin/../lib/gcc/arm-none-eabi/4.7.1/../../../../arm-none-eabi/lib/thumb\libsysbase.a(fstat.o)
                0x0201588c                _fstat_r
 .text          0x020158dc        0xc c:/devkitpro/devkitarm/bin/../lib/gcc/arm-none-eabi/4.7.1/../../../../arm-none-eabi/lib/thumb\libsysbase.a(getpid.o)
                0x020158dc                _getpid_r
 .text          0x020158e8        0x4 c:/devkitpro/devkitarm/bin/../lib/gcc/arm-none-eabi/4.7.1/../../../../arm-none-eabi/lib/thumb\libsysbase.a(isatty.o)
                0x020158e8                _isatty_r
 .text          0x020158ec        0xc c:/devkitpro/devkitarm/bin/../lib/gcc/arm-none-eabi/4.7.1/../../../../arm-none-eabi/lib/thumb\libsysbase.a(kill.o)
                0x020158ec                _kill_r
 .text          0x020158f8       0x50 c:/devkitpro/devkitarm/bin/../lib/gcc/arm-none-eabi/4.7.1/../../../../arm-none-eabi/lib/thumb\libsysbase.a(lseek.o)
                0x020158f8                _lseek_r
 .text          0x02015948       0xa0 c:/devkitpro/devkitarm/bin/../lib/gcc/arm-none-eabi/4.7.1/../../../../arm-none-eabi/lib/thumb\libsysbase.a(open.o)
                0x02015948                _open_r
 .text          0x020159e8       0x50 c:/devkitpro/devkitarm/bin/../lib/gcc/arm-none-eabi/4.7.1/../../../../arm-none-eabi/lib/thumb\libsysbase.a(read.o)
                0x020159e8                _read_r
 .text          0x02015a38       0x54 c:/devkitpro/devkitarm/bin/../lib/gcc/arm-none-eabi/4.7.1/../../../../arm-none-eabi/lib/thumb\libsysbase.a(sbrk.o)
                0x02015a38                _sbrk_r
 .text          0x02015a8c       0x44 c:/devkitpro/devkitarm/bin/../lib/gcc/arm-none-eabi/4.7.1/../../../../arm-none-eabi/lib/thumb\libsysbase.a(times.o)
                0x02015a8c                _times
                0x02015aa0                _times_r
                0x02015aa8                _gettimeofday_r
 .text          0x02015ad0       0x58 c:/devkitpro/devkitarm/bin/../lib/gcc/arm-none-eabi/4.7.1/../../../../arm-none-eabi/lib/thumb\libsysbase.a(write.o)
                0x02015ad0                _write_r
 .text          0x02015b28       0x18 c:/devkitpro/devkitarm/bin/../lib/gcc/arm-none-eabi/4.7.1/../../../../arm-none-eabi/lib/thumb\libsysbase.a(_exit.o)
                0x02015b28                _exit
 .text          0x02015b40        0x0 c:/devkitpro/devkitarm/bin/../lib/gcc/arm-none-eabi/4.7.1/../../../../arm-none-eabi/lib/thumb\libsysbase.a(malloc_vars.o)
 .text          0x02015b40       0x4c c:/devkitpro/devkitarm/bin/../lib/gcc/arm-none-eabi/4.7.1/../../../../arm-none-eabi/lib/thumb\libsysbase.a(build_argv.o)
                0x02015b40                build_argv
 .text          0x02015b8c        0x0 c:/devkitpro/devkitarm/bin/../lib/gcc/arm-none-eabi/4.7.1/../../../../arm-none-eabi/lib/thumb\libsysbase.a(syscall_support.o)
 .text          0x02015b8c       0x84 c:/devkitpro/devkitarm/bin/../lib/gcc/arm-none-eabi/4.7.1/../../../../arm-none-eabi/lib/thumb\libsysbase.a(handle_manager.o)
                0x02015b8c                __release_handle
                0x02015bb8                __alloc_handle
                0x02015bf0                __get_handle
 .text          0x02015c10      0x41c c:/devkitpro/devkitarm/bin/../lib/gcc/arm-none-eabi/4.7.1/thumb\libgcc.a(_arm_addsubdf3.o)
                0x02015c10                __aeabi_drsub
                0x02015c18                __aeabi_dsub
                0x02015c18                __subdf3
                0x02015c1c                __aeabi_dadd
                0x02015c1c                __adddf3
                0x02015f2c                __floatunsidf
                0x02015f2c                __aeabi_ui2d
                0x02015f50                __floatsidf
                0x02015f50                __aeabi_i2d
                0x02015f78                __aeabi_f2d
                0x02015f78                __extendsfdf2
                0x02015fb8                __floatundidf
                0x02015fb8                __aeabi_ul2d
                0x02015fcc                __floatdidf
                0x02015fcc                __aeabi_l2d
 .text          0x0201602c      0x49c c:/devkitpro/devkitarm/bin/../lib/gcc/arm-none-eabi/4.7.1/thumb\libgcc.a(_arm_muldivdf3.o)
                0x0201602c                __aeabi_dmul
                0x0201602c                __muldf3
                0x020162bc                __divdf3
                0x020162bc                __aeabi_ddiv
 .text          0x020164c8      0x144 c:/devkitpro/devkitarm/bin/../lib/gcc/arm-none-eabi/4.7.1/thumb\libgcc.a(_arm_cmpdf2.o)
                0x020164c8                __gtdf2
                0x020164c8                __gedf2
                0x020164d0                __ltdf2
                0x020164d0                __ledf2
                0x020164d8                __nedf2
                0x020164d8                __eqdf2
                0x020164d8                __cmpdf2
                0x02016560                __aeabi_cdrcmple
                0x0201657c                __aeabi_cdcmpeq
                0x0201657c                __aeabi_cdcmple
                0x02016594                __aeabi_dcmpeq
                0x020165ac                __aeabi_dcmplt
                0x020165c4                __aeabi_dcmple
                0x020165dc                __aeabi_dcmpge
                0x020165f4                __aeabi_dcmpgt
 .text          0x0201660c       0x5c c:/devkitpro/devkitarm/bin/../lib/gcc/arm-none-eabi/4.7.1/thumb\libgcc.a(_arm_fixdfsi.o)
                0x0201660c                __aeabi_d2iz
                0x0201660c                __fixdfsi
 .text          0x02016668       0x3c c:/devkitpro/devkitarm/bin/../lib/gcc/arm-none-eabi/4.7.1/thumb\libgcc.a(_aeabi_uldivmod.o)
                0x02016668                __aeabi_uldivmod
 .text          0x020166a4       0x4c c:/devkitpro/devkitarm/bin/../lib/gcc/arm-none-eabi/4.7.1/thumb\libgcc.a(_muldi3.o)
                0x020166a4                __muldi3
                0x020166a4                __aeabi_lmul
 .text          0x020166f0       0x7c c:/devkitpro/devkitarm/bin/../lib/gcc/arm-none-eabi/4.7.1/thumb\libgcc.a(bpabi.o)
                0x020166f0                __gnu_ldivmod_helper
                0x02016730                __gnu_uldivmod_helper
 .text          0x0201676c      0x3d4 c:/devkitpro/devkitarm/bin/../lib/gcc/arm-none-eabi/4.7.1/thumb\libgcc.a(_divdi3.o)
                0x0201676c                __divdi3
 .text          0x02016b40      0x3a0 c:/devkitpro/devkitarm/bin/../lib/gcc/arm-none-eabi/4.7.1/thumb\libgcc.a(_udivdi3.o)
                0x02016b40                __udivdi3
 .text          0x02016ee0       0x48 c:/devkitpro/devkitarm/bin/../lib/gcc/arm-none-eabi/4.7.1/thumb\libgcc.a(_clzsi2.o)
                0x02016ee0                __clzsi2
 .text          0x02016f28        0xc c:/devkitpro/devkitarm/bin/../lib/gcc/arm-none-eabi/4.7.1/../../../../arm-none-eabi/lib/thumb\libg.a(lib_a-errno.o)
                0x02016f28                __errno
 .text          0x02016f34        0x0 c:/devkitpro/devkitarm/bin/../lib/gcc/arm-none-eabi/4.7.1/thumb/crtend.o
 .text          0x02016f34        0x0 c:/devkitpro/devkitarm/bin/../lib/gcc/arm-none-eabi/4.7.1/thumb/crtn.o
 *(.text.*)
 .text._ZNSt6vectorI5BlockSaIS0_EE13_M_insert_auxEN9__gnu_cxx17__normal_iteratorIPS0_S2_EERKS0_
                0x02016f34      0x26c ClassDefinitions.o
                0x02016f34                std::vector<Block, std::allocator<Block> >::_M_insert_aux(__gnu_cxx::__normal_iterator<Block*, std::vector<Block, std::allocator<Block> > >, Block const&)
 .text.startup  0x020171a0       0x54 main.o
                0x020171a0                main
 .text._Znwj    0x020171f4       0x60 c:/devkitpro/devkitarm/bin/../lib/gcc/arm-none-eabi/4.7.1/../../../../arm-none-eabi/lib/thumb\libstdc++.a(new_op.o)
                0x020171f4                operator new(unsigned int)
 .text._ZN10__cxxabiv1L24__is_gxx_exception_classEPc
                0x02017254       0x40 c:/devkitpro/devkitarm/bin/../lib/gcc/arm-none-eabi/4.7.1/../../../../arm-none-eabi/lib/thumb\libstdc++.a(eh_call.o)
 .text.__cxa_call_terminate
                0x02017294       0x24 c:/devkitpro/devkitarm/bin/../lib/gcc/arm-none-eabi/4.7.1/../../../../arm-none-eabi/lib/thumb\libstdc++.a(eh_call.o)
                0x02017294                __cxa_call_terminate
 .text.__cxa_call_unexpected
                0x020172b8       0xec c:/devkitpro/devkitarm/bin/../lib/gcc/arm-none-eabi/4.7.1/../../../../arm-none-eabi/lib/thumb\libstdc++.a(eh_call.o)
                0x020172b8                __cxa_call_unexpected
 .text._ZL12read_sleb128PKhPl
                0x020173a4       0x34 c:/devkitpro/devkitarm/bin/../lib/gcc/arm-none-eabi/4.7.1/../../../../arm-none-eabi/lib/thumb\libstdc++.a(eh_personality.o)
 .text._ZL28read_encoded_value_with_basehjPKhPj
                0x020173d8       0xd8 c:/devkitpro/devkitarm/bin/../lib/gcc/arm-none-eabi/4.7.1/../../../../arm-none-eabi/lib/thumb\libstdc++.a(eh_personality.o)
 .text._ZL21base_of_encoded_valuehP15_Unwind_Context
                0x020174b0       0x4c c:/devkitpro/devkitarm/bin/../lib/gcc/arm-none-eabi/4.7.1/../../../../arm-none-eabi/lib/thumb\libstdc++.a(eh_personality.o)
 .text._ZL17parse_lsda_headerP15_Unwind_ContextPKhP16lsda_header_info
                0x020174fc       0x98 c:/devkitpro/devkitarm/bin/../lib/gcc/arm-none-eabi/4.7.1/../../../../arm-none-eabi/lib/thumb\libstdc++.a(eh_personality.o)
 .text.__gxx_personality_v0
                0x02017594      0x3ec c:/devkitpro/devkitarm/bin/../lib/gcc/arm-none-eabi/4.7.1/../../../../arm-none-eabi/lib/thumb\libstdc++.a(eh_personality.o)
                0x02017594                __gxx_personality_v0
 .text._ZdlPv   0x02017980       0x10 c:/devkitpro/devkitarm/bin/../lib/gcc/arm-none-eabi/4.7.1/../../../../arm-none-eabi/lib/thumb\libstdc++.a(del_op.o)
                0x02017980                operator delete(void*)
 .text._ZN10__cxxabiv111__terminateEPFvvE
                0x02017990       0x2c c:/devkitpro/devkitarm/bin/../lib/gcc/arm-none-eabi/4.7.1/../../../../arm-none-eabi/lib/thumb\libstdc++.a(eh_terminate.o)
                0x02017990                __cxxabiv1::__terminate(void (*)())
 .text._ZSt9terminatev
                0x020179bc       0x10 c:/devkitpro/devkitarm/bin/../lib/gcc/arm-none-eabi/4.7.1/../../../../arm-none-eabi/lib/thumb\libstdc++.a(eh_terminate.o)
                0x020179bc                std::terminate()
 .text._ZN10__cxxabiv112__unexpectedEPFvvE
                0x020179cc        0xc c:/devkitpro/devkitarm/bin/../lib/gcc/arm-none-eabi/4.7.1/../../../../arm-none-eabi/lib/thumb\libstdc++.a(eh_terminate.o)
                0x020179cc                __cxxabiv1::__unexpected(void (*)())
 .text._ZSt10unexpectedv
                0x020179d8       0x10 c:/devkitpro/devkitarm/bin/../lib/gcc/arm-none-eabi/4.7.1/../../../../arm-none-eabi/lib/thumb\libstdc++.a(eh_terminate.o)
                0x020179d8                std::unexpected()
 .text._ZSt13set_terminatePFvvE
                0x020179e8       0x10 c:/devkitpro/devkitarm/bin/../lib/gcc/arm-none-eabi/4.7.1/../../../../arm-none-eabi/lib/thumb\libstdc++.a(eh_terminate.o)
                0x020179e8                std::set_terminate(void (*)())
 .text._ZSt14set_unexpectedPFvvE
                0x020179f8       0x10 c:/devkitpro/devkitarm/bin/../lib/gcc/arm-none-eabi/4.7.1/../../../../arm-none-eabi/lib/thumb\libstdc++.a(eh_terminate.o)
                0x020179f8                std::set_unexpected(void (*)())
 .text._ZNSt9exceptionD2Ev
                0x02017a08        0xc c:/devkitpro/devkitarm/bin/../lib/gcc/arm-none-eabi/4.7.1/../../../../arm-none-eabi/lib/thumb\libstdc++.a(eh_exception.o)
                0x02017a08                std::exception::~exception()
                0x02017a08                std::exception::~exception()
 .text._ZNSt13bad_exceptionD2Ev
                0x02017a14        0xc c:/devkitpro/devkitarm/bin/../lib/gcc/arm-none-eabi/4.7.1/../../../../arm-none-eabi/lib/thumb\libstdc++.a(eh_exception.o)
                0x02017a14                std::bad_exception::~bad_exception()
                0x02017a14                std::bad_exception::~bad_exception()
 .text._ZN10__cxxabiv115__forced_unwindD2Ev
                0x02017a20        0xc c:/devkitpro/devkitarm/bin/../lib/gcc/arm-none-eabi/4.7.1/../../../../arm-none-eabi/lib/thumb\libstdc++.a(eh_exception.o)
                0x02017a20                __cxxabiv1::__forced_unwind::~__forced_unwind()
                0x02017a20                __cxxabiv1::__forced_unwind::~__forced_unwind()
 .text._ZN10__cxxabiv119__foreign_exceptionD2Ev
                0x02017a2c        0xc c:/devkitpro/devkitarm/bin/../lib/gcc/arm-none-eabi/4.7.1/../../../../arm-none-eabi/lib/thumb\libstdc++.a(eh_exception.o)
                0x02017a2c                __cxxabiv1::__foreign_exception::~__foreign_exception()
                0x02017a2c                __cxxabiv1::__foreign_exception::~__foreign_exception()
 .text._ZNKSt9exception4whatEv
                0x02017a38        0x8 c:/devkitpro/devkitarm/bin/../lib/gcc/arm-none-eabi/4.7.1/../../../../arm-none-eabi/lib/thumb\libstdc++.a(eh_exception.o)
                0x02017a38                std::exception::what() const
 .text._ZNKSt13bad_exception4whatEv
                0x02017a40        0x8 c:/devkitpro/devkitarm/bin/../lib/gcc/arm-none-eabi/4.7.1/../../../../arm-none-eabi/lib/thumb\libstdc++.a(eh_exception.o)
                0x02017a40                std::bad_exception::what() const
 .text._ZN10__cxxabiv119__foreign_exceptionD0Ev
                0x02017a48       0x1c c:/devkitpro/devkitarm/bin/../lib/gcc/arm-none-eabi/4.7.1/../../../../arm-none-eabi/lib/thumb\libstdc++.a(eh_exception.o)
                0x02017a48                __cxxabiv1::__foreign_exception::~__foreign_exception()
 .text._ZN10__cxxabiv115__forced_unwindD0Ev
                0x02017a64       0x1c c:/devkitpro/devkitarm/bin/../lib/gcc/arm-none-eabi/4.7.1/../../../../arm-none-eabi/lib/thumb\libstdc++.a(eh_exception.o)
                0x02017a64                __cxxabiv1::__forced_unwind::~__forced_unwind()
 .text._ZNSt9exceptionD0Ev
                0x02017a80       0x1c c:/devkitpro/devkitarm/bin/../lib/gcc/arm-none-eabi/4.7.1/../../../../arm-none-eabi/lib/thumb\libstdc++.a(eh_exception.o)
                0x02017a80                std::exception::~exception()
 .text._ZNSt13bad_exceptionD0Ev
                0x02017a9c       0x1c c:/devkitpro/devkitarm/bin/../lib/gcc/arm-none-eabi/4.7.1/../../../../arm-none-eabi/lib/thumb\libstdc++.a(eh_exception.o)
                0x02017a9c                std::bad_exception::~bad_exception()
 .text.__cxa_allocate_exception
                0x02017ab8       0x68 c:/devkitpro/devkitarm/bin/../lib/gcc/arm-none-eabi/4.7.1/../../../../arm-none-eabi/lib/thumb\libstdc++.a(eh_alloc.o)
                0x02017ab8                __cxa_allocate_exception
 .text.__cxa_free_exception
                0x02017b20       0x38 c:/devkitpro/devkitarm/bin/../lib/gcc/arm-none-eabi/4.7.1/../../../../arm-none-eabi/lib/thumb\libstdc++.a(eh_alloc.o)
                0x02017b20                __cxa_free_exception
 .text.__cxa_allocate_dependent_exception
                0x02017b58       0x60 c:/devkitpro/devkitarm/bin/../lib/gcc/arm-none-eabi/4.7.1/../../../../arm-none-eabi/lib/thumb\libstdc++.a(eh_alloc.o)
                0x02017b58                __cxa_allocate_dependent_exception
 .text.__cxa_free_dependent_exception
                0x02017bb8       0x3c c:/devkitpro/devkitarm/bin/../lib/gcc/arm-none-eabi/4.7.1/../../../../arm-none-eabi/lib/thumb\libstdc++.a(eh_alloc.o)
                0x02017bb8                __cxa_free_dependent_exception
 .text._ZNKSt9bad_alloc4whatEv
                0x02017bf4        0x8 c:/devkitpro/devkitarm/bin/../lib/gcc/arm-none-eabi/4.7.1/../../../../arm-none-eabi/lib/thumb\libstdc++.a(bad_alloc.o)
                0x02017bf4                std::bad_alloc::what() const
 .text._ZNSt9bad_allocD2Ev
                0x02017bfc       0x1c c:/devkitpro/devkitarm/bin/../lib/gcc/arm-none-eabi/4.7.1/../../../../arm-none-eabi/lib/thumb\libstdc++.a(bad_alloc.o)
                0x02017bfc                std::bad_alloc::~bad_alloc()
                0x02017bfc                std::bad_alloc::~bad_alloc()
 .text._ZNSt9bad_allocD0Ev
                0x02017c18       0x18 c:/devkitpro/devkitarm/bin/../lib/gcc/arm-none-eabi/4.7.1/../../../../arm-none-eabi/lib/thumb\libstdc++.a(bad_alloc.o)
                0x02017c18                std::bad_alloc::~bad_alloc()
 .text._ZNK10__cxxabiv117__class_type_info11__do_upcastEPKS0_PPv
                0x02017c30       0x40 c:/devkitpro/devkitarm/bin/../lib/gcc/arm-none-eabi/4.7.1/../../../../arm-none-eabi/lib/thumb\libstdc++.a(class_type_info.o)
                0x02017c30                __cxxabiv1::__class_type_info::__do_upcast(__cxxabiv1::__class_type_info const*, void**) const
 .text._ZNK10__cxxabiv117__class_type_info20__do_find_public_srcEiPKvPKS0_S2_
                0x02017c70       0x14 c:/devkitpro/devkitarm/bin/../lib/gcc/arm-none-eabi/4.7.1/../../../../arm-none-eabi/lib/thumb\libstdc++.a(class_type_info.o)
                0x02017c70                __cxxabiv1::__class_type_info::__do_find_public_src(int, void const*, __cxxabiv1::__class_type_info const*, void const*) const
 .text._ZNK10__cxxabiv117__class_type_info11__do_upcastEPKS0_PKvRNS0_15__upcast_resultE
                0x02017c84       0x24 c:/devkitpro/devkitarm/bin/../lib/gcc/arm-none-eabi/4.7.1/../../../../arm-none-eabi/lib/thumb\libstdc++.a(class_type_info.o)
                0x02017c84                __cxxabiv1::__class_type_info::__do_upcast(__cxxabiv1::__class_type_info const*, void const*, __cxxabiv1::__class_type_info::__upcast_result&) const
 .text._ZN10__cxxabiv117__class_type_infoD2Ev
                0x02017ca8       0x1c c:/devkitpro/devkitarm/bin/../lib/gcc/arm-none-eabi/4.7.1/../../../../arm-none-eabi/lib/thumb\libstdc++.a(class_type_info.o)
                0x02017ca8                __cxxabiv1::__class_type_info::~__class_type_info()
                0x02017ca8                __cxxabiv1::__class_type_info::~__class_type_info()
 .text._ZN10__cxxabiv117__class_type_infoD0Ev
                0x02017cc4       0x18 c:/devkitpro/devkitarm/bin/../lib/gcc/arm-none-eabi/4.7.1/../../../../arm-none-eabi/lib/thumb\libstdc++.a(class_type_info.o)
                0x02017cc4                __cxxabiv1::__class_type_info::~__class_type_info()
 .text._ZNK10__cxxabiv117__class_type_info12__do_dyncastEiNS0_10__sub_kindEPKS0_PKvS3_S5_RNS0_16__dyncast_resultE
                0x02017cdc       0x44 c:/devkitpro/devkitarm/bin/../lib/gcc/arm-none-eabi/4.7.1/../../../../arm-none-eabi/lib/thumb\libstdc++.a(class_type_info.o)
                0x02017cdc                __cxxabiv1::__class_type_info::__do_dyncast(int, __cxxabiv1::__class_type_info::__sub_kind, __cxxabiv1::__class_type_info const*, void const*, __cxxabiv1::__class_type_info const*, void const*, __cxxabiv1::__class_type_info::__dyncast_result&) const
 .text._ZNK10__cxxabiv117__class_type_info10__do_catchEPKSt9type_infoPPvj
                0x02017d20       0x40 c:/devkitpro/devkitarm/bin/../lib/gcc/arm-none-eabi/4.7.1/../../../../arm-none-eabi/lib/thumb\libstdc++.a(class_type_info.o)
                0x02017d20                __cxxabiv1::__class_type_info::__do_catch(std::type_info const*, void**, unsigned int) const
 .text._ZSt15set_new_handlerPFvvE
                0x02017d60       0x10 c:/devkitpro/devkitarm/bin/../lib/gcc/arm-none-eabi/4.7.1/../../../../arm-none-eabi/lib/thumb\libstdc++.a(new_handler.o)
                0x02017d60                std::set_new_handler(void (*)())
 .text.__cxa_end_cleanup
                0x02017d70        0xc c:/devkitpro/devkitarm/bin/../lib/gcc/arm-none-eabi/4.7.1/../../../../arm-none-eabi/lib/thumb\libstdc++.a(eh_arm.o)
                0x02017d70                __cxa_end_cleanup
 .text.__cxa_type_match
                0x02017d7c       0xcc c:/devkitpro/devkitarm/bin/../lib/gcc/arm-none-eabi/4.7.1/../../../../arm-none-eabi/lib/thumb\libstdc++.a(eh_arm.o)
                0x02017d7c                __cxa_type_match
 .text.__cxa_begin_cleanup
                0x02017e48       0x64 c:/devkitpro/devkitarm/bin/../lib/gcc/arm-none-eabi/4.7.1/../../../../arm-none-eabi/lib/thumb\libstdc++.a(eh_arm.o)
                0x02017e48                __cxa_begin_cleanup
 .text.__gnu_end_cleanup
                0x02017eac       0x74 c:/devkitpro/devkitarm/bin/../lib/gcc/arm-none-eabi/4.7.1/../../../../arm-none-eabi/lib/thumb\libstdc++.a(eh_arm.o)
                0x02017eac                __gnu_end_cleanup
 .text._ZL23__gxx_exception_cleanup19_Unwind_Reason_CodeP21_Unwind_Control_Block
                0x02017f20       0x30 c:/devkitpro/devkitarm/bin/../lib/gcc/arm-none-eabi/4.7.1/../../../../arm-none-eabi/lib/thumb\libstdc++.a(eh_throw.o)
 .text.__cxa_throw
                0x02017f50       0x68 c:/devkitpro/devkitarm/bin/../lib/gcc/arm-none-eabi/4.7.1/../../../../arm-none-eabi/lib/thumb\libstdc++.a(eh_throw.o)
                0x02017f50                __cxa_throw
 .text.__cxa_rethrow
                0x02017fb8       0x74 c:/devkitpro/devkitarm/bin/../lib/gcc/arm-none-eabi/4.7.1/../../../../arm-none-eabi/lib/thumb\libstdc++.a(eh_throw.o)
                0x02017fb8                __cxa_rethrow
 .text.__cxa_pure_virtual
                0x0201802c       0x14 c:/devkitpro/devkitarm/bin/../lib/gcc/arm-none-eabi/4.7.1/../../../../arm-none-eabi/lib/thumb\libstdc++.a(pure.o)
                0x0201802c                __cxa_pure_virtual
 .text.__cxa_deleted_virtual
                0x02018040       0x14 c:/devkitpro/devkitarm/bin/../lib/gcc/arm-none-eabi/4.7.1/../../../../arm-none-eabi/lib/thumb\libstdc++.a(pure.o)
                0x02018040                __cxa_deleted_virtual
 .text.__cxa_get_globals_fast
                0x02018054        0x8 c:/devkitpro/devkitarm/bin/../lib/gcc/arm-none-eabi/4.7.1/../../../../arm-none-eabi/lib/thumb\libstdc++.a(eh_globals.o)
                0x02018054                __cxa_get_globals_fast
 .text.__cxa_get_globals
                0x0201805c        0x8 c:/devkitpro/devkitarm/bin/../lib/gcc/arm-none-eabi/4.7.1/../../../../arm-none-eabi/lib/thumb\libstdc++.a(eh_globals.o)
                0x0201805c                __cxa_get_globals
 .text.__cxa_get_exception_ptr
                0x02018064        0x4 c:/devkitpro/devkitarm/bin/../lib/gcc/arm-none-eabi/4.7.1/../../../../arm-none-eabi/lib/thumb\libstdc++.a(eh_catch.o)
                0x02018064                __cxa_get_exception_ptr
 .text.__cxa_begin_catch
                0x02018068       0x88 c:/devkitpro/devkitarm/bin/../lib/gcc/arm-none-eabi/4.7.1/../../../../arm-none-eabi/lib/thumb\libstdc++.a(eh_catch.o)
                0x02018068                __cxa_begin_catch
 .text.__cxa_end_catch
                0x020180f0       0x94 c:/devkitpro/devkitarm/bin/../lib/gcc/arm-none-eabi/4.7.1/../../../../arm-none-eabi/lib/thumb\libstdc++.a(eh_catch.o)
                0x020180f0                __cxa_end_catch
 .text._ZSt18uncaught_exceptionv
                0x02018184       0x14 c:/devkitpro/devkitarm/bin/../lib/gcc/arm-none-eabi/4.7.1/../../../../arm-none-eabi/lib/thumb\libstdc++.a(eh_catch.o)
                0x02018184                std::uncaught_exception()
 .text._ZNK10__cxxabiv120__si_class_type_info12__do_dyncastEiNS_17__class_type_info10__sub_kindEPKS1_PKvS4_S6_RNS1_16__dyncast_resultE
                0x02018198       0x90 c:/devkitpro/devkitarm/bin/../lib/gcc/arm-none-eabi/4.7.1/../../../../arm-none-eabi/lib/thumb\libstdc++.a(si_class_type_info.o)
                0x02018198                __cxxabiv1::__si_class_type_info::__do_dyncast(int, __cxxabiv1::__class_type_info::__sub_kind, __cxxabiv1::__class_type_info const*, void const*, __cxxabiv1::__class_type_info const*, void const*, __cxxabiv1::__class_type_info::__dyncast_result&) const
 .text._ZN10__cxxabiv120__si_class_type_infoD2Ev
                0x02018228       0x1c c:/devkitpro/devkitarm/bin/../lib/gcc/arm-none-eabi/4.7.1/../../../../arm-none-eabi/lib/thumb\libstdc++.a(si_class_type_info.o)
                0x02018228                __cxxabiv1::__si_class_type_info::~__si_class_type_info()
                0x02018228                __cxxabiv1::__si_class_type_info::~__si_class_type_info()
 .text._ZN10__cxxabiv120__si_class_type_infoD0Ev
                0x02018244       0x18 c:/devkitpro/devkitarm/bin/../lib/gcc/arm-none-eabi/4.7.1/../../../../arm-none-eabi/lib/thumb\libstdc++.a(si_class_type_info.o)
                0x02018244                __cxxabiv1::__si_class_type_info::~__si_class_type_info()
 .text._ZNK10__cxxabiv120__si_class_type_info11__do_upcastEPKNS_17__class_type_infoEPKvRNS1_15__upcast_resultE
                0x0201825c       0x30 c:/devkitpro/devkitarm/bin/../lib/gcc/arm-none-eabi/4.7.1/../../../../arm-none-eabi/lib/thumb\libstdc++.a(si_class_type_info.o)
                0x0201825c                __cxxabiv1::__si_class_type_info::__do_upcast(__cxxabiv1::__class_type_info const*, void const*, __cxxabiv1::__class_type_info::__upcast_result&) const
 .text._ZNK10__cxxabiv120__si_class_type_info20__do_find_public_srcEiPKvPKNS_17__class_type_infoES2_
                0x0201828c       0x40 c:/devkitpro/devkitarm/bin/../lib/gcc/arm-none-eabi/4.7.1/../../../../arm-none-eabi/lib/thumb\libstdc++.a(si_class_type_info.o)
                0x0201828c                __cxxabiv1::__si_class_type_info::__do_find_public_src(int, void const*, __cxxabiv1::__class_type_info const*, void const*) const
 .text._ZNSt9type_infoD2Ev
                0x020182cc        0xc c:/devkitpro/devkitarm/bin/../lib/gcc/arm-none-eabi/4.7.1/../../../../arm-none-eabi/lib/thumb\libstdc++.a(tinfo.o)
                0x020182cc                std::type_info::~type_info()
                0x020182cc                std::type_info::~type_info()
 .text._ZNKSt9type_info14__is_pointer_pEv
                0x020182d8        0x4 c:/devkitpro/devkitarm/bin/../lib/gcc/arm-none-eabi/4.7.1/../../../../arm-none-eabi/lib/thumb\libstdc++.a(tinfo.o)
                0x020182d8                std::type_info::__is_pointer_p() const
 .text._ZNKSt9type_info15__is_function_pEv
                0x020182dc        0x4 c:/devkitpro/devkitarm/bin/../lib/gcc/arm-none-eabi/4.7.1/../../../../arm-none-eabi/lib/thumb\libstdc++.a(tinfo.o)
                0x020182dc                std::type_info::__is_function_p() const
 .text._ZNKSt9type_info11__do_upcastEPKN10__cxxabiv117__class_type_infoEPPv
                0x020182e0        0x4 c:/devkitpro/devkitarm/bin/../lib/gcc/arm-none-eabi/4.7.1/../../../../arm-none-eabi/lib/thumb\libstdc++.a(tinfo.o)
                0x020182e0                std::type_info::__do_upcast(__cxxabiv1::__class_type_info const*, void**) const
 .text._ZNSt9type_infoD0Ev
                0x020182e4       0x1c c:/devkitpro/devkitarm/bin/../lib/gcc/arm-none-eabi/4.7.1/../../../../arm-none-eabi/lib/thumb\libstdc++.a(tinfo.o)
                0x020182e4                std::type_info::~type_info()
 .text._ZNKSt9type_infoeqERKS_
                0x02018300       0x30 c:/devkitpro/devkitarm/bin/../lib/gcc/arm-none-eabi/4.7.1/../../../../arm-none-eabi/lib/thumb\libstdc++.a(tinfo.o)
                0x02018300                std::type_info::operator==(std::type_info const&) const
 .text._ZNKSt9type_info10__do_catchEPKS_PPvj
                0x02018330        0xc c:/devkitpro/devkitarm/bin/../lib/gcc/arm-none-eabi/4.7.1/../../../../arm-none-eabi/lib/thumb\libstdc++.a(tinfo.o)
                0x02018330                std::type_info::__do_catch(std::type_info const*, void**, unsigned int) const
 .text._ZN9__gnu_cxx27__verbose_terminate_handlerEv
                0x0201833c      0x11c c:/devkitpro/devkitarm/bin/../lib/gcc/arm-none-eabi/4.7.1/../../../../arm-none-eabi/lib/thumb\libstdc++.a(vterminate.o)
                0x0201833c                __gnu_cxx::__verbose_terminate_handler()
 .text.__cxa_current_exception_type
                0x02018458       0x28 c:/devkitpro/devkitarm/bin/../lib/gcc/arm-none-eabi/4.7.1/../../../../arm-none-eabi/lib/thumb\libstdc++.a(eh_type.o)
                0x02018458                __cxa_current_exception_type
 .text.__cxa_current_exception_type.stub
                0x02018480      0x140 linker stubs
 *(.stub)
 *(.gnu.warning)
 *(.gnu.linkonce.t*)
 *(.glue_7)
 .glue_7        0x00000000        0x0 linker stubs
 *(.glue_7t)
 .glue_7t       0x00000000        0x0 linker stubs
                0x020185c0                . = ALIGN (0x4)

.vfp11_veneer   0x020185d0        0x0
 .vfp11_veneer  0x00000000        0x0 linker stubs

.v4_bx          0x020185d0        0x0
 .v4_bx         0x00000000        0x0 linker stubs

.iplt           0x020185d0        0x0
 .iplt          0x00000000        0x0 c:/devkitpro/devkitarm/bin/../lib/gcc/arm-none-eabi/4.7.1/../../../../arm-none-eabi/lib/thumb/ds_arm9_crt0.o

.fini           0x020185d0        0xc
 *(.fini)
 .fini          0x020185d0        0x4 c:/devkitpro/devkitarm/bin/../lib/gcc/arm-none-eabi/4.7.1/thumb/crti.o
                0x020185d0                _fini
 .fini          0x020185d4        0x8 c:/devkitpro/devkitarm/bin/../lib/gcc/arm-none-eabi/4.7.1/thumb/crtn.o
                0x020185dc                __text_end = .

.rodata         0x020185e0   0x199ec4
 *(.rodata)
 .rodata        0x020185e0   0x181718 soundbank.bin.o
                0x020185e0                soundbank_bin
                0x02199cf4                soundbank_bin_size
                0x02199cf4                soundbank_bin_end
 .rodata        0x02199cf8       0x48 ClassDefinitions.o
                0x02199cf8                vtable for Entity
                0x02199d10                vtable for Block
                0x02199d28                vtable for Level
 .rodata        0x02199d40       0x30 Levels.o
                0x02199d40                vtable for Player
                0x02199d58                vtable for Level1
 .rodata        0x02199d70      0x300 Sprites.o
                0x02199d70                SpritesPal
                0x02199f70                SpritesTiles
 .rodata        0x0219a070    0x10200 Tileset.o
                0x0219a070                TilesetPal
                0x0219a270                TilesetTiles
 .rodata        0x021aa270      0x200 c:/devkitPro/libnds/lib\libnds9.a(console.o)
 .rodata        0x021aa470      0x308 c:/devkitPro/libnds/lib\libnds9.a(trig.o)
                0x021aa470                SIN_LUT
                0x021aa574                TAN_LUT
 .rodata        0x021aa778     0x2004 c:/devkitPro/libnds/lib\libnds9.a(default_font.bin.o)
                0x021aa778                default_font_bin
                0x021ac778                default_font_bin_size
                0x021ac778                default_font_bin_end
 .rodata        0x021ac77c      0xf7c c:/devkitpro/devkitarm/bin/../lib/gcc/arm-none-eabi/4.7.1/../../../../arm-none-eabi/lib/thumb\libstdc++.a(cp-demangle.o)
 .rodata        0x021ad6f8       0x14 c:/devkitpro/devkitarm/bin/../lib/gcc/arm-none-eabi/4.7.1/thumb\libgcc.a(unwind-arm.o)
 .rodata        0x021ad70c        0x4 c:/devkitpro/devkitarm/bin/../lib/gcc/arm-none-eabi/4.7.1/../../../../arm-none-eabi/lib/thumb\libg.a(lib_a-impure.o)
                0x021ad70c                _global_impure_ptr
 .rodata        0x021ad710      0x340 c:/devkitpro/devkitarm/bin/../lib/gcc/arm-none-eabi/4.7.1/../../../../arm-none-eabi/lib/thumb\libg.a(lib_a-svfiscanf.o)
 .rodata        0x021ada50      0x184 c:/devkitpro/devkitarm/bin/../lib/gcc/arm-none-eabi/4.7.1/../../../../arm-none-eabi/lib/thumb\libg.a(lib_a-svfprintf.o)
 .rodata        0x021adbd4      0x184 c:/devkitpro/devkitarm/bin/../lib/gcc/arm-none-eabi/4.7.1/../../../../arm-none-eabi/lib/thumb\libg.a(lib_a-vfiprintf.o)
 .rodata        0x021add58      0x104 c:/devkitpro/devkitarm/bin/../lib/gcc/arm-none-eabi/4.7.1/../../../../arm-none-eabi/lib/thumb\libg.a(lib_a-ctype_.o)
                0x021add58                _ctype_
 .rodata        0x021ade5c     0x34f0 c:/devkitpro/devkitarm/bin/../lib/gcc/arm-none-eabi/4.7.1/../../../../arm-none-eabi/lib/thumb\libg.a(lib_a-jp2uc.o)
 .rodata        0x021b134c       0xf0 c:/devkitpro/devkitarm/bin/../lib/gcc/arm-none-eabi/4.7.1/../../../../arm-none-eabi/lib/thumb\libg.a(lib_a-locale.o)
 .rodata        0x021b143c       0xa8 c:/devkitpro/devkitarm/bin/../lib/gcc/arm-none-eabi/4.7.1/../../../../arm-none-eabi/lib/thumb\libg.a(lib_a-mbtowc_r.o)
 *fill*         0x021b14e4        0x4 ff
 .rodata        0x021b14e8      0x128 c:/devkitpro/devkitarm/bin/../lib/gcc/arm-none-eabi/4.7.1/../../../../arm-none-eabi/lib/thumb\libg.a(lib_a-mprec.o)
                0x021b14f8                __mprec_tens
                0x021b15c0                __mprec_tinytens
                0x021b15e8                __mprec_bigtens
 .rodata        0x021b1610      0x184 c:/devkitpro/devkitarm/bin/../lib/gcc/arm-none-eabi/4.7.1/../../../../arm-none-eabi/lib/thumb\libg.a(lib_a-svfiprintf.o)
 .rodata        0x021b1794       0x64 c:/devkitpro/devkitarm/bin/../lib/gcc/arm-none-eabi/4.7.1/../../../../arm-none-eabi/lib/thumb\libsysbase.a(iosupport.o)
                0x021b1794                dotab_stdnull
 *all.rodata*(*)
 *(.roda)
 *(.rodata.*)
 .rodata.str1.4
                0x021b17f8        0x7 ClassDefinitions.o
                                  0x8 (size before relaxing)
 *fill*         0x021b17ff        0x1 ff
 .rodata.str1.4
                0x021b1800        0xe main.o
                                 0x10 (size before relaxing)
 *fill*         0x021b180e        0x2 ff
 .rodata.str1.4
                0x021b1810       0x49 c:/devkitPro/libnds/lib\libnds9.a(console.o)
                                 0x4c (size before relaxing)
 *fill*         0x021b1859        0x3 ff
 .rodata._ZL28read_encoded_value_with_basehjPKhPj
                0x021b185c       0x34 c:/devkitpro/devkitarm/bin/../lib/gcc/arm-none-eabi/4.7.1/../../../../arm-none-eabi/lib/thumb\libstdc++.a(eh_personality.o)
 .rodata._ZTVN10__cxxabiv115__forced_unwindE
                0x021b1890       0x18 c:/devkitpro/devkitarm/bin/../lib/gcc/arm-none-eabi/4.7.1/../../../../arm-none-eabi/lib/thumb\libstdc++.a(eh_exception.o)
                0x021b1890                vtable for __cxxabiv1::__forced_unwind
 .rodata._ZTVSt9exception
                0x021b18a8       0x18 c:/devkitpro/devkitarm/bin/../lib/gcc/arm-none-eabi/4.7.1/../../../../arm-none-eabi/lib/thumb\libstdc++.a(eh_exception.o)
                0x021b18a8                vtable for std::exception
 .rodata._ZTIN10__cxxabiv115__forced_unwindE
                0x021b18c0        0x8 c:/devkitpro/devkitarm/bin/../lib/gcc/arm-none-eabi/4.7.1/../../../../arm-none-eabi/lib/thumb\libstdc++.a(eh_exception.o)
                0x021b18c0                typeinfo for __cxxabiv1::__forced_unwind
 .rodata._ZTISt9exception
                0x021b18c8        0x8 c:/devkitpro/devkitarm/bin/../lib/gcc/arm-none-eabi/4.7.1/../../../../arm-none-eabi/lib/thumb\libstdc++.a(eh_exception.o)
                0x021b18c8                typeinfo for std::exception
 .rodata._ZTSSt13bad_exception
                0x021b18d0       0x14 c:/devkitpro/devkitarm/bin/../lib/gcc/arm-none-eabi/4.7.1/../../../../arm-none-eabi/lib/thumb\libstdc++.a(eh_exception.o)
                0x021b18d0                typeinfo name for std::bad_exception
 .rodata.str1.4
                0x021b18e4       0x23 c:/devkitpro/devkitarm/bin/../lib/gcc/arm-none-eabi/4.7.1/../../../../arm-none-eabi/lib/thumb\libstdc++.a(eh_exception.o)
                                 0x24 (size before relaxing)
 *fill*         0x021b1907        0x1 ff
 .rodata._ZTSN10__cxxabiv119__foreign_exceptionE
                0x021b1908       0x24 c:/devkitpro/devkitarm/bin/../lib/gcc/arm-none-eabi/4.7.1/../../../../arm-none-eabi/lib/thumb\libstdc++.a(eh_exception.o)
                0x021b1908                typeinfo name for __cxxabiv1::__foreign_exception
 .rodata._ZTIN10__cxxabiv119__foreign_exceptionE
                0x021b192c        0x8 c:/devkitpro/devkitarm/bin/../lib/gcc/arm-none-eabi/4.7.1/../../../../arm-none-eabi/lib/thumb\libstdc++.a(eh_exception.o)
                0x021b192c                typeinfo for __cxxabiv1::__foreign_exception
 *fill*         0x021b1934        0x4 ff
 .rodata._ZTVSt13bad_exception
                0x021b1938       0x18 c:/devkitpro/devkitarm/bin/../lib/gcc/arm-none-eabi/4.7.1/../../../../arm-none-eabi/lib/thumb\libstdc++.a(eh_exception.o)
                0x021b1938                vtable for std::bad_exception
 .rodata._ZTSSt9exception
                0x021b1950       0x10 c:/devkitpro/devkitarm/bin/../lib/gcc/arm-none-eabi/4.7.1/../../../../arm-none-eabi/lib/thumb\libstdc++.a(eh_exception.o)
                0x021b1950                typeinfo name for std::exception
 .rodata._ZTVN10__cxxabiv119__foreign_exceptionE
                0x021b1960       0x18 c:/devkitpro/devkitarm/bin/../lib/gcc/arm-none-eabi/4.7.1/../../../../arm-none-eabi/lib/thumb\libstdc++.a(eh_exception.o)
                0x021b1960                vtable for __cxxabiv1::__foreign_exception
 .rodata._ZTSN10__cxxabiv115__forced_unwindE
                0x021b1978       0x20 c:/devkitpro/devkitarm/bin/../lib/gcc/arm-none-eabi/4.7.1/../../../../arm-none-eabi/lib/thumb\libstdc++.a(eh_exception.o)
                0x021b1978                typeinfo name for __cxxabiv1::__forced_unwind
 .rodata._ZTISt13bad_exception
                0x021b1998        0xc c:/devkitpro/devkitarm/bin/../lib/gcc/arm-none-eabi/4.7.1/../../../../arm-none-eabi/lib/thumb\libstdc++.a(eh_exception.o)
                0x021b1998                typeinfo for std::bad_exception
 *fill*         0x021b19a4        0x4 ff
 .rodata._ZTVSt9bad_alloc
                0x021b19a8       0x18 c:/devkitpro/devkitarm/bin/../lib/gcc/arm-none-eabi/4.7.1/../../../../arm-none-eabi/lib/thumb\libstdc++.a(bad_alloc.o)
                0x021b19a8                vtable for std::bad_alloc
 .rodata._ZTISt9bad_alloc
                0x021b19c0        0xc c:/devkitpro/devkitarm/bin/../lib/gcc/arm-none-eabi/4.7.1/../../../../arm-none-eabi/lib/thumb\libstdc++.a(bad_alloc.o)
                0x021b19c0                typeinfo for std::bad_alloc
 .rodata.str1.4
                0x021b19cc        0xf c:/devkitpro/devkitarm/bin/../lib/gcc/arm-none-eabi/4.7.1/../../../../arm-none-eabi/lib/thumb\libstdc++.a(bad_alloc.o)
                                 0x10 (size before relaxing)
 *fill*         0x021b19db        0x1 ff
 .rodata._ZTSSt9bad_alloc
                0x021b19dc       0x10 c:/devkitpro/devkitarm/bin/../lib/gcc/arm-none-eabi/4.7.1/../../../../arm-none-eabi/lib/thumb\libstdc++.a(bad_alloc.o)
                0x021b19dc                typeinfo name for std::bad_alloc
 *fill*         0x021b19ec        0x4 ff
 .rodata._ZTVN10__cxxabiv117__class_type_infoE
                0x021b19f0       0x30 c:/devkitpro/devkitarm/bin/../lib/gcc/arm-none-eabi/4.7.1/../../../../arm-none-eabi/lib/thumb\libstdc++.a(class_type_info.o)
                0x021b19f0                vtable for __cxxabiv1::__class_type_info
 .rodata._ZTIN10__cxxabiv117__class_type_infoE
                0x021b1a20        0xc c:/devkitpro/devkitarm/bin/../lib/gcc/arm-none-eabi/4.7.1/../../../../arm-none-eabi/lib/thumb\libstdc++.a(class_type_info.o)
                0x021b1a20                typeinfo for __cxxabiv1::__class_type_info
 .rodata._ZTSN10__cxxabiv117__class_type_infoE
                0x021b1a2c       0x24 c:/devkitpro/devkitarm/bin/../lib/gcc/arm-none-eabi/4.7.1/../../../../arm-none-eabi/lib/thumb\libstdc++.a(class_type_info.o)
                0x021b1a2c                typeinfo name for __cxxabiv1::__class_type_info
 .rodata._ZSt7nothrow
                0x021b1a50        0x4 c:/devkitpro/devkitarm/bin/../lib/gcc/arm-none-eabi/4.7.1/../../../../arm-none-eabi/lib/thumb\libstdc++.a(new_handler.o)
                0x021b1a50                std::nothrow
 .rodata.str1.4
                0x021b1a54       0x3b c:/devkitpro/devkitarm/bin/../lib/gcc/arm-none-eabi/4.7.1/../../../../arm-none-eabi/lib/thumb\libstdc++.a(pure.o)
                                 0x3c (size before relaxing)
 *fill*         0x021b1a8f        0x1 ff
 .rodata._ZTVN10__cxxabiv120__si_class_type_infoE
                0x021b1a90       0x30 c:/devkitpro/devkitarm/bin/../lib/gcc/arm-none-eabi/4.7.1/../../../../arm-none-eabi/lib/thumb\libstdc++.a(si_class_type_info.o)
                0x021b1a90                vtable for __cxxabiv1::__si_class_type_info
 .rodata._ZTIN10__cxxabiv120__si_class_type_infoE
                0x021b1ac0        0xc c:/devkitpro/devkitarm/bin/../lib/gcc/arm-none-eabi/4.7.1/../../../../arm-none-eabi/lib/thumb\libstdc++.a(si_class_type_info.o)
                0x021b1ac0                typeinfo for __cxxabiv1::__si_class_type_info
 .rodata._ZTSN10__cxxabiv120__si_class_type_infoE
                0x021b1acc       0x28 c:/devkitpro/devkitarm/bin/../lib/gcc/arm-none-eabi/4.7.1/../../../../arm-none-eabi/lib/thumb\libstdc++.a(si_class_type_info.o)
                0x021b1acc                typeinfo name for __cxxabiv1::__si_class_type_info
 .rodata._ZTISt9type_info
                0x021b1af4        0x8 c:/devkitpro/devkitarm/bin/../lib/gcc/arm-none-eabi/4.7.1/../../../../arm-none-eabi/lib/thumb\libstdc++.a(tinfo.o)
                0x021b1af4                typeinfo for std::type_info
 .rodata._ZTSSt9type_info
                0x021b1afc       0x10 c:/devkitpro/devkitarm/bin/../lib/gcc/arm-none-eabi/4.7.1/../../../../arm-none-eabi/lib/thumb\libstdc++.a(tinfo.o)
                0x021b1afc                typeinfo name for std::type_info
 *fill*         0x021b1b0c        0x4 ff
 .rodata._ZTVSt9type_info
                0x021b1b10       0x20 c:/devkitpro/devkitarm/bin/../lib/gcc/arm-none-eabi/4.7.1/../../../../arm-none-eabi/lib/thumb\libstdc++.a(tinfo.o)
                0x021b1b10                vtable for std::type_info
 .rodata.str1.4
                0x021b1b30       0x94 c:/devkitpro/devkitarm/bin/../lib/gcc/arm-none-eabi/4.7.1/../../../../arm-none-eabi/lib/thumb\libstdc++.a(vterminate.o)
 .rodata.str1.4
                0x021b1bc4      0x75f c:/devkitpro/devkitarm/bin/../lib/gcc/arm-none-eabi/4.7.1/../../../../arm-none-eabi/lib/thumb\libstdc++.a(cp-demangle.o)
                                0x7b4 (size before relaxing)
 *fill*         0x021b2323        0x1 ff
 .rodata.str1.4
                0x021b2324        0x2 c:/devkitpro/devkitarm/bin/../lib/gcc/arm-none-eabi/4.7.1/../../../../arm-none-eabi/lib/thumb\libg.a(lib_a-impure.o)
                                  0x4 (size before relaxing)
 *fill*         0x021b2326        0x2 ff
 .rodata.str1.4
                0x021b2328       0x42 c:/devkitpro/devkitarm/bin/../lib/gcc/arm-none-eabi/4.7.1/../../../../arm-none-eabi/lib/thumb\libg.a(lib_a-svfprintf.o)
                                 0x44 (size before relaxing)
 .rodata.str1.4
                0x00000000       0x30 c:/devkitpro/devkitarm/bin/../lib/gcc/arm-none-eabi/4.7.1/../../../../arm-none-eabi/lib/thumb\libg.a(lib_a-vfiprintf.o)
 *fill*         0x021b236a        0x2 ff
 .rodata.str1.4
                0x021b236c       0x10 c:/devkitpro/devkitarm/bin/../lib/gcc/arm-none-eabi/4.7.1/../../../../arm-none-eabi/lib/thumb\libg.a(lib_a-dtoa.o)
                                 0x14 (size before relaxing)
 .rodata.str1.4
                0x021b237c       0x12 c:/devkitpro/devkitarm/bin/../lib/gcc/arm-none-eabi/4.7.1/../../../../arm-none-eabi/lib/thumb\libg.a(lib_a-jp2uc.o)
                                 0x14 (size before relaxing)
 *fill*         0x021b238e        0x2 ff
 .rodata.str1.4
                0x021b2390      0x10c c:/devkitpro/devkitarm/bin/../lib/gcc/arm-none-eabi/4.7.1/../../../../arm-none-eabi/lib/thumb\libg.a(lib_a-locale.o)
                                0x130 (size before relaxing)
 .rodata.str1.4
                0x00000000        0x4 c:/devkitpro/devkitarm/bin/../lib/gcc/arm-none-eabi/4.7.1/../../../../arm-none-eabi/lib/thumb\libg.a(lib_a-mbrtowc.o)
 .rodata.str1.4
                0x00000000       0x30 c:/devkitpro/devkitarm/bin/../lib/gcc/arm-none-eabi/4.7.1/../../../../arm-none-eabi/lib/thumb\libg.a(lib_a-svfiprintf.o)
 .rodata.str1.4
                0x021b249c        0x8 c:/devkitpro/devkitarm/bin/../lib/gcc/arm-none-eabi/4.7.1/../../../../arm-none-eabi/lib/thumb\libsysbase.a(iosupport.o)
 *(.gnu.linkonce.r*)
                0x021b24a4                . = ALIGN (0x4)

.ARM.extab      0x021b24a4      0x158
 *(.ARM.extab* .gnu.linkonce.armextab.*)
 .ARM.extab.text._Znwj
                0x021b24a4       0x20 c:/devkitpro/devkitarm/bin/../lib/gcc/arm-none-eabi/4.7.1/../../../../arm-none-eabi/lib/thumb\libstdc++.a(new_op.o)
 .ARM.extab.text._ZN10__cxxabiv1L24__is_gxx_exception_classEPc
                0x021b24c4        0x0 c:/devkitpro/devkitarm/bin/../lib/gcc/arm-none-eabi/4.7.1/../../../../arm-none-eabi/lib/thumb\libstdc++.a(eh_call.o)
 .ARM.extab.text.__cxa_call_terminate
                0x021b24c4        0x0 c:/devkitpro/devkitarm/bin/../lib/gcc/arm-none-eabi/4.7.1/../../../../arm-none-eabi/lib/thumb\libstdc++.a(eh_call.o)
 .ARM.extab.text.__cxa_call_unexpected
                0x021b24c4       0x30 c:/devkitpro/devkitarm/bin/../lib/gcc/arm-none-eabi/4.7.1/../../../../arm-none-eabi/lib/thumb\libstdc++.a(eh_call.o)
 .ARM.extab.text._ZL12read_sleb128PKhPl
                0x021b24f4        0x0 c:/devkitpro/devkitarm/bin/../lib/gcc/arm-none-eabi/4.7.1/../../../../arm-none-eabi/lib/thumb\libstdc++.a(eh_personality.o)
 .ARM.extab.text._ZL28read_encoded_value_with_basehjPKhPj
                0x021b24f4        0xc c:/devkitpro/devkitarm/bin/../lib/gcc/arm-none-eabi/4.7.1/../../../../arm-none-eabi/lib/thumb\libstdc++.a(eh_personality.o)
 .ARM.extab.text._ZL21base_of_encoded_valuehP15_Unwind_Context
                0x021b2500        0xc c:/devkitpro/devkitarm/bin/../lib/gcc/arm-none-eabi/4.7.1/../../../../arm-none-eabi/lib/thumb\libstdc++.a(eh_personality.o)
 .ARM.extab.text._ZL17parse_lsda_headerP15_Unwind_ContextPKhP16lsda_header_info
                0x021b250c        0x0 c:/devkitpro/devkitarm/bin/../lib/gcc/arm-none-eabi/4.7.1/../../../../arm-none-eabi/lib/thumb\libstdc++.a(eh_personality.o)
 .ARM.extab.text.__gxx_personality_v0
                0x021b250c       0x24 c:/devkitpro/devkitarm/bin/../lib/gcc/arm-none-eabi/4.7.1/../../../../arm-none-eabi/lib/thumb\libstdc++.a(eh_personality.o)
 .ARM.extab.text._ZdlPv
                0x021b2530        0x0 c:/devkitpro/devkitarm/bin/../lib/gcc/arm-none-eabi/4.7.1/../../../../arm-none-eabi/lib/thumb\libstdc++.a(del_op.o)
 .ARM.extab.text._ZN10__cxxabiv111__terminateEPFvvE
                0x021b2530       0x28 c:/devkitpro/devkitarm/bin/../lib/gcc/arm-none-eabi/4.7.1/../../../../arm-none-eabi/lib/thumb\libstdc++.a(eh_terminate.o)
 .ARM.extab.text._ZSt9terminatev
                0x021b2558        0x0 c:/devkitpro/devkitarm/bin/../lib/gcc/arm-none-eabi/4.7.1/../../../../arm-none-eabi/lib/thumb\libstdc++.a(eh_terminate.o)
 .ARM.extab.text._ZN10__cxxabiv112__unexpectedEPFvvE
                0x021b2558        0xc c:/devkitpro/devkitarm/bin/../lib/gcc/arm-none-eabi/4.7.1/../../../../arm-none-eabi/lib/thumb\libstdc++.a(eh_terminate.o)
 .ARM.extab.text._ZSt10unexpectedv
                0x021b2564        0xc c:/devkitpro/devkitarm/bin/../lib/gcc/arm-none-eabi/4.7.1/../../../../arm-none-eabi/lib/thumb\libstdc++.a(eh_terminate.o)
 .ARM.extab.text._ZSt13set_terminatePFvvE
                0x021b2570        0x0 c:/devkitpro/devkitarm/bin/../lib/gcc/arm-none-eabi/4.7.1/../../../../arm-none-eabi/lib/thumb\libstdc++.a(eh_terminate.o)
 .ARM.extab.text._ZSt14set_unexpectedPFvvE
                0x021b2570        0x0 c:/devkitpro/devkitarm/bin/../lib/gcc/arm-none-eabi/4.7.1/../../../../arm-none-eabi/lib/thumb\libstdc++.a(eh_terminate.o)
 .ARM.extab.text._ZNSt9exceptionD2Ev
                0x021b2570        0x0 c:/devkitpro/devkitarm/bin/../lib/gcc/arm-none-eabi/4.7.1/../../../../arm-none-eabi/lib/thumb\libstdc++.a(eh_exception.o)
 .ARM.extab.text._ZNSt13bad_exceptionD2Ev
                0x021b2570        0x0 c:/devkitpro/devkitarm/bin/../lib/gcc/arm-none-eabi/4.7.1/../../../../arm-none-eabi/lib/thumb\libstdc++.a(eh_exception.o)
 .ARM.extab.text._ZN10__cxxabiv115__forced_unwindD2Ev
                0x021b2570        0x0 c:/devkitpro/devkitarm/bin/../lib/gcc/arm-none-eabi/4.7.1/../../../../arm-none-eabi/lib/thumb\libstdc++.a(eh_exception.o)
 .ARM.extab.text._ZN10__cxxabiv119__foreign_exceptionD2Ev
                0x021b2570        0x0 c:/devkitpro/devkitarm/bin/../lib/gcc/arm-none-eabi/4.7.1/../../../../arm-none-eabi/lib/thumb\libstdc++.a(eh_exception.o)
 .ARM.extab.text._ZNKSt9exception4whatEv
                0x021b2570        0x0 c:/devkitpro/devkitarm/bin/../lib/gcc/arm-none-eabi/4.7.1/../../../../arm-none-eabi/lib/thumb\libstdc++.a(eh_exception.o)
 .ARM.extab.text._ZNKSt13bad_exception4whatEv
                0x021b2570        0x0 c:/devkitpro/devkitarm/bin/../lib/gcc/arm-none-eabi/4.7.1/../../../../arm-none-eabi/lib/thumb\libstdc++.a(eh_exception.o)
 .ARM.extab.text._ZN10__cxxabiv119__foreign_exceptionD0Ev
                0x021b2570        0x0 c:/devkitpro/devkitarm/bin/../lib/gcc/arm-none-eabi/4.7.1/../../../../arm-none-eabi/lib/thumb\libstdc++.a(eh_exception.o)
 .ARM.extab.text._ZN10__cxxabiv115__forced_unwindD0Ev