Archive member included because of file (symbol)

c:/devkitPro/libnds/lib\libmm9.a(mm_comms.o)
                              ClassDefinitions.o (mmStart)
c:/devkitPro/libnds/lib\libmm9.a(mm_main9.o)
                              c:/devkitPro/libnds/lib\libmm9.a(mm_comms.o) (mmCallback)
c:/devkitPro/libnds/lib\libmm9.a(mm_memory.o)
                              ClassDefinitions.o (mmLoad)
c:/devkitPro/libnds/lib\libmm9.a(mm_soundbank.o)
                              c:/devkitPro/libnds/lib\libmm9.a(mm_main9.o) (mmSoundBankInMemory)
c:/devkitPro/libnds/lib\libmm9.a(mm_flusher.o)
                              c:/devkitPro/libnds/lib\libmm9.a(mm_memory.o) (mmFlushBank)
c:/devkitPro/libnds/lib\libnds9.a(console.o)
                              main.o (consoleDemoInit)
c:/devkitPro/libnds/lib\libnds9.a(keys.o)
                              main.o (scanKeys)
c:/devkitPro/libnds/lib\libnds9.a(sprite.o)
                              ClassDefinitions.o (oamInit)
c:/devkitPro/libnds/lib\libnds9.a(sprite_alloc.o)
                              c:/devkitPro/libnds/lib\libnds9.a(sprite.o) (oamAllocReset)
c:/devkitPro/libnds/lib\libnds9.a(trig.o)
                              c:/devkitPro/libnds/lib\libnds9.a(sprite.o) (sinLerp)
c:/devkitPro/libnds/lib\libnds9.a(initSystem.o)
                              c:/devkitpro/devkitarm/bin/../lib/gcc/arm-none-eabi/4.7.1/../../../../arm-none-eabi/lib/thumb/ds_arm9_crt0.o (initSystem)
c:/devkitPro/libnds/lib\libnds9.a(fifosystem.o)
                              c:/devkitPro/libnds/lib\libnds9.a(initSystem.o) (fifoSendValue32)
c:/devkitPro/libnds/lib\libnds9.a(interrupts.o)
                              c:/devkitPro/libnds/lib\libnds9.a(fifosystem.o) (irqSet)
c:/devkitPro/libnds/lib\libnds9.a(libnds_exit.arm.o)
                              c:/devkitpro/devkitarm/bin/../lib/gcc/arm-none-eabi/4.7.1/../../../../arm-none-eabi/lib/thumb/ds_arm9_crt0.o (__libnds_exit)
c:/devkitPro/libnds/lib\libnds9.a(dcache.o)
                              c:/devkitPro/libnds/lib\libnds9.a(sprite.o) (DC_FlushRange)
c:/devkitPro/libnds/lib\libnds9.a(mpu_setup.o)
                              c:/devkitpro/devkitarm/bin/../lib/gcc/arm-none-eabi/4.7.1/../../../../arm-none-eabi/lib/thumb/ds_arm9_crt0.o (__libnds_mpu_setup)
c:/devkitPro/libnds/lib\libnds9.a(biosCalls.o)
                              c:/devkitPro/libnds/lib\libnds9.a(fifosystem.o) (swiIntrWait)
c:/devkitPro/libnds/lib\libnds9.a(debugprint.o)
                              c:/devkitPro/libnds/lib\libnds9.a(console.o) (nocashWrite)
c:/devkitPro/libnds/lib\libnds9.a(interruptDispatcher.o)
                              c:/devkitPro/libnds/lib\libnds9.a(interrupts.o) (IntrMain)
c:/devkitPro/libnds/lib\libnds9.a(swiSoftReset.o)
                              c:/devkitPro/libnds/lib\libnds9.a(fifosystem.o) (swiSoftReset)
c:/devkitPro/libnds/lib\libnds9.a(default_font.bin.o)
                              c:/devkitPro/libnds/lib\libnds9.a(console.o) (default_font_bin)
c:/devkitPro/libnds/lib\libnds9.a(background.o)
                              c:/devkitPro/libnds/lib\libnds9.a(console.o) (bgState)
c:/devkitPro/libnds/lib\libnds9.a(system.o)
                              c:/devkitPro/libnds/lib\libnds9.a(initSystem.o) (systemMsgHandler)
c:/devkitPro/libnds/lib\libnds9.a(video.o)
                              c:/devkitPro/libnds/lib\libnds9.a(initSystem.o) (vramDefault)
c:/devkitpro/devkitarm/bin/../lib/gcc/arm-none-eabi/4.7.1/../../../../arm-none-eabi/lib/thumb\libstdc++.a(new_op.o)
                              ClassDefinitions.o (operator new(unsigned int))
c:/devkitpro/devkitarm/bin/../lib/gcc/arm-none-eabi/4.7.1/../../../../arm-none-eabi/lib/thumb\libstdc++.a(eh_call.o)
                              c:/devkitpro/devkitarm/bin/../lib/gcc/arm-none-eabi/4.7.1/../../../../arm-none-eabi/lib/thumb\libstdc++.a(new_op.o) (__cxa_call_unexpected)
c:/devkitpro/devkitarm/bin/../lib/gcc/arm-none-eabi/4.7.1/../../../../arm-none-eabi/lib/thumb\libstdc++.a(eh_personality.o)
                              c:/devkitpro/devkitarm/bin/../lib/gcc/arm-none-eabi/4.7.1/../../../../arm-none-eabi/lib/thumb\libstdc++.a(new_op.o) (__gxx_personality_v0)
c:/devkitpro/devkitarm/bin/../lib/gcc/arm-none-eabi/4.7.1/../../../../arm-none-eabi/lib/thumb\libstdc++.a(del_op.o)
                              ClassDefinitions.o (operator delete(void*))
c:/devkitpro/devkitarm/bin/../lib/gcc/arm-none-eabi/4.7.1/../../../../arm-none-eabi/lib/thumb\libstdc++.a(eh_terminate.o)
                              c:/devkitpro/devkitarm/bin/../lib/gcc/arm-none-eabi/4.7.1/../../../../arm-none-eabi/lib/thumb\libstdc++.a(eh_call.o) (__cxxabiv1::__terminate(void (*)()))
c:/devkitpro/devkitarm/bin/../lib/gcc/arm-none-eabi/4.7.1/../../../../arm-none-eabi/lib/thumb\libstdc++.a(eh_exception.o)
                              c:/devkitpro/devkitarm/bin/../lib/gcc/arm-none-eabi/4.7.1/../../../../arm-none-eabi/lib/thumb\libstdc++.a(eh_call.o) (std::bad_exception::~bad_exception())
[...]
Memory Configuration

Name             Origin             Length             Attributes
rom              0x08000000         0x02000000
ewram            0x02000000         0x003ff000
dtcm             0x0b000000         0x00004000
vectors          0x01000000         0x00000100
itcm             0x01000100         0x00007f00
*default*        0x00000000         0xffffffff

Linker script and memory map

                0x01000000                __vectors_start = ORIGIN (vectors)
                0x01000100                __itcm_start = ORIGIN (itcm)
                0x023ff000                __ewram_end = (ORIGIN (ewram) + 0x3ff000)
                0x023ff000                __eheap_end = (ORIGIN (ewram) + 0x3ff000)
                0x0b000000                __dtcm_start = ORIGIN (dtcm)
                0x0b004000                __dtcm_top = (ORIGIN (dtcm) + 0x4000)
                0x0b003ff8                __irq_flags = (__dtcm_top - 0x8)
                0x0b003ffc                __irq_vector = (__dtcm_top - 0x4)
                0x0b003f00                __sp_svc = (__dtcm_top - 0x100)
                0x0b003e00                __sp_irq = (__sp_svc - 0x100)
                0x0b003d00                __sp_usr = (__sp_irq - 0x100)

.init           0x02000000      0x23c
                0x02000000                __text_start = .
 *(.init)
 .init          0x02000000      0x230 c:/devkitpro/devkitarm/bin/../lib/gcc/arm-none-eabi/4.7.1/../../../../arm-none-eabi/lib/thumb/ds_arm9_crt0.o
                0x02000000                _start
 .init          0x02000230        0x4 c:/devkitpro/devkitarm/bin/../lib/gcc/arm-none-eabi/4.7.1/thumb/crti.o
                0x02000230                _init
 .init          0x02000234        0x8 c:/devkitpro/devkitarm/bin/../lib/gcc/arm-none-eabi/4.7.1/thumb/crtn.o
                0x0200023c                . = ALIGN (0x4)

.plt
 *(.plt)

.text           0x02000240    0x18288
 *(EXCLUDE_FILE(*.itcm*) .text)
 .text          0x02000240        0x0 c:/devkitpro/devkitarm/bin/../lib/gcc/arm-none-eabi/4.7.1/../../../../arm-none-eabi/lib/thumb/ds_arm9_crt0.o
 .text          0x02000240        0x0 c:/devkitpro/devkitarm/bin/../lib/gcc/arm-none-eabi/4.7.1/thumb/crti.o
 .text          0x02000240       0xd0 c:/devkitpro/devkitarm/bin/../lib/gcc/arm-none-eabi/4.7.1/thumb/crtbegin.o
 .text          0x02000310        0x0 soundbank.bin.o
 .text          0x02000310      0x8c0 ClassDefinitions.o
                0x02000310                Entity::onLoad()
                0x02000368                Entity::useOn(Item*, Entity*)
                0x0200036c                Block::onLoad(int, int)
                0x02000374                Block::useOn(Item*, Entity*)
                0x02000378                Block::onUnload()
                0x02000388                Level::onUnload()
                0x020003bc                Block::tick()
                0x020003d0                Sprite::Sprite()
                0x020003d0                Sprite::Sprite()
                0x020003f4                Sprite::writeOam()
                0x0200043c                Entity::tick()
                0x020004f4                Sprite::setAnimFrame(unsigned char)
                0x020004f8                Sprite::setGfxPointer(unsigned short*)
                0x020004fc                Sprite::setSpriteEntry(unsigned char)
                0x02000500                Entity::Entity()
                0x02000500                Entity::Entity()
                0x02000538                Block::Block()
                0x02000538                Block::Block()
                0x02000550                Block::getTileIndex()
                0x02000554                Block::setEntity(Entity*)
                0x02000570                Level::drawLevel()
                0x02000660                Level::tick()
                0x020007c0                Level::getOamEntry()
                0x020007d4                Level::isPlayer(Entity*)
                0x020007e0                SoundManager::SoundManager()
                0x020007e0                SoundManager::SoundManager()
                0x02000858                SoundManager::playBGM(unsigned char, bool)
                0x0200088c                SoundManager::stopBGM()
                0x020008a4                SoundManager::setBGMVol(unsigned int)
                0x020008b8                SoundManager::setBGMTempo(unsigned int)
                0x020008dc                SoundManager::playSFX(unsigned char, unsigned int)
                0x020008fc                Level::onLoad()
                0x02000a50                Game::Game()
                0x02000a50                Game::Game()
                0x02000ac8                Game::loadLevel(Level*)
                0x02000af8                Game::mainLoop()
                0x02000b18                Level::initBlocks()
 .text          0x02000bd0       0xb0 Levels.o
                0x02000bd0                Level1::initBlocks()
 .text          0x02000c80        0x0 main.o
 .text          0x02000c80        0x0 Sprites.o
 .text          0x02000c80        0x0 Tileset.o
 .text          0x02000c80      0x24c c:/devkitPro/libnds/lib\libmm9.a(mm_comms.o)
                0x02000c80                mmSetupComms
                0x02000cd2                mmSendBank
                0x02000cdc                mmLockChannels
                0x02000ce2                mmUnlockChannels
                0x02000ce8                mmStart
                0x02000cf2                mmPause
                0x02000cf6                mmResume
                0x02000cfa                mmStop
                0x02000cfe                mmPosition
                0x02000d02                mmJingle
                0x02000d06                mmSetModuleVolume
                0x02000d0a                mmSetJingleVolume
                0x02000d0e                mmSetModuleTempo
                0x02000d12                mmSetModulePitch
                0x02000d16                mmSetEffectsVolume
                0x02000d1a                mmSelectMode
                0x02000d1e                mmStreamBegin
                0x02000d32                mmStreamEnd
                0x02000d88                mmEffect
                0x02000dac                mmEffectVolume
                0x02000db0                mmEffectPanning
                0x02000db4                mmEffectRate
                0x02000dbe                mmEffectScaleRate
                0x02000dc8                mmEffectRelease
                0x02000dce                mmEffectCancel
                0x02000dd4                mmEffectEx
                0x02000e12                mmEffectCancelAll
                0x02000e16                mmReverbEnable
                0x02000e1a                mmReverbDisable
                0x02000e1e                mmReverbConfigure
                0x02000e7a                mmReverbStart
                0x02000e7e                mmReverbStop
 .text          0x02000ecc      0x108 c:/devkitPro/libnds/lib\libmm9.a(mm_main9.o)
                0x02000ecc                mmActive
                0x02000ed2                mmSetEventHandler
                0x02000ed8                mmInit
                0x02000f02                mmInitDefault
                0x02000f4c                mmInitDefaultMem
                0x02000f6e                mmSuspendIRQ_t
                0x02000f8c                mmRestoreIRQ_t
 .text          0x02000fd4      0x120 c:/devkitPro/libnds/lib\libmm9.a(mm_memory.o)
                0x02000fd4                mmLoad
                0x02001024                mmUnload
                0x0200107c                mmLoadEffect
                0x020010b4                mmUnloadEffect
 .text          0x020010f4      0x100 c:/devkitPro/libnds/lib\libmm9.a(mm_soundbank.o)
                0x020010f4                mmSoundBankInMemory
                0x020010fc                mmSoundBankInFiles
                0x0200110e                mmSetCustomSoundBankHandler
                0x0200113a                mmsHandleFileOp
 .text          0x020011f4       0x3c c:/devkitPro/libnds/lib\libmm9.a(mm_flusher.o)
                0x020011f4                mmFlushBank
 .text          0x02001230      0xa4c c:/devkitPro/libnds/lib\libnds9.a(console.o)
                0x020012d0                nocash_write
                0x020012e0                consoleGetDefault
                0x020012ec                consoleSelect
                0x020012fc                consoleDebugInit
                0x0200134c                consolePrintChar
                0x02001518                consoleLoadFont
                0x020017a0                consoleSetFont
                0x020017c0                consoleInit
                0x02001928                consoleDemoInit
                0x0200196c                con_write
                0x02001c48                consoleClear
                0x02001c58                consoleSetWindow
 .text          0x02001c7c       0xf4 c:/devkitPro/libnds/lib\libnds9.a(keys.o)
                0x02001c7c                scanKeys
                0x02001ce8                keysHeld
                0x02001cf4                keysDown
                0x02001d04                keysDownRepeat
                0x02001d14                keysSetRepeat
                0x02001d2c                keysUp
                0x02001d3c                keysCurrent
 .text          0x02001d70      0x3f4 c:/devkitPro/libnds/lib\libnds9.a(sprite.o)
                0x02001d70                oamInit
                0x02001e84                oamDisable
                0x02001eb4                oamEnable
                0x02001ed8                oamGetGfxPtr
                0x02001f0c                oamClear
                0x02001f34                oamGfxPtrToOffset
                0x02001f68                oamSet
                0x020020b8                oamUpdate
                0x02002118                oamRotateScale
 .text          0x02002164      0x450 c:/devkitPro/libnds/lib\libnds9.a(sprite_alloc.o)
                0x02002194                oamAllocReset
                0x020021c8                oamAllocateGfx
                0x020023cc                oamFreeGfx
                0x02002568                oamCountFragments
 .text          0x020025b4      0x244 c:/devkitPro/libnds/lib\libnds9.a(trig.o)
                0x020025b4                asinComp
                0x020025dc                sinLutLookup
                0x02002618                sinLerp
                0x02002650                cosLerp
                0x02002664                tanLutLookup
                0x0200269c                tanLerp
                0x02002740                asinLerp
                0x020027bc                acosLerp
                0x020027d0                atanComp
 .text          0x020027f8      0x140 c:/devkitPro/libnds/lib\libnds9.a(initSystem.o)
                0x020027f8                initSystem
 .text          0x02002938      0xc58 c:/devkitPro/libnds/lib\libnds9.a(fifosystem.o)
                0x02002b8c                fifoSendAddress
                0x02002bb8                fifoSendValue32
                0x02002bf8                fifoSendDatamsg
                0x02002c68                fifoGetAddress
                0x02002ce0                fifoSetAddressHandler
                0x02002d54                fifoGetValue32
                0x02002dc8                fifoSetValue32Handler
                0x02002e3c                fifoGetDatamsg
                0x020032c0                fifoSetDatamsgHandler
                0x02003358                fifoCheckAddress
                0x0200337c                fifoCheckDatamsg
                0x020033a0                fifoCheckValue32
                0x020033c4                fifoInit
 .text          0x02003590      0x1ec c:/devkitPro/libnds/lib\libnds9.a(interrupts.o)
                0x02003590                irqDummy
                0x02003594                irqSet
                0x02003600                irqInit
                0x0200364c                irqInitHandler
                0x0200367c                irqEnable
                0x020036e0                irqDisable
                0x02003744                irqClear
 .text          0x0200377c       0x58 c:/devkitPro/libnds/lib\libnds9.a(libnds_exit.arm.o)
                0x0200377c                systemErrorExit
                0x02003780                __libnds_exit
 .text          0x020037d4       0x70 c:/devkitPro/libnds/lib\libnds9.a(dcache.o)
                0x020037d4                DC_FlushAll
                0x02003800                DC_FlushRange
                0x0200381c                DC_InvalidateAll
                0x02003828                DC_InvalidateRange
 .text          0x02003844      0x1b4 c:/devkitPro/libnds/lib\libnds9.a(mpu_setup.o)
                0x02003844                __libnds_mpu_setup
                0x02003984                memCached
                0x0200399c                memUncached
 *fill*         0x020039f8        0x8 ff
 .text          0x02003a00       0x70 c:/devkitPro/libnds/lib\libnds9.a(biosCalls.o)
                0x02003a00                swiDelay
                0x02003a04                swiIntrWait
                0x02003a08                swiWaitForVBlank
                0x02003a0c                swiSleep
                0x02003a10                swiChangeSoundBias
                0x02003a14                swiDivide
                0x02003a18                swiRemainder
                0x02003a1e                swiDivMod
                0x02003a2a                swiCopy
                0x02003a2e                swiFastCopy
                0x02003a32                swiSqrt
                0x02003a36                swiCRC16
                0x02003a3a                swiIsDebugger
                0x02003a3e                swiUnpackBits
                0x02003a42                swiDecompressLZSSWram
                0x02003a46                swiDecompressLZSSVramNTR
                0x02003a4a                swiDecompressLZSSVramTWL
                0x02003a4e                swiDecompressHuffman
                0x02003a52                swiDecompressRLEWram
                0x02003a56                swiDecompressRLEVram
                0x02003a5a                swiWaitForIRQ
                0x02003a5e                swiDecodeDelta8
                0x02003a62                swiDecodeDelta16
                0x02003a66                swiSetHaltCR
 .text          0x02003a70       0xa4 c:/devkitPro/libnds/lib\libnds9.a(debugprint.o)
                0x02003a70                nocashWrite
                0x02003a72                nocashMessage
 .text          0x02003b14        0x0 c:/devkitPro/libnds/lib\libnds9.a(interruptDispatcher.o)
 *fill*         0x02003b14        0xc ff
 .text          0x02003b20       0x30 c:/devkitPro/libnds/lib\libnds9.a(swiSoftReset.o)
                0x02003b20                swiSoftReset
 .text          0x02003b50        0x0 c:/devkitPro/libnds/lib\libnds9.a(default_font.bin.o)
 .text          0x02003b50      0x2e8 c:/devkitPro/libnds/lib\libnds9.a(background.o)
                0x02003b50                bgIsText
                0x02003b5c                checkIfText
                0x02003bb4                bgUpdate
                0x02003ca8                bgInit_call
                0x02003d6c                bgInitSub_call
 .text          0x02003e38      0x128 c:/devkitPro/libnds/lib\libnds9.a(system.o)
                0x02003e38                setSDcallback
                0x02003e44                systemMsgHandler
                0x02003e88                systemSleep
                0x02003ea0                systemValueHandler
                0x02003edc                powerOn
                0x02003f08                powerOff
                0x02003f30                ledBlink
                0x02003f40                getBatteryLevel
 .text          0x02003f60      0x1f8 c:/devkitPro/libnds/lib\libnds9.a(video.o)
                0x02003f60                vramSetPrimaryBanks
                0x02003fa4                vramSetMainBanks
                0x02003fe8                vramSetBanks_EFG
                0x02004020                vramRestorePrimaryBanks
                0x0200402c                vramRestoreMainBanks
                0x02004038                vramRestoreBanks_EFG
                0x02004044                setBrightness
                0x02004084                vramDefault
 .text          0x02004158        0x0 c:/devkitpro/devkitarm/bin/../lib/gcc/arm-none-eabi/4.7.1/../../../../arm-none-eabi/lib/thumb\libstdc++.a(new_op.o)
 .text          0x02004158        0x0 c:/devkitpro/devkitarm/bin/../lib/gcc/arm-none-eabi/4.7.1/../../../../arm-none-eabi/lib/thumb\libstdc++.a(eh_call.o)
 .text          0x02004158        0x0 c:/devkitpro/devkitarm/bin/../lib/gcc/arm-none-eabi/4.7.1/../../../../arm-none-eabi/lib/thumb\libstdc++.a(eh_personality.o)
 .text          0x02004158        0x0 c:/devkitpro/devkitarm/bin/../lib/gcc/arm-none-eabi/4.7.1/../../../../arm-none-eabi/lib/thumb\libstdc++.a(del_op.o)
 .text          0x02004158        0x0 c:/devkitpro/devkitarm/bin/../lib/gcc/arm-none-eabi/4.7.1/../../../../arm-none-eabi/lib/thumb\libstdc++.a(eh_terminate.o)
 .text          0x02004158        0x0 c:/devkitpro/devkitarm/bin/../lib/gcc/arm-none-eabi/4.7.1/../../../../arm-none-eabi/lib/thumb\libstdc++.a(eh_exception.o)
 .text          0x02004158        0x0 c:/devkitpro/devkitarm/bin/../lib/gcc/arm-none-eabi/4.7.1/../../../../arm-none-eabi/lib/thumb\libstdc++.a(eh_alloc.o)
 .text          0x02004158        0x0 c:/devkitpro/devkitarm/bin/../lib/gcc/arm-none-eabi/4.7.1/../../../../arm-none-eabi/lib/thumb\libstdc++.a(bad_alloc.o)
 .text          0x02004158        0x0 c:/devkitpro/devkitarm/bin/../lib/gcc/arm-none-eabi/4.7.1/../../../../arm-none-eabi/lib/thumb\libstdc++.a(class_type_info.o)
 .text          0x02004158        0x0 c:/devkitpro/devkitarm/bin/../lib/gcc/arm-none-eabi/4.7.1/../../../../arm-none-eabi/lib/thumb\libstdc++.a(new_handler.o)
 .text          0x02004158        0x0 c:/devkitpro/devkitarm/bin/../lib/gcc/arm-none-eabi/4.7.1/../../../../arm-none-eabi/lib/thumb\libstdc++.a(eh_arm.o)
 .text          0x02004158        0x0 c:/devkitpro/devkitarm/bin/../lib/gcc/arm-none-eabi/4.7.1/../../../../arm-none-eabi/lib/thumb\libstdc++.a(eh_throw.o)
 .text          0x02004158        0x0 c:/devkitpro/devkitarm/bin/../lib/gcc/arm-none-eabi/4.7.1/../../../../arm-none-eabi/lib/thumb\libstdc++.a(pure.o)
 .text          0x02004158        0x0 c:/devkitpro/devkitarm/bin/../lib/gcc/arm-none-eabi/4.7.1/../../../../arm-none-eabi/lib/thumb\libstdc++.a(eh_globals.o)
 .text          0x02004158        0x0 c:/devkitpro/devkitarm/bin/../lib/gcc/arm-none-eabi/4.7.1/../../../../arm-none-eabi/lib/thumb\libstdc++.a(eh_catch.o)
 .text          0x02004158        0x0 c:/devkitpro/devkitarm/bin/../lib/gcc/arm-none-eabi/4.7.1/../../../../arm-none-eabi/lib/thumb\libstdc++.a(si_class_type_info.o)
 .text          0x02004158        0x0 c:/devkitpro/devkitarm/bin/../lib/gcc/arm-none-eabi/4.7.1/../../../../arm-none-eabi/lib/thumb\libstdc++.a(eh_unex_handler.o)
 .text          0x02004158        0x0 c:/devkitpro/devkitarm/bin/../lib/gcc/arm-none-eabi/4.7.1/../../../../arm-none-eabi/lib/thumb\libstdc++.a(tinfo.o)
 .text          0x02004158        0x0 c:/devkitpro/devkitarm/bin/../lib/gcc/arm-none-eabi/4.7.1/../../../../arm-none-eabi/lib/thumb\libstdc++.a(eh_term_handler.o)
 .text          0x02004158        0x0 c:/devkitpro/devkitarm/bin/../lib/gcc/arm-none-eabi/4.7.1/../../../../arm-none-eabi/lib/thumb\libstdc++.a(vterminate.o)
 .text          0x02004158        0x0 c:/devkitpro/devkitarm/bin/../lib/gcc/arm-none-eabi/4.7.1/../../../../arm-none-eabi/lib/thumb\libstdc++.a(eh_type.o)
 .text          0x02004158     0x5984 c:/devkitpro/devkitarm/bin/../lib/gcc/arm-none-eabi/4.7.1/../../../../arm-none-eabi/lib/thumb\libstdc++.a(cp-demangle.o)
                0x020099e8                __cxa_demangle
                0x02009ab0                __gcclibcxx_demangle_callback
 .text          0x02009adc      0x11c c:/devkitpro/devkitarm/bin/../lib/gcc/arm-none-eabi/4.7.1/thumb\libgcc.a(_udivsi3.o)
                0x02009adc                __aeabi_uidiv
                0x02009adc                __udivsi3
                0x02009bd8                __aeabi_uidivmod
 .text          0x02009bf8      0x150 c:/devkitpro/devkitarm/bin/../lib/gcc/arm-none-eabi/4.7.1/thumb\libgcc.a(_divsi3.o)
                0x02009bf8                __divsi3
                0x02009bf8                __aeabi_idiv
                0x02009d28                __aeabi_idivmod
 .text          0x02009d48        0x4 c:/devkitpro/devkitarm/bin/../lib/gcc/arm-none-eabi/4.7.1/thumb\libgcc.a(_dvmd_tls.o)
                0x02009d48                __aeabi_idiv0
                0x02009d48                __aeabi_ldiv0
 .text          0x02009d4c      0xab4 c:/devkitpro/devkitarm/bin/../lib/gcc/arm-none-eabi/4.7.1/thumb\libgcc.a(unwind-arm.o)
                0x0200a048                _Unwind_GetCFA
                0x0200a04c                __gnu_Unwind_RaiseException
                0x0200a0ac                __gnu_Unwind_ForcedUnwind
                0x0200a0c4                __gnu_Unwind_Resume
                0x0200a10c                __gnu_Unwind_Resume_or_Rethrow
                0x0200a12c                _Unwind_Complete
                0x0200a130                _Unwind_DeleteException
                0x0200a148                _Unwind_VRS_Get
                0x0200a194                _Unwind_VRS_Set
                0x0200a4f0                __aeabi_unwind_cpp_pr2
                0x0200a500                __aeabi_unwind_cpp_pr1
                0x0200a510                __aeabi_unwind_cpp_pr0
                0x0200a520                __gnu_Unwind_Backtrace
                0x0200a594                _Unwind_VRS_Pop
 .text          0x0200a800      0x1d8 c:/devkitpro/devkitarm/bin/../lib/gcc/arm-none-eabi/4.7.1/thumb\libgcc.a(libunwind.o)
                0x0200a800                __restore_core_regs
                0x0200a800                restore_core_regs
                0x0200a81c                __gnu_Unwind_Restore_VFP
                0x0200a824                __gnu_Unwind_Save_VFP
                0x0200a82c                __gnu_Unwind_Restore_VFP_D
                0x0200a834                __gnu_Unwind_Save_VFP_D
                0x0200a83c                __gnu_Unwind_Restore_VFP_D_16_to_31
                0x0200a844                __gnu_Unwind_Save_VFP_D_16_to_31
                0x0200a84c                __gnu_Unwind_Restore_WMMXD
                0x0200a890                __gnu_Unwind_Save_WMMXD
                0x0200a8d4                __gnu_Unwind_Restore_WMMXC
                0x0200a8e8                __gnu_Unwind_Save_WMMXC
                0x0200a8fc                ___Unwind_RaiseException
                0x0200a8fc                _Unwind_RaiseException
                0x0200a928                _Unwind_Resume
                0x0200a928                ___Unwind_Resume
                0x0200a954                _Unwind_Resume_or_Rethrow
                0x0200a954                ___Unwind_Resume_or_Rethrow
                0x0200a980                _Unwind_ForcedUnwind
                0x0200a980                ___Unwind_ForcedUnwind
                0x0200a9ac                ___Unwind_Backtrace
                0x0200a9ac                _Unwind_Backtrace
 .text          0x0200a9d8      0x3e0 c:/devkitpro/devkitarm/bin/../lib/gcc/arm-none-eabi/4.7.1/thumb\libgcc.a(pr-support.o)
                0x0200aa34                __gnu_unwind_execute
                0x0200ad54                __gnu_unwind_frame
                0x0200ad80                _Unwind_GetRegionStart
                0x0200ad90                _Unwind_GetLanguageSpecificData
                0x0200ada8                _Unwind_GetDataRelBase
                0x0200adb0                _Unwind_GetTextRelBase
 .text          0x0200adb8       0x10 c:/devkitpro/devkitarm/bin/../lib/gcc/arm-none-eabi/4.7.1/../../../../arm-none-eabi/lib/thumb\libg.a(lib_a-abort.o)
                0x0200adb8                abort
 .text          0x0200adc8       0x64 c:/devkitpro/devkitarm/bin/../lib/gcc/arm-none-eabi/4.7.1/../../../../arm-none-eabi/lib/thumb\libg.a(lib_a-bsearch.o)
                0x0200adc8                bsearch
 .text          0x0200ae2c       0xb0 c:/devkitpro/devkitarm/bin/../lib/gcc/arm-none-eabi/4.7.1/../../../../arm-none-eabi/lib/thumb\libg.a(lib_a-fclose.o)
                0x0200ae2c                _fclose_r
                0x0200aec0                fclose
 .text          0x0200aedc      0x1b8 c:/devkitpro/devkitarm/bin/../lib/gcc/arm-none-eabi/4.7.1/../../../../arm-none-eabi/lib/thumb\libg.a(lib_a-fflush.o)
                0x0200aedc                __sflush_r
                0x0200b034                _fflush_r
                0x0200b064                fflush
 .text          0x0200b094      0x1d8 c:/devkitpro/devkitarm/bin/../lib/gcc/arm-none-eabi/4.7.1/../../../../arm-none-eabi/lib/thumb\libg.a(lib_a-findfp.o)
                0x0200b09c                _cleanup_r
                0x0200b0fc                __sfmoreglue
                0x0200b12c                _cleanup
                0x0200b140                __sinit
                0x0200b194                __sfp
                0x0200b224                __sfp_lock_acquire
                0x0200b228                __sfp_lock_release
                0x0200b22c                __sinit_lock_acquire
                0x0200b230                __sinit_lock_release
                0x0200b234                __fp_lock_all
                0x0200b250                __fp_unlock_all
 .text          0x0200b26c       0xa8 c:/devkitpro/devkitarm/bin/../lib/gcc/arm-none-eabi/4.7.1/../../../../arm-none-eabi/lib/thumb\libg.a(lib_a-fopen.o)
                0x0200b26c                _fopen_r
                0x0200b2f8                fopen
 .text          0x0200b314       0x54 c:/devkitpro/devkitarm/bin/../lib/gcc/arm-none-eabi/4.7.1/../../../../arm-none-eabi/lib/thumb\libg.a(lib_a-fputc.o)
                0x0200b314                _fputc_r
                0x0200b33c                fputc
 .text          0x0200b368       0x78 c:/devkitpro/devkitarm/bin/../lib/gcc/arm-none-eabi/4.7.1/../../../../arm-none-eabi/lib/thumb\libg.a(lib_a-fputs.o)
                0x0200b368                _fputs_r
                0x0200b3c4                fputs
 .text          0x0200b3e0      0x190 c:/devkitpro/devkitarm/bin/../lib/gcc/arm-none-eabi/4.7.1/../../../../arm-none-eabi/lib/thumb\libg.a(lib_a-fread.o)
                0x0200b3e0                _fread_r
                0x0200b548                fread
 .text          0x0200b570      0x238 c:/devkitpro/devkitarm/bin/../lib/gcc/arm-none-eabi/4.7.1/../../../../arm-none-eabi/lib/thumb\libg.a(lib_a-freer.o)
                0x0200b570                _malloc_trim_r
                0x0200b614                _free_r
 .text          0x0200b7a8      0x328 c:/devkitpro/devkitarm/bin/../lib/gcc/arm-none-eabi/4.7.1/../../../../arm-none-eabi/lib/thumb\libg.a(lib_a-fseek.o)
                0x0200b7a8                _fseek_r
                0x0200baac                fseek
 .text          0x0200bad0      0x2fc c:/devkitpro/devkitarm/bin/../lib/gcc/arm-none-eabi/4.7.1/../../../../arm-none-eabi/lib/thumb\libg.a(lib_a-fvwrite.o)
                0x0200bad0                __sfvwrite_r
 .text          0x0200bdcc       0xb4 c:/devkitpro/devkitarm/bin/../lib/gcc/arm-none-eabi/4.7.1/../../../../arm-none-eabi/lib/thumb\libg.a(lib_a-fwalk.o)
                0x0200bdcc                _fwalk
                0x0200be20                _fwalk_reent
 .text          0x0200be80       0x9c c:/devkitpro/devkitarm/bin/../lib/gcc/arm-none-eabi/4.7.1/../../../../arm-none-eabi/lib/thumb\libg.a(lib_a-fwrite.o)
                0x0200be80                _fwrite_r
                0x0200bef4                fwrite
 .text          0x0200bf1c        0x0 c:/devkitpro/devkitarm/bin/../lib/gcc/arm-none-eabi/4.7.1/../../../../arm-none-eabi/lib/thumb\libg.a(lib_a-impure.o)
 .text          0x0200bf1c       0x54 c:/devkitpro/devkitarm/bin/../lib/gcc/arm-none-eabi/4.7.1/../../../../arm-none-eabi/lib/thumb\libg.a(lib_a-init.o)
                0x0200bf1c                __libc_init_array
 .text          0x0200bf70       0x40 c:/devkitpro/devkitarm/bin/../lib/gcc/arm-none-eabi/4.7.1/../../../../arm-none-eabi/lib/thumb\libg.a(lib_a-iprintf.o)
                0x0200bf70                iprintf
                0x0200bf94                _iprintf_r
 .text          0x0200bfb0       0xe0 c:/devkitpro/devkitarm/bin/../lib/gcc/arm-none-eabi/4.7.1/../../../../arm-none-eabi/lib/thumb\libg.a(lib_a-makebuf.o)
                0x0200bfb0                __smakebuf_r
 .text          0x0200c090       0x30 c:/devkitpro/devkitarm/bin/../lib/gcc/arm-none-eabi/4.7.1/../../../../arm-none-eabi/lib/thumb\libg.a(lib_a-malloc.o)
                0x0200c090                malloc
                0x0200c0a8                free
 .text          0x0200c0c0      0x51c c:/devkitpro/devkitarm/bin/../lib/gcc/arm-none-eabi/4.7.1/../../../../arm-none-eabi/lib/thumb\libg.a(lib_a-mallocr.o)
                0x0200c0c0                _malloc_r
 .text          0x0200c5dc       0x98 c:/devkitpro/devkitarm/bin/../lib/gcc/arm-none-eabi/4.7.1/../../../../arm-none-eabi/lib/thumb\libg.a(lib_a-memchr-stub.o)
                0x0200c5dc                memchr
 .text          0x0200c674       0x60 c:/devkitpro/devkitarm/bin/../lib/gcc/arm-none-eabi/4.7.1/../../../../arm-none-eabi/lib/thumb\libg.a(lib_a-memcmp.o)
                0x0200c674                memcmp
 .text          0x0200c6d4       0x90 c:/devkitpro/devkitarm/bin/../lib/gcc/arm-none-eabi/4.7.1/../../../../arm-none-eabi/lib/thumb\libg.a(lib_a-memcpy-stub.o)
                0x0200c6d4                memcpy
 .text          0x0200c764       0xb0 c:/devkitpro/devkitarm/bin/../lib/gcc/arm-none-eabi/4.7.1/../../../../arm-none-eabi/lib/thumb\libg.a(lib_a-memmove.o)
                0x0200c764                memmove
 .text          0x0200c814       0x98 c:/devkitpro/devkitarm/bin/../lib/gcc/arm-none-eabi/4.7.1/../../../../arm-none-eabi/lib/thumb\libg.a(lib_a-memset.o)
                0x0200c814                memset
 .text          0x0200c8ac        0x8 c:/devkitpro/devkitarm/bin/../lib/gcc/arm-none-eabi/4.7.1/../../../../arm-none-eabi/lib/thumb\libg.a(lib_a-mlock.o)
                0x0200c8ac                __malloc_lock
                0x0200c8b0                __malloc_unlock
 .text          0x0200c8b4       0xc4 c:/devkitpro/devkitarm/bin/../lib/gcc/arm-none-eabi/4.7.1/../../../../arm-none-eabi/lib/thumb\libg.a(lib_a-putc.o)
                0x0200c8b4                _putc_r
                0x0200c914                putc
 .text          0x0200c978       0x1c c:/devkitpro/devkitarm/bin/../lib/gcc/arm-none-eabi/4.7.1/../../../../arm-none-eabi/lib/thumb\libg.a(lib_a-realloc.o)
                0x0200c978                realloc
 .text          0x0200c994      0x3e8 c:/devkitpro/devkitarm/bin/../lib/gcc/arm-none-eabi/4.7.1/../../../../arm-none-eabi/lib/thumb\libg.a(lib_a-reallocr.o)
                0x0200c994                _realloc_r
 .text          0x0200cd7c      0x144 c:/devkitpro/devkitarm/bin/../lib/gcc/arm-none-eabi/4.7.1/../../../../arm-none-eabi/lib/thumb\libg.a(lib_a-refill.o)
                0x0200cd9c                __srefill_r
 .text          0x0200cec0      0x120 c:/devkitpro/devkitarm/bin/../lib/gcc/arm-none-eabi/4.7.1/../../../../arm-none-eabi/lib/thumb\libg.a(lib_a-setvbuf.o)
                0x0200cec0                setvbuf
 .text          0x0200cfe0      0x198 c:/devkitpro/devkitarm/bin/../lib/gcc/arm-none-eabi/4.7.1/../../../../arm-none-eabi/lib/thumb\libg.a(lib_a-signal.o)
                0x0200cfe0                _init_signal_r
                0x0200d020                _signal_r
                0x0200d060                _raise_r
                0x0200d0c0                __sigtramp_r
                0x0200d114                raise
                0x0200d12c                signal
                0x0200d148                _init_signal
                0x0200d15c                __sigtramp
 .text          0x0200d178       0xa0 c:/devkitpro/devkitarm/bin/../lib/gcc/arm-none-eabi/4.7.1/../../../../arm-none-eabi/lib/thumb\libg.a(lib_a-siscanf.o)
                0x0200d178                siscanf
                0x0200d1c8                _siscanf_r
 .text          0x0200d218       0x84 c:/devkitpro/devkitarm/bin/../lib/gcc/arm-none-eabi/4.7.1/../../../../arm-none-eabi/lib/thumb\libg.a(lib_a-sprintf.o)
                0x0200d218                _sprintf_r
                0x0200d258                sprintf
 .text          0x0200d29c       0xac c:/devkitpro/devkitarm/bin/../lib/gcc/arm-none-eabi/4.7.1/../../../../arm-none-eabi/lib/thumb\libg.a(lib_a-stdio.o)
                0x0200d29c                __sread
                0x0200d2c8                __seofread
                0x0200d2cc                __swrite
                0x0200d308                __sseek
                0x0200d338                __sclose
 .text          0x0200d348       0x14 c:/devkitpro/devkitarm/bin/../lib/gcc/arm-none-eabi/4.7.1/../../../../arm-none-eabi/lib/thumb\libg.a(lib_a-strcmp.o)
                0x0200d348                strcmp
 .text          0x0200d35c       0x10 c:/devkitpro/devkitarm/bin/../lib/gcc/arm-none-eabi/4.7.1/../../../../arm-none-eabi/lib/thumb\libg.a(lib_a-strlen.o)
                0x0200d35c                strlen
 .text          0x0200d36c       0xbc c:/devkitpro/devkitarm/bin/../lib/gcc/arm-none-eabi/4.7.1/../../../../arm-none-eabi/lib/thumb\libg.a(lib_a-strncmp.o)
                0x0200d36c                strncmp
 .text          0x0200d428      0xa98 c:/devkitpro/devkitarm/bin/../lib/gcc/arm-none-eabi/4.7.1/../../../../arm-none-eabi/lib/thumb\libg.a(lib_a-svfiscanf.o)
                0x0200d428                _sungetc_r
                0x0200d4b0                __ssrefill_r
                0x0200d4f4                _sfread_r
                0x0200d580                __ssvfiscanf_r
 .text          0x0200dec0     0x1728 c:/devkitpro/devkitarm/bin/../lib/gcc/arm-none-eabi/4.7.1/../../../../arm-none-eabi/lib/thumb\libg.a(lib_a-svfprintf.o)
                0x0200dec0                _svfprintf_r
 .text          0x0200f5e8       0x20 c:/devkitpro/devkitarm/bin/../lib/gcc/arm-none-eabi/4.7.1/../../../../arm-none-eabi/lib/thumb\libg.a(lib_a-syswrite.o)
                0x0200f5e8                write
 .text          0x0200f608      0x188 c:/devkitpro/devkitarm/bin/../lib/gcc/arm-none-eabi/4.7.1/../../../../arm-none-eabi/lib/thumb\libg.a(lib_a-ungetc.o)
                0x0200f608                __submore
                0x0200f690                _ungetc_r
                0x0200f774                ungetc
 .text          0x0200f790      0xed4 c:/devkitpro/devkitarm/bin/../lib/gcc/arm-none-eabi/4.7.1/../../../../arm-none-eabi/lib/thumb\libg.a(lib_a-vfiprintf.o)
                0x0200f790                __sprint_r
                0x0200f814                _vfiprintf_r
                0x02010640                vfiprintf
 .text          0x02010664       0xd0 c:/devkitpro/devkitarm/bin/../lib/gcc/arm-none-eabi/4.7.1/../../../../arm-none-eabi/lib/thumb\libg.a(lib_a-wbuf.o)
                0x02010664                __swbuf_r
                0x02010718                __swbuf
 .text          0x02010734       0xe8 c:/devkitpro/devkitarm/bin/../lib/gcc/arm-none-eabi/4.7.1/../../../../arm-none-eabi/lib/thumb\libg.a(lib_a-wcrtomb.o)
                0x02010734                _wcrtomb_r
                0x0201079c                wcrtomb
 .text          0x0201081c       0x40 c:/devkitpro/devkitarm/bin/../lib/gcc/arm-none-eabi/4.7.1/../../../../arm-none-eabi/lib/thumb\libg.a(lib_a-wcsrtombs.o)
                0x0201081c                _wcsrtombs_r
                0x02010834                wcsrtombs
 .text          0x0201085c      0x2a4 c:/devkitpro/devkitarm/bin/../lib/gcc/arm-none-eabi/4.7.1/../../../../arm-none-eabi/lib/thumb\libg.a(lib_a-wctomb_r.o)
                0x0201085c                __utf8_wctomb
                0x02010910                _wctomb_r
                0x02010948                __ascii_wctomb
                0x02010968                __sjis_wctomb
                0x020109e4                __eucjp_wctomb
                0x02010a80                __jis_wctomb
 .text          0x02010b00       0xd0 c:/devkitpro/devkitarm/bin/../lib/gcc/arm-none-eabi/4.7.1/../../../../arm-none-eabi/lib/thumb\libg.a(lib_a-wsetup.o)
                0x02010b00                __swsetup_r
 .text          0x02010bd0       0x10 c:/devkitpro/devkitarm/bin/../lib/gcc/arm-none-eabi/4.7.1/../../../../arm-none-eabi/lib/thumb\libg.a(lib_a-ctype_.o)
                0x02010bd0                __set_ctype
 .text          0x02010be0     0x10a0 c:/devkitpro/devkitarm/bin/../lib/gcc/arm-none-eabi/4.7.1/../../../../arm-none-eabi/lib/thumb\libg.a(lib_a-dtoa.o)
                0x02010d38                _dtoa_r
 .text          0x02011c80       0x70 c:/devkitpro/devkitarm/bin/../lib/gcc/arm-none-eabi/4.7.1/../../../../arm-none-eabi/lib/thumb\libg.a(lib_a-flags.o)
                0x02011c80                __sflags
 .text          0x02011cf0      0x104 c:/devkitpro/devkitarm/bin/../lib/gcc/arm-none-eabi/4.7.1/../../../../arm-none-eabi/lib/thumb\libg.a(lib_a-fputwc.o)
                0x02011cf0                _fputwc_r
                0x02011dc8                fputwc
 .text          0x02011df4       0x78 c:/devkitpro/devkitarm/bin/../lib/gcc/arm-none-eabi/4.7.1/../../../../arm-none-eabi/lib/thumb\libg.a(lib_a-iswspace.o)
                0x02011df4                iswspace
 .text          0x02011e6c      0x1f0 c:/devkitpro/devkitarm/bin/../lib/gcc/arm-none-eabi/4.7.1/../../../../arm-none-eabi/lib/thumb\libg.a(lib_a-jp2uc.o)
                0x02011ff8                _jp2uc
 .text          0x0201205c      0x950 c:/devkitpro/devkitarm/bin/../lib/gcc/arm-none-eabi/4.7.1/../../../../arm-none-eabi/lib/thumb\libg.a(lib_a-locale.o)
                0x02012750                _setlocale_r
                0x0201294c                __locale_charset
                0x02012954                __locale_mb_cur_max
                0x02012960                __locale_msgcharset
                0x0201296c                __locale_cjk_lang
                0x02012978                _localeconv_r
                0x02012984                setlocale
                0x020129a0                localeconv
 .text          0x020129ac      0x104 c:/devkitpro/devkitarm/bin/../lib/gcc/arm-none-eabi/4.7.1/../../../../arm-none-eabi/lib/thumb\libg.a(lib_a-mbrtowc.o)
                0x020129ac                _mbrtowc_r
                0x02012a24                mbrtowc
 .text          0x02012ab0      0x584 c:/devkitpro/devkitarm/bin/../lib/gcc/arm-none-eabi/4.7.1/../../../../arm-none-eabi/lib/thumb\libg.a(lib_a-mbtowc_r.o)
                0x02012ab0                __utf8_mbtowc
                0x02012d10                _mbtowc_r
                0x02012d4c                __ascii_mbtowc
                0x02012d7c                __sjis_mbtowc
                0x02012e3c                __eucjp_mbtowc
                0x02012f04                __jis_mbtowc
 *fill*         0x02013034        0x4 ff
 .text          0x02013038      0x978 c:/devkitpro/devkitarm/bin/../lib/gcc/arm-none-eabi/4.7.1/../../../../arm-none-eabi/lib/thumb\libg.a(lib_a-mprec.o)
                0x02013038                _Balloc
                0x0201308c                _Bfree
                0x020130a4                __multadd
                0x02013150                __s2b
                0x020131ec                __hi0bits
                0x02013224                __lo0bits
                0x02013284                __i2b
                0x0201329c                __multiply
                0x02013400                __pow5mult
                0x020134b0                __lshift
                0x02013580                __mcmp
                0x020135bc                __mdiff
                0x020136ac                __ulp
                0x020136f4                __b2d
                0x02013798                __d2b
                0x02013850                __ratio
                0x020138cc                _mprec_log10
                0x0201390c                __copybits
                0x02013954                __any_on
 .text          0x020139b0       0x7c c:/devkitpro/devkitarm/bin/../lib/gcc/arm-none-eabi/4.7.1/../../../../arm-none-eabi/lib/thumb\libg.a(lib_a-sccl.o)
                0x020139b0                __sccl
 .text          0x02013a2c       0x5c c:/devkitpro/devkitarm/bin/../lib/gcc/arm-none-eabi/4.7.1/../../../../arm-none-eabi/lib/thumb\libg.a(lib_a-s_fpclassify.o)
                0x02013a2c                __fpclassifyd
 .text          0x02013a88       0x50 c:/devkitpro/devkitarm/bin/../lib/gcc/arm-none-eabi/4.7.1/../../../../arm-none-eabi/lib/thumb\libg.a(lib_a-strcasecmp.o)
                0x02013a88                strcasecmp
 .text          0x02013ad8       0x50 c:/devkitpro/devkitarm/bin/../lib/gcc/arm-none-eabi/4.7.1/../../../../arm-none-eabi/lib/thumb\libg.a(lib_a-strcat.o)
                0x02013ad8                strcat
 .text          0x02013b28       0xd4 c:/devkitpro/devkitarm/bin/../lib/gcc/arm-none-eabi/4.7.1/../../../../arm-none-eabi/lib/thumb\libg.a(lib_a-strchr.o)
                0x02013b28                strchr
 .text          0x02013bfc       0x10 c:/devkitpro/devkitarm/bin/../lib/gcc/arm-none-eabi/4.7.1/../../../../arm-none-eabi/lib/thumb\libg.a(lib_a-strcpy.o)
                0x02013bfc                strcpy
 .text          0x02013c0c       0x48 c:/devkitpro/devkitarm/bin/../lib/gcc/arm-none-eabi/4.7.1/../../../../arm-none-eabi/lib/thumb\libg.a(lib_a-strlcpy.o)
                0x02013c0c                strlcpy
 .text          0x02013c54       0x60 c:/devkitpro/devkitarm/bin/../lib/gcc/arm-none-eabi/4.7.1/../../../../arm-none-eabi/lib/thumb\libg.a(lib_a-strncasecmp.o)
                0x02013c54                strncasecmp
 .text          0x02013cb4       0x60 c:/devkitpro/devkitarm/bin/../lib/gcc/arm-none-eabi/4.7.1/../../../../arm-none-eabi/lib/thumb\libg.a(lib_a-strncpy.o)
                0x02013cb4                strncpy
 *fill*         0x02013d14        0x4 ff
 .text          0x02013d18      0x208 c:/devkitpro/devkitarm/bin/../lib/gcc/arm-none-eabi/4.7.1/../../../../arm-none-eabi/lib/thumb\libg.a(lib_a-strtoll_r.o)
                0x02013d18                _strtoll_r
 .text          0x02013f20      0x190 c:/devkitpro/devkitarm/bin/../lib/gcc/arm-none-eabi/4.7.1/../../../../arm-none-eabi/lib/thumb\libg.a(lib_a-strtol.o)
                0x02013f20                _strtol_r
                0x02014090                strtol
 .text          0x020140b0      0x238 c:/devkitpro/devkitarm/bin/../lib/gcc/arm-none-eabi/4.7.1/../../../../arm-none-eabi/lib/thumb\libg.a(lib_a-strtoull_r.o)
                0x020140b0                _strtoull_r
 .text          0x020142e8      0x198 c:/devkitpro/devkitarm/bin/../lib/gcc/arm-none-eabi/4.7.1/../../../../arm-none-eabi/lib/thumb\libg.a(lib_a-strtoul.o)
                0x020142e8                _strtoul_r
                0x02014460                strtoul
 .text          0x02014480      0xeb4 c:/devkitpro/devkitarm/bin/../lib/gcc/arm-none-eabi/4.7.1/../../../../arm-none-eabi/lib/thumb\libg.a(lib_a-svfiprintf.o)
                0x02014480                __ssprint_r
                0x020145b0                _svfiprintf_r
 .text          0x02015334      0x150 c:/devkitpro/devkitarm/bin/../lib/gcc/arm-none-eabi/4.7.1/../../../../arm-none-eabi/lib/thumb\libg.a(lib_a-wcsnrtombs.o)
                0x02015334                _wcsnrtombs_r
                0x02015454                wcsnrtombs
 .text          0x02015484       0x64 c:/devkitpro/devkitarm/bin/../lib/gcc/arm-none-eabi/4.7.1/../../../../arm-none-eabi/lib/thumb\libg.a(lib_a-callocr.o)
                0x02015484                _calloc_r
 .text          0x020154e8       0xa8 c:/devkitpro/devkitarm/bin/../lib/gcc/arm-none-eabi/4.7.1/../../../../arm-none-eabi/lib/thumb\libg.a(lib_a-getenv_r.o)
                0x020154e8                _findenv_r
                0x02015580                _getenv_r
 .text          0x02015590        0x0 c:/devkitpro/devkitarm/bin/../lib/gcc/arm-none-eabi/4.7.1/../../../../arm-none-eabi/lib/thumb\libg.a(lib_a-environ.o)
 .text          0x02015590        0x8 c:/devkitpro/devkitarm/bin/../lib/gcc/arm-none-eabi/4.7.1/../../../../arm-none-eabi/lib/thumb\libg.a(lib_a-envlock.o)
                0x02015590                __env_lock
                0x02015594                __env_unlock
 .text          0x02015598      0x144 c:/devkitpro/devkitarm/bin/../lib/gcc/arm-none-eabi/4.7.1/../../../../arm-none-eabi/lib/thumb\libsysbase.a(iosupport.o)
                0x02015598                setDefaultDevice
                0x020155ac                FindDevice
                0x0201561c                RemoveDevice
                0x02015640                AddDevice
                0x020156bc                GetDeviceOpTab
 .text          0x020156dc       0x50 c:/devkitpro/devkitarm/bin/../lib/gcc/arm-none-eabi/4.7.1/../../../../arm-none-eabi/lib/thumb\libsysbase.a(close.o)
                0x020156dc                _close_r
 .text          0x0201572c       0x50 c:/devkitpro/devkitarm/bin/../lib/gcc/arm-none-eabi/4.7.1/../../../../arm-none-eabi/lib/thumb\libsysbase.a(fstat.o)
                0x0201572c                _fstat_r
 .text          0x0201577c        0xc c:/devkitpro/devkitarm/bin/../lib/gcc/arm-none-eabi/4.7.1/../../../../arm-none-eabi/lib/thumb\libsysbase.a(getpid.o)
                0x0201577c                _getpid_r
 .text          0x02015788        0x4 c:/devkitpro/devkitarm/bin/../lib/gcc/arm-none-eabi/4.7.1/../../../../arm-none-eabi/lib/thumb\libsysbase.a(isatty.o)
                0x02015788                _isatty_r
 .text          0x0201578c        0xc c:/devkitpro/devkitarm/bin/../lib/gcc/arm-none-eabi/4.7.1/../../../../arm-none-eabi/lib/thumb\libsysbase.a(kill.o)
                0x0201578c                _kill_r
 .text          0x02015798       0x50 c:/devkitpro/devkitarm/bin/../lib/gcc/arm-none-eabi/4.7.1/../../../../arm-none-eabi/lib/thumb\libsysbase.a(lseek.o)
                0x02015798                _lseek_r
 .text          0x020157e8       0xa0 c:/devkitpro/devkitarm/bin/../lib/gcc/arm-none-eabi/4.7.1/../../../../arm-none-eabi/lib/thumb\libsysbase.a(open.o)
                0x020157e8                _open_r
 .text          0x02015888       0x50 c:/devkitpro/devkitarm/bin/../lib/gcc/arm-none-eabi/4.7.1/../../../../arm-none-eabi/lib/thumb\libsysbase.a(read.o)
                0x02015888                _read_r
 .text          0x020158d8       0x54 c:/devkitpro/devkitarm/bin/../lib/gcc/arm-none-eabi/4.7.1/../../../../arm-none-eabi/lib/thumb\libsysbase.a(sbrk.o)
                0x020158d8                _sbrk_r
 .text          0x0201592c       0x44 c:/devkitpro/devkitarm/bin/../lib/gcc/arm-none-eabi/4.7.1/../../../../arm-none-eabi/lib/thumb\libsysbase.a(times.o)
                0x0201592c                _times
                0x02015940                _times_r
                0x02015948                _gettimeofday_r
 .text          0x02015970       0x58 c:/devkitpro/devkitarm/bin/../lib/gcc/arm-none-eabi/4.7.1/../../../../arm-none-eabi/lib/thumb\libsysbase.a(write.o)
                0x02015970                _write_r
 .text          0x020159c8       0x18 c:/devkitpro/devkitarm/bin/../lib/gcc/arm-none-eabi/4.7.1/../../../../arm-none-eabi/lib/thumb\libsysbase.a(_exit.o)
                0x020159c8                _exit
 .text          0x020159e0        0x0 c:/devkitpro/devkitarm/bin/../lib/gcc/arm-none-eabi/4.7.1/../../../../arm-none-eabi/lib/thumb\libsysbase.a(malloc_vars.o)
 .text          0x020159e0       0x4c c:/devkitpro/devkitarm/bin/../lib/gcc/arm-none-eabi/4.7.1/../../../../arm-none-eabi/lib/thumb\libsysbase.a(build_argv.o)
                0x020159e0                build_argv
 .text          0x02015a2c        0x0 c:/devkitpro/devkitarm/bin/../lib/gcc/arm-none-eabi/4.7.1/../../../../arm-none-eabi/lib/thumb\libsysbase.a(syscall_support.o)
 .text          0x02015a2c       0x84 c:/devkitpro/devkitarm/bin/../lib/gcc/arm-none-eabi/4.7.1/../../../../arm-none-eabi/lib/thumb\libsysbase.a(handle_manager.o)
                0x02015a2c                __release_handle
                0x02015a58                __alloc_handle
                0x02015a90                __get_handle
 .text          0x02015ab0      0x41c c:/devkitpro/devkitarm/bin/../lib/gcc/arm-none-eabi/4.7.1/thumb\libgcc.a(_arm_addsubdf3.o)
                0x02015ab0                __aeabi_drsub
                0x02015ab8                __aeabi_dsub
                0x02015ab8                __subdf3
                0x02015abc                __aeabi_dadd
                0x02015abc                __adddf3
                0x02015dcc                __floatunsidf
                0x02015dcc                __aeabi_ui2d
                0x02015df0                __floatsidf
                0x02015df0                __aeabi_i2d
                0x02015e18                __aeabi_f2d
                0x02015e18                __extendsfdf2
                0x02015e58                __floatundidf
                0x02015e58                __aeabi_ul2d
                0x02015e6c                __floatdidf
                0x02015e6c                __aeabi_l2d
 .text          0x02015ecc      0x49c c:/devkitpro/devkitarm/bin/../lib/gcc/arm-none-eabi/4.7.1/thumb\libgcc.a(_arm_muldivdf3.o)
                0x02015ecc                __aeabi_dmul
                0x02015ecc                __muldf3
                0x0201615c                __divdf3
                0x0201615c                __aeabi_ddiv
 .text          0x02016368      0x144 c:/devkitpro/devkitarm/bin/../lib/gcc/arm-none-eabi/4.7.1/thumb\libgcc.a(_arm_cmpdf2.o)
                0x02016368                __gtdf2
                0x02016368                __gedf2
                0x02016370                __ltdf2
                0x02016370                __ledf2
                0x02016378                __nedf2
                0x02016378                __eqdf2
                0x02016378                __cmpdf2
                0x02016400                __aeabi_cdrcmple
                0x0201641c                __aeabi_cdcmpeq
                0x0201641c                __aeabi_cdcmple
                0x02016434                __aeabi_dcmpeq
                0x0201644c                __aeabi_dcmplt
                0x02016464                __aeabi_dcmple
                0x0201647c                __aeabi_dcmpge
                0x02016494                __aeabi_dcmpgt
 .text          0x020164ac       0x5c c:/devkitpro/devkitarm/bin/../lib/gcc/arm-none-eabi/4.7.1/thumb\libgcc.a(_arm_fixdfsi.o)
                0x020164ac                __aeabi_d2iz
                0x020164ac                __fixdfsi
 .text          0x02016508       0x3c c:/devkitpro/devkitarm/bin/../lib/gcc/arm-none-eabi/4.7.1/thumb\libgcc.a(_aeabi_uldivmod.o)
                0x02016508                __aeabi_uldivmod
 .text          0x02016544       0x4c c:/devkitpro/devkitarm/bin/../lib/gcc/arm-none-eabi/4.7.1/thumb\libgcc.a(_muldi3.o)
                0x02016544                __muldi3
                0x02016544                __aeabi_lmul
 .text          0x02016590       0x7c c:/devkitpro/devkitarm/bin/../lib/gcc/arm-none-eabi/4.7.1/thumb\libgcc.a(bpabi.o)
                0x02016590                __gnu_ldivmod_helper
                0x020165d0                __gnu_uldivmod_helper
 .text          0x0201660c      0x3d4 c:/devkitpro/devkitarm/bin/../lib/gcc/arm-none-eabi/4.7.1/thumb\libgcc.a(_divdi3.o)
                0x0201660c                __divdi3
 .text          0x020169e0      0x3a0 c:/devkitpro/devkitarm/bin/../lib/gcc/arm-none-eabi/4.7.1/thumb\libgcc.a(_udivdi3.o)
                0x020169e0                __udivdi3
 .text          0x02016d80       0x48 c:/devkitpro/devkitarm/bin/../lib/gcc/arm-none-eabi/4.7.1/thumb\libgcc.a(_clzsi2.o)
                0x02016d80                __clzsi2
 .text          0x02016dc8        0xc c:/devkitpro/devkitarm/bin/../lib/gcc/arm-none-eabi/4.7.1/../../../../arm-none-eabi/lib/thumb\libg.a(lib_a-errno.o)
                0x02016dc8                __errno
 .text          0x02016dd4        0x0 c:/devkitpro/devkitarm/bin/../lib/gcc/arm-none-eabi/4.7.1/thumb/crtend.o
 .text          0x02016dd4        0x0 c:/devkitpro/devkitarm/bin/../lib/gcc/arm-none-eabi/4.7.1/thumb/crtn.o
 *(.text.*)
 .text._ZNSt6vectorI5BlockSaIS0_EE13_M_insert_auxEN9__gnu_cxx17__normal_iteratorIPS0_S2_EERKS0_
                0x02016dd4      0x26c ClassDefinitions.o
                0x02016dd4                std::vector<Block, std::allocator<Block> >::_M_insert_aux(__gnu_cxx::__normal_iterator<Block*, std::vector<Block, std::allocator<Block> > >, Block const&)
 .text.startup  0x02017040       0xa8 main.o
                0x02017040                main
 .text._Znwj    0x020170e8       0x60 c:/devkitpro/devkitarm/bin/../lib/gcc/arm-none-eabi/4.7.1/../../../../arm-none-eabi/lib/thumb\libstdc++.a(new_op.o)
                0x020170e8                operator new(unsigned int)
 .text._ZN10__cxxabiv1L24__is_gxx_exception_classEPc
                0x02017148       0x40 c:/devkitpro/devkitarm/bin/../lib/gcc/arm-none-eabi/4.7.1/../../../../arm-none-eabi/lib/thumb\libstdc++.a(eh_call.o)
 .text.__cxa_call_terminate
                0x02017188       0x24 c:/devkitpro/devkitarm/bin/../lib/gcc/arm-none-eabi/4.7.1/../../../../arm-none-eabi/lib/thumb\libstdc++.a(eh_call.o)
                0x02017188                __cxa_call_terminate
 .text.__cxa_call_unexpected
                0x020171ac       0xec c:/devkitpro/devkitarm/bin/../lib/gcc/arm-none-eabi/4.7.1/../../../../arm-none-eabi/lib/thumb\libstdc++.a(eh_call.o)
                0x020171ac                __cxa_call_unexpected
 .text._ZL12read_sleb128PKhPl
                0x02017298       0x34 c:/devkitpro/devkitarm/bin/../lib/gcc/arm-none-eabi/4.7.1/../../../../arm-none-eabi/lib/thumb\libstdc++.a(eh_personality.o)
 .text._ZL28read_encoded_value_with_basehjPKhPj
                0x020172cc       0xd8 c:/devkitpro/devkitarm/bin/../lib/gcc/arm-none-eabi/4.7.1/../../../../arm-none-eabi/lib/thumb\libstdc++.a(eh_personality.o)
 .text._ZL21base_of_encoded_valuehP15_Unwind_Context
                0x020173a4       0x4c c:/devkitpro/devkitarm/bin/../lib/gcc/arm-none-eabi/4.7.1/../../../../arm-none-eabi/lib/thumb\libstdc++.a(eh_personality.o)
 .text._ZL17parse_lsda_headerP15_Unwind_ContextPKhP16lsda_header_info
                0x020173f0       0x98 c:/devkitpro/devkitarm/bin/../lib/gcc/arm-none-eabi/4.7.1/../../../../arm-none-eabi/lib/thumb\libstdc++.a(eh_personality.o)
 .text.__gxx_personality_v0
                0x02017488      0x3ec c:/devkitpro/devkitarm/bin/../lib/gcc/arm-none-eabi/4.7.1/../../../../arm-none-eabi/lib/thumb\libstdc++.a(eh_personality.o)
                0x02017488                __gxx_personality_v0
 .text._ZdlPv   0x02017874       0x10 c:/devkitpro/devkitarm/bin/../lib/gcc/arm-none-eabi/4.7.1/../../../../arm-none-eabi/lib/thumb\libstdc++.a(del_op.o)
                0x02017874                operator delete(void*)
 .text._ZN10__cxxabiv111__terminateEPFvvE
                0x02017884       0x2c c:/devkitpro/devkitarm/bin/../lib/gcc/arm-none-eabi/4.7.1/../../../../arm-none-eabi/lib/thumb\libstdc++.a(eh_terminate.o)
                0x02017884                __cxxabiv1::__terminate(void (*)())
 .text._ZSt9terminatev
                0x020178b0       0x10 c:/devkitpro/devkitarm/bin/../lib/gcc/arm-none-eabi/4.7.1/../../../../arm-none-eabi/lib/thumb\libstdc++.a(eh_terminate.o)
                0x020178b0                std::terminate()
 .text._ZN10__cxxabiv112__unexpectedEPFvvE
                0x020178c0        0xc c:/devkitpro/devkitarm/bin/../lib/gcc/arm-none-eabi/4.7.1/../../../../arm-none-eabi/lib/thumb\libstdc++.a(eh_terminate.o)
                0x020178c0                __cxxabiv1::__unexpected(void (*)())
 .text._ZSt10unexpectedv
                0x020178cc       0x10 c:/devkitpro/devkitarm/bin/../lib/gcc/arm-none-eabi/4.7.1/../../../../arm-none-eabi/lib/thumb\libstdc++.a(eh_terminate.o)
                0x020178cc                std::unexpected()
 .text._ZSt13set_terminatePFvvE
                0x020178dc       0x10 c:/devkitpro/devkitarm/bin/../lib/gcc/arm-none-eabi/4.7.1/../../../../arm-none-eabi/lib/thumb\libstdc++.a(eh_terminate.o)
                0x020178dc                std::set_terminate(void (*)())
 .text._ZSt14set_unexpectedPFvvE
                0x020178ec       0x10 c:/devkitpro/devkitarm/bin/../lib/gcc/arm-none-eabi/4.7.1/../../../../arm-none-eabi/lib/thumb\libstdc++.a(eh_terminate.o)
                0x020178ec                std::set_unexpected(void (*)())
 .text._ZNSt9exceptionD2Ev
                0x020178fc        0xc c:/devkitpro/devkitarm/bin/../lib/gcc/arm-none-eabi/4.7.1/../../../../arm-none-eabi/lib/thumb\libstdc++.a(eh_exception.o)
                0x020178fc                std::exception::~exception()
                0x020178fc                std::exception::~exception()
 .text._ZNSt13bad_exceptionD2Ev
                0x02017908        0xc c:/devkitpro/devkitarm/bin/../lib/gcc/arm-none-eabi/4.7.1/../../../../arm-none-eabi/lib/thumb\libstdc++.a(eh_exception.o)
                0x02017908                std::bad_exception::~bad_exception()
                0x02017908                std::bad_exception::~bad_exception()
 .text._ZN10__cxxabiv115__forced_unwindD2Ev
                0x02017914        0xc c:/devkitpro/devkitarm/bin/../lib/gcc/arm-none-eabi/4.7.1/../../../../arm-none-eabi/lib/thumb\libstdc++.a(eh_exception.o)
                0x02017914                __cxxabiv1::__forced_unwind::~__forced_unwind()
                0x02017914                __cxxabiv1::__forced_unwind::~__forced_unwind()
 .text._ZN10__cxxabiv119__foreign_exceptionD2Ev
                0x02017920        0xc c:/devkitpro/devkitarm/bin/../lib/gcc/arm-none-eabi/4.7.1/../../../../arm-none-eabi/lib/thumb\libstdc++.a(eh_exception.o)
                0x02017920                __cxxabiv1::__foreign_exception::~__foreign_exception()
                0x02017920                __cxxabiv1::__foreign_exception::~__foreign_exception()
 .text._ZNKSt9exception4whatEv
                0x0201792c        0x8 c:/devkitpro/devkitarm/bin/../lib/gcc/arm-none-eabi/4.7.1/../../../../arm-none-eabi/lib/thumb\libstdc++.a(eh_exception.o)
                0x0201792c                std::exception::what() const
 .text._ZNKSt13bad_exception4whatEv
                0x02017934        0x8 c:/devkitpro/devkitarm/bin/../lib/gcc/arm-none-eabi/4.7.1/../../../../arm-none-eabi/lib/thumb\libstdc++.a(eh_exception.o)
                0x02017934                std::bad_exception::what() const
 .text._ZN10__cxxabiv119__foreign_exceptionD0Ev
                0x0201793c       0x1c c:/devkitpro/devkitarm/bin/../lib/gcc/arm-none-eabi/4.7.1/../../../../arm-none-eabi/lib/thumb\libstdc++.a(eh_exception.o)
                0x0201793c                __cxxabiv1::__foreign_exception::~__foreign_exception()
 .text._ZN10__cxxabiv115__forced_unwindD0Ev
                0x02017958       0x1c c:/devkitpro/devkitarm/bin/../lib/gcc/arm-none-eabi/4.7.1/../../../../arm-none-eabi/lib/thumb\libstdc++.a(eh_exception.o)
                0x02017958                __cxxabiv1::__forced_unwind::~__forced_unwind()
 .text._ZNSt9exceptionD0Ev
                0x02017974       0x1c c:/devkitpro/devkitarm/bin/../lib/gcc/arm-none-eabi/4.7.1/../../../../arm-none-eabi/lib/thumb\libstdc++.a(eh_exception.o)
                0x02017974                std::exception::~exception()
 .text._ZNSt13bad_exceptionD0Ev
                0x02017990       0x1c c:/devkitpro/devkitarm/bin/../lib/gcc/arm-none-eabi/4.7.1/../../../../arm-none-eabi/lib/thumb\libstdc++.a(eh_exception.o)
                0x02017990                std::bad_exception::~bad_exception()
 .text.__cxa_allocate_exception
                0x020179ac       0x68 c:/devkitpro/devkitarm/bin/../lib/gcc/arm-none-eabi/4.7.1/../../../../arm-none-eabi/lib/thumb\libstdc++.a(eh_alloc.o)
                0x020179ac                __cxa_allocate_exception
 .text.__cxa_free_exception
                0x02017a14       0x38 c:/devkitpro/devkitarm/bin/../lib/gcc/arm-none-eabi/4.7.1/../../../../arm-none-eabi/lib/thumb\libstdc++.a(eh_alloc.o)
                0x02017a14                __cxa_free_exception
 .text.__cxa_allocate_dependent_exception
                0x02017a4c       0x60 c:/devkitpro/devkitarm/bin/../lib/gcc/arm-none-eabi/4.7.1/../../../../arm-none-eabi/lib/thumb\libstdc++.a(eh_alloc.o)
                0x02017a4c                __cxa_allocate_dependent_exception
 .text.__cxa_free_dependent_exception
                0x02017aac       0x3c c:/devkitpro/devkitarm/bin/../lib/gcc/arm-none-eabi/4.7.1/../../../../arm-none-eabi/lib/thumb\libstdc++.a(eh_alloc.o)
                0x02017aac                __cxa_free_dependent_exception
 .text._ZNKSt9bad_alloc4whatEv
                0x02017ae8        0x8 c:/devkitpro/devkitarm/bin/../lib/gcc/arm-none-eabi/4.7.1/../../../../arm-none-eabi/lib/thumb\libstdc++.a(bad_alloc.o)
                0x02017ae8                std::bad_alloc::what() const
 .text._ZNSt9bad_allocD2Ev
                0x02017af0       0x1c c:/devkitpro/devkitarm/bin/../lib/gcc/arm-none-eabi/4.7.1/../../../../arm-none-eabi/lib/thumb\libstdc++.a(bad_alloc.o)
                0x02017af0                std::bad_alloc::~bad_alloc()
                0x02017af0                std::bad_alloc::~bad_alloc()
 .text._ZNSt9bad_allocD0Ev
                0x02017b0c       0x18 c:/devkitpro/devkitarm/bin/../lib/gcc/arm-none-eabi/4.7.1/../../../../arm-none-eabi/lib/thumb\libstdc++.a(bad_alloc.o)
                0x02017b0c                std::bad_alloc::~bad_alloc()
 .text._ZNK10__cxxabiv117__class_type_info11__do_upcastEPKS0_PPv
                0x02017b24       0x40 c:/devkitpro/devkitarm/bin/../lib/gcc/arm-none-eabi/4.7.1/../../../../arm-none-eabi/lib/thumb\libstdc++.a(class_type_info.o)
                0x02017b24                __cxxabiv1::__class_type_info::__do_upcast(__cxxabiv1::__class_type_info const*, void**) const
 .text._ZNK10__cxxabiv117__class_type_info20__do_find_public_srcEiPKvPKS0_S2_
                0x02017b64       0x14 c:/devkitpro/devkitarm/bin/../lib/gcc/arm-none-eabi/4.7.1/../../../../arm-none-eabi/lib/thumb\libstdc++.a(class_type_info.o)
                0x02017b64                __cxxabiv1::__class_type_info::__do_find_public_src(int, void const*, __cxxabiv1::__class_type_info const*, void const*) const
 .text._ZNK10__cxxabiv117__class_type_info11__do_upcastEPKS0_PKvRNS0_15__upcast_resultE
                0x02017b78       0x24 c:/devkitpro/devkitarm/bin/../lib/gcc/arm-none-eabi/4.7.1/../../../../arm-none-eabi/lib/thumb\libstdc++.a(class_type_info.o)
                0x02017b78                __cxxabiv1::__class_type_info::__do_upcast(__cxxabiv1::__class_type_info const*, void const*, __cxxabiv1::__class_type_info::__upcast_result&) const
 .text._ZN10__cxxabiv117__class_type_infoD2Ev
                0x02017b9c       0x1c c:/devkitpro/devkitarm/bin/../lib/gcc/arm-none-eabi/4.7.1/../../../../arm-none-eabi/lib/thumb\libstdc++.a(class_type_info.o)
                0x02017b9c                __cxxabiv1::__class_type_info::~__class_type_info()
                0x02017b9c                __cxxabiv1::__class_type_info::~__class_type_info()
 .text._ZN10__cxxabiv117__class_type_infoD0Ev
                0x02017bb8       0x18 c:/devkitpro/devkitarm/bin/../lib/gcc/arm-none-eabi/4.7.1/../../../../arm-none-eabi/lib/thumb\libstdc++.a(class_type_info.o)
                0x02017bb8                __cxxabiv1::__class_type_info::~__class_type_info()
 .text._ZNK10__cxxabiv117__class_type_info12__do_dyncastEiNS0_10__sub_kindEPKS0_PKvS3_S5_RNS0_16__dyncast_resultE
                0x02017bd0       0x44 c:/devkitpro/devkitarm/bin/../lib/gcc/arm-none-eabi/4.7.1/../../../../arm-none-eabi/lib/thumb\libstdc++.a(class_type_info.o)
                0x02017bd0                __cxxabiv1::__class_type_info::__do_dyncast(int, __cxxabiv1::__class_type_info::__sub_kind, __cxxabiv1::__class_type_info const*, void const*, __cxxabiv1::__class_type_info const*, void const*, __cxxabiv1::__class_type_info::__dyncast_result&) const
 .text._ZNK10__cxxabiv117__class_type_info10__do_catchEPKSt9type_infoPPvj
                0x02017c14       0x40 c:/devkitpro/devkitarm/bin/../lib/gcc/arm-none-eabi/4.7.1/../../../../arm-none-eabi/lib/thumb\libstdc++.a(class_type_info.o)
                0x02017c14                __cxxabiv1::__class_type_info::__do_catch(std::type_info const*, void**, unsigned int) const
 .text._ZSt15set_new_handlerPFvvE
                0x02017c54       0x10 c:/devkitpro/devkitarm/bin/../lib/gcc/arm-none-eabi/4.7.1/../../../../arm-none-eabi/lib/thumb\libstdc++.a(new_handler.o)
                0x02017c54                std::set_new_handler(void (*)())
 .text.__cxa_end_cleanup
                0x02017c64        0xc c:/devkitpro/devkitarm/bin/../lib/gcc/arm-none-eabi/4.7.1/../../../../arm-none-eabi/lib/thumb\libstdc++.a(eh_arm.o)
                0x02017c64                __cxa_end_cleanup
 .text.__cxa_type_match
                0x02017c70       0xcc c:/devkitpro/devkitarm/bin/../lib/gcc/arm-none-eabi/4.7.1/../../../../arm-none-eabi/lib/thumb\libstdc++.a(eh_arm.o)
                0x02017c70                __cxa_type_match
 .text.__cxa_begin_cleanup
                0x02017d3c       0x64 c:/devkitpro/devkitarm/bin/../lib/gcc/arm-none-eabi/4.7.1/../../../../arm-none-eabi/lib/thumb\libstdc++.a(eh_arm.o)
                0x02017d3c                __cxa_begin_cleanup
 .text.__gnu_end_cleanup
                0x02017da0       0x74 c:/devkitpro/devkitarm/bin/../lib/gcc/arm-none-eabi/4.7.1/../../../../arm-none-eabi/lib/thumb\libstdc++.a(eh_arm.o)
                0x02017da0                __gnu_end_cleanup
 .text._ZL23__gxx_exception_cleanup19_Unwind_Reason_CodeP21_Unwind_Control_Block
                0x02017e14       0x30 c:/devkitpro/devkitarm/bin/../lib/gcc/arm-none-eabi/4.7.1/../../../../arm-none-eabi/lib/thumb\libstdc++.a(eh_throw.o)
 .text.__cxa_throw
                0x02017e44       0x68 c:/devkitpro/devkitarm/bin/../lib/gcc/arm-none-eabi/4.7.1/../../../../arm-none-eabi/lib/thumb\libstdc++.a(eh_throw.o)
                0x02017e44                __cxa_throw
 .text.__cxa_rethrow
                0x02017eac       0x74 c:/devkitpro/devkitarm/bin/../lib/gcc/arm-none-eabi/4.7.1/../../../../arm-none-eabi/lib/thumb\libstdc++.a(eh_throw.o)
                0x02017eac                __cxa_rethrow
 .text.__cxa_pure_virtual
                0x02017f20       0x14 c:/devkitpro/devkitarm/bin/../lib/gcc/arm-none-eabi/4.7.1/../../../../arm-none-eabi/lib/thumb\libstdc++.a(pure.o)
                0x02017f20                __cxa_pure_virtual
 .text.__cxa_deleted_virtual
                0x02017f34       0x14 c:/devkitpro/devkitarm/bin/../lib/gcc/arm-none-eabi/4.7.1/../../../../arm-none-eabi/lib/thumb\libstdc++.a(pure.o)
                0x02017f34                __cxa_deleted_virtual
 .text.__cxa_get_globals_fast
                0x02017f48        0x8 c:/devkitpro/devkitarm/bin/../lib/gcc/arm-none-eabi/4.7.1/../../../../arm-none-eabi/lib/thumb\libstdc++.a(eh_globals.o)
                0x02017f48                __cxa_get_globals_fast
 .text.__cxa_get_globals
                0x02017f50        0x8 c:/devkitpro/devkitarm/bin/../lib/gcc/arm-none-eabi/4.7.1/../../../../arm-none-eabi/lib/thumb\libstdc++.a(eh_globals.o)
                0x02017f50                __cxa_get_globals
 .text.__cxa_get_exception_ptr
                0x02017f58        0x4 c:/devkitpro/devkitarm/bin/../lib/gcc/arm-none-eabi/4.7.1/../../../../arm-none-eabi/lib/thumb\libstdc++.a(eh_catch.o)
                0x02017f58                __cxa_get_exception_ptr
 .text.__cxa_begin_catch
                0x02017f5c       0x88 c:/devkitpro/devkitarm/bin/../lib/gcc/arm-none-eabi/4.7.1/../../../../arm-none-eabi/lib/thumb\libstdc++.a(eh_catch.o)
                0x02017f5c                __cxa_begin_catch
 .text.__cxa_end_catch
                0x02017fe4       0x94 c:/devkitpro/devkitarm/bin/../lib/gcc/arm-none-eabi/4.7.1/../../../../arm-none-eabi/lib/thumb\libstdc++.a(eh_catch.o)
                0x02017fe4                __cxa_end_catch
 .text._ZSt18uncaught_exceptionv
                0x02018078       0x14 c:/devkitpro/devkitarm/bin/../lib/gcc/arm-none-eabi/4.7.1/../../../../arm-none-eabi/lib/thumb\libstdc++.a(eh_catch.o)
                0x02018078                std::uncaught_exception()
 .text._ZNK10__cxxabiv120__si_class_type_info12__do_dyncastEiNS_17__class_type_info10__sub_kindEPKS1_PKvS4_S6_RNS1_16__dyncast_resultE
                0x0201808c       0x90 c:/devkitpro/devkitarm/bin/../lib/gcc/arm-none-eabi/4.7.1/../../../../arm-none-eabi/lib/thumb\libstdc++.a(si_class_type_info.o)
                0x0201808c                __cxxabiv1::__si_class_type_info::__do_dyncast(int, __cxxabiv1::__class_type_info::__sub_kind, __cxxabiv1::__class_type_info const*, void const*, __cxxabiv1::__class_type_info const*, void const*, __cxxabiv1::__class_type_info::__dyncast_result&) const
 .text._ZN10__cxxabiv120__si_class_type_infoD2Ev
                0x0201811c       0x1c c:/devkitpro/devkitarm/bin/../lib/gcc/arm-none-eabi/4.7.1/../../../../arm-none-eabi/lib/thumb\libstdc++.a(si_class_type_info.o)
                0x0201811c                __cxxabiv1::__si_class_type_info::~__si_class_type_info()
                0x0201811c                __cxxabiv1::__si_class_type_info::~__si_class_type_info()
 .text._ZN10__cxxabiv120__si_class_type_infoD0Ev
                0x02018138       0x18 c:/devkitpro/devkitarm/bin/../lib/gcc/arm-none-eabi/4.7.1/../../../../arm-none-eabi/lib/thumb\libstdc++.a(si_class_type_info.o)
                0x02018138                __cxxabiv1::__si_class_type_info::~__si_class_type_info()
 .text._ZNK10__cxxabiv120__si_class_type_info11__do_upcastEPKNS_17__class_type_infoEPKvRNS1_15__upcast_resultE
                0x02018150       0x30 c:/devkitpro/devkitarm/bin/../lib/gcc/arm-none-eabi/4.7.1/../../../../arm-none-eabi/lib/thumb\libstdc++.a(si_class_type_info.o)
                0x02018150                __cxxabiv1::__si_class_type_info::__do_upcast(__cxxabiv1::__class_type_info const*, void const*, __cxxabiv1::__class_type_info::__upcast_result&) const
 .text._ZNK10__cxxabiv120__si_class_type_info20__do_find_public_srcEiPKvPKNS_17__class_type_infoES2_
                0x02018180       0x40 c:/devkitpro/devkitarm/bin/../lib/gcc/arm-none-eabi/4.7.1/../../../../arm-none-eabi/lib/thumb\libstdc++.a(si_class_type_info.o)
                0x02018180                __cxxabiv1::__si_class_type_info::__do_find_public_src(int, void const*, __cxxabiv1::__class_type_info const*, void const*) const
 .text._ZNSt9type_infoD2Ev
                0x020181c0        0xc c:/devkitpro/devkitarm/bin/../lib/gcc/arm-none-eabi/4.7.1/../../../../arm-none-eabi/lib/thumb\libstdc++.a(tinfo.o)
                0x020181c0                std::type_info::~type_info()
                0x020181c0                std::type_info::~type_info()
 .text._ZNKSt9type_info14__is_pointer_pEv
                0x020181cc        0x4 c:/devkitpro/devkitarm/bin/../lib/gcc/arm-none-eabi/4.7.1/../../../../arm-none-eabi/lib/thumb\libstdc++.a(tinfo.o)
                0x020181cc                std::type_info::__is_pointer_p() const
 .text._ZNKSt9type_info15__is_function_pEv
                0x020181d0        0x4 c:/devkitpro/devkitarm/bin/../lib/gcc/arm-none-eabi/4.7.1/../../../../arm-none-eabi/lib/thumb\libstdc++.a(tinfo.o)
                0x020181d0                std::type_info::__is_function_p() const
 .text._ZNKSt9type_info11__do_upcastEPKN10__cxxabiv117__class_type_infoEPPv
                0x020181d4        0x4 c:/devkitpro/devkitarm/bin/../lib/gcc/arm-none-eabi/4.7.1/../../../../arm-none-eabi/lib/thumb\libstdc++.a(tinfo.o)
                0x020181d4                std::type_info::__do_upcast(__cxxabiv1::__class_type_info const*, void**) const
 .text._ZNSt9type_infoD0Ev
                0x020181d8       0x1c c:/devkitpro/devkitarm/bin/../lib/gcc/arm-none-eabi/4.7.1/../../../../arm-none-eabi/lib/thumb\libstdc++.a(tinfo.o)
                0x020181d8                std::type_info::~type_info()
 .text._ZNKSt9type_infoeqERKS_
                0x020181f4       0x30 c:/devkitpro/devkitarm/bin/../lib/gcc/arm-none-eabi/4.7.1/../../../../arm-none-eabi/lib/thumb\libstdc++.a(tinfo.o)
                0x020181f4                std::type_info::operator==(std::type_info const&) const
 .text._ZNKSt9type_info10__do_catchEPKS_PPvj
                0x02018224        0xc c:/devkitpro/devkitarm/bin/../lib/gcc/arm-none-eabi/4.7.1/../../../../arm-none-eabi/lib/thumb\libstdc++.a(tinfo.o)
                0x02018224                std::type_info::__do_catch(std::type_info const*, void**, unsigned int) const
 .text._ZN9__gnu_cxx27__verbose_terminate_handlerEv
                0x02018230      0x11c c:/devkitpro/devkitarm/bin/../lib/gcc/arm-none-eabi/4.7.1/../../../../arm-none-eabi/lib/thumb\libstdc++.a(vterminate.o)
                0x02018230                __gnu_cxx::__verbose_terminate_handler()
 .text.__cxa_current_exception_type
                0x0201834c       0x28 c:/devkitpro/devkitarm/bin/../lib/gcc/arm-none-eabi/4.7.1/../../../../arm-none-eabi/lib/thumb\libstdc++.a(eh_type.o)
                0x0201834c                __cxa_current_exception_type
 *fill*         0x02018374        0x4 ff
 .text.__cxa_current_exception_type.stub
                0x02018378      0x140 linker stubs
 *(.stub)
 *(.gnu.warning)
 *(.gnu.linkonce.t*)
 *(.glue_7)
 .glue_7        0x00000000        0x0 linker stubs
 *(.glue_7t)
 .glue_7t       0x00000000        0x0 linker stubs
                0x020184b8                . = ALIGN (0x4)

.vfp11_veneer   0x020184c8        0x0
 .vfp11_veneer  0x00000000        0x0 linker stubs

.v4_bx          0x020184c8        0x0
 .v4_bx         0x00000000        0x0 linker stubs

.iplt           0x020184c8        0x0
 .iplt          0x00000000        0x0 c:/devkitpro/devkitarm/bin/../lib/gcc/arm-none-eabi/4.7.1/../../../../arm-none-eabi/lib/thumb/ds_arm9_crt0.o

.fini           0x020184c8        0xc
 *(.fini)
 .fini          0x020184c8        0x4 c:/devkitpro/devkitarm/bin/../lib/gcc/arm-none-eabi/4.7.1/thumb/crti.o
                0x020184c8                _fini
 .fini          0x020184cc        0x8 c:/devkitpro/devkitarm/bin/../lib/gcc/arm-none-eabi/4.7.1/thumb/crtn.o
                0x020184d4                __text_end = .

.rodata         0x020184d8   0x199eac
 *(.rodata)
 .rodata        0x020184d8   0x181718 soundbank.bin.o
                0x020184d8                soundbank_bin
                0x02199bec                soundbank_bin_size
                0x02199bec                soundbank_bin_end
 .rodata        0x02199bf0       0x48 ClassDefinitions.o
                0x02199bf0                vtable for Entity
                0x02199c08                vtable for Block
                0x02199c20                vtable for Level
 .rodata        0x02199c38       0x18 Levels.o
                0x02199c38                vtable for Level1
 .rodata        0x02199c50      0x300 Sprites.o
                0x02199c50                SpritesPal
                0x02199e50                SpritesTiles
 .rodata        0x02199f50    0x10200 Tileset.o
                0x02199f50                TilesetPal
                0x0219a150                TilesetTiles
 .rodata        0x021aa150      0x200 c:/devkitPro/libnds/lib\libnds9.a(console.o)
 .rodata        0x021aa350      0x308 c:/devkitPro/libnds/lib\libnds9.a(trig.o)
                0x021aa350                SIN_LUT
                0x021aa454                TAN_LUT
 .rodata        0x021aa658     0x2004 c:/devkitPro/libnds/lib\libnds9.a(default_font.bin.o)
                0x021aa658                default_font_bin
                0x021ac658                default_font_bin_size
                0x021ac658                default_font_bin_end
 .rodata        0x021ac65c      0xf7c c:/devkitpro/devkitarm/bin/../lib/gcc/arm-none-eabi/4.7.1/../../../../arm-none-eabi/lib/thumb\libstdc++.a(cp-demangle.o)
 .rodata        0x021ad5d8       0x14 c:/devkitpro/devkitarm/bin/../lib/gcc/arm-none-eabi/4.7.1/thumb\libgcc.a(unwind-arm.o)
 .rodata        0x021ad5ec        0x4 c:/devkitpro/devkitarm/bin/../lib/gcc/arm-none-eabi/4.7.1/../../../../arm-none-eabi/lib/thumb\libg.a(lib_a-impure.o)
                0x021ad5ec                _global_impure_ptr
 .rodata        0x021ad5f0      0x340 c:/devkitpro/devkitarm/bin/../lib/gcc/arm-none-eabi/4.7.1/../../../../arm-none-eabi/lib/thumb\libg.a(lib_a-svfiscanf.o)
 .rodata        0x021ad930      0x184 c:/devkitpro/devkitarm/bin/../lib/gcc/arm-none-eabi/4.7.1/../../../../arm-none-eabi/lib/thumb\libg.a(lib_a-svfprintf.o)
 .rodata        0x021adab4      0x184 c:/devkitpro/devkitarm/bin/../lib/gcc/arm-none-eabi/4.7.1/../../../../arm-none-eabi/lib/thumb\libg.a(lib_a-vfiprintf.o)
 .rodata        0x021adc38      0x104 c:/devkitpro/devkitarm/bin/../lib/gcc/arm-none-eabi/4.7.1/../../../../arm-none-eabi/lib/thumb\libg.a(lib_a-ctype_.o)
                0x021adc38                _ctype_
 .rodata        0x021add3c     0x34f0 c:/devkitpro/devkitarm/bin/../lib/gcc/arm-none-eabi/4.7.1/../../../../arm-none-eabi/lib/thumb\libg.a(lib_a-jp2uc.o)
 .rodata        0x021b122c       0xf0 c:/devkitpro/devkitarm/bin/../lib/gcc/arm-none-eabi/4.7.1/../../../../arm-none-eabi/lib/thumb\libg.a(lib_a-locale.o)
 .rodata        0x021b131c       0xa8 c:/devkitpro/devkitarm/bin/../lib/gcc/arm-none-eabi/4.7.1/../../../../arm-none-eabi/lib/thumb\libg.a(lib_a-mbtowc_r.o)
 *fill*         0x021b13c4        0x4 ff
 .rodata        0x021b13c8      0x128 c:/devkitpro/devkitarm/bin/../lib/gcc/arm-none-eabi/4.7.1/../../../../arm-none-eabi/lib/thumb\libg.a(lib_a-mprec.o)
                0x021b13d8                __mprec_tens
                0x021b14a0                __mprec_tinytens
                0x021b14c8                __mprec_bigtens
 .rodata        0x021b14f0      0x184 c:/devkitpro/devkitarm/bin/../lib/gcc/arm-none-eabi/4.7.1/../../../../arm-none-eabi/lib/thumb\libg.a(lib_a-svfiprintf.o)
 .rodata        0x021b1674       0x64 c:/devkitpro/devkitarm/bin/../lib/gcc/arm-none-eabi/4.7.1/../../../../arm-none-eabi/lib/thumb\libsysbase.a(iosupport.o)
                0x021b1674                dotab_stdnull
 *all.rodata*(*)
 *(.roda)
 *(.rodata.*)
 .rodata.str1.4
                0x021b16d8        0x7 ClassDefinitions.o
                                  0x8 (size before relaxing)
 *fill*         0x021b16df        0x1 ff
 .rodata.str1.4
                0x021b16e0        0xe main.o
                                 0x10 (size before relaxing)
 *fill*         0x021b16ee        0x2 ff
 .rodata.str1.4
                0x021b16f0       0x49 c:/devkitPro/libnds/lib\libnds9.a(console.o)
                                 0x4c (size before relaxing)
 *fill*         0x021b1739        0x3 ff
 .rodata._ZL28read_encoded_value_with_basehjPKhPj
                0x021b173c       0x34 c:/devkitpro/devkitarm/bin/../lib/gcc/arm-none-eabi/4.7.1/../../../../arm-none-eabi/lib/thumb\libstdc++.a(eh_personality.o)
 .rodata._ZTVN10__cxxabiv115__forced_unwindE
                0x021b1770       0x18 c:/devkitpro/devkitarm/bin/../lib/gcc/arm-none-eabi/4.7.1/../../../../arm-none-eabi/lib/thumb\libstdc++.a(eh_exception.o)
                0x021b1770                vtable for __cxxabiv1::__forced_unwind
 .rodata._ZTVSt9exception
                0x021b1788       0x18 c:/devkitpro/devkitarm/bin/../lib/gcc/arm-none-eabi/4.7.1/../../../../arm-none-eabi/lib/thumb\libstdc++.a(eh_exception.o)
                0x021b1788                vtable for std::exception
 .rodata._ZTIN10__cxxabiv115__forced_unwindE
                0x021b17a0        0x8 c:/devkitpro/devkitarm/bin/../lib/gcc/arm-none-eabi/4.7.1/../../../../arm-none-eabi/lib/thumb\libstdc++.a(eh_exception.o)
                0x021b17a0                typeinfo for __cxxabiv1::__forced_unwind
 .rodata._ZTISt9exception
                0x021b17a8        0x8 c:/devkitpro/devkitarm/bin/../lib/gcc/arm-none-eabi/4.7.1/../../../../arm-none-eabi/lib/thumb\libstdc++.a(eh_exception.o)
                0x021b17a8                typeinfo for std::exception
 .rodata._ZTSSt13bad_exception
                0x021b17b0       0x14 c:/devkitpro/devkitarm/bin/../lib/gcc/arm-none-eabi/4.7.1/../../../../arm-none-eabi/lib/thumb\libstdc++.a(eh_exception.o)
                0x021b17b0                typeinfo name for std::bad_exception
 .rodata.str1.4
                0x021b17c4       0x23 c:/devkitpro/devkitarm/bin/../lib/gcc/arm-none-eabi/4.7.1/../../../../arm-none-eabi/lib/thumb\libstdc++.a(eh_exception.o)
                                 0x24 (size before relaxing)
 *fill*         0x021b17e7        0x1 ff
 .rodata._ZTSN10__cxxabiv119__foreign_exceptionE
                0x021b17e8       0x24 c:/devkitpro/devkitarm/bin/../lib/gcc/arm-none-eabi/4.7.1/../../../../arm-none-eabi/lib/thumb\libstdc++.a(eh_exception.o)
                0x021b17e8                typeinfo name for __cxxabiv1::__foreign_exception
 .rodata._ZTIN10__cxxabiv119__foreign_exceptionE
                0x021b180c        0x8 c:/devkitpro/devkitarm/bin/../lib/gcc/arm-none-eabi/4.7.1/../../../../arm-none-eabi/lib/thumb\libstdc++.a(eh_exception.o)
                0x021b180c                typeinfo for __cxxabiv1::__foreign_exception
 *fill*         0x021b1814        0x4 ff
 .rodata._ZTVSt13bad_exception
                0x021b1818       0x18 c:/devkitpro/devkitarm/bin/../lib/gcc/arm-none-eabi/4.7.1/../../../../arm-none-eabi/lib/thumb\libstdc++.a(eh_exception.o)
                0x021b1818                vtable for std::bad_exception
 .rodata._ZTSSt9exception
                0x021b1830       0x10 c:/devkitpro/devkitarm/bin/../lib/gcc/arm-none-eabi/4.7.1/../../../../arm-none-eabi/lib/thumb\libstdc++.a(eh_exception.o)
                0x021b1830                typeinfo name for std::exception
 .rodata._ZTVN10__cxxabiv119__foreign_exceptionE
                0x021b1840       0x18 c:/devkitpro/devkitarm/bin/../lib/gcc/arm-none-eabi/4.7.1/../../../../arm-none-eabi/lib/thumb\libstdc++.a(eh_exception.o)
                0x021b1840                vtable for __cxxabiv1::__foreign_exception
 .rodata._ZTSN10__cxxabiv115__forced_unwindE
                0x021b1858       0x20 c:/devkitpro/devkitarm/bin/../lib/gcc/arm-none-eabi/4.7.1/../../../../arm-none-eabi/lib/thumb\libstdc++.a(eh_exception.o)
                0x021b1858                typeinfo name for __cxxabiv1::__forced_unwind
 .rodata._ZTISt13bad_exception
                0x021b1878        0xc c:/devkitpro/devkitarm/bin/../lib/gcc/arm-none-eabi/4.7.1/../../../../arm-none-eabi/lib/thumb\libstdc++.a(eh_exception.o)
                0x021b1878                typeinfo for std::bad_exception
 *fill*         0x021b1884        0x4 ff
 .rodata._ZTVSt9bad_alloc
                0x021b1888       0x18 c:/devkitpro/devkitarm/bin/../lib/gcc/arm-none-eabi/4.7.1/../../../../arm-none-eabi/lib/thumb\libstdc++.a(bad_alloc.o)
                0x021b1888                vtable for std::bad_alloc
 .rodata._ZTISt9bad_alloc
                0x021b18a0        0xc c:/devkitpro/devkitarm/bin/../lib/gcc/arm-none-eabi/4.7.1/../../../../arm-none-eabi/lib/thumb\libstdc++.a(bad_alloc.o)
                0x021b18a0                typeinfo for std::bad_alloc
 .rodata.str1.4
                0x021b18ac        0xf c:/devkitpro/devkitarm/bin/../lib/gcc/arm-none-eabi/4.7.1/../../../../arm-none-eabi/lib/thumb\libstdc++.a(bad_alloc.o)
                                 0x10 (size before relaxing)
 *fill*         0x021b18bb        0x1 ff
 .rodata._ZTSSt9bad_alloc
                0x021b18bc       0x10 c:/devkitpro/devkitarm/bin/../lib/gcc/arm-none-eabi/4.7.1/../../../../arm-none-eabi/lib/thumb\libstdc++.a(bad_alloc.o)
                0x021b18bc                typeinfo name for std::bad_alloc
 *fill*         0x021b18cc        0x4 ff
 .rodata._ZTVN10__cxxabiv117__class_type_infoE
                0x021b18d0       0x30 c:/devkitpro/devkitarm/bin/../lib/gcc/arm-none-eabi/4.7.1/../../../../arm-none-eabi/lib/thumb\libstdc++.a(class_type_info.o)
                0x021b18d0                vtable for __cxxabiv1::__class_type_info
 .rodata._ZTIN10__cxxabiv117__class_type_infoE
                0x021b1900        0xc c:/devkitpro/devkitarm/bin/../lib/gcc/arm-none-eabi/4.7.1/../../../../arm-none-eabi/lib/thumb\libstdc++.a(class_type_info.o)
                0x021b1900                typeinfo for __cxxabiv1::__class_type_info
 .rodata._ZTSN10__cxxabiv117__class_type_infoE
                0x021b190c       0x24 c:/devkitpro/devkitarm/bin/../lib/gcc/arm-none-eabi/4.7.1/../../../../arm-none-eabi/lib/thumb\libstdc++.a(class_type_info.o)
                0x021b190c                typeinfo name for __cxxabiv1::__class_type_info
 .rodata._ZSt7nothrow
                0x021b1930        0x4 c:/devkitpro/devkitarm/bin/../lib/gcc/arm-none-eabi/4.7.1/../../../../arm-none-eabi/lib/thumb\libstdc++.a(new_handler.o)
                0x021b1930                std::nothrow
 .rodata.str1.4
                0x021b1934       0x3b c:/devkitpro/devkitarm/bin/../lib/gcc/arm-none-eabi/4.7.1/../../../../arm-none-eabi/lib/thumb\libstdc++.a(pure.o)
                                 0x3c (size before relaxing)
 *fill*         0x021b196f        0x1 ff
 .rodata._ZTVN10__cxxabiv120__si_class_type_infoE
                0x021b1970       0x30 c:/devkitpro/devkitarm/bin/../lib/gcc/arm-none-eabi/4.7.1/../../../../arm-none-eabi/lib/thumb\libstdc++.a(si_class_type_info.o)
                0x021b1970                vtable for __cxxabiv1::__si_class_type_info
 .rodata._ZTIN10__cxxabiv120__si_class_type_infoE
                0x021b19a0        0xc c:/devkitpro/devkitarm/bin/../lib/gcc/arm-none-eabi/4.7.1/../../../../arm-none-eabi/lib/thumb\libstdc++.a(si_class_type_info.o)
                0x021b19a0                typeinfo for __cxxabiv1::__si_class_type_info
 .rodata._ZTSN10__cxxabiv120__si_class_type_infoE
                0x021b19ac       0x28 c:/devkitpro/devkitarm/bin/../lib/gcc/arm-none-eabi/4.7.1/../../../../arm-none-eabi/lib/thumb\libstdc++.a(si_class_type_info.o)
                0x021b19ac                typeinfo name for __cxxabiv1::__si_class_type_info
 .rodata._ZTISt9type_info
                0x021b19d4        0x8 c:/devkitpro/devkitarm/bin/../lib/gcc/arm-none-eabi/4.7.1/../../../../arm-none-eabi/lib/thumb\libstdc++.a(tinfo.o)
                0x021b19d4                typeinfo for std::type_info
 .rodata._ZTSSt9type_info
                0x021b19dc       0x10 c:/devkitpro/devkitarm/bin/../lib/gcc/arm-none-eabi/4.7.1/../../../../arm-none-eabi/lib/thumb\libstdc++.a(tinfo.o)
                0x021b19dc                typeinfo name for std::type_info
 *fill*         0x021b19ec        0x4 ff
 .rodata._ZTVSt9type_info
                0x021b19f0       0x20 c:/devkitpro/devkitarm/bin/../lib/gcc/arm-none-eabi/4.7.1/../../../../arm-none-eabi/lib/thumb\libstdc++.a(tinfo.o)
                0x021b19f0                vtable for std::type_info
 .rodata.str1.4
                0x021b1a10       0x94 c:/devkitpro/devkitarm/bin/../lib/gcc/arm-none-eabi/4.7.1/../../../../arm-none-eabi/lib/thumb\libstdc++.a(vterminate.o)
 .rodata.str1.4
                0x021b1aa4      0x75f c:/devkitpro/devkitarm/bin/../lib/gcc/arm-none-eabi/4.7.1/../../../../arm-none-eabi/lib/thumb\libstdc++.a(cp-demangle.o)
                                0x7b4 (size before relaxing)
 *fill*         0x021b2203        0x1 ff
 .rodata.str1.4
                0x021b2204        0x2 c:/devkitpro/devkitarm/bin/../lib/gcc/arm-none-eabi/4.7.1/../../../../arm-none-eabi/lib/thumb\libg.a(lib_a-impure.o)
                                  0x4 (size before relaxing)
 *fill*         0x021b2206        0x2 ff
 .rodata.str1.4
                0x021b2208       0x42 c:/devkitpro/devkitarm/bin/../lib/gcc/arm-none-eabi/4.7.1/../../../../arm-none-eabi/lib/thumb\libg.a(lib_a-svfprintf.o)
                                 0x44 (size before relaxing)
 .rodata.str1.4
                0x00000000       0x30 c:/devkitpro/devkitarm/bin/../lib/gcc/arm-none-eabi/4.7.1/../../../../arm-none-eabi/lib/thumb\libg.a(lib_a-vfiprintf.o)
 *fill*         0x021b224a        0x2 ff
 .rodata.str1.4
                0x021b224c       0x10 c:/devkitpro/devkitarm/bin/../lib/gcc/arm-none-eabi/4.7.1/../../../../arm-none-eabi/lib/thumb\libg.a(lib_a-dtoa.o)
                                 0x14 (size before relaxing)
 .rodata.str1.4
                0x021b225c       0x12 c:/devkitpro/devkitarm/bin/../lib/gcc/arm-none-eabi/4.7.1/../../../../arm-none-eabi/lib/thumb\libg.a(lib_a-jp2uc.o)
                                 0x14 (size before relaxing)
 *fill*         0x021b226e        0x2 ff
 .rodata.str1.4
                0x021b2270      0x10c c:/devkitpro/devkitarm/bin/../lib/gcc/arm-none-eabi/4.7.1/../../../../arm-none-eabi/lib/thumb\libg.a(lib_a-locale.o)
                                0x130 (size before relaxing)
 .rodata.str1.4
                0x00000000        0x4 c:/devkitpro/devkitarm/bin/../lib/gcc/arm-none-eabi/4.7.1/../../../../arm-none-eabi/lib/thumb\libg.a(lib_a-mbrtowc.o)
 .rodata.str1.4
                0x00000000       0x30 c:/devkitpro/devkitarm/bin/../lib/gcc/arm-none-eabi/4.7.1/../../../../arm-none-eabi/lib/thumb\libg.a(lib_a-svfiprintf.o)
 .rodata.str1.4
                0x021b237c        0x8 c:/devkitpro/devkitarm/bin/../lib/gcc/arm-none-eabi/4.7.1/../../../../arm-none-eabi/lib/thumb\libsysbase.a(iosupport.o)
 *(.gnu.linkonce.r*)
                0x021b2384                . = ALIGN (0x4)

.ARM.extab      0x021b2384      0x158
 *(.ARM.extab* .gnu.linkonce.armextab.*)
 .ARM.extab.text._Znwj
                0x021b2384       0x20 c:/devkitpro/devkitarm/bin/../lib/gcc/arm-none-eabi/4.7.1/../../../../arm-none-eabi/lib/thumb\libstdc++.a(new_op.o)
 .ARM.extab.text._ZN10__cxxabiv1L24__is_gxx_exception_classEPc
                0x021b23a4        0x0 c:/devkitpro/devkitarm/bin/../lib/gcc/arm-none-eabi/4.7.1/../../../../arm-none-eabi/lib/thumb\libstdc++.a(eh_call.o)
 .ARM.extab.text.__cxa_call_terminate
                0x021b23a4        0x0 c:/devkitpro/devkitarm/bin/../lib/gcc/arm-none-eabi/4.7.1/../../../../arm-none-eabi/lib/thumb\libstdc++.a(eh_call.o)
 .ARM.extab.text.__cxa_call_unexpected
                0x021b23a4       0x30 c:/devkitpro/devkitarm/bin/../lib/gcc/arm-none-eabi/4.7.1/../../../../arm-none-eabi/lib/thumb\libstdc++.a(eh_call.o)
 .ARM.extab.text._ZL12read_sleb128PKhPl
                0x021b23d4        0x0 c:/devkitpro/devkitarm/bin/../lib/gcc/arm-none-eabi/4.7.1/../../../../arm-none-eabi/lib/thumb\libstdc++.a(eh_personality.o)
 .ARM.extab.text._ZL28read_encoded_value_with_basehjPKhPj
                0x021b23d4        0xc c:/devkitpro/devkitarm/bin/../lib/gcc/arm-none-eabi/4.7.1/../../../../arm-none-eabi/lib/thumb\libstdc++.a(eh_personality.o)
 .ARM.extab.text._ZL21base_of_encoded_valuehP15_Unwind_Context
                0x021b23e0        0xc c:/devkitpro/devkitarm/bin/../lib/gcc/arm-none-eabi/4.7.1/../../../../arm-none-eabi/lib/thumb\libstdc++.a(eh_personality.o)
 .ARM.extab.text._ZL17parse_lsda_headerP15_Unwind_ContextPKhP16lsda_header_info
                0x021b23ec        0x0 c:/devkitpro/devkitarm/bin/../lib/gcc/arm-none-eabi/4.7.1/../../../../arm-none-eabi/lib/thumb\libstdc++.a(eh_personality.o)
 .ARM.extab.text.__gxx_personality_v0
                0x021b23ec       0x24 c:/devkitpro/devkitarm/bin/../lib/gcc/arm-none-eabi/4.7.1/../../../../arm-none-eabi/lib/thumb\libstdc++.a(eh_personality.o)
 .ARM.extab.text._ZdlPv
                0x021b2410        0x0 c:/devkitpro/devkitarm/bin/../lib/gcc/arm-none-eabi/4.7.1/../../../../arm-none-eabi/lib/thumb\libstdc++.a(del_op.o)
 .ARM.extab.text._ZN10__cxxabiv111__terminateEPFvvE
                0x021b2410       0x28 c:/devkitpro/devkitarm/bin/../lib/gcc/arm-none-eabi/4.7.1/../../../../arm-none-eabi/lib/thumb\libstdc++.a(eh_terminate.o)
 .ARM.extab.text._ZSt9terminatev
                0x021b2438        0x0 c:/devkitpro/devkitarm/bin/../lib/gcc/arm-none-eabi/4.7.1/../../../../arm-none-eabi/lib/thumb\libstdc++.a(eh_terminate.o)
 .ARM.extab.text._ZN10__cxxabiv112__unexpectedEPFvvE
                0x021b2438        0xc c:/devkitpro/devkitarm/bin/../lib/gcc/arm-none-eabi/4.7.1/../../../../arm-none-eabi/lib/thumb\libstdc++.a(eh_terminate.o)
 .ARM.extab.text._ZSt10unexpectedv
                0x021b2444        0xc c:/devkitpro/devkitarm/bin/../lib/gcc/arm-none-eabi/4.7.1/../../../../arm-none-eabi/lib/thumb\libstdc++.a(eh_terminate.o)
 .ARM.extab.text._ZSt13set_terminatePFvvE
                0x021b2450        0x0 c:/devkitpro/devkitarm/bin/../lib/gcc/arm-none-eabi/4.7.1/../../../../arm-none-eabi/lib/thumb\libstdc++.a(eh_terminate.o)
 .ARM.extab.text._ZSt14set_unexpectedPFvvE
                0x021b2450        0x0 c:/devkitpro/devkitarm/bin/../lib/gcc/arm-none-eabi/4.7.1/../../../../arm-none-eabi/lib/thumb\libstdc++.a(eh_terminate.o)
 .ARM.extab.text._ZNSt9exceptionD2Ev
                0x021b2450        0x0 c:/devkitpro/devkitarm/bin/../lib/gcc/arm-none-eabi/4.7.1/../../../../arm-none-eabi/lib/thumb\libstdc++.a(eh_exception.o)
 .ARM.extab.text._ZNSt13bad_exceptionD2Ev
                0x021b2450        0x0 c:/devkitpro/devkitarm/bin/../lib/gcc/arm-none-eabi/4.7.1/../../../../arm-none-eabi/lib/thumb\libstdc++.a(eh_exception.o)
 .ARM.extab.text._ZN10__cxxabiv115__forced_unwindD2Ev
                0x021b2450        0x0 c:/devkitpro/devkitarm/bin/../lib/gcc/arm-none-eabi/4.7.1/../../../../arm-none-eabi/lib/thumb\libstdc++.a(eh_exception.o)
 .ARM.extab.text._ZN10__cxxabiv119__foreign_exceptionD2Ev
                0x021b2450        0x0 c:/devkitpro/devkitarm/bin/../lib/gcc/arm-none-eabi/4.7.1/../../../../arm-none-eabi/lib/thumb\libstdc++.a(eh_exception.o)
 .ARM.extab.text._ZNKSt9exception4whatEv
                0x021b2450        0x0 c:/devkitpro/devkitarm/bin/../lib/gcc/arm-none-eabi/4.7.1/../../../../arm-none-eabi/lib/thumb\libstdc++.a(eh_exception.o)
 .ARM.extab.text._ZNKSt13bad_exception4whatEv
                0x021b2450        0x0 c:/devkitpro/devkitarm/bin/../lib/gcc/arm-none-eabi/4.7.1/../../../../arm-none-eabi/lib/thumb\libstdc++.a(eh_exception.o)
 .ARM.extab.text._ZN10__cxxabiv119__foreign_exceptionD0Ev
                0x021b2450        0x0 c:/devkitpro/devkitarm/bin/../lib/gcc/arm-none-eabi/4.7.1/../../../../arm-none-eabi/lib/thumb\libstdc++.a(eh_exception.o)
 .ARM.extab.text._ZN10__cxxabiv115__forced_unwindD0Ev
                0x021b2450        0x0 c:/devkitpro/devkitarm/bin/../lib/gcc/arm-none-eabi/4.7.1/../../../../arm-none-eabi/lib/thumb\libstdc++.a(eh_exception.o)
 .ARM.extab.text._ZNSt9exceptionD0Ev