Archive member included because of file (symbol)

c:/devkitPro/libnds/lib\libmm9.a(mm_comms.o)
                              ClassDefinitions.o (mmStart)
c:/devkitPro/libnds/lib\libmm9.a(mm_main9.o)
                              c:/devkitPro/libnds/lib\libmm9.a(mm_comms.o) (mmCallback)
c:/devkitPro/libnds/lib\libmm9.a(mm_memory.o)
                              ClassDefinitions.o (mmLoad)
c:/devkitPro/libnds/lib\libmm9.a(mm_soundbank.o)
                              c:/devkitPro/libnds/lib\libmm9.a(mm_main9.o) (mmSoundBankInMemory)
c:/devkitPro/libnds/lib\libmm9.a(mm_flusher.o)
                              c:/devkitPro/libnds/lib\libmm9.a(mm_memory.o) (mmFlushBank)
c:/devkitPro/libnds/lib\libnds9.a(background.o)
                              ClassDefinitions.o (bgUpdate)
c:/devkitPro/libnds/lib\libnds9.a(keys.o)
                              ClassDefinitions.o (scanKeys)
c:/devkitPro/libnds/lib\libnds9.a(sassert.o)
                              ClassDefinitions.o (__sassert)
c:/devkitPro/libnds/lib\libnds9.a(sprite.o)
                              ClassDefinitions.o (oamInit)
c:/devkitPro/libnds/lib\libnds9.a(sprite_alloc.o)
                              c:/devkitPro/libnds/lib\libnds9.a(sprite.o) (oamAllocReset)
c:/devkitPro/libnds/lib\libnds9.a(touch.o)
                              ClassDefinitions.o (touchRead)
c:/devkitPro/libnds/lib\libnds9.a(trig.o)
                              c:/devkitPro/libnds/lib\libnds9.a(background.o) (sinLerp)
c:/devkitPro/libnds/lib\libnds9.a(initSystem.o)
                              c:/devkitpro/devkitarm/bin/../lib/gcc/arm-none-eabi/4.7.1/../../../../arm-none-eabi/lib/thumb/ds_arm9_crt0.o (initSystem)
c:/devkitPro/libnds/lib\libnds9.a(fifosystem.o)
                              c:/devkitPro/libnds/lib\libnds9.a(initSystem.o) (fifoSendValue32)
c:/devkitPro/libnds/lib\libnds9.a(interrupts.o)
                              c:/devkitPro/libnds/lib\libnds9.a(fifosystem.o) (irqSet)
c:/devkitPro/libnds/lib\libnds9.a(libnds_exit.arm.o)
                              c:/devkitpro/devkitarm/bin/../lib/gcc/arm-none-eabi/4.7.1/../../../../arm-none-eabi/lib/thumb/ds_arm9_crt0.o (__libnds_exit)
c:/devkitPro/libnds/lib\libnds9.a(dcache.o)
                              c:/devkitPro/libnds/lib\libnds9.a(sprite.o) (DC_FlushRange)
c:/devkitPro/libnds/lib\libnds9.a(mpu_setup.o)
                              c:/devkitpro/devkitarm/bin/../lib/gcc/arm-none-eabi/4.7.1/../../../../arm-none-eabi/lib/thumb/ds_arm9_crt0.o (__libnds_mpu_setup)
c:/devkitPro/libnds/lib\libnds9.a(biosCalls.o)
                              c:/devkitPro/libnds/lib\libnds9.a(fifosystem.o) (swiIntrWait)
c:/devkitPro/libnds/lib\libnds9.a(interruptDispatcher.o)
                              c:/devkitPro/libnds/lib\libnds9.a(interrupts.o) (IntrMain)
c:/devkitPro/libnds/lib\libnds9.a(swiSoftReset.o)
                              c:/devkitPro/libnds/lib\libnds9.a(fifosystem.o) (swiSoftReset)
c:/devkitPro/libnds/lib\libnds9.a(console.o)
                              c:/devkitPro/libnds/lib\libnds9.a(sassert.o) (consoleDemoInit)
c:/devkitPro/libnds/lib\libnds9.a(system.o)
                              c:/devkitPro/libnds/lib\libnds9.a(initSystem.o) (systemMsgHandler)
c:/devkitPro/libnds/lib\libnds9.a(video.o)
                              c:/devkitPro/libnds/lib\libnds9.a(initSystem.o) (vramDefault)
c:/devkitPro/libnds/lib\libnds9.a(debugprint.o)
                              c:/devkitPro/libnds/lib\libnds9.a(console.o) (nocashWrite)
c:/devkitPro/libnds/lib\libnds9.a(default_font.bin.o)
                              c:/devkitPro/libnds/lib\libnds9.a(console.o) (default_font_bin)
c:/devkitpro/devkitarm/bin/../lib/gcc/arm-none-eabi/4.7.1/../../../../arm-none-eabi/lib/thumb\libstdc++.a(new_op.o)
                              Blocks.o (operator new(unsigned int))
c:/devkitpro/devkitarm/bin/../lib/gcc/arm-none-eabi/4.7.1/../../../../arm-none-eabi/lib/thumb\libstdc++.a(eh_call.o)
                              c:/devkitpro/devkitarm/bin/../lib/gcc/arm-none-eabi/4.7.1/../../../../arm-none-eabi/lib/thumb\libstdc++.a(new_op.o) (__cxa_call_unexpected)
c:/devkitpro/devkitarm/bin/../lib/gcc/arm-none-eabi/4.7.1/../../../../arm-none-eabi/lib/thumb\libstdc++.a(eh_personality.o)
                              c:/devkitpro/devkitarm/bin/../lib/gcc/arm-none-eabi/4.7.1/../../../../arm-none-eabi/lib/thumb\libstdc++.a(new_op.o) (__gxx_personality_v0)
c:/devkitpro/devkitarm/bin/../lib/gcc/arm-none-eabi/4.7.1/../../../../arm-none-eabi/lib/thumb\libstdc++.a(del_op.o)
                              ClassDefinitions.o (operator delete(void*))
c:/devkitpro/devkitarm/bin/../lib/gcc/arm-none-eabi/4.7.1/../../../../arm-none-eabi/lib/thumb\libstdc++.a(eh_terminate.o)
                              c:/devkitpro/devkitarm/bin/../lib/gcc/arm-none-eabi/4.7.1/../../../../arm-none-eabi/lib/thumb\libstdc++.a(eh_call.o) (__cxxabiv1::__terminate(void (*)()))
[...]
Memory Configuration

Name             Origin             Length             Attributes
rom              0x08000000         0x02000000
ewram            0x02000000         0x003ff000
dtcm             0x0b000000         0x00004000
vectors          0x01000000         0x00000100
itcm             0x01000100         0x00007f00
*default*        0x00000000         0xffffffff

Linker script and memory map

                0x01000000                __vectors_start = ORIGIN (vectors)
                0x01000100                __itcm_start = ORIGIN (itcm)
                0x023ff000                __ewram_end = (ORIGIN (ewram) + 0x3ff000)
                0x023ff000                __eheap_end = (ORIGIN (ewram) + 0x3ff000)
                0x0b000000                __dtcm_start = ORIGIN (dtcm)
                0x0b004000                __dtcm_top = (ORIGIN (dtcm) + 0x4000)
                0x0b003ff8                __irq_flags = (__dtcm_top - 0x8)
                0x0b003ffc                __irq_vector = (__dtcm_top - 0x4)
                0x0b003f00                __sp_svc = (__dtcm_top - 0x100)
                0x0b003e00                __sp_irq = (__sp_svc - 0x100)
                0x0b003d00                __sp_usr = (__sp_irq - 0x100)

.init           0x02000000      0x23c
                0x02000000                __text_start = .
 *(.init)
 .init          0x02000000      0x230 c:/devkitpro/devkitarm/bin/../lib/gcc/arm-none-eabi/4.7.1/../../../../arm-none-eabi/lib/thumb/ds_arm9_crt0.o
                0x02000000                _start
 .init          0x02000230        0x4 c:/devkitpro/devkitarm/bin/../lib/gcc/arm-none-eabi/4.7.1/thumb/crti.o
                0x02000230                _init
 .init          0x02000234        0x8 c:/devkitpro/devkitarm/bin/../lib/gcc/arm-none-eabi/4.7.1/thumb/crtn.o
                0x0200023c                . = ALIGN (0x4)

.plt
 *(.plt)

.text           0x02000240    0x19aa0
 *(EXCLUDE_FILE(*.itcm*) .text)
 .text          0x02000240        0x0 c:/devkitpro/devkitarm/bin/../lib/gcc/arm-none-eabi/4.7.1/../../../../arm-none-eabi/lib/thumb/ds_arm9_crt0.o
 .text          0x02000240        0x0 c:/devkitpro/devkitarm/bin/../lib/gcc/arm-none-eabi/4.7.1/thumb/crti.o
 .text          0x02000240       0xd0 c:/devkitpro/devkitarm/bin/../lib/gcc/arm-none-eabi/4.7.1/thumb/crtbegin.o
 .text          0x02000310        0x0 soundbank.bin.o
 .text          0x02000310      0x2c4 Blocks.o
                0x02000310                Triggerable::trigger(bool)
                0x02000320                Plate::tick()
                0x02000374                Actuator::trigger(bool)
                0x020003c4                Door::useOn(Item*, Entity*)
                0x02000420                Wall::Wall()
                0x02000420                Wall::Wall()
                0x02000440                Floor::Floor()
                0x02000440                Floor::Floor()
                0x0200045c                Door::Door()
                0x0200045c                Door::Door()
                0x02000484                Door::linkToBlock(int, int)
                0x020004b4                Door::linkToLevel(Level*)
                0x020004c4                Triggerable::Triggerable()
                0x020004c4                Triggerable::Triggerable()
                0x020004e0                Actuator::Actuator()
                0x020004e0                Actuator::Actuator()
                0x02000504                Plate::Plate()
                0x02000504                Plate::Plate()
                0x02000524                Plate::linkTrigger(Triggerable*)
                0x02000528                BlockFactory::makeWall(unsigned short)
                0x02000544                BlockFactory::makeFloor(unsigned short)
                0x02000560                BlockFactory::makeDoor(unsigned short)
                0x0200057c                BlockFactory::makeActuator(unsigned short)
                0x02000598                BlockFactory::makePlate(unsigned short, Triggerable*)
                0x020005b8                BlockFactory::makePlate(unsigned short)
 .text          0x020005d4     0x1078 ClassDefinitions.o
                0x020005d4                Entity::useOn(Item*, Entity*)
                0x020005d8                Block::onLoad(int, int)
                0x020005e4                Block::onEnter(Entity*)
                0x020005e8                Block::onUnload()
                0x020005f8                Level::copy()
                0x02000618                Level::onUnload()
                0x02000660                Block::tick()
                0x02000674                Block::useOn(Item*, Entity*)
                0x02000688                Level::~Level()
                0x02000688                Level::~Level()
                0x020006a4                Level::~Level()
                0x020006b8                Sprite::Sprite()
                0x020006b8                Sprite::Sprite()
                0x020006dc                Sprite::writeOam()
                0x02000754                Sprite::setAnimFrame(unsigned char)
                0x02000758                Sprite::setGfxBase(int)
                0x0200076c                Sprite::setSpriteEntry(unsigned char)
                0x02000770                Sprite::onUnload()
                0x020007b0                Entity::onUnload()
                0x020007bc                Item::getAtt()
                0x020007c0                Item::getDef()
                0x020007c4                Item::Item(unsigned char, unsigned char)
                0x020007c4                Item::Item(unsigned char, unsigned char)
                0x020007cc                Item::Item()
                0x020007cc                Item::Item()
                0x020007d4                Entity::Entity()
                0x020007d4                Entity::Entity()
                0x02000810                Entity::loadCommon()
                0x0200086c                Entity::onLoad()
                0x0200087c                Entity::calcSprite()
                0x020008d4                Entity::tick()
                0x020008ec                Entity::calcGrid()
                0x02000900                Block::Block()
                0x02000900                Block::Block()
                0x02000918                Block::getTileIndex()
                0x0200091c                Block::setEntity(Entity*)
                0x0200093c                Block::setTileIndex(unsigned short)
                0x02000940                Level::loadCommon()
                0x020009f0                Level::getOamEntry()
                0x02000a04                Level::isPlayer(Entity*)
                0x02000a10                Level::getBlock(int, int)
                0x02000a38                Entity::translate(int, int)
                0x02000a88                Level::testSolid(int, int)
                0x02000a94                Level::calcLight(int, int, unsigned char)
                0x02000b40                Level::drawLevel()
                0x02000ce0                Level::tick()
                0x02000f10                SoundManager::SoundManager()
                0x02000f10                SoundManager::SoundManager()
                0x02000f90                SoundManager::playBGM(unsigned char, bool)
                0x02000fc4                SoundManager::stopBGM()
                0x02000fdc                SoundManager::setBGMVol(unsigned int)
                0x02000ff0                SoundManager::setBGMTempo(unsigned int)
                0x02001014                SoundManager::playSFX(unsigned char, unsigned int)
                0x02001034                Level::onLoad()
                0x020010b4                Game::Game()
                0x020010b4                Game::Game()
                0x02001260                Game::loadLevel(Level*)
                0x020012a0                Game::setLevel(Level*)
                0x020012ac                Game::mainLoop()
                0x0200134c                Level::initBlocks(unsigned char const*, unsigned char const*, int)
 .text          0x0200164c      0x9e8 Entities.o
                0x0200164c                Rock::tick()
                0x020016c4                Rock::onLoad()
                0x020016dc                Skeleton::onLoad()
                0x02001710                Mob::onLoad()
                0x02001744                Mob::useOn(Item*, Entity*)
                0x020017ec                Player::onLoad()
                0x02001818                Player::tick()
                0x02001b40                Rock::useOn(Item*, Entity*)
                0x02001ca4                Mob::move(int)
                0x02001e10                Mob::moveIdle()
                0x02001e4c                Mob::checkPlayer()
                0x02001ed0                Mob::tick()
 .text          0x02002034        0x0 Items.o
 .text          0x02002034      0x4f8 Levels.o
                0x02002034                LevelWinLevel::copy()
                0x02002054                LevelMainMenu::copy()
                0x02002074                Level1::copy()
                0x02002094                LevelWinLevel::onLoad()
                0x02002194                LevelMainMenu::onLoad()
                0x02002344                Level1::onLoad()
 .text          0x0200252c        0x0 main.o
 .text          0x0200252c        0x0 LevelMainMenu.o
 .text          0x0200252c        0x0 LevelOne.o
 .text          0x0200252c        0x0 LevelTest.o
 .text          0x0200252c        0x0 MenuImage.o
 .text          0x0200252c        0x0 Sprites.o
 .text          0x0200252c        0x0 Tileset.o
 .text          0x0200252c        0x0 Wall.o
 .text          0x0200252c        0x0 WinLevel.o
 .text          0x0200252c      0x24c c:/devkitPro/libnds/lib\libmm9.a(mm_comms.o)
                0x0200252c                mmSetupComms
                0x0200257e                mmSendBank
                0x02002588                mmLockChannels
                0x0200258e                mmUnlockChannels
                0x02002594                mmStart
                0x0200259e                mmPause
                0x020025a2                mmResume
                0x020025a6                mmStop
                0x020025aa                mmPosition
                0x020025ae                mmJingle
                0x020025b2                mmSetModuleVolume
                0x020025b6                mmSetJingleVolume
                0x020025ba                mmSetModuleTempo
                0x020025be                mmSetModulePitch
                0x020025c2                mmSetEffectsVolume
                0x020025c6                mmSelectMode
                0x020025ca                mmStreamBegin
                0x020025de                mmStreamEnd
                0x02002634                mmEffect
                0x02002658                mmEffectVolume
                0x0200265c                mmEffectPanning
                0x02002660                mmEffectRate
                0x0200266a                mmEffectScaleRate
                0x02002674                mmEffectRelease
                0x0200267a                mmEffectCancel
                0x02002680                mmEffectEx
                0x020026be                mmEffectCancelAll
                0x020026c2                mmReverbEnable
                0x020026c6                mmReverbDisable
                0x020026ca                mmReverbConfigure
                0x02002726                mmReverbStart
                0x0200272a                mmReverbStop
 .text          0x02002778      0x108 c:/devkitPro/libnds/lib\libmm9.a(mm_main9.o)
                0x02002778                mmActive
                0x0200277e                mmSetEventHandler
                0x02002784                mmInit
                0x020027ae                mmInitDefault
                0x020027f8                mmInitDefaultMem
                0x0200281a                mmSuspendIRQ_t
                0x02002838                mmRestoreIRQ_t
 .text          0x02002880      0x120 c:/devkitPro/libnds/lib\libmm9.a(mm_memory.o)
                0x02002880                mmLoad
                0x020028d0                mmUnload
                0x02002928                mmLoadEffect
                0x02002960                mmUnloadEffect
 .text          0x020029a0      0x100 c:/devkitPro/libnds/lib\libmm9.a(mm_soundbank.o)
                0x020029a0                mmSoundBankInMemory
                0x020029a8                mmSoundBankInFiles
                0x020029ba                mmSetCustomSoundBankHandler
                0x020029e6                mmsHandleFileOp
 .text          0x02002aa0       0x3c c:/devkitPro/libnds/lib\libmm9.a(mm_flusher.o)
                0x02002aa0                mmFlushBank
 .text          0x02002adc      0x2e8 c:/devkitPro/libnds/lib\libnds9.a(background.o)
                0x02002adc                bgIsText
                0x02002ae8                checkIfText
                0x02002b40                bgUpdate
                0x02002c34                bgInit_call
                0x02002cf8                bgInitSub_call
 .text          0x02002dc4       0xf4 c:/devkitPro/libnds/lib\libnds9.a(keys.o)
                0x02002dc4                scanKeys
                0x02002e30                keysHeld
                0x02002e3c                keysDown
                0x02002e4c                keysDownRepeat
                0x02002e5c                keysSetRepeat
                0x02002e74                keysUp
                0x02002e84                keysCurrent
 .text          0x02002eb8       0x24 c:/devkitPro/libnds/lib\libnds9.a(sassert.o)
                0x02002eb8                __sassert
 .text          0x02002edc      0x3f4 c:/devkitPro/libnds/lib\libnds9.a(sprite.o)
                0x02002edc                oamInit
                0x02002ff0                oamDisable
                0x02003020                oamEnable
                0x02003044                oamGetGfxPtr
                0x02003078                oamClear
                0x020030a0                oamGfxPtrToOffset
                0x020030d4                oamSet
                0x02003224                oamUpdate
                0x02003284                oamRotateScale
 .text          0x020032d0      0x450 c:/devkitPro/libnds/lib\libnds9.a(sprite_alloc.o)
                0x02003300                oamAllocReset
                0x02003334                oamAllocateGfx
                0x02003538                oamFreeGfx
                0x020036d4                oamCountFragments
 .text          0x02003720       0x4c c:/devkitPro/libnds/lib\libnds9.a(touch.o)
                0x02003720                touchRead
                0x02003748                touchReadXY
 .text          0x0200376c      0x244 c:/devkitPro/libnds/lib\libnds9.a(trig.o)
                0x0200376c                asinComp
                0x02003794                sinLutLookup
                0x020037d0                sinLerp
                0x02003808                cosLerp
                0x0200381c                tanLutLookup
                0x02003854                tanLerp
                0x020038f8                asinLerp
                0x02003974                acosLerp
                0x02003988                atanComp
 .text          0x020039b0      0x140 c:/devkitPro/libnds/lib\libnds9.a(initSystem.o)
                0x020039b0                initSystem
 .text          0x02003af0      0xc58 c:/devkitPro/libnds/lib\libnds9.a(fifosystem.o)
                0x02003d44                fifoSendAddress
                0x02003d70                fifoSendValue32
                0x02003db0                fifoSendDatamsg
                0x02003e20                fifoGetAddress
                0x02003e98                fifoSetAddressHandler
                0x02003f0c                fifoGetValue32
                0x02003f80                fifoSetValue32Handler
                0x02003ff4                fifoGetDatamsg
                0x02004478                fifoSetDatamsgHandler
                0x02004510                fifoCheckAddress
                0x02004534                fifoCheckDatamsg
                0x02004558                fifoCheckValue32
                0x0200457c                fifoInit
 .text          0x02004748      0x1ec c:/devkitPro/libnds/lib\libnds9.a(interrupts.o)
                0x02004748                irqDummy
                0x0200474c                irqSet
                0x020047b8                irqInit
                0x02004804                irqInitHandler
                0x02004834                irqEnable
                0x02004898                irqDisable
                0x020048fc                irqClear
 .text          0x02004934       0x58 c:/devkitPro/libnds/lib\libnds9.a(libnds_exit.arm.o)
                0x02004934                systemErrorExit
                0x02004938                __libnds_exit
 .text          0x0200498c       0x70 c:/devkitPro/libnds/lib\libnds9.a(dcache.o)
                0x0200498c                DC_FlushAll
                0x020049b8                DC_FlushRange
                0x020049d4                DC_InvalidateAll
                0x020049e0                DC_InvalidateRange
 .text          0x020049fc      0x1b4 c:/devkitPro/libnds/lib\libnds9.a(mpu_setup.o)
                0x020049fc                __libnds_mpu_setup
                0x02004b3c                memCached
                0x02004b54                memUncached
 .text          0x02004bb0       0x70 c:/devkitPro/libnds/lib\libnds9.a(biosCalls.o)
                0x02004bb0                swiDelay
                0x02004bb4                swiIntrWait
                0x02004bb8                swiWaitForVBlank
                0x02004bbc                swiSleep
                0x02004bc0                swiChangeSoundBias
                0x02004bc4                swiDivide
                0x02004bc8                swiRemainder
                0x02004bce                swiDivMod
                0x02004bda                swiCopy
                0x02004bde                swiFastCopy
                0x02004be2                swiSqrt
                0x02004be6                swiCRC16
                0x02004bea                swiIsDebugger
                0x02004bee                swiUnpackBits
                0x02004bf2                swiDecompressLZSSWram
                0x02004bf6                swiDecompressLZSSVramNTR
                0x02004bfa                swiDecompressLZSSVramTWL
                0x02004bfe                swiDecompressHuffman
                0x02004c02                swiDecompressRLEWram
                0x02004c06                swiDecompressRLEVram
                0x02004c0a                swiWaitForIRQ
                0x02004c0e                swiDecodeDelta8
                0x02004c12                swiDecodeDelta16
                0x02004c16                swiSetHaltCR
 .text          0x02004c20        0x0 c:/devkitPro/libnds/lib\libnds9.a(interruptDispatcher.o)
 .text          0x02004c20       0x30 c:/devkitPro/libnds/lib\libnds9.a(swiSoftReset.o)
                0x02004c20                swiSoftReset
 .text          0x02004c50      0xa4c c:/devkitPro/libnds/lib\libnds9.a(console.o)
                0x02004cf0                nocash_write
                0x02004d00                consoleGetDefault
                0x02004d0c                consoleSelect
                0x02004d1c                consoleDebugInit
                0x02004d6c                consolePrintChar
                0x02004f38                consoleLoadFont
                0x020051c0                consoleSetFont
                0x020051e0                consoleInit
                0x02005348                consoleDemoInit
                0x0200538c                con_write
                0x02005668                consoleClear
                0x02005678                consoleSetWindow
 .text          0x0200569c      0x128 c:/devkitPro/libnds/lib\libnds9.a(system.o)
                0x0200569c                setSDcallback
                0x020056a8                systemMsgHandler
                0x020056ec                systemSleep
                0x02005704                systemValueHandler
                0x02005740                powerOn
                0x0200576c                powerOff
                0x02005794                ledBlink
                0x020057a4                getBatteryLevel
 .text          0x020057c4      0x1f8 c:/devkitPro/libnds/lib\libnds9.a(video.o)
                0x020057c4                vramSetPrimaryBanks
                0x02005808                vramSetMainBanks
                0x0200584c                vramSetBanks_EFG
                0x02005884                vramRestorePrimaryBanks
                0x02005890                vramRestoreMainBanks
                0x0200589c                vramRestoreBanks_EFG
                0x020058a8                setBrightness
                0x020058e8                vramDefault
 .text          0x020059bc       0xa4 c:/devkitPro/libnds/lib\libnds9.a(debugprint.o)
                0x020059bc                nocashWrite
                0x020059be                nocashMessage
 .text          0x02005a60        0x0 c:/devkitPro/libnds/lib\libnds9.a(default_font.bin.o)
 .text          0x02005a60        0x0 c:/devkitpro/devkitarm/bin/../lib/gcc/arm-none-eabi/4.7.1/../../../../arm-none-eabi/lib/thumb\libstdc++.a(new_op.o)
 .text          0x02005a60        0x0 c:/devkitpro/devkitarm/bin/../lib/gcc/arm-none-eabi/4.7.1/../../../../arm-none-eabi/lib/thumb\libstdc++.a(eh_call.o)
 .text          0x02005a60        0x0 c:/devkitpro/devkitarm/bin/../lib/gcc/arm-none-eabi/4.7.1/../../../../arm-none-eabi/lib/thumb\libstdc++.a(eh_personality.o)
 .text          0x02005a60        0x0 c:/devkitpro/devkitarm/bin/../lib/gcc/arm-none-eabi/4.7.1/../../../../arm-none-eabi/lib/thumb\libstdc++.a(del_op.o)
 .text          0x02005a60        0x0 c:/devkitpro/devkitarm/bin/../lib/gcc/arm-none-eabi/4.7.1/../../../../arm-none-eabi/lib/thumb\libstdc++.a(eh_terminate.o)
 .text          0x02005a60        0x0 c:/devkitpro/devkitarm/bin/../lib/gcc/arm-none-eabi/4.7.1/../../../../arm-none-eabi/lib/thumb\libstdc++.a(eh_exception.o)
 .text          0x02005a60        0x0 c:/devkitpro/devkitarm/bin/../lib/gcc/arm-none-eabi/4.7.1/../../../../arm-none-eabi/lib/thumb\libstdc++.a(eh_alloc.o)
 .text          0x02005a60        0x0 c:/devkitpro/devkitarm/bin/../lib/gcc/arm-none-eabi/4.7.1/../../../../arm-none-eabi/lib/thumb\libstdc++.a(bad_alloc.o)
 .text          0x02005a60        0x0 c:/devkitpro/devkitarm/bin/../lib/gcc/arm-none-eabi/4.7.1/../../../../arm-none-eabi/lib/thumb\libstdc++.a(class_type_info.o)
 .text          0x02005a60        0x0 c:/devkitpro/devkitarm/bin/../lib/gcc/arm-none-eabi/4.7.1/../../../../arm-none-eabi/lib/thumb\libstdc++.a(new_handler.o)
 .text          0x02005a60        0x0 c:/devkitpro/devkitarm/bin/../lib/gcc/arm-none-eabi/4.7.1/../../../../arm-none-eabi/lib/thumb\libstdc++.a(eh_arm.o)
 .text          0x02005a60        0x0 c:/devkitpro/devkitarm/bin/../lib/gcc/arm-none-eabi/4.7.1/../../../../arm-none-eabi/lib/thumb\libstdc++.a(eh_throw.o)
 .text          0x02005a60        0x0 c:/devkitpro/devkitarm/bin/../lib/gcc/arm-none-eabi/4.7.1/../../../../arm-none-eabi/lib/thumb\libstdc++.a(pure.o)
 .text          0x02005a60        0x0 c:/devkitpro/devkitarm/bin/../lib/gcc/arm-none-eabi/4.7.1/../../../../arm-none-eabi/lib/thumb\libstdc++.a(eh_globals.o)
 .text          0x02005a60        0x0 c:/devkitpro/devkitarm/bin/../lib/gcc/arm-none-eabi/4.7.1/../../../../arm-none-eabi/lib/thumb\libstdc++.a(eh_catch.o)
 .text          0x02005a60        0x0 c:/devkitpro/devkitarm/bin/../lib/gcc/arm-none-eabi/4.7.1/../../../../arm-none-eabi/lib/thumb\libstdc++.a(si_class_type_info.o)
 .text          0x02005a60        0x0 c:/devkitpro/devkitarm/bin/../lib/gcc/arm-none-eabi/4.7.1/../../../../arm-none-eabi/lib/thumb\libstdc++.a(eh_unex_handler.o)
 .text          0x02005a60        0x0 c:/devkitpro/devkitarm/bin/../lib/gcc/arm-none-eabi/4.7.1/../../../../arm-none-eabi/lib/thumb\libstdc++.a(tinfo.o)
 .text          0x02005a60        0x0 c:/devkitpro/devkitarm/bin/../lib/gcc/arm-none-eabi/4.7.1/../../../../arm-none-eabi/lib/thumb\libstdc++.a(eh_term_handler.o)
 .text          0x02005a60        0x0 c:/devkitpro/devkitarm/bin/../lib/gcc/arm-none-eabi/4.7.1/../../../../arm-none-eabi/lib/thumb\libstdc++.a(vterminate.o)
 .text          0x02005a60        0x0 c:/devkitpro/devkitarm/bin/../lib/gcc/arm-none-eabi/4.7.1/../../../../arm-none-eabi/lib/thumb\libstdc++.a(eh_type.o)
 .text          0x02005a60     0x5984 c:/devkitpro/devkitarm/bin/../lib/gcc/arm-none-eabi/4.7.1/../../../../arm-none-eabi/lib/thumb\libstdc++.a(cp-demangle.o)
                0x0200b2f0                __cxa_demangle
                0x0200b3b8                __gcclibcxx_demangle_callback
 .text          0x0200b3e4      0x11c c:/devkitpro/devkitarm/bin/../lib/gcc/arm-none-eabi/4.7.1/thumb\libgcc.a(_udivsi3.o)
                0x0200b3e4                __aeabi_uidiv
                0x0200b3e4                __udivsi3
                0x0200b4e0                __aeabi_uidivmod
 .text          0x0200b500      0x150 c:/devkitpro/devkitarm/bin/../lib/gcc/arm-none-eabi/4.7.1/thumb\libgcc.a(_divsi3.o)
                0x0200b500                __divsi3
                0x0200b500                __aeabi_idiv
                0x0200b630                __aeabi_idivmod
 .text          0x0200b650        0x4 c:/devkitpro/devkitarm/bin/../lib/gcc/arm-none-eabi/4.7.1/thumb\libgcc.a(_dvmd_tls.o)
                0x0200b650                __aeabi_idiv0
                0x0200b650                __aeabi_ldiv0
 .text          0x0200b654      0xab4 c:/devkitpro/devkitarm/bin/../lib/gcc/arm-none-eabi/4.7.1/thumb\libgcc.a(unwind-arm.o)
                0x0200b950                _Unwind_GetCFA
                0x0200b954                __gnu_Unwind_RaiseException
                0x0200b9b4                __gnu_Unwind_ForcedUnwind
                0x0200b9cc                __gnu_Unwind_Resume
                0x0200ba14                __gnu_Unwind_Resume_or_Rethrow
                0x0200ba34                _Unwind_Complete
                0x0200ba38                _Unwind_DeleteException
                0x0200ba50                _Unwind_VRS_Get
                0x0200ba9c                _Unwind_VRS_Set
                0x0200bdf8                __aeabi_unwind_cpp_pr2
                0x0200be08                __aeabi_unwind_cpp_pr1
                0x0200be18                __aeabi_unwind_cpp_pr0
                0x0200be28                __gnu_Unwind_Backtrace
                0x0200be9c                _Unwind_VRS_Pop
 .text          0x0200c108      0x1d8 c:/devkitpro/devkitarm/bin/../lib/gcc/arm-none-eabi/4.7.1/thumb\libgcc.a(libunwind.o)
                0x0200c108                __restore_core_regs
                0x0200c108                restore_core_regs
                0x0200c124                __gnu_Unwind_Restore_VFP
                0x0200c12c                __gnu_Unwind_Save_VFP
                0x0200c134                __gnu_Unwind_Restore_VFP_D
                0x0200c13c                __gnu_Unwind_Save_VFP_D
                0x0200c144                __gnu_Unwind_Restore_VFP_D_16_to_31
                0x0200c14c                __gnu_Unwind_Save_VFP_D_16_to_31
                0x0200c154                __gnu_Unwind_Restore_WMMXD
                0x0200c198                __gnu_Unwind_Save_WMMXD
                0x0200c1dc                __gnu_Unwind_Restore_WMMXC
                0x0200c1f0                __gnu_Unwind_Save_WMMXC
                0x0200c204                ___Unwind_RaiseException
                0x0200c204                _Unwind_RaiseException
                0x0200c230                _Unwind_Resume
                0x0200c230                ___Unwind_Resume
                0x0200c25c                _Unwind_Resume_or_Rethrow
                0x0200c25c                ___Unwind_Resume_or_Rethrow
                0x0200c288                _Unwind_ForcedUnwind
                0x0200c288                ___Unwind_ForcedUnwind
                0x0200c2b4                ___Unwind_Backtrace
                0x0200c2b4                _Unwind_Backtrace
 .text          0x0200c2e0      0x3e0 c:/devkitpro/devkitarm/bin/../lib/gcc/arm-none-eabi/4.7.1/thumb\libgcc.a(pr-support.o)
                0x0200c33c                __gnu_unwind_execute
                0x0200c65c                __gnu_unwind_frame
                0x0200c688                _Unwind_GetRegionStart
                0x0200c698                _Unwind_GetLanguageSpecificData
                0x0200c6b0                _Unwind_GetDataRelBase
                0x0200c6b8                _Unwind_GetTextRelBase
 .text          0x0200c6c0       0x10 c:/devkitpro/devkitarm/bin/../lib/gcc/arm-none-eabi/4.7.1/../../../../arm-none-eabi/lib/thumb\libg.a(lib_a-abort.o)
                0x0200c6c0                abort
 .text          0x0200c6d0       0x64 c:/devkitpro/devkitarm/bin/../lib/gcc/arm-none-eabi/4.7.1/../../../../arm-none-eabi/lib/thumb\libg.a(lib_a-bsearch.o)
                0x0200c6d0                bsearch
 .text          0x0200c734       0xb0 c:/devkitpro/devkitarm/bin/../lib/gcc/arm-none-eabi/4.7.1/../../../../arm-none-eabi/lib/thumb\libg.a(lib_a-fclose.o)
                0x0200c734                _fclose_r
                0x0200c7c8                fclose
 .text          0x0200c7e4      0x1b8 c:/devkitpro/devkitarm/bin/../lib/gcc/arm-none-eabi/4.7.1/../../../../arm-none-eabi/lib/thumb\libg.a(lib_a-fflush.o)
                0x0200c7e4                __sflush_r
                0x0200c93c                _fflush_r
                0x0200c96c                fflush
 .text          0x0200c99c      0x1d8 c:/devkitpro/devkitarm/bin/../lib/gcc/arm-none-eabi/4.7.1/../../../../arm-none-eabi/lib/thumb\libg.a(lib_a-findfp.o)
                0x0200c9a4                _cleanup_r
                0x0200ca04                __sfmoreglue
                0x0200ca34                _cleanup
                0x0200ca48                __sinit
                0x0200ca9c                __sfp
                0x0200cb2c                __sfp_lock_acquire
                0x0200cb30                __sfp_lock_release
                0x0200cb34                __sinit_lock_acquire
                0x0200cb38                __sinit_lock_release
                0x0200cb3c                __fp_lock_all
                0x0200cb58                __fp_unlock_all
 .text          0x0200cb74       0xa8 c:/devkitpro/devkitarm/bin/../lib/gcc/arm-none-eabi/4.7.1/../../../../arm-none-eabi/lib/thumb\libg.a(lib_a-fopen.o)
                0x0200cb74                _fopen_r
                0x0200cc00                fopen
 .text          0x0200cc1c       0x54 c:/devkitpro/devkitarm/bin/../lib/gcc/arm-none-eabi/4.7.1/../../../../arm-none-eabi/lib/thumb\libg.a(lib_a-fputc.o)
                0x0200cc1c                _fputc_r
                0x0200cc44                fputc
 .text          0x0200cc70       0x78 c:/devkitpro/devkitarm/bin/../lib/gcc/arm-none-eabi/4.7.1/../../../../arm-none-eabi/lib/thumb\libg.a(lib_a-fputs.o)
                0x0200cc70                _fputs_r
                0x0200cccc                fputs
 .text          0x0200cce8      0x190 c:/devkitpro/devkitarm/bin/../lib/gcc/arm-none-eabi/4.7.1/../../../../arm-none-eabi/lib/thumb\libg.a(lib_a-fread.o)
                0x0200cce8                _fread_r
                0x0200ce50                fread
 .text          0x0200ce78      0x238 c:/devkitpro/devkitarm/bin/../lib/gcc/arm-none-eabi/4.7.1/../../../../arm-none-eabi/lib/thumb\libg.a(lib_a-freer.o)
                0x0200ce78                _malloc_trim_r
                0x0200cf1c                _free_r
 .text          0x0200d0b0      0x328 c:/devkitpro/devkitarm/bin/../lib/gcc/arm-none-eabi/4.7.1/../../../../arm-none-eabi/lib/thumb\libg.a(lib_a-fseek.o)
                0x0200d0b0                _fseek_r
                0x0200d3b4                fseek
 .text          0x0200d3d8      0x2fc c:/devkitpro/devkitarm/bin/../lib/gcc/arm-none-eabi/4.7.1/../../../../arm-none-eabi/lib/thumb\libg.a(lib_a-fvwrite.o)
                0x0200d3d8                __sfvwrite_r
 .text          0x0200d6d4       0xb4 c:/devkitpro/devkitarm/bin/../lib/gcc/arm-none-eabi/4.7.1/../../../../arm-none-eabi/lib/thumb\libg.a(lib_a-fwalk.o)
                0x0200d6d4                _fwalk
                0x0200d728                _fwalk_reent
 .text          0x0200d788       0x9c c:/devkitpro/devkitarm/bin/../lib/gcc/arm-none-eabi/4.7.1/../../../../arm-none-eabi/lib/thumb\libg.a(lib_a-fwrite.o)
                0x0200d788                _fwrite_r
                0x0200d7fc                fwrite
 .text          0x0200d824        0x0 c:/devkitpro/devkitarm/bin/../lib/gcc/arm-none-eabi/4.7.1/../../../../arm-none-eabi/lib/thumb\libg.a(lib_a-impure.o)
 .text          0x0200d824       0x54 c:/devkitpro/devkitarm/bin/../lib/gcc/arm-none-eabi/4.7.1/../../../../arm-none-eabi/lib/thumb\libg.a(lib_a-init.o)
                0x0200d824                __libc_init_array
 .text          0x0200d878       0x40 c:/devkitpro/devkitarm/bin/../lib/gcc/arm-none-eabi/4.7.1/../../../../arm-none-eabi/lib/thumb\libg.a(lib_a-iprintf.o)
                0x0200d878                iprintf
                0x0200d89c                _iprintf_r
 .text          0x0200d8b8       0xe0 c:/devkitpro/devkitarm/bin/../lib/gcc/arm-none-eabi/4.7.1/../../../../arm-none-eabi/lib/thumb\libg.a(lib_a-makebuf.o)
                0x0200d8b8                __smakebuf_r
 .text          0x0200d998       0x30 c:/devkitpro/devkitarm/bin/../lib/gcc/arm-none-eabi/4.7.1/../../../../arm-none-eabi/lib/thumb\libg.a(lib_a-malloc.o)
                0x0200d998                malloc
                0x0200d9b0                free
 .text          0x0200d9c8      0x51c c:/devkitpro/devkitarm/bin/../lib/gcc/arm-none-eabi/4.7.1/../../../../arm-none-eabi/lib/thumb\libg.a(lib_a-mallocr.o)
                0x0200d9c8                _malloc_r
 .text          0x0200dee4       0x98 c:/devkitpro/devkitarm/bin/../lib/gcc/arm-none-eabi/4.7.1/../../../../arm-none-eabi/lib/thumb\libg.a(lib_a-memchr-stub.o)
                0x0200dee4                memchr
 .text          0x0200df7c       0x60 c:/devkitpro/devkitarm/bin/../lib/gcc/arm-none-eabi/4.7.1/../../../../arm-none-eabi/lib/thumb\libg.a(lib_a-memcmp.o)
                0x0200df7c                memcmp
 .text          0x0200dfdc       0x90 c:/devkitpro/devkitarm/bin/../lib/gcc/arm-none-eabi/4.7.1/../../../../arm-none-eabi/lib/thumb\libg.a(lib_a-memcpy-stub.o)
                0x0200dfdc                memcpy
 .text          0x0200e06c       0xb0 c:/devkitpro/devkitarm/bin/../lib/gcc/arm-none-eabi/4.7.1/../../../../arm-none-eabi/lib/thumb\libg.a(lib_a-memmove.o)
                0x0200e06c                memmove
 .text          0x0200e11c       0x98 c:/devkitpro/devkitarm/bin/../lib/gcc/arm-none-eabi/4.7.1/../../../../arm-none-eabi/lib/thumb\libg.a(lib_a-memset.o)
                0x0200e11c                memset
 .text          0x0200e1b4        0x8 c:/devkitpro/devkitarm/bin/../lib/gcc/arm-none-eabi/4.7.1/../../../../arm-none-eabi/lib/thumb\libg.a(lib_a-mlock.o)
                0x0200e1b4                __malloc_lock
                0x0200e1b8                __malloc_unlock
 .text          0x0200e1bc       0xc4 c:/devkitpro/devkitarm/bin/../lib/gcc/arm-none-eabi/4.7.1/../../../../arm-none-eabi/lib/thumb\libg.a(lib_a-putc.o)
                0x0200e1bc                _putc_r
                0x0200e21c                putc
 .text          0x0200e280       0x50 c:/devkitpro/devkitarm/bin/../lib/gcc/arm-none-eabi/4.7.1/../../../../arm-none-eabi/lib/thumb\libg.a(lib_a-rand.o)
                0x0200e280                srand
                0x0200e294                rand
 .text          0x0200e2d0       0x1c c:/devkitpro/devkitarm/bin/../lib/gcc/arm-none-eabi/4.7.1/../../../../arm-none-eabi/lib/thumb\libg.a(lib_a-realloc.o)
                0x0200e2d0                realloc
 .text          0x0200e2ec      0x3e8 c:/devkitpro/devkitarm/bin/../lib/gcc/arm-none-eabi/4.7.1/../../../../arm-none-eabi/lib/thumb\libg.a(lib_a-reallocr.o)
                0x0200e2ec                _realloc_r
 .text          0x0200e6d4      0x144 c:/devkitpro/devkitarm/bin/../lib/gcc/arm-none-eabi/4.7.1/../../../../arm-none-eabi/lib/thumb\libg.a(lib_a-refill.o)
                0x0200e6f4                __srefill_r
 .text          0x0200e818      0x120 c:/devkitpro/devkitarm/bin/../lib/gcc/arm-none-eabi/4.7.1/../../../../arm-none-eabi/lib/thumb\libg.a(lib_a-setvbuf.o)
                0x0200e818                setvbuf
 .text          0x0200e938      0x198 c:/devkitpro/devkitarm/bin/../lib/gcc/arm-none-eabi/4.7.1/../../../../arm-none-eabi/lib/thumb\libg.a(lib_a-signal.o)
                0x0200e938                _init_signal_r
                0x0200e978                _signal_r
                0x0200e9b8                _raise_r
                0x0200ea18                __sigtramp_r
                0x0200ea6c                raise
                0x0200ea84                signal
                0x0200eaa0                _init_signal
                0x0200eab4                __sigtramp
 .text          0x0200ead0       0xa0 c:/devkitpro/devkitarm/bin/../lib/gcc/arm-none-eabi/4.7.1/../../../../arm-none-eabi/lib/thumb\libg.a(lib_a-siscanf.o)
                0x0200ead0                siscanf
                0x0200eb20                _siscanf_r
 .text          0x0200eb70       0x84 c:/devkitpro/devkitarm/bin/../lib/gcc/arm-none-eabi/4.7.1/../../../../arm-none-eabi/lib/thumb\libg.a(lib_a-sprintf.o)
                0x0200eb70                _sprintf_r
                0x0200ebb0                sprintf
 .text          0x0200ebf4       0xac c:/devkitpro/devkitarm/bin/../lib/gcc/arm-none-eabi/4.7.1/../../../../arm-none-eabi/lib/thumb\libg.a(lib_a-stdio.o)
                0x0200ebf4                __sread
                0x0200ec20                __seofread
                0x0200ec24                __swrite
                0x0200ec60                __sseek
                0x0200ec90                __sclose
 .text          0x0200eca0       0x14 c:/devkitpro/devkitarm/bin/../lib/gcc/arm-none-eabi/4.7.1/../../../../arm-none-eabi/lib/thumb\libg.a(lib_a-strcmp.o)
                0x0200eca0                strcmp
 .text          0x0200ecb4       0x10 c:/devkitpro/devkitarm/bin/../lib/gcc/arm-none-eabi/4.7.1/../../../../arm-none-eabi/lib/thumb\libg.a(lib_a-strlen.o)
                0x0200ecb4                strlen
 .text          0x0200ecc4       0xbc c:/devkitpro/devkitarm/bin/../lib/gcc/arm-none-eabi/4.7.1/../../../../arm-none-eabi/lib/thumb\libg.a(lib_a-strncmp.o)
                0x0200ecc4                strncmp
 .text          0x0200ed80      0xa98 c:/devkitpro/devkitarm/bin/../lib/gcc/arm-none-eabi/4.7.1/../../../../arm-none-eabi/lib/thumb\libg.a(lib_a-svfiscanf.o)
                0x0200ed80                _sungetc_r
                0x0200ee08                __ssrefill_r
                0x0200ee4c                _sfread_r
                0x0200eed8                __ssvfiscanf_r
 .text          0x0200f818     0x1728 c:/devkitpro/devkitarm/bin/../lib/gcc/arm-none-eabi/4.7.1/../../../../arm-none-eabi/lib/thumb\libg.a(lib_a-svfprintf.o)
                0x0200f818                _svfprintf_r
 .text          0x02010f40       0x20 c:/devkitpro/devkitarm/bin/../lib/gcc/arm-none-eabi/4.7.1/../../../../arm-none-eabi/lib/thumb\libg.a(lib_a-syswrite.o)
                0x02010f40                write
 .text          0x02010f60      0x188 c:/devkitpro/devkitarm/bin/../lib/gcc/arm-none-eabi/4.7.1/../../../../arm-none-eabi/lib/thumb\libg.a(lib_a-ungetc.o)
                0x02010f60                __submore
                0x02010fe8                _ungetc_r
                0x020110cc                ungetc
 .text          0x020110e8      0xed4 c:/devkitpro/devkitarm/bin/../lib/gcc/arm-none-eabi/4.7.1/../../../../arm-none-eabi/lib/thumb\libg.a(lib_a-vfiprintf.o)
                0x020110e8                __sprint_r
                0x0201116c                _vfiprintf_r
                0x02011f98                vfiprintf
 .text          0x02011fbc       0xd0 c:/devkitpro/devkitarm/bin/../lib/gcc/arm-none-eabi/4.7.1/../../../../arm-none-eabi/lib/thumb\libg.a(lib_a-wbuf.o)
                0x02011fbc                __swbuf_r
                0x02012070                __swbuf
 .text          0x0201208c       0xe8 c:/devkitpro/devkitarm/bin/../lib/gcc/arm-none-eabi/4.7.1/../../../../arm-none-eabi/lib/thumb\libg.a(lib_a-wcrtomb.o)
                0x0201208c                _wcrtomb_r
                0x020120f4                wcrtomb
 .text          0x02012174       0x40 c:/devkitpro/devkitarm/bin/../lib/gcc/arm-none-eabi/4.7.1/../../../../arm-none-eabi/lib/thumb\libg.a(lib_a-wcsrtombs.o)
                0x02012174                _wcsrtombs_r
                0x0201218c                wcsrtombs
 .text          0x020121b4      0x2a4 c:/devkitpro/devkitarm/bin/../lib/gcc/arm-none-eabi/4.7.1/../../../../arm-none-eabi/lib/thumb\libg.a(lib_a-wctomb_r.o)
                0x020121b4                __utf8_wctomb
                0x02012268                _wctomb_r
                0x020122a0                __ascii_wctomb
                0x020122c0                __sjis_wctomb
                0x0201233c                __eucjp_wctomb
                0x020123d8                __jis_wctomb
 .text          0x02012458       0xd0 c:/devkitpro/devkitarm/bin/../lib/gcc/arm-none-eabi/4.7.1/../../../../arm-none-eabi/lib/thumb\libg.a(lib_a-wsetup.o)
                0x02012458                __swsetup_r
 .text          0x02012528       0x10 c:/devkitpro/devkitarm/bin/../lib/gcc/arm-none-eabi/4.7.1/../../../../arm-none-eabi/lib/thumb\libg.a(lib_a-ctype_.o)
                0x02012528                __set_ctype
 .text          0x02012538     0x10a0 c:/devkitpro/devkitarm/bin/../lib/gcc/arm-none-eabi/4.7.1/../../../../arm-none-eabi/lib/thumb\libg.a(lib_a-dtoa.o)
                0x02012690                _dtoa_r
 .text          0x020135d8       0x70 c:/devkitpro/devkitarm/bin/../lib/gcc/arm-none-eabi/4.7.1/../../../../arm-none-eabi/lib/thumb\libg.a(lib_a-flags.o)
                0x020135d8                __sflags
 .text          0x02013648      0x104 c:/devkitpro/devkitarm/bin/../lib/gcc/arm-none-eabi/4.7.1/../../../../arm-none-eabi/lib/thumb\libg.a(lib_a-fputwc.o)
                0x02013648                _fputwc_r
                0x02013720                fputwc
 .text          0x0201374c       0x78 c:/devkitpro/devkitarm/bin/../lib/gcc/arm-none-eabi/4.7.1/../../../../arm-none-eabi/lib/thumb\libg.a(lib_a-iswspace.o)
                0x0201374c                iswspace
 .text          0x020137c4      0x1f0 c:/devkitpro/devkitarm/bin/../lib/gcc/arm-none-eabi/4.7.1/../../../../arm-none-eabi/lib/thumb\libg.a(lib_a-jp2uc.o)
                0x02013950                _jp2uc
 .text          0x020139b4      0x950 c:/devkitpro/devkitarm/bin/../lib/gcc/arm-none-eabi/4.7.1/../../../../arm-none-eabi/lib/thumb\libg.a(lib_a-locale.o)
                0x020140a8                _setlocale_r
                0x020142a4                __locale_charset
                0x020142ac                __locale_mb_cur_max
                0x020142b8                __locale_msgcharset
                0x020142c4                __locale_cjk_lang
                0x020142d0                _localeconv_r
                0x020142dc                setlocale
                0x020142f8                localeconv
 .text          0x02014304      0x104 c:/devkitpro/devkitarm/bin/../lib/gcc/arm-none-eabi/4.7.1/../../../../arm-none-eabi/lib/thumb\libg.a(lib_a-mbrtowc.o)
                0x02014304                _mbrtowc_r
                0x0201437c                mbrtowc
 .text          0x02014408      0x584 c:/devkitpro/devkitarm/bin/../lib/gcc/arm-none-eabi/4.7.1/../../../../arm-none-eabi/lib/thumb\libg.a(lib_a-mbtowc_r.o)
                0x02014408                __utf8_mbtowc
                0x02014668                _mbtowc_r
                0x020146a4                __ascii_mbtowc
                0x020146d4                __sjis_mbtowc
                0x02014794                __eucjp_mbtowc
                0x0201485c                __jis_mbtowc
 *fill*         0x0201498c        0x4 ff
 .text          0x02014990      0x978 c:/devkitpro/devkitarm/bin/../lib/gcc/arm-none-eabi/4.7.1/../../../../arm-none-eabi/lib/thumb\libg.a(lib_a-mprec.o)
                0x02014990                _Balloc
                0x020149e4                _Bfree
                0x020149fc                __multadd
                0x02014aa8                __s2b
                0x02014b44                __hi0bits
                0x02014b7c                __lo0bits
                0x02014bdc                __i2b
                0x02014bf4                __multiply
                0x02014d58                __pow5mult
                0x02014e08                __lshift
                0x02014ed8                __mcmp
                0x02014f14                __mdiff
                0x02015004                __ulp
                0x0201504c                __b2d
                0x020150f0                __d2b
                0x020151a8                __ratio
                0x02015224                _mprec_log10
                0x02015264                __copybits
                0x020152ac                __any_on
 .text          0x02015308       0x7c c:/devkitpro/devkitarm/bin/../lib/gcc/arm-none-eabi/4.7.1/../../../../arm-none-eabi/lib/thumb\libg.a(lib_a-sccl.o)
                0x02015308                __sccl
 .text          0x02015384       0x5c c:/devkitpro/devkitarm/bin/../lib/gcc/arm-none-eabi/4.7.1/../../../../arm-none-eabi/lib/thumb\libg.a(lib_a-s_fpclassify.o)
                0x02015384                __fpclassifyd
 .text          0x020153e0       0x50 c:/devkitpro/devkitarm/bin/../lib/gcc/arm-none-eabi/4.7.1/../../../../arm-none-eabi/lib/thumb\libg.a(lib_a-strcasecmp.o)
                0x020153e0                strcasecmp
 .text          0x02015430       0x50 c:/devkitpro/devkitarm/bin/../lib/gcc/arm-none-eabi/4.7.1/../../../../arm-none-eabi/lib/thumb\libg.a(lib_a-strcat.o)
                0x02015430                strcat
 .text          0x02015480       0xd4 c:/devkitpro/devkitarm/bin/../lib/gcc/arm-none-eabi/4.7.1/../../../../arm-none-eabi/lib/thumb\libg.a(lib_a-strchr.o)
                0x02015480                strchr
 .text          0x02015554       0x10 c:/devkitpro/devkitarm/bin/../lib/gcc/arm-none-eabi/4.7.1/../../../../arm-none-eabi/lib/thumb\libg.a(lib_a-strcpy.o)
                0x02015554                strcpy
 .text          0x02015564       0x48 c:/devkitpro/devkitarm/bin/../lib/gcc/arm-none-eabi/4.7.1/../../../../arm-none-eabi/lib/thumb\libg.a(lib_a-strlcpy.o)
                0x02015564                strlcpy
 .text          0x020155ac       0x60 c:/devkitpro/devkitarm/bin/../lib/gcc/arm-none-eabi/4.7.1/../../../../arm-none-eabi/lib/thumb\libg.a(lib_a-strncasecmp.o)
                0x020155ac                strncasecmp
 .text          0x0201560c       0x60 c:/devkitpro/devkitarm/bin/../lib/gcc/arm-none-eabi/4.7.1/../../../../arm-none-eabi/lib/thumb\libg.a(lib_a-strncpy.o)
                0x0201560c                strncpy
 *fill*         0x0201566c        0x4 ff
 .text          0x02015670      0x208 c:/devkitpro/devkitarm/bin/../lib/gcc/arm-none-eabi/4.7.1/../../../../arm-none-eabi/lib/thumb\libg.a(lib_a-strtoll_r.o)
                0x02015670                _strtoll_r
 .text          0x02015878      0x190 c:/devkitpro/devkitarm/bin/../lib/gcc/arm-none-eabi/4.7.1/../../../../arm-none-eabi/lib/thumb\libg.a(lib_a-strtol.o)
                0x02015878                _strtol_r
                0x020159e8                strtol
 .text          0x02015a08      0x238 c:/devkitpro/devkitarm/bin/../lib/gcc/arm-none-eabi/4.7.1/../../../../arm-none-eabi/lib/thumb\libg.a(lib_a-strtoull_r.o)
                0x02015a08                _strtoull_r
 .text          0x02015c40      0x198 c:/devkitpro/devkitarm/bin/../lib/gcc/arm-none-eabi/4.7.1/../../../../arm-none-eabi/lib/thumb\libg.a(lib_a-strtoul.o)
                0x02015c40                _strtoul_r
                0x02015db8                strtoul
 .text          0x02015dd8      0xeb4 c:/devkitpro/devkitarm/bin/../lib/gcc/arm-none-eabi/4.7.1/../../../../arm-none-eabi/lib/thumb\libg.a(lib_a-svfiprintf.o)
                0x02015dd8                __ssprint_r
                0x02015f08                _svfiprintf_r
 .text          0x02016c8c      0x150 c:/devkitpro/devkitarm/bin/../lib/gcc/arm-none-eabi/4.7.1/../../../../arm-none-eabi/lib/thumb\libg.a(lib_a-wcsnrtombs.o)
                0x02016c8c                _wcsnrtombs_r
                0x02016dac                wcsnrtombs
 .text          0x02016ddc       0x64 c:/devkitpro/devkitarm/bin/../lib/gcc/arm-none-eabi/4.7.1/../../../../arm-none-eabi/lib/thumb\libg.a(lib_a-callocr.o)
                0x02016ddc                _calloc_r
 .text          0x02016e40       0xa8 c:/devkitpro/devkitarm/bin/../lib/gcc/arm-none-eabi/4.7.1/../../../../arm-none-eabi/lib/thumb\libg.a(lib_a-getenv_r.o)
                0x02016e40                _findenv_r
                0x02016ed8                _getenv_r
 .text          0x02016ee8        0x0 c:/devkitpro/devkitarm/bin/../lib/gcc/arm-none-eabi/4.7.1/../../../../arm-none-eabi/lib/thumb\libg.a(lib_a-environ.o)
 .text          0x02016ee8        0x8 c:/devkitpro/devkitarm/bin/../lib/gcc/arm-none-eabi/4.7.1/../../../../arm-none-eabi/lib/thumb\libg.a(lib_a-envlock.o)
                0x02016ee8                __env_lock
                0x02016eec                __env_unlock
 .text          0x02016ef0      0x144 c:/devkitpro/devkitarm/bin/../lib/gcc/arm-none-eabi/4.7.1/../../../../arm-none-eabi/lib/thumb\libsysbase.a(iosupport.o)
                0x02016ef0                setDefaultDevice
                0x02016f04                FindDevice
                0x02016f74                RemoveDevice
                0x02016f98                AddDevice
                0x02017014                GetDeviceOpTab
 .text          0x02017034       0x50 c:/devkitpro/devkitarm/bin/../lib/gcc/arm-none-eabi/4.7.1/../../../../arm-none-eabi/lib/thumb\libsysbase.a(close.o)
                0x02017034                _close_r
 .text          0x02017084       0x50 c:/devkitpro/devkitarm/bin/../lib/gcc/arm-none-eabi/4.7.1/../../../../arm-none-eabi/lib/thumb\libsysbase.a(fstat.o)
                0x02017084                _fstat_r
 .text          0x020170d4        0xc c:/devkitpro/devkitarm/bin/../lib/gcc/arm-none-eabi/4.7.1/../../../../arm-none-eabi/lib/thumb\libsysbase.a(getpid.o)
                0x020170d4                _getpid_r
 .text          0x020170e0        0x4 c:/devkitpro/devkitarm/bin/../lib/gcc/arm-none-eabi/4.7.1/../../../../arm-none-eabi/lib/thumb\libsysbase.a(isatty.o)
                0x020170e0                _isatty_r
 .text          0x020170e4        0xc c:/devkitpro/devkitarm/bin/../lib/gcc/arm-none-eabi/4.7.1/../../../../arm-none-eabi/lib/thumb\libsysbase.a(kill.o)
                0x020170e4                _kill_r
 .text          0x020170f0       0x50 c:/devkitpro/devkitarm/bin/../lib/gcc/arm-none-eabi/4.7.1/../../../../arm-none-eabi/lib/thumb\libsysbase.a(lseek.o)
                0x020170f0                _lseek_r
 .text          0x02017140       0xa0 c:/devkitpro/devkitarm/bin/../lib/gcc/arm-none-eabi/4.7.1/../../../../arm-none-eabi/lib/thumb\libsysbase.a(open.o)
                0x02017140                _open_r
 .text          0x020171e0       0x50 c:/devkitpro/devkitarm/bin/../lib/gcc/arm-none-eabi/4.7.1/../../../../arm-none-eabi/lib/thumb\libsysbase.a(read.o)
                0x020171e0                _read_r
 .text          0x02017230       0x54 c:/devkitpro/devkitarm/bin/../lib/gcc/arm-none-eabi/4.7.1/../../../../arm-none-eabi/lib/thumb\libsysbase.a(sbrk.o)
                0x02017230                _sbrk_r
 .text          0x02017284       0x44 c:/devkitpro/devkitarm/bin/../lib/gcc/arm-none-eabi/4.7.1/../../../../arm-none-eabi/lib/thumb\libsysbase.a(times.o)
                0x02017284                _times
                0x02017298                _times_r
                0x020172a0                _gettimeofday_r
 .text          0x020172c8       0x58 c:/devkitpro/devkitarm/bin/../lib/gcc/arm-none-eabi/4.7.1/../../../../arm-none-eabi/lib/thumb\libsysbase.a(write.o)
                0x020172c8                _write_r
 .text          0x02017320       0x18 c:/devkitpro/devkitarm/bin/../lib/gcc/arm-none-eabi/4.7.1/../../../../arm-none-eabi/lib/thumb\libsysbase.a(_exit.o)
                0x02017320                _exit
 .text          0x02017338        0x0 c:/devkitpro/devkitarm/bin/../lib/gcc/arm-none-eabi/4.7.1/../../../../arm-none-eabi/lib/thumb\libsysbase.a(malloc_vars.o)
 .text          0x02017338       0x4c c:/devkitpro/devkitarm/bin/../lib/gcc/arm-none-eabi/4.7.1/../../../../arm-none-eabi/lib/thumb\libsysbase.a(build_argv.o)
                0x02017338                build_argv
 .text          0x02017384        0x0 c:/devkitpro/devkitarm/bin/../lib/gcc/arm-none-eabi/4.7.1/../../../../arm-none-eabi/lib/thumb\libsysbase.a(syscall_support.o)
 .text          0x02017384       0x84 c:/devkitpro/devkitarm/bin/../lib/gcc/arm-none-eabi/4.7.1/../../../../arm-none-eabi/lib/thumb\libsysbase.a(handle_manager.o)
                0x02017384                __release_handle
                0x020173b0                __alloc_handle
                0x020173e8                __get_handle
 .text          0x02017408      0x41c c:/devkitpro/devkitarm/bin/../lib/gcc/arm-none-eabi/4.7.1/thumb\libgcc.a(_arm_addsubdf3.o)
                0x02017408                __aeabi_drsub
                0x02017410                __aeabi_dsub
                0x02017410                __subdf3
                0x02017414                __aeabi_dadd
                0x02017414                __adddf3
                0x02017724                __floatunsidf
                0x02017724                __aeabi_ui2d
                0x02017748                __floatsidf
                0x02017748                __aeabi_i2d
                0x02017770                __aeabi_f2d
                0x02017770                __extendsfdf2
                0x020177b0                __floatundidf
                0x020177b0                __aeabi_ul2d
                0x020177c4                __floatdidf
                0x020177c4                __aeabi_l2d
 .text          0x02017824      0x49c c:/devkitpro/devkitarm/bin/../lib/gcc/arm-none-eabi/4.7.1/thumb\libgcc.a(_arm_muldivdf3.o)
                0x02017824                __aeabi_dmul
                0x02017824                __muldf3
                0x02017ab4                __divdf3
                0x02017ab4                __aeabi_ddiv
 .text          0x02017cc0      0x144 c:/devkitpro/devkitarm/bin/../lib/gcc/arm-none-eabi/4.7.1/thumb\libgcc.a(_arm_cmpdf2.o)
                0x02017cc0                __gtdf2
                0x02017cc0                __gedf2
                0x02017cc8                __ltdf2
                0x02017cc8                __ledf2
                0x02017cd0                __nedf2
                0x02017cd0                __eqdf2
                0x02017cd0                __cmpdf2
                0x02017d58                __aeabi_cdrcmple
                0x02017d74                __aeabi_cdcmpeq
                0x02017d74                __aeabi_cdcmple
                0x02017d8c                __aeabi_dcmpeq
                0x02017da4                __aeabi_dcmplt
                0x02017dbc                __aeabi_dcmple
                0x02017dd4                __aeabi_dcmpge
                0x02017dec                __aeabi_dcmpgt
 .text          0x02017e04       0x5c c:/devkitpro/devkitarm/bin/../lib/gcc/arm-none-eabi/4.7.1/thumb\libgcc.a(_arm_fixdfsi.o)
                0x02017e04                __aeabi_d2iz
                0x02017e04                __fixdfsi
 .text          0x02017e60       0x3c c:/devkitpro/devkitarm/bin/../lib/gcc/arm-none-eabi/4.7.1/thumb\libgcc.a(_aeabi_uldivmod.o)
                0x02017e60                __aeabi_uldivmod
 .text          0x02017e9c       0x4c c:/devkitpro/devkitarm/bin/../lib/gcc/arm-none-eabi/4.7.1/thumb\libgcc.a(_muldi3.o)
                0x02017e9c                __muldi3
                0x02017e9c                __aeabi_lmul
 .text          0x02017ee8       0x7c c:/devkitpro/devkitarm/bin/../lib/gcc/arm-none-eabi/4.7.1/thumb\libgcc.a(bpabi.o)
                0x02017ee8                __gnu_ldivmod_helper
                0x02017f28                __gnu_uldivmod_helper
 .text          0x02017f64      0x3d4 c:/devkitpro/devkitarm/bin/../lib/gcc/arm-none-eabi/4.7.1/thumb\libgcc.a(_divdi3.o)
                0x02017f64                __divdi3
 .text          0x02018338      0x3a0 c:/devkitpro/devkitarm/bin/../lib/gcc/arm-none-eabi/4.7.1/thumb\libgcc.a(_udivdi3.o)
                0x02018338                __udivdi3
 .text          0x020186d8       0x48 c:/devkitpro/devkitarm/bin/../lib/gcc/arm-none-eabi/4.7.1/thumb\libgcc.a(_clzsi2.o)
                0x020186d8                __clzsi2
 .text          0x02018720        0xc c:/devkitpro/devkitarm/bin/../lib/gcc/arm-none-eabi/4.7.1/../../../../arm-none-eabi/lib/thumb\libg.a(lib_a-errno.o)
                0x02018720                __errno
 .text          0x0201872c        0x0 c:/devkitpro/devkitarm/bin/../lib/gcc/arm-none-eabi/4.7.1/thumb/crtend.o
 .text          0x0201872c        0x0 c:/devkitpro/devkitarm/bin/../lib/gcc/arm-none-eabi/4.7.1/thumb/crtn.o
 *(.text.*)
 .text._ZNSt6vectorIP5BlockSaIS1_EE13_M_insert_auxEN9__gnu_cxx17__normal_iteratorIPS1_S3_EERKS1_
                0x0201872c       0xec ClassDefinitions.o
                0x0201872c                std::vector<Block*, std::allocator<Block*> >::_M_insert_aux(__gnu_cxx::__normal_iterator<Block**, std::vector<Block*, std::allocator<Block*> > >, Block* const&)
 .text._ZN6Level1D2Ev
                0x02018818       0x18 Levels.o
                0x02018818                Level1::~Level1()
                0x02018818                Level1::~Level1()
 .text._ZN13LevelMainMenuD2Ev
                0x02018830       0x18 Levels.o
                0x02018830                LevelMainMenu::~LevelMainMenu()
                0x02018830                LevelMainMenu::~LevelMainMenu()
 .text._ZN13LevelWinLevelD2Ev
                0x02018848       0x18 Levels.o
                0x02018848                LevelWinLevel::~LevelWinLevel()
                0x02018848                LevelWinLevel::~LevelWinLevel()
 .text._ZN6Level1D0Ev
                0x02018860       0x1c Levels.o
                0x02018860                Level1::~Level1()
 .text._ZN13LevelWinLevelD0Ev
                0x0201887c       0x1c Levels.o
                0x0201887c                LevelWinLevel::~LevelWinLevel()
 .text._ZN13LevelMainMenuD0Ev
                0x02018898       0x1c Levels.o
                0x02018898                LevelMainMenu::~LevelMainMenu()
 .text.startup  0x020188b4       0x4c main.o
                0x020188b4                main
 .text._Znwj    0x02018900       0x60 c:/devkitpro/devkitarm/bin/../lib/gcc/arm-none-eabi/4.7.1/../../../../arm-none-eabi/lib/thumb\libstdc++.a(new_op.o)
                0x02018900                operator new(unsigned int)
 .text._ZN10__cxxabiv1L24__is_gxx_exception_classEPc
                0x02018960       0x40 c:/devkitpro/devkitarm/bin/../lib/gcc/arm-none-eabi/4.7.1/../../../../arm-none-eabi/lib/thumb\libstdc++.a(eh_call.o)
 .text.__cxa_call_terminate
                0x020189a0       0x24 c:/devkitpro/devkitarm/bin/../lib/gcc/arm-none-eabi/4.7.1/../../../../arm-none-eabi/lib/thumb\libstdc++.a(eh_call.o)
                0x020189a0                __cxa_call_terminate
 .text.__cxa_call_unexpected
                0x020189c4       0xec c:/devkitpro/devkitarm/bin/../lib/gcc/arm-none-eabi/4.7.1/../../../../arm-none-eabi/lib/thumb\libstdc++.a(eh_call.o)
                0x020189c4                __cxa_call_unexpected
 .text._ZL12read_sleb128PKhPl
                0x02018ab0       0x34 c:/devkitpro/devkitarm/bin/../lib/gcc/arm-none-eabi/4.7.1/../../../../arm-none-eabi/lib/thumb\libstdc++.a(eh_personality.o)
 .text._ZL28read_encoded_value_with_basehjPKhPj
                0x02018ae4       0xd8 c:/devkitpro/devkitarm/bin/../lib/gcc/arm-none-eabi/4.7.1/../../../../arm-none-eabi/lib/thumb\libstdc++.a(eh_personality.o)
 .text._ZL21base_of_encoded_valuehP15_Unwind_Context
                0x02018bbc       0x4c c:/devkitpro/devkitarm/bin/../lib/gcc/arm-none-eabi/4.7.1/../../../../arm-none-eabi/lib/thumb\libstdc++.a(eh_personality.o)
 .text._ZL17parse_lsda_headerP15_Unwind_ContextPKhP16lsda_header_info
                0x02018c08       0x98 c:/devkitpro/devkitarm/bin/../lib/gcc/arm-none-eabi/4.7.1/../../../../arm-none-eabi/lib/thumb\libstdc++.a(eh_personality.o)
 .text.__gxx_personality_v0
                0x02018ca0      0x3ec c:/devkitpro/devkitarm/bin/../lib/gcc/arm-none-eabi/4.7.1/../../../../arm-none-eabi/lib/thumb\libstdc++.a(eh_personality.o)
                0x02018ca0                __gxx_personality_v0
 .text._ZdlPv   0x0201908c       0x10 c:/devkitpro/devkitarm/bin/../lib/gcc/arm-none-eabi/4.7.1/../../../../arm-none-eabi/lib/thumb\libstdc++.a(del_op.o)
                0x0201908c                operator delete(void*)
 .text._ZN10__cxxabiv111__terminateEPFvvE
                0x0201909c       0x2c c:/devkitpro/devkitarm/bin/../lib/gcc/arm-none-eabi/4.7.1/../../../../arm-none-eabi/lib/thumb\libstdc++.a(eh_terminate.o)
                0x0201909c                __cxxabiv1::__terminate(void (*)())
 .text._ZSt9terminatev
                0x020190c8       0x10 c:/devkitpro/devkitarm/bin/../lib/gcc/arm-none-eabi/4.7.1/../../../../arm-none-eabi/lib/thumb\libstdc++.a(eh_terminate.o)
                0x020190c8                std::terminate()
 .text._ZN10__cxxabiv112__unexpectedEPFvvE
                0x020190d8        0xc c:/devkitpro/devkitarm/bin/../lib/gcc/arm-none-eabi/4.7.1/../../../../arm-none-eabi/lib/thumb\libstdc++.a(eh_terminate.o)
                0x020190d8                __cxxabiv1::__unexpected(void (*)())
 .text._ZSt10unexpectedv
                0x020190e4       0x10 c:/devkitpro/devkitarm/bin/../lib/gcc/arm-none-eabi/4.7.1/../../../../arm-none-eabi/lib/thumb\libstdc++.a(eh_terminate.o)
                0x020190e4                std::unexpected()
 .text._ZSt13set_terminatePFvvE
                0x020190f4       0x10 c:/devkitpro/devkitarm/bin/../lib/gcc/arm-none-eabi/4.7.1/../../../../arm-none-eabi/lib/thumb\libstdc++.a(eh_terminate.o)
                0x020190f4                std::set_terminate(void (*)())
 .text._ZSt14set_unexpectedPFvvE
                0x02019104       0x10 c:/devkitpro/devkitarm/bin/../lib/gcc/arm-none-eabi/4.7.1/../../../../arm-none-eabi/lib/thumb\libstdc++.a(eh_terminate.o)
                0x02019104                std::set_unexpected(void (*)())
 .text._ZNSt9exceptionD2Ev
                0x02019114        0xc c:/devkitpro/devkitarm/bin/../lib/gcc/arm-none-eabi/4.7.1/../../../../arm-none-eabi/lib/thumb\libstdc++.a(eh_exception.o)
                0x02019114                std::exception::~exception()
                0x02019114                std::exception::~exception()
 .text._ZNSt13bad_exceptionD2Ev
                0x02019120        0xc c:/devkitpro/devkitarm/bin/../lib/gcc/arm-none-eabi/4.7.1/../../../../arm-none-eabi/lib/thumb\libstdc++.a(eh_exception.o)
                0x02019120                std::bad_exception::~bad_exception()
                0x02019120                std::bad_exception::~bad_exception()
 .text._ZN10__cxxabiv115__forced_unwindD2Ev
                0x0201912c        0xc c:/devkitpro/devkitarm/bin/../lib/gcc/arm-none-eabi/4.7.1/../../../../arm-none-eabi/lib/thumb\libstdc++.a(eh_exception.o)
                0x0201912c                __cxxabiv1::__forced_unwind::~__forced_unwind()
                0x0201912c                __cxxabiv1::__forced_unwind::~__forced_unwind()
 .text._ZN10__cxxabiv119__foreign_exceptionD2Ev
                0x02019138        0xc c:/devkitpro/devkitarm/bin/../lib/gcc/arm-none-eabi/4.7.1/../../../../arm-none-eabi/lib/thumb\libstdc++.a(eh_exception.o)
                0x02019138                __cxxabiv1::__foreign_exception::~__foreign_exception()
                0x02019138                __cxxabiv1::__foreign_exception::~__foreign_exception()
 .text._ZNKSt9exception4whatEv
                0x02019144        0x8 c:/devkitpro/devkitarm/bin/../lib/gcc/arm-none-eabi/4.7.1/../../../../arm-none-eabi/lib/thumb\libstdc++.a(eh_exception.o)
                0x02019144                std::exception::what() const
 .text._ZNKSt13bad_exception4whatEv
                0x0201914c        0x8 c:/devkitpro/devkitarm/bin/../lib/gcc/arm-none-eabi/4.7.1/../../../../arm-none-eabi/lib/thumb\libstdc++.a(eh_exception.o)
                0x0201914c                std::bad_exception::what() const
 .text._ZN10__cxxabiv119__foreign_exceptionD0Ev
                0x02019154       0x1c c:/devkitpro/devkitarm/bin/../lib/gcc/arm-none-eabi/4.7.1/../../../../arm-none-eabi/lib/thumb\libstdc++.a(eh_exception.o)
                0x02019154                __cxxabiv1::__foreign_exception::~__foreign_exception()
 .text._ZN10__cxxabiv115__forced_unwindD0Ev
                0x02019170       0x1c c:/devkitpro/devkitarm/bin/../lib/gcc/arm-none-eabi/4.7.1/../../../../arm-none-eabi/lib/thumb\libstdc++.a(eh_exception.o)
                0x02019170                __cxxabiv1::__forced_unwind::~__forced_unwind()
 .text._ZNSt9exceptionD0Ev
                0x0201918c       0x1c c:/devkitpro/devkitarm/bin/../lib/gcc/arm-none-eabi/4.7.1/../../../../arm-none-eabi/lib/thumb\libstdc++.a(eh_exception.o)
                0x0201918c                std::exception::~exception()
 .text._ZNSt13bad_exceptionD0Ev
                0x020191a8       0x1c c:/devkitpro/devkitarm/bin/../lib/gcc/arm-none-eabi/4.7.1/../../../../arm-none-eabi/lib/thumb\libstdc++.a(eh_exception.o)
                0x020191a8                std::bad_exception::~bad_exception()
 .text.__cxa_allocate_exception
                0x020191c4       0x68 c:/devkitpro/devkitarm/bin/../lib/gcc/arm-none-eabi/4.7.1/../../../../arm-none-eabi/lib/thumb\libstdc++.a(eh_alloc.o)
                0x020191c4                __cxa_allocate_exception
 .text.__cxa_free_exception
                0x0201922c       0x38 c:/devkitpro/devkitarm/bin/../lib/gcc/arm-none-eabi/4.7.1/../../../../arm-none-eabi/lib/thumb\libstdc++.a(eh_alloc.o)
                0x0201922c                __cxa_free_exception
 .text.__cxa_allocate_dependent_exception
                0x02019264       0x60 c:/devkitpro/devkitarm/bin/../lib/gcc/arm-none-eabi/4.7.1/../../../../arm-none-eabi/lib/thumb\libstdc++.a(eh_alloc.o)
                0x02019264                __cxa_allocate_dependent_exception
 .text.__cxa_free_dependent_exception
                0x020192c4       0x3c c:/devkitpro/devkitarm/bin/../lib/gcc/arm-none-eabi/4.7.1/../../../../arm-none-eabi/lib/thumb\libstdc++.a(eh_alloc.o)
                0x020192c4                __cxa_free_dependent_exception
 .text._ZNKSt9bad_alloc4whatEv
                0x02019300        0x8 c:/devkitpro/devkitarm/bin/../lib/gcc/arm-none-eabi/4.7.1/../../../../arm-none-eabi/lib/thumb\libstdc++.a(bad_alloc.o)
                0x02019300                std::bad_alloc::what() const
 .text._ZNSt9bad_allocD2Ev
                0x02019308       0x1c c:/devkitpro/devkitarm/bin/../lib/gcc/arm-none-eabi/4.7.1/../../../../arm-none-eabi/lib/thumb\libstdc++.a(bad_alloc.o)
                0x02019308                std::bad_alloc::~bad_alloc()
                0x02019308                std::bad_alloc::~bad_alloc()
 .text._ZNSt9bad_allocD0Ev
                0x02019324       0x18 c:/devkitpro/devkitarm/bin/../lib/gcc/arm-none-eabi/4.7.1/../../../../arm-none-eabi/lib/thumb\libstdc++.a(bad_alloc.o)
                0x02019324                std::bad_alloc::~bad_alloc()
 .text._ZNK10__cxxabiv117__class_type_info11__do_upcastEPKS0_PPv
                0x0201933c       0x40 c:/devkitpro/devkitarm/bin/../lib/gcc/arm-none-eabi/4.7.1/../../../../arm-none-eabi/lib/thumb\libstdc++.a(class_type_info.o)
                0x0201933c                __cxxabiv1::__class_type_info::__do_upcast(__cxxabiv1::__class_type_info const*, void**) const
 .text._ZNK10__cxxabiv117__class_type_info20__do_find_public_srcEiPKvPKS0_S2_
                0x0201937c       0x14 c:/devkitpro/devkitarm/bin/../lib/gcc/arm-none-eabi/4.7.1/../../../../arm-none-eabi/lib/thumb\libstdc++.a(class_type_info.o)
                0x0201937c                __cxxabiv1::__class_type_info::__do_find_public_src(int, void const*, __cxxabiv1::__class_type_info const*, void const*) const
 .text._ZNK10__cxxabiv117__class_type_info11__do_upcastEPKS0_PKvRNS0_15__upcast_resultE
                0x02019390       0x24 c:/devkitpro/devkitarm/bin/../lib/gcc/arm-none-eabi/4.7.1/../../../../arm-none-eabi/lib/thumb\libstdc++.a(class_type_info.o)
                0x02019390                __cxxabiv1::__class_type_info::__do_upcast(__cxxabiv1::__class_type_info const*, void const*, __cxxabiv1::__class_type_info::__upcast_result&) const
 .text._ZN10__cxxabiv117__class_type_infoD2Ev
                0x020193b4       0x1c c:/devkitpro/devkitarm/bin/../lib/gcc/arm-none-eabi/4.7.1/../../../../arm-none-eabi/lib/thumb\libstdc++.a(class_type_info.o)
                0x020193b4                __cxxabiv1::__class_type_info::~__class_type_info()
                0x020193b4                __cxxabiv1::__class_type_info::~__class_type_info()
 .text._ZN10__cxxabiv117__class_type_infoD0Ev
                0x020193d0       0x18 c:/devkitpro/devkitarm/bin/../lib/gcc/arm-none-eabi/4.7.1/../../../../arm-none-eabi/lib/thumb\libstdc++.a(class_type_info.o)
                0x020193d0                __cxxabiv1::__class_type_info::~__class_type_info()
 .text._ZNK10__cxxabiv117__class_type_info12__do_dyncastEiNS0_10__sub_kindEPKS0_PKvS3_S5_RNS0_16__dyncast_resultE
                0x020193e8       0x44 c:/devkitpro/devkitarm/bin/../lib/gcc/arm-none-eabi/4.7.1/../../../../arm-none-eabi/lib/thumb\libstdc++.a(class_type_info.o)
                0x020193e8                __cxxabiv1::__class_type_info::__do_dyncast(int, __cxxabiv1::__class_type_info::__sub_kind, __cxxabiv1::__class_type_info const*, void const*, __cxxabiv1::__class_type_info const*, void const*, __cxxabiv1::__class_type_info::__dyncast_result&) const
 .text._ZNK10__cxxabiv117__class_type_info10__do_catchEPKSt9type_infoPPvj
                0x0201942c       0x40 c:/devkitpro/devkitarm/bin/../lib/gcc/arm-none-eabi/4.7.1/../../../../arm-none-eabi/lib/thumb\libstdc++.a(class_type_info.o)
                0x0201942c                __cxxabiv1::__class_type_info::__do_catch(std::type_info const*, void**, unsigned int) const
 .text._ZSt15set_new_handlerPFvvE
                0x0201946c       0x10 c:/devkitpro/devkitarm/bin/../lib/gcc/arm-none-eabi/4.7.1/../../../../arm-none-eabi/lib/thumb\libstdc++.a(new_handler.o)
                0x0201946c                std::set_new_handler(void (*)())
 .text.__cxa_end_cleanup
                0x0201947c        0xc c:/devkitpro/devkitarm/bin/../lib/gcc/arm-none-eabi/4.7.1/../../../../arm-none-eabi/lib/thumb\libstdc++.a(eh_arm.o)
                0x0201947c                __cxa_end_cleanup
 .text.__cxa_type_match
                0x02019488       0xcc c:/devkitpro/devkitarm/bin/../lib/gcc/arm-none-eabi/4.7.1/../../../../arm-none-eabi/lib/thumb\libstdc++.a(eh_arm.o)
                0x02019488                __cxa_type_match
 .text.__cxa_begin_cleanup
                0x02019554       0x64 c:/devkitpro/devkitarm/bin/../lib/gcc/arm-none-eabi/4.7.1/../../../../arm-none-eabi/lib/thumb\libstdc++.a(eh_arm.o)
                0x02019554                __cxa_begin_cleanup
 .text.__gnu_end_cleanup
                0x020195b8       0x74 c:/devkitpro/devkitarm/bin/../lib/gcc/arm-none-eabi/4.7.1/../../../../arm-none-eabi/lib/thumb\libstdc++.a(eh_arm.o)
                0x020195b8                __gnu_end_cleanup
 .text._ZL23__gxx_exception_cleanup19_Unwind_Reason_CodeP21_Unwind_Control_Block
                0x0201962c       0x30 c:/devkitpro/devkitarm/bin/../lib/gcc/arm-none-eabi/4.7.1/../../../../arm-none-eabi/lib/thumb\libstdc++.a(eh_throw.o)
 .text.__cxa_throw
                0x0201965c       0x68 c:/devkitpro/devkitarm/bin/../lib/gcc/arm-none-eabi/4.7.1/../../../../arm-none-eabi/lib/thumb\libstdc++.a(eh_throw.o)
                0x0201965c                __cxa_throw
 .text.__cxa_rethrow
                0x020196c4       0x74 c:/devkitpro/devkitarm/bin/../lib/gcc/arm-none-eabi/4.7.1/../../../../arm-none-eabi/lib/thumb\libstdc++.a(eh_throw.o)
                0x020196c4                __cxa_rethrow
 .text.__cxa_pure_virtual
                0x02019738       0x14 c:/devkitpro/devkitarm/bin/../lib/gcc/arm-none-eabi/4.7.1/../../../../arm-none-eabi/lib/thumb\libstdc++.a(pure.o)
                0x02019738                __cxa_pure_virtual
 .text.__cxa_deleted_virtual
                0x0201974c       0x14 c:/devkitpro/devkitarm/bin/../lib/gcc/arm-none-eabi/4.7.1/../../../../arm-none-eabi/lib/thumb\libstdc++.a(pure.o)
                0x0201974c                __cxa_deleted_virtual
 .text.__cxa_get_globals_fast
                0x02019760        0x8 c:/devkitpro/devkitarm/bin/../lib/gcc/arm-none-eabi/4.7.1/../../../../arm-none-eabi/lib/thumb\libstdc++.a(eh_globals.o)
                0x02019760                __cxa_get_globals_fast
 .text.__cxa_get_globals
                0x02019768        0x8 c:/devkitpro/devkitarm/bin/../lib/gcc/arm-none-eabi/4.7.1/../../../../arm-none-eabi/lib/thumb\libstdc++.a(eh_globals.o)
                0x02019768                __cxa_get_globals
 .text.__cxa_get_exception_ptr
                0x02019770        0x4 c:/devkitpro/devkitarm/bin/../lib/gcc/arm-none-eabi/4.7.1/../../../../arm-none-eabi/lib/thumb\libstdc++.a(eh_catch.o)
                0x02019770                __cxa_get_exception_ptr
 .text.__cxa_begin_catch
                0x02019774       0x88 c:/devkitpro/devkitarm/bin/../lib/gcc/arm-none-eabi/4.7.1/../../../../arm-none-eabi/lib/thumb\libstdc++.a(eh_catch.o)
                0x02019774                __cxa_begin_catch
 .text.__cxa_end_catch
                0x020197fc       0x94 c:/devkitpro/devkitarm/bin/../lib/gcc/arm-none-eabi/4.7.1/../../../../arm-none-eabi/lib/thumb\libstdc++.a(eh_catch.o)
                0x020197fc                __cxa_end_catch
 .text._ZSt18uncaught_exceptionv
                0x02019890       0x14 c:/devkitpro/devkitarm/bin/../lib/gcc/arm-none-eabi/4.7.1/../../../../arm-none-eabi/lib/thumb\libstdc++.a(eh_catch.o)
                0x02019890                std::uncaught_exception()
 .text._ZNK10__cxxabiv120__si_class_type_info12__do_dyncastEiNS_17__class_type_info10__sub_kindEPKS1_PKvS4_S6_RNS1_16__dyncast_resultE
                0x020198a4       0x90 c:/devkitpro/devkitarm/bin/../lib/gcc/arm-none-eabi/4.7.1/../../../../arm-none-eabi/lib/thumb\libstdc++.a(si_class_type_info.o)
                0x020198a4                __cxxabiv1::__si_class_type_info::__do_dyncast(int, __cxxabiv1::__class_type_info::__sub_kind, __cxxabiv1::__class_type_info const*, void const*, __cxxabiv1::__class_type_info const*, void const*, __cxxabiv1::__class_type_info::__dyncast_result&) const
 .text._ZN10__cxxabiv120__si_class_type_infoD2Ev
                0x02019934       0x1c c:/devkitpro/devkitarm/bin/../lib/gcc/arm-none-eabi/4.7.1/../../../../arm-none-eabi/lib/thumb\libstdc++.a(si_class_type_info.o)
                0x02019934                __cxxabiv1::__si_class_type_info::~__si_class_type_info()
                0x02019934                __cxxabiv1::__si_class_type_info::~__si_class_type_info()
 .text._ZN10__cxxabiv120__si_class_type_infoD0Ev
                0x02019950       0x18 c:/devkitpro/devkitarm/bin/../lib/gcc/arm-none-eabi/4.7.1/../../../../arm-none-eabi/lib/thumb\libstdc++.a(si_class_type_info.o)
                0x02019950                __cxxabiv1::__si_class_type_info::~__si_class_type_info()
 .text._ZNK10__cxxabiv120__si_class_type_info11__do_upcastEPKNS_17__class_type_infoEPKvRNS1_15__upcast_resultE
                0x02019968       0x30 c:/devkitpro/devkitarm/bin/../lib/gcc/arm-none-eabi/4.7.1/../../../../arm-none-eabi/lib/thumb\libstdc++.a(si_class_type_info.o)
                0x02019968                __cxxabiv1::__si_class_type_info::__do_upcast(__cxxabiv1::__class_type_info const*, void const*, __cxxabiv1::__class_type_info::__upcast_result&) const
 .text._ZNK10__cxxabiv120__si_class_type_info20__do_find_public_srcEiPKvPKNS_17__class_type_infoES2_
                0x02019998       0x40 c:/devkitpro/devkitarm/bin/../lib/gcc/arm-none-eabi/4.7.1/../../../../arm-none-eabi/lib/thumb\libstdc++.a(si_class_type_info.o)
                0x02019998                __cxxabiv1::__si_class_type_info::__do_find_public_src(int, void const*, __cxxabiv1::__class_type_info const*, void const*) const
 .text._ZNSt9type_infoD2Ev
                0x020199d8        0xc c:/devkitpro/devkitarm/bin/../lib/gcc/arm-none-eabi/4.7.1/../../../../arm-none-eabi/lib/thumb\libstdc++.a(tinfo.o)
                0x020199d8                std::type_info::~type_info()
                0x020199d8                std::type_info::~type_info()
 .text._ZNKSt9type_info14__is_pointer_pEv
                0x020199e4        0x4 c:/devkitpro/devkitarm/bin/../lib/gcc/arm-none-eabi/4.7.1/../../../../arm-none-eabi/lib/thumb\libstdc++.a(tinfo.o)
                0x020199e4                std::type_info::__is_pointer_p() const
 .text._ZNKSt9type_info15__is_function_pEv
                0x020199e8        0x4 c:/devkitpro/devkitarm/bin/../lib/gcc/arm-none-eabi/4.7.1/../../../../arm-none-eabi/lib/thumb\libstdc++.a(tinfo.o)
                0x020199e8                std::type_info::__is_function_p() const
 .text._ZNKSt9type_info11__do_upcastEPKN10__cxxabiv117__class_type_infoEPPv
                0x020199ec        0x4 c:/devkitpro/devkitarm/bin/../lib/gcc/arm-none-eabi/4.7.1/../../../../arm-none-eabi/lib/thumb\libstdc++.a(tinfo.o)
                0x020199ec                std::type_info::__do_upcast(__cxxabiv1::__class_type_info const*, void**) const
 .text._ZNSt9type_infoD0Ev
                0x020199f0       0x1c c:/devkitpro/devkitarm/bin/../lib/gcc/arm-none-eabi/4.7.1/../../../../arm-none-eabi/lib/thumb\libstdc++.a(tinfo.o)
                0x020199f0                std::type_info::~type_info()
 .text._ZNKSt9type_infoeqERKS_
                0x02019a0c       0x30 c:/devkitpro/devkitarm/bin/../lib/gcc/arm-none-eabi/4.7.1/../../../../arm-none-eabi/lib/thumb\libstdc++.a(tinfo.o)
                0x02019a0c                std::type_info::operator==(std::type_info const&) const
 .text._ZNKSt9type_info10__do_catchEPKS_PPvj
                0x02019a3c        0xc c:/devkitpro/devkitarm/bin/../lib/gcc/arm-none-eabi/4.7.1/../../../../arm-none-eabi/lib/thumb\libstdc++.a(tinfo.o)
                0x02019a3c                std::type_info::__do_catch(std::type_info const*, void**, unsigned int) const
 .text._ZN9__gnu_cxx27__verbose_terminate_handlerEv
                0x02019a48      0x11c c:/devkitpro/devkitarm/bin/../lib/gcc/arm-none-eabi/4.7.1/../../../../arm-none-eabi/lib/thumb\libstdc++.a(vterminate.o)
                0x02019a48                __gnu_cxx::__verbose_terminate_handler()
 .text.__cxa_current_exception_type
                0x02019b64       0x28 c:/devkitpro/devkitarm/bin/../lib/gcc/arm-none-eabi/4.7.1/../../../../arm-none-eabi/lib/thumb\libstdc++.a(eh_type.o)
                0x02019b64                __cxa_current_exception_type
 *fill*         0x02019b8c        0x4 ff
 .text.__cxa_current_exception_type.stub
                0x02019b90      0x140 linker stubs
 *(.stub)
 *(.gnu.warning)
 *(.gnu.linkonce.t*)
 *(.glue_7)
 .glue_7        0x00000000        0x0 linker stubs
 *(.glue_7t)
 .glue_7t       0x00000000        0x0 linker stubs
                0x02019cd0                . = ALIGN (0x4)

.vfp11_veneer   0x02019ce0        0x0
 .vfp11_veneer  0x00000000        0x0 linker stubs

.v4_bx          0x02019ce0        0x0
 .v4_bx         0x00000000        0x0 linker stubs

.iplt           0x02019ce0        0x0
 .iplt          0x00000000        0x0 c:/devkitpro/devkitarm/bin/../lib/gcc/arm-none-eabi/4.7.1/../../../../arm-none-eabi/lib/thumb/ds_arm9_crt0.o

.fini           0x02019ce0        0xc
 *(.fini)
 .fini          0x02019ce0        0x4 c:/devkitpro/devkitarm/bin/../lib/gcc/arm-none-eabi/4.7.1/thumb/crti.o
                0x02019ce0                _fini
 .fini          0x02019ce4        0x8 c:/devkitpro/devkitarm/bin/../lib/gcc/arm-none-eabi/4.7.1/thumb/crtn.o
                0x02019cec                __text_end = .

.rodata         0x02019cf0   0x1d13e4
 *(.rodata)
 .rodata        0x02019cf0   0x19837c soundbank.bin.o
                0x02019cf0                soundbank_bin
                0x021b2068                soundbank_bin_size
                0x021b2068                soundbank_bin_end
 *fill*         0x021b206c        0x4 ff
 .rodata        0x021b2070       0x80 Blocks.o
                0x021b2070                vtable for Door
                0x021b2090                vtable for Triggerable
                0x021b20b0                vtable for Actuator
                0x021b20d0                vtable for Plate
 .rodata        0x021b20f0       0x60 ClassDefinitions.o
                0x021b20f0                vtable for Level
                0x021b2118                vtable for Entity
                0x021b2130                vtable for Block
 .rodata        0x021b2150       0x60 Entities.o
                0x021b2150                vtable for Player
                0x021b2168                vtable for Mob
                0x021b2180                vtable for Skeleton
                0x021b2198                vtable for Rock
 .rodata        0x021b21b0       0xa8 Levels.o
                0x021b21b0                vtable for Level1
                0x021b21d8                vtable for LevelMainMenu
                0x021b2200                vtable for LevelWinLevel
 .rodata        0x021b2258       0x60 LevelMainMenu.o
                0x021b2258                LevelMainMenuBitmap
 .rodata        0x021b22b8      0x100 LevelOne.o
                0x021b22b8                LevelOneBitmap
 .rodata        0x021b23b8      0x100 LevelTest.o
                0x021b23b8                LevelTestBitmap
 .rodata        0x021b24b8     0xc200 MenuImage.o
                0x021b24b8                MenuImagePal
                0x021b26b8                MenuImageBitmap
 .rodata        0x021be6b8     0x8200 Sprites.o
                0x021be6b8                SpritesPal
                0x021be8b8                SpritesTiles
 .rodata        0x021c68b8    0x10200 Tileset.o
                0x021c68b8                TilesetPal
                0x021c6ab8                TilesetTiles
 .rodata        0x021d6ab8     0xc200 Wall.o
                0x021d6ab8                WallPal
                0x021d6cb8                WallBitmap
 .rodata        0x021e2cb8       0x60 WinLevel.o
                0x021e2cb8                WinLevelBitmap
 .rodata        0x021e2d18      0x308 c:/devkitPro/libnds/lib\libnds9.a(trig.o)
                0x021e2d18                SIN_LUT
                0x021e2e1c                TAN_LUT
 .rodata        0x021e3020      0x200 c:/devkitPro/libnds/lib\libnds9.a(console.o)
 .rodata        0x021e3220     0x2004 c:/devkitPro/libnds/lib\libnds9.a(default_font.bin.o)
                0x021e3220                default_font_bin
                0x021e5220                default_font_bin_size
                0x021e5220                default_font_bin_end
 .rodata        0x021e5224      0xf7c c:/devkitpro/devkitarm/bin/../lib/gcc/arm-none-eabi/4.7.1/../../../../arm-none-eabi/lib/thumb\libstdc++.a(cp-demangle.o)
 .rodata        0x021e61a0       0x14 c:/devkitpro/devkitarm/bin/../lib/gcc/arm-none-eabi/4.7.1/thumb\libgcc.a(unwind-arm.o)
 .rodata        0x021e61b4        0x4 c:/devkitpro/devkitarm/bin/../lib/gcc/arm-none-eabi/4.7.1/../../../../arm-none-eabi/lib/thumb\libg.a(lib_a-impure.o)
                0x021e61b4                _global_impure_ptr
 .rodata        0x021e61b8      0x340 c:/devkitpro/devkitarm/bin/../lib/gcc/arm-none-eabi/4.7.1/../../../../arm-none-eabi/lib/thumb\libg.a(lib_a-svfiscanf.o)
 .rodata        0x021e64f8      0x184 c:/devkitpro/devkitarm/bin/../lib/gcc/arm-none-eabi/4.7.1/../../../../arm-none-eabi/lib/thumb\libg.a(lib_a-svfprintf.o)
 .rodata        0x021e667c      0x184 c:/devkitpro/devkitarm/bin/../lib/gcc/arm-none-eabi/4.7.1/../../../../arm-none-eabi/lib/thumb\libg.a(lib_a-vfiprintf.o)
 .rodata        0x021e6800      0x104 c:/devkitpro/devkitarm/bin/../lib/gcc/arm-none-eabi/4.7.1/../../../../arm-none-eabi/lib/thumb\libg.a(lib_a-ctype_.o)
                0x021e6800                _ctype_
 .rodata        0x021e6904     0x34f0 c:/devkitpro/devkitarm/bin/../lib/gcc/arm-none-eabi/4.7.1/../../../../arm-none-eabi/lib/thumb\libg.a(lib_a-jp2uc.o)
 .rodata        0x021e9df4       0xf0 c:/devkitpro/devkitarm/bin/../lib/gcc/arm-none-eabi/4.7.1/../../../../arm-none-eabi/lib/thumb\libg.a(lib_a-locale.o)
 .rodata        0x021e9ee4       0xa8 c:/devkitpro/devkitarm/bin/../lib/gcc/arm-none-eabi/4.7.1/../../../../arm-none-eabi/lib/thumb\libg.a(lib_a-mbtowc_r.o)
 *fill*         0x021e9f8c        0x4 ff
 .rodata        0x021e9f90      0x128 c:/devkitpro/devkitarm/bin/../lib/gcc/arm-none-eabi/4.7.1/../../../../arm-none-eabi/lib/thumb\libg.a(lib_a-mprec.o)
                0x021e9fa0                __mprec_tens
                0x021ea068                __mprec_tinytens
                0x021ea090                __mprec_bigtens
 .rodata        0x021ea0b8      0x184 c:/devkitpro/devkitarm/bin/../lib/gcc/arm-none-eabi/4.7.1/../../../../arm-none-eabi/lib/thumb\libg.a(lib_a-svfiprintf.o)
 .rodata        0x021ea23c       0x64 c:/devkitpro/devkitarm/bin/../lib/gcc/arm-none-eabi/4.7.1/../../../../arm-none-eabi/lib/thumb\libsysbase.a(iosupport.o)
                0x021ea23c                dotab_stdnull
 *all.rodata*(*)
 *(.roda)
 *(.rodata.*)
 .rodata._ZTV4Wall
                0x021ea2a0       0x20 Blocks.o
                0x021ea2a0                vtable for Wall
 .rodata._ZTV5Floor
                0x021ea2c0       0x20 Blocks.o
                0x021ea2c0                vtable for Floor
 .rodata.str1.4
                0x021ea2e0       0x2f Blocks.o
                                 0x30 (size before relaxing)
 *fill*         0x021ea30f        0x1 ff
 .rodata.str1.4
                0x021ea310       0xaa ClassDefinitions.o
                                 0xac (size before relaxing)
 *fill*         0x021ea3ba        0x2 ff
 .rodata.str1.4
                0x021ea3bc       0x2b Entities.o
                                 0x2c (size before relaxing)
 *fill*         0x021ea3e7        0x1 ff
 .rodata.str1.4
                0x021ea3e8        0xe main.o
                                 0x10 (size before relaxing)
 *fill*         0x021ea3f6        0x2 ff
 .rodata.str1.4
                0x021ea3f8       0x44 c:/devkitPro/libnds/lib\libnds9.a(sassert.o)
 .rodata.str1.4
                0x021ea43c       0x49 c:/devkitPro/libnds/lib\libnds9.a(console.o)
                                 0x4c (size before relaxing)
 *fill*         0x021ea485        0x3 ff
 .rodata._ZL28read_encoded_value_with_basehjPKhPj
                0x021ea488       0x34 c:/devkitpro/devkitarm/bin/../lib/gcc/arm-none-eabi/4.7.1/../../../../arm-none-eabi/lib/thumb\libstdc++.a(eh_personality.o)
 *fill*         0x021ea4bc        0x4 ff
 .rodata._ZTVN10__cxxabiv115__forced_unwindE
                0x021ea4c0       0x18 c:/devkitpro/devkitarm/bin/../lib/gcc/arm-none-eabi/4.7.1/../../../../arm-none-eabi/lib/thumb\libstdc++.a(eh_exception.o)
                0x021ea4c0                vtable for __cxxabiv1::__forced_unwind
 .rodata._ZTVSt9exception
                0x021ea4d8       0x18 c:/devkitpro/devkitarm/bin/../lib/gcc/arm-none-eabi/4.7.1/../../../../arm-none-eabi/lib/thumb\libstdc++.a(eh_exception.o)
                0x021ea4d8                vtable for std::exception
 .rodata._ZTIN10__cxxabiv115__forced_unwindE
                0x021ea4f0        0x8 c:/devkitpro/devkitarm/bin/../lib/gcc/arm-none-eabi/4.7.1/../../../../arm-none-eabi/lib/thumb\libstdc++.a(eh_exception.o)
                0x021ea4f0                typeinfo for __cxxabiv1::__forced_unwind
 .rodata._ZTISt9exception
                0x021ea4f8        0x8 c:/devkitpro/devkitarm/bin/../lib/gcc/arm-none-eabi/4.7.1/../../../../arm-none-eabi/lib/thumb\libstdc++.a(eh_exception.o)
                0x021ea4f8                typeinfo for std::exception
 .rodata._ZTSSt13bad_exception
                0x021ea500       0x14 c:/devkitpro/devkitarm/bin/../lib/gcc/arm-none-eabi/4.7.1/../../../../arm-none-eabi/lib/thumb\libstdc++.a(eh_exception.o)
                0x021ea500                typeinfo name for std::bad_exception
 .rodata.str1.4
                0x021ea514       0x23 c:/devkitpro/devkitarm/bin/../lib/gcc/arm-none-eabi/4.7.1/../../../../arm-none-eabi/lib/thumb\libstdc++.a(eh_exception.o)
                                 0x24 (size before relaxing)
 *fill*         0x021ea537        0x1 ff
 .rodata._ZTSN10__cxxabiv119__foreign_exceptionE
                0x021ea538       0x24 c:/devkitpro/devkitarm/bin/../lib/gcc/arm-none-eabi/4.7.1/../../../../arm-none-eabi/lib/thumb\libstdc++.a(eh_exception.o)
                0x021ea538                typeinfo name for __cxxabiv1::__foreign_exception
 .rodata._ZTIN10__cxxabiv119__foreign_exceptionE
                0x021ea55c        0x8 c:/devkitpro/devkitarm/bin/../lib/gcc/arm-none-eabi/4.7.1/../../../../arm-none-eabi/lib/thumb\libstdc++.a(eh_exception.o)
                0x021ea55c                typeinfo for __cxxabiv1::__foreign_exception
 *fill*         0x021ea564        0x4 ff
 .rodata._ZTVSt13bad_exception
                0x021ea568       0x18 c:/devkitpro/devkitarm/bin/../lib/gcc/arm-none-eabi/4.7.1/../../../../arm-none-eabi/lib/thumb\libstdc++.a(eh_exception.o)
                0x021ea568                vtable for std::bad_exception
 .rodata._ZTSSt9exception
                0x021ea580       0x10 c:/devkitpro/devkitarm/bin/../lib/gcc/arm-none-eabi/4.7.1/../../../../arm-none-eabi/lib/thumb\libstdc++.a(eh_exception.o)
                0x021ea580                typeinfo name for std::exception
 .rodata._ZTVN10__cxxabiv119__foreign_exceptionE
                0x021ea590       0x18 c:/devkitpro/devkitarm/bin/../lib/gcc/arm-none-eabi/4.7.1/../../../../arm-none-eabi/lib/thumb\libstdc++.a(eh_exception.o)
                0x021ea590                vtable for __cxxabiv1::__foreign_exception
 .rodata._ZTSN10__cxxabiv115__forced_unwindE
                0x021ea5a8       0x20 c:/devkitpro/devkitarm/bin/../lib/gcc/arm-none-eabi/4.7.1/../../../../arm-none-eabi/lib/thumb\libstdc++.a(eh_exception.o)
                0x021ea5a8                typeinfo name for __cxxabiv1::__forced_unwind
 .rodata._ZTISt13bad_exception
                0x021ea5c8        0xc c:/devkitpro/devkitarm/bin/../lib/gcc/arm-none-eabi/4.7.1/../../../../arm-none-eabi/lib/thumb\libstdc++.a(eh_exception.o)
                0x021ea5c8                typeinfo for std::bad_exception
 *fill*         0x021ea5d4        0x4 ff
 .rodata._ZTVSt9bad_alloc
                0x021ea5d8       0x18 c:/devkitpro/devkitarm/bin/../lib/gcc/arm-none-eabi/4.7.1/../../../../arm-none-eabi/lib/thumb\libstdc++.a(bad_alloc.o)
                0x021ea5d8                vtable for std::bad_alloc
 .rodata._ZTISt9bad_alloc
                0x021ea5f0        0xc c:/devkitpro/devkitarm/bin/../lib/gcc/arm-none-eabi/4.7.1/../../../../arm-none-eabi/lib/thumb\libstdc++.a(bad_alloc.o)
                0x021ea5f0                typeinfo for std::bad_alloc
 .rodata.str1.4
                0x021ea5fc        0xf c:/devkitpro/devkitarm/bin/../lib/gcc/arm-none-eabi/4.7.1/../../../../arm-none-eabi/lib/thumb\libstdc++.a(bad_alloc.o)
                                 0x10 (size before relaxing)
 *fill*         0x021ea60b        0x1 ff
 .rodata._ZTSSt9bad_alloc
                0x021ea60c       0x10 c:/devkitpro/devkitarm/bin/../lib/gcc/arm-none-eabi/4.7.1/../../../../arm-none-eabi/lib/thumb\libstdc++.a(bad_alloc.o)
                0x021ea60c                typeinfo name for std::bad_alloc
 *fill*         0x021ea61c        0x4 ff
 .rodata._ZTVN10__cxxabiv117__class_type_infoE
                0x021ea620       0x30 c:/devkitpro/devkitarm/bin/../lib/gcc/arm-none-eabi/4.7.1/../../../../arm-none-eabi/lib/thumb\libstdc++.a(class_type_info.o)
                0x021ea620                vtable for __cxxabiv1::__class_type_info
 .rodata._ZTIN10__cxxabiv117__class_type_infoE
                0x021ea650        0xc c:/devkitpro/devkitarm/bin/../lib/gcc/arm-none-eabi/4.7.1/../../../../arm-none-eabi/lib/thumb\libstdc++.a(class_type_info.o)
                0x021ea650                typeinfo for __cxxabiv1::__class_type_info
 .rodata._ZTSN10__cxxabiv117__class_type_infoE
                0x021ea65c       0x24 c:/devkitpro/devkitarm/bin/../lib/gcc/arm-none-eabi/4.7.1/../../../../arm-none-eabi/lib/thumb\libstdc++.a(class_type_info.o)
                0x021ea65c                typeinfo name for __cxxabiv1::__class_type_info
 .rodata._ZSt7nothrow
                0x021ea680        0x4 c:/devkitpro/devkitarm/bin/../lib/gcc/arm-none-eabi/4.7.1/../../../../arm-none-eabi/lib/thumb\libstdc++.a(new_handler.o)
                0x021ea680                std::nothrow
 .rodata.str1.4
                0x021ea684       0x3b c:/devkitpro/devkitarm/bin/../lib/gcc/arm-none-eabi/4.7.1/../../../../arm-none-eabi/lib/thumb\libstdc++.a(pure.o)
                                 0x3c (size before relaxing)
 *fill*         0x021ea6bf        0x1 ff
 .rodata._ZTVN10__cxxabiv120__si_class_type_infoE
                0x021ea6c0       0x30 c:/devkitpro/devkitarm/bin/../lib/gcc/arm-none-eabi/4.7.1/../../../../arm-none-eabi/lib/thumb\libstdc++.a(si_class_type_info.o)
                0x021ea6c0                vtable for __cxxabiv1::__si_class_type_info
 .rodata._ZTIN10__cxxabiv120__si_class_type_infoE
                0x021ea6f0        0xc c:/devkitpro/devkitarm/bin/../lib/gcc/arm-none-eabi/4.7.1/../../../../arm-none-eabi/lib/thumb\libstdc++.a(si_class_type_info.o)
                0x021ea6f0                typeinfo for __cxxabiv1::__si_class_type_info
 .rodata._ZTSN10__cxxabiv120__si_class_type_infoE
                0x021ea6fc       0x28 c:/devkitpro/devkitarm/bin/../lib/gcc/arm-none-eabi/4.7.1/../../../../arm-none-eabi/lib/thumb\libstdc++.a(si_class_type_info.o)
                0x021ea6fc                typeinfo name for __cxxabiv1::__si_class_type_info