Archive member included because of file (symbol)

c:/devkitPro/libnds/lib\libmm9.a(mm_comms.o)
                              ClassDefinitions.o (mmStart)
c:/devkitPro/libnds/lib\libmm9.a(mm_main9.o)
                              c:/devkitPro/libnds/lib\libmm9.a(mm_comms.o) (mmCallback)
c:/devkitPro/libnds/lib\libmm9.a(mm_memory.o)
                              ClassDefinitions.o (mmLoad)
c:/devkitPro/libnds/lib\libmm9.a(mm_soundbank.o)
                              c:/devkitPro/libnds/lib\libmm9.a(mm_main9.o) (mmSoundBankInMemory)
c:/devkitPro/libnds/lib\libmm9.a(mm_flusher.o)
                              c:/devkitPro/libnds/lib\libmm9.a(mm_memory.o) (mmFlushBank)
c:/devkitPro/libnds/lib\libnds9.a(background.o)
                              ClassDefinitions.o (bgUpdate)
c:/devkitPro/libnds/lib\libnds9.a(console.o)
                              main.o (consoleDemoInit)
c:/devkitPro/libnds/lib\libnds9.a(keys.o)
                              ClassDefinitions.o (scanKeys)
c:/devkitPro/libnds/lib\libnds9.a(sassert.o)
                              ClassDefinitions.o (__sassert)
c:/devkitPro/libnds/lib\libnds9.a(sprite.o)
                              ClassDefinitions.o (oamInit)
c:/devkitPro/libnds/lib\libnds9.a(sprite_alloc.o)
                              c:/devkitPro/libnds/lib\libnds9.a(sprite.o) (oamAllocReset)
c:/devkitPro/libnds/lib\libnds9.a(touch.o)
                              ClassDefinitions.o (touchRead)
c:/devkitPro/libnds/lib\libnds9.a(trig.o)
                              c:/devkitPro/libnds/lib\libnds9.a(background.o) (sinLerp)
c:/devkitPro/libnds/lib\libnds9.a(initSystem.o)
                              c:/devkitpro/devkitarm/bin/../lib/gcc/arm-none-eabi/4.7.1/../../../../arm-none-eabi/lib/thumb/ds_arm9_crt0.o (initSystem)
c:/devkitPro/libnds/lib\libnds9.a(fifosystem.o)
                              c:/devkitPro/libnds/lib\libnds9.a(initSystem.o) (fifoSendValue32)
c:/devkitPro/libnds/lib\libnds9.a(interrupts.o)
                              c:/devkitPro/libnds/lib\libnds9.a(fifosystem.o) (irqSet)
c:/devkitPro/libnds/lib\libnds9.a(libnds_exit.arm.o)
                              c:/devkitpro/devkitarm/bin/../lib/gcc/arm-none-eabi/4.7.1/../../../../arm-none-eabi/lib/thumb/ds_arm9_crt0.o (__libnds_exit)
c:/devkitPro/libnds/lib\libnds9.a(dcache.o)
                              c:/devkitPro/libnds/lib\libnds9.a(sprite.o) (DC_FlushRange)
c:/devkitPro/libnds/lib\libnds9.a(mpu_setup.o)
                              c:/devkitpro/devkitarm/bin/../lib/gcc/arm-none-eabi/4.7.1/../../../../arm-none-eabi/lib/thumb/ds_arm9_crt0.o (__libnds_mpu_setup)
c:/devkitPro/libnds/lib\libnds9.a(biosCalls.o)
                              c:/devkitPro/libnds/lib\libnds9.a(fifosystem.o) (swiIntrWait)
c:/devkitPro/libnds/lib\libnds9.a(debugprint.o)
                              c:/devkitPro/libnds/lib\libnds9.a(console.o) (nocashWrite)
c:/devkitPro/libnds/lib\libnds9.a(interruptDispatcher.o)
                              c:/devkitPro/libnds/lib\libnds9.a(interrupts.o) (IntrMain)
c:/devkitPro/libnds/lib\libnds9.a(swiSoftReset.o)
                              c:/devkitPro/libnds/lib\libnds9.a(fifosystem.o) (swiSoftReset)
c:/devkitPro/libnds/lib\libnds9.a(default_font.bin.o)
                              c:/devkitPro/libnds/lib\libnds9.a(console.o) (default_font_bin)
c:/devkitPro/libnds/lib\libnds9.a(system.o)
                              c:/devkitPro/libnds/lib\libnds9.a(initSystem.o) (systemMsgHandler)
c:/devkitPro/libnds/lib\libnds9.a(video.o)
                              c:/devkitPro/libnds/lib\libnds9.a(initSystem.o) (vramDefault)
c:/devkitpro/devkitarm/bin/../lib/gcc/arm-none-eabi/4.7.1/../../../../arm-none-eabi/lib/thumb\libstdc++.a(new_op.o)
                              Blocks.o (operator new(unsigned int))
c:/devkitpro/devkitarm/bin/../lib/gcc/arm-none-eabi/4.7.1/../../../../arm-none-eabi/lib/thumb\libstdc++.a(eh_call.o)
                              c:/devkitpro/devkitarm/bin/../lib/gcc/arm-none-eabi/4.7.1/../../../../arm-none-eabi/lib/thumb\libstdc++.a(new_op.o) (__cxa_call_unexpected)
c:/devkitpro/devkitarm/bin/../lib/gcc/arm-none-eabi/4.7.1/../../../../arm-none-eabi/lib/thumb\libstdc++.a(eh_personality.o)
                              c:/devkitpro/devkitarm/bin/../lib/gcc/arm-none-eabi/4.7.1/../../../../arm-none-eabi/lib/thumb\libstdc++.a(new_op.o) (__gxx_personality_v0)
c:/devkitpro/devkitarm/bin/../lib/gcc/arm-none-eabi/4.7.1/../../../../arm-none-eabi/lib/thumb\libstdc++.a(del_op.o)
                              ClassDefinitions.o (operator delete(void*))
c:/devkitpro/devkitarm/bin/../lib/gcc/arm-none-eabi/4.7.1/../../../../arm-none-eabi/lib/thumb\libstdc++.a(eh_terminate.o)
                              c:/devkitpro/devkitarm/bin/../lib/gcc/arm-none-eabi/4.7.1/../../../../arm-none-eabi/lib/thumb\libstdc++.a(eh_call.o) (__cxxabiv1::__terminate(void (*)()))
c:/devkitpro/devkitarm/bin/../lib/gcc/arm-none-eabi/4.7.1/../../../../arm-none-eabi/lib/thumb\libstdc++.a(eh_exception.o)
[...]
Memory Configuration

Name             Origin             Length             Attributes
rom              0x08000000         0x02000000
ewram            0x02000000         0x003ff000
dtcm             0x0b000000         0x00004000
vectors          0x01000000         0x00000100
itcm             0x01000100         0x00007f00
*default*        0x00000000         0xffffffff

Linker script and memory map

                0x01000000                __vectors_start = ORIGIN (vectors)
                0x01000100                __itcm_start = ORIGIN (itcm)
                0x023ff000                __ewram_end = (ORIGIN (ewram) + 0x3ff000)
                0x023ff000                __eheap_end = (ORIGIN (ewram) + 0x3ff000)
                0x0b000000                __dtcm_start = ORIGIN (dtcm)
                0x0b004000                __dtcm_top = (ORIGIN (dtcm) + 0x4000)
                0x0b003ff8                __irq_flags = (__dtcm_top - 0x8)
                0x0b003ffc                __irq_vector = (__dtcm_top - 0x4)
                0x0b003f00                __sp_svc = (__dtcm_top - 0x100)
                0x0b003e00                __sp_irq = (__sp_svc - 0x100)
                0x0b003d00                __sp_usr = (__sp_irq - 0x100)

.init           0x02000000      0x23c
                0x02000000                __text_start = .
 *(.init)
 .init          0x02000000      0x230 c:/devkitpro/devkitarm/bin/../lib/gcc/arm-none-eabi/4.7.1/../../../../arm-none-eabi/lib/thumb/ds_arm9_crt0.o
                0x02000000                _start
 .init          0x02000230        0x4 c:/devkitpro/devkitarm/bin/../lib/gcc/arm-none-eabi/4.7.1/thumb/crti.o
                0x02000230                _init
 .init          0x02000234        0x8 c:/devkitpro/devkitarm/bin/../lib/gcc/arm-none-eabi/4.7.1/thumb/crtn.o
                0x0200023c                . = ALIGN (0x4)

.plt
 *(.plt)

.text           0x02000240    0x19308
 *(EXCLUDE_FILE(*.itcm*) .text)
 .text          0x02000240        0x0 c:/devkitpro/devkitarm/bin/../lib/gcc/arm-none-eabi/4.7.1/../../../../arm-none-eabi/lib/thumb/ds_arm9_crt0.o
 .text          0x02000240        0x0 c:/devkitpro/devkitarm/bin/../lib/gcc/arm-none-eabi/4.7.1/thumb/crti.o
 .text          0x02000240       0xd0 c:/devkitpro/devkitarm/bin/../lib/gcc/arm-none-eabi/4.7.1/thumb/crtbegin.o
 .text          0x02000310        0x0 soundbank.bin.o
 .text          0x02000310      0x28c Blocks.o
                0x02000310                Triggerable::trigger(bool)
                0x02000320                Actuator::trigger(bool)
                0x02000368                Plate::tick()
                0x020003a8                Door::useOn(Item*, Entity*)
                0x02000404                Wall::Wall()
                0x02000404                Wall::Wall()
                0x02000424                Floor::Floor()
                0x02000424                Floor::Floor()
                0x02000440                Door::Door()
                0x02000440                Door::Door()
                0x02000468                Door::linkToBlock(int, int)
                0x02000498                Door::linkToLevel(Level*)
                0x020004a8                Triggerable::Triggerable()
                0x020004a8                Triggerable::Triggerable()
                0x020004c4                Actuator::Actuator()
                0x020004c4                Actuator::Actuator()
                0x020004e8                Plate::Plate()
                0x020004e8                Plate::Plate()
                0x02000508                Plate::linkTrigger(Triggerable*)
                0x0200050c                BlockFactory::makeWall(unsigned short)
                0x02000528                BlockFactory::makeFloor(unsigned short)
                0x02000544                BlockFactory::makeDoor(unsigned short)
                0x02000560                BlockFactory::makeActuator(unsigned short)
                0x0200057c                BlockFactory::makePlate(unsigned short, Triggerable*)
 .text          0x0200059c      0xca4 ClassDefinitions.o
                0x0200059c                Entity::useOn(Item*, Entity*)
                0x020005a0                Block::onLoad(int, int)
                0x020005ac                Block::onEnter(Entity*)
                0x020005b0                Block::onUnload()
                0x020005c0                Level::onUnload()
                0x0200060c                Block::tick()
                0x02000620                Block::useOn(Item*, Entity*)
                0x02000634                Level::~Level()
                0x02000634                Level::~Level()
                0x02000650                Level::~Level()
                0x02000664                Sprite::Sprite()
                0x02000664                Sprite::Sprite()
                0x02000688                Sprite::writeOam()
                0x02000700                Sprite::setAnimFrame(unsigned char)
                0x02000704                Sprite::setGfxBase(int)
                0x02000718                Sprite::setSpriteEntry(unsigned char)
                0x0200071c                Sprite::onUnload()
                0x0200075c                Entity::onUnload()
                0x02000768                Item::getAtt()
                0x0200076c                Item::getDef()
                0x02000770                Item::Item(unsigned char, unsigned char)
                0x02000770                Item::Item(unsigned char, unsigned char)
                0x02000778                Item::Item()
                0x02000778                Item::Item()
                0x02000780                Entity::Entity()
                0x02000780                Entity::Entity()
                0x020007b8                Entity::loadCommon()
                0x02000810                Entity::onLoad()
                0x02000820                Entity::calcSprite()
                0x02000878                Entity::tick()
                0x02000890                Entity::calcGrid()
                0x020008a4                Block::Block()
                0x020008a4                Block::Block()
                0x020008bc                Block::getTileIndex()
                0x020008c0                Block::setEntity(Entity*)
                0x020008e0                Block::setTileIndex(unsigned short)
                0x020008e4                Level::loadCommon()
                0x02000958                Level::getOamEntry()
                0x0200096c                Level::isPlayer(Entity*)
                0x02000978                Level::getBlock(int, int)
                0x020009a0                Entity::translate(int, int)
                0x02000a08                Level::testSolid(int, int)
                0x02000a14                Level::calcLight(int, int, unsigned char)
                0x02000aa8                Level::drawLevel()
                0x02000c48                Level::tick()
                0x02000e10                SoundManager::SoundManager()
                0x02000e10                SoundManager::SoundManager()
                0x02000e88                SoundManager::playBGM(unsigned char, bool)
                0x02000ebc                SoundManager::stopBGM()
                0x02000ed4                SoundManager::setBGMVol(unsigned int)
                0x02000ee8                SoundManager::setBGMTempo(unsigned int)
                0x02000f0c                SoundManager::playSFX(unsigned char, unsigned int)
                0x02000f2c                Level::onLoad()
                0x02000fb4                Game::Game()
                0x02000fb4                Game::Game()
                0x020010b0                Game::loadLevel(Level*)
                0x020010f0                Game::setLevel(Level*)
                0x020010fc                Game::mainLoop()
                0x0200119c                Level::initBlocks()
 .text          0x02001240      0x754 Entities.o
                0x02001240                Rock::tick()
                0x020012b4                Rock::onLoad()
                0x020012cc                Mob::onLoad()
                0x020012f0                Mob::useOn(Item*, Entity*)
                0x02001398                Player::onLoad()
                0x020013c0                Player::tick()
                0x02001628                Rock::useOn(Item*, Entity*)
                0x0200177c                Mob::move(int)
                0x020018e8                Mob::moveIdle()
                0x0200191c                Mob::tick()
 .text          0x02001994        0x0 Items.o
 .text          0x02001994      0x478 Levels.o
                0x02001994                LevelMainMenu::onLoad()
                0x02001a7c                Level1::onLoad()
                0x02001bd4                LevelMainMenu::initBlocks()
                0x02001cf0                Level1::initBlocks()
 .text          0x02001e0c        0x0 main.o
 .text          0x02001e0c        0x0 LevelMainMenu.o
 .text          0x02001e0c        0x0 LevelTest.o
 .text          0x02001e0c        0x0 Sprites.o
 .text          0x02001e0c        0x0 Tileset.o
 .text          0x02001e0c      0x24c c:/devkitPro/libnds/lib\libmm9.a(mm_comms.o)
                0x02001e0c                mmSetupComms
                0x02001e5e                mmSendBank
                0x02001e68                mmLockChannels
                0x02001e6e                mmUnlockChannels
                0x02001e74                mmStart
                0x02001e7e                mmPause
                0x02001e82                mmResume
                0x02001e86                mmStop
                0x02001e8a                mmPosition
                0x02001e8e                mmJingle
                0x02001e92                mmSetModuleVolume
                0x02001e96                mmSetJingleVolume
                0x02001e9a                mmSetModuleTempo
                0x02001e9e                mmSetModulePitch
                0x02001ea2                mmSetEffectsVolume
                0x02001ea6                mmSelectMode
                0x02001eaa                mmStreamBegin
                0x02001ebe                mmStreamEnd
                0x02001f14                mmEffect
                0x02001f38                mmEffectVolume
                0x02001f3c                mmEffectPanning
                0x02001f40                mmEffectRate
                0x02001f4a                mmEffectScaleRate
                0x02001f54                mmEffectRelease
                0x02001f5a                mmEffectCancel
                0x02001f60                mmEffectEx
                0x02001f9e                mmEffectCancelAll
                0x02001fa2                mmReverbEnable
                0x02001fa6                mmReverbDisable
                0x02001faa                mmReverbConfigure
                0x02002006                mmReverbStart
                0x0200200a                mmReverbStop
 .text          0x02002058      0x108 c:/devkitPro/libnds/lib\libmm9.a(mm_main9.o)
                0x02002058                mmActive
                0x0200205e                mmSetEventHandler
                0x02002064                mmInit
                0x0200208e                mmInitDefault
                0x020020d8                mmInitDefaultMem
                0x020020fa                mmSuspendIRQ_t
                0x02002118                mmRestoreIRQ_t
 .text          0x02002160      0x120 c:/devkitPro/libnds/lib\libmm9.a(mm_memory.o)
                0x02002160                mmLoad
                0x020021b0                mmUnload
                0x02002208                mmLoadEffect
                0x02002240                mmUnloadEffect
 .text          0x02002280      0x100 c:/devkitPro/libnds/lib\libmm9.a(mm_soundbank.o)
                0x02002280                mmSoundBankInMemory
                0x02002288                mmSoundBankInFiles
                0x0200229a                mmSetCustomSoundBankHandler
                0x020022c6                mmsHandleFileOp
 .text          0x02002380       0x3c c:/devkitPro/libnds/lib\libmm9.a(mm_flusher.o)
                0x02002380                mmFlushBank
 .text          0x020023bc      0x2e8 c:/devkitPro/libnds/lib\libnds9.a(background.o)
                0x020023bc                bgIsText
                0x020023c8                checkIfText
                0x02002420                bgUpdate
                0x02002514                bgInit_call
                0x020025d8                bgInitSub_call
 .text          0x020026a4      0xa4c c:/devkitPro/libnds/lib\libnds9.a(console.o)
                0x02002744                nocash_write
                0x02002754                consoleGetDefault
                0x02002760                consoleSelect
                0x02002770                consoleDebugInit
                0x020027c0                consolePrintChar
                0x0200298c                consoleLoadFont
                0x02002c14                consoleSetFont
                0x02002c34                consoleInit
                0x02002d9c                consoleDemoInit
                0x02002de0                con_write
                0x020030bc                consoleClear
                0x020030cc                consoleSetWindow
 .text          0x020030f0       0xf4 c:/devkitPro/libnds/lib\libnds9.a(keys.o)
                0x020030f0                scanKeys
                0x0200315c                keysHeld
                0x02003168                keysDown
                0x02003178                keysDownRepeat
                0x02003188                keysSetRepeat
                0x020031a0                keysUp
                0x020031b0                keysCurrent
 .text          0x020031e4       0x24 c:/devkitPro/libnds/lib\libnds9.a(sassert.o)
                0x020031e4                __sassert
 .text          0x02003208      0x3f4 c:/devkitPro/libnds/lib\libnds9.a(sprite.o)
                0x02003208                oamInit
                0x0200331c                oamDisable
                0x0200334c                oamEnable
                0x02003370                oamGetGfxPtr
                0x020033a4                oamClear
                0x020033cc                oamGfxPtrToOffset
                0x02003400                oamSet
                0x02003550                oamUpdate
                0x020035b0                oamRotateScale
 .text          0x020035fc      0x450 c:/devkitPro/libnds/lib\libnds9.a(sprite_alloc.o)
                0x0200362c                oamAllocReset
                0x02003660                oamAllocateGfx
                0x02003864                oamFreeGfx
                0x02003a00                oamCountFragments
 .text          0x02003a4c       0x4c c:/devkitPro/libnds/lib\libnds9.a(touch.o)
                0x02003a4c                touchRead
                0x02003a74                touchReadXY
 .text          0x02003a98      0x244 c:/devkitPro/libnds/lib\libnds9.a(trig.o)
                0x02003a98                asinComp
                0x02003ac0                sinLutLookup
                0x02003afc                sinLerp
                0x02003b34                cosLerp
                0x02003b48                tanLutLookup
                0x02003b80                tanLerp
                0x02003c24                asinLerp
                0x02003ca0                acosLerp
                0x02003cb4                atanComp
 .text          0x02003cdc      0x140 c:/devkitPro/libnds/lib\libnds9.a(initSystem.o)
                0x02003cdc                initSystem
 .text          0x02003e1c      0xc58 c:/devkitPro/libnds/lib\libnds9.a(fifosystem.o)
                0x02004070                fifoSendAddress
                0x0200409c                fifoSendValue32
                0x020040dc                fifoSendDatamsg
                0x0200414c                fifoGetAddress
                0x020041c4                fifoSetAddressHandler
                0x02004238                fifoGetValue32
                0x020042ac                fifoSetValue32Handler
                0x02004320                fifoGetDatamsg
                0x020047a4                fifoSetDatamsgHandler
                0x0200483c                fifoCheckAddress
                0x02004860                fifoCheckDatamsg
                0x02004884                fifoCheckValue32
                0x020048a8                fifoInit
 .text          0x02004a74      0x1ec c:/devkitPro/libnds/lib\libnds9.a(interrupts.o)
                0x02004a74                irqDummy
                0x02004a78                irqSet
                0x02004ae4                irqInit
                0x02004b30                irqInitHandler
                0x02004b60                irqEnable
                0x02004bc4                irqDisable
                0x02004c28                irqClear
 .text          0x02004c60       0x58 c:/devkitPro/libnds/lib\libnds9.a(libnds_exit.arm.o)
                0x02004c60                systemErrorExit
                0x02004c64                __libnds_exit
 .text          0x02004cb8       0x70 c:/devkitPro/libnds/lib\libnds9.a(dcache.o)
                0x02004cb8                DC_FlushAll
                0x02004ce4                DC_FlushRange
                0x02004d00                DC_InvalidateAll
                0x02004d0c                DC_InvalidateRange
 .text          0x02004d28      0x1b4 c:/devkitPro/libnds/lib\libnds9.a(mpu_setup.o)
                0x02004d28                __libnds_mpu_setup
                0x02004e68                memCached
                0x02004e80                memUncached
 *fill*         0x02004edc        0x4 ff
 .text          0x02004ee0       0x70 c:/devkitPro/libnds/lib\libnds9.a(biosCalls.o)
                0x02004ee0                swiDelay
                0x02004ee4                swiIntrWait
                0x02004ee8                swiWaitForVBlank
                0x02004eec                swiSleep
                0x02004ef0                swiChangeSoundBias
                0x02004ef4                swiDivide
                0x02004ef8                swiRemainder
                0x02004efe                swiDivMod
                0x02004f0a                swiCopy
                0x02004f0e                swiFastCopy
                0x02004f12                swiSqrt
                0x02004f16                swiCRC16
                0x02004f1a                swiIsDebugger
                0x02004f1e                swiUnpackBits
                0x02004f22                swiDecompressLZSSWram
                0x02004f26                swiDecompressLZSSVramNTR
                0x02004f2a                swiDecompressLZSSVramTWL
                0x02004f2e                swiDecompressHuffman
                0x02004f32                swiDecompressRLEWram
                0x02004f36                swiDecompressRLEVram
                0x02004f3a                swiWaitForIRQ
                0x02004f3e                swiDecodeDelta8
                0x02004f42                swiDecodeDelta16
                0x02004f46                swiSetHaltCR
 .text          0x02004f50       0xa4 c:/devkitPro/libnds/lib\libnds9.a(debugprint.o)
                0x02004f50                nocashWrite
                0x02004f52                nocashMessage
 .text          0x02004ff4        0x0 c:/devkitPro/libnds/lib\libnds9.a(interruptDispatcher.o)
 *fill*         0x02004ff4        0xc ff
 .text          0x02005000       0x30 c:/devkitPro/libnds/lib\libnds9.a(swiSoftReset.o)
                0x02005000                swiSoftReset
 .text          0x02005030        0x0 c:/devkitPro/libnds/lib\libnds9.a(default_font.bin.o)
 .text          0x02005030      0x128 c:/devkitPro/libnds/lib\libnds9.a(system.o)
                0x02005030                setSDcallback
                0x0200503c                systemMsgHandler
                0x02005080                systemSleep
                0x02005098                systemValueHandler
                0x020050d4                powerOn
                0x02005100                powerOff
                0x02005128                ledBlink
                0x02005138                getBatteryLevel
 .text          0x02005158      0x1f8 c:/devkitPro/libnds/lib\libnds9.a(video.o)
                0x02005158                vramSetPrimaryBanks
                0x0200519c                vramSetMainBanks
                0x020051e0                vramSetBanks_EFG
                0x02005218                vramRestorePrimaryBanks
                0x02005224                vramRestoreMainBanks
                0x02005230                vramRestoreBanks_EFG
                0x0200523c                setBrightness
                0x0200527c                vramDefault
 .text          0x02005350        0x0 c:/devkitpro/devkitarm/bin/../lib/gcc/arm-none-eabi/4.7.1/../../../../arm-none-eabi/lib/thumb\libstdc++.a(new_op.o)
 .text          0x02005350        0x0 c:/devkitpro/devkitarm/bin/../lib/gcc/arm-none-eabi/4.7.1/../../../../arm-none-eabi/lib/thumb\libstdc++.a(eh_call.o)
 .text          0x02005350        0x0 c:/devkitpro/devkitarm/bin/../lib/gcc/arm-none-eabi/4.7.1/../../../../arm-none-eabi/lib/thumb\libstdc++.a(eh_personality.o)
 .text          0x02005350        0x0 c:/devkitpro/devkitarm/bin/../lib/gcc/arm-none-eabi/4.7.1/../../../../arm-none-eabi/lib/thumb\libstdc++.a(del_op.o)
 .text          0x02005350        0x0 c:/devkitpro/devkitarm/bin/../lib/gcc/arm-none-eabi/4.7.1/../../../../arm-none-eabi/lib/thumb\libstdc++.a(eh_terminate.o)
 .text          0x02005350        0x0 c:/devkitpro/devkitarm/bin/../lib/gcc/arm-none-eabi/4.7.1/../../../../arm-none-eabi/lib/thumb\libstdc++.a(eh_exception.o)
 .text          0x02005350        0x0 c:/devkitpro/devkitarm/bin/../lib/gcc/arm-none-eabi/4.7.1/../../../../arm-none-eabi/lib/thumb\libstdc++.a(eh_alloc.o)
 .text          0x02005350        0x0 c:/devkitpro/devkitarm/bin/../lib/gcc/arm-none-eabi/4.7.1/../../../../arm-none-eabi/lib/thumb\libstdc++.a(bad_alloc.o)
 .text          0x02005350        0x0 c:/devkitpro/devkitarm/bin/../lib/gcc/arm-none-eabi/4.7.1/../../../../arm-none-eabi/lib/thumb\libstdc++.a(class_type_info.o)
 .text          0x02005350        0x0 c:/devkitpro/devkitarm/bin/../lib/gcc/arm-none-eabi/4.7.1/../../../../arm-none-eabi/lib/thumb\libstdc++.a(new_handler.o)
 .text          0x02005350        0x0 c:/devkitpro/devkitarm/bin/../lib/gcc/arm-none-eabi/4.7.1/../../../../arm-none-eabi/lib/thumb\libstdc++.a(eh_arm.o)
 .text          0x02005350        0x0 c:/devkitpro/devkitarm/bin/../lib/gcc/arm-none-eabi/4.7.1/../../../../arm-none-eabi/lib/thumb\libstdc++.a(eh_throw.o)
 .text          0x02005350        0x0 c:/devkitpro/devkitarm/bin/../lib/gcc/arm-none-eabi/4.7.1/../../../../arm-none-eabi/lib/thumb\libstdc++.a(pure.o)
 .text          0x02005350        0x0 c:/devkitpro/devkitarm/bin/../lib/gcc/arm-none-eabi/4.7.1/../../../../arm-none-eabi/lib/thumb\libstdc++.a(eh_globals.o)
 .text          0x02005350        0x0 c:/devkitpro/devkitarm/bin/../lib/gcc/arm-none-eabi/4.7.1/../../../../arm-none-eabi/lib/thumb\libstdc++.a(eh_catch.o)
 .text          0x02005350        0x0 c:/devkitpro/devkitarm/bin/../lib/gcc/arm-none-eabi/4.7.1/../../../../arm-none-eabi/lib/thumb\libstdc++.a(si_class_type_info.o)
 .text          0x02005350        0x0 c:/devkitpro/devkitarm/bin/../lib/gcc/arm-none-eabi/4.7.1/../../../../arm-none-eabi/lib/thumb\libstdc++.a(eh_unex_handler.o)
 .text          0x02005350        0x0 c:/devkitpro/devkitarm/bin/../lib/gcc/arm-none-eabi/4.7.1/../../../../arm-none-eabi/lib/thumb\libstdc++.a(tinfo.o)
 .text          0x02005350        0x0 c:/devkitpro/devkitarm/bin/../lib/gcc/arm-none-eabi/4.7.1/../../../../arm-none-eabi/lib/thumb\libstdc++.a(eh_term_handler.o)
 .text          0x02005350        0x0 c:/devkitpro/devkitarm/bin/../lib/gcc/arm-none-eabi/4.7.1/../../../../arm-none-eabi/lib/thumb\libstdc++.a(vterminate.o)
 .text          0x02005350        0x0 c:/devkitpro/devkitarm/bin/../lib/gcc/arm-none-eabi/4.7.1/../../../../arm-none-eabi/lib/thumb\libstdc++.a(eh_type.o)
 .text          0x02005350     0x5984 c:/devkitpro/devkitarm/bin/../lib/gcc/arm-none-eabi/4.7.1/../../../../arm-none-eabi/lib/thumb\libstdc++.a(cp-demangle.o)
                0x0200abe0                __cxa_demangle
                0x0200aca8                __gcclibcxx_demangle_callback
 .text          0x0200acd4      0x11c c:/devkitpro/devkitarm/bin/../lib/gcc/arm-none-eabi/4.7.1/thumb\libgcc.a(_udivsi3.o)
                0x0200acd4                __aeabi_uidiv
                0x0200acd4                __udivsi3
                0x0200add0                __aeabi_uidivmod
 .text          0x0200adf0      0x150 c:/devkitpro/devkitarm/bin/../lib/gcc/arm-none-eabi/4.7.1/thumb\libgcc.a(_divsi3.o)
                0x0200adf0                __divsi3
                0x0200adf0                __aeabi_idiv
                0x0200af20                __aeabi_idivmod
 .text          0x0200af40        0x4 c:/devkitpro/devkitarm/bin/../lib/gcc/arm-none-eabi/4.7.1/thumb\libgcc.a(_dvmd_tls.o)
                0x0200af40                __aeabi_idiv0
                0x0200af40                __aeabi_ldiv0
 .text          0x0200af44      0xab4 c:/devkitpro/devkitarm/bin/../lib/gcc/arm-none-eabi/4.7.1/thumb\libgcc.a(unwind-arm.o)
                0x0200b240                _Unwind_GetCFA
                0x0200b244                __gnu_Unwind_RaiseException
                0x0200b2a4                __gnu_Unwind_ForcedUnwind
                0x0200b2bc                __gnu_Unwind_Resume
                0x0200b304                __gnu_Unwind_Resume_or_Rethrow
                0x0200b324                _Unwind_Complete
                0x0200b328                _Unwind_DeleteException
                0x0200b340                _Unwind_VRS_Get
                0x0200b38c                _Unwind_VRS_Set
                0x0200b6e8                __aeabi_unwind_cpp_pr2
                0x0200b6f8                __aeabi_unwind_cpp_pr1
                0x0200b708                __aeabi_unwind_cpp_pr0
                0x0200b718                __gnu_Unwind_Backtrace
                0x0200b78c                _Unwind_VRS_Pop
 .text          0x0200b9f8      0x1d8 c:/devkitpro/devkitarm/bin/../lib/gcc/arm-none-eabi/4.7.1/thumb\libgcc.a(libunwind.o)
                0x0200b9f8                __restore_core_regs
                0x0200b9f8                restore_core_regs
                0x0200ba14                __gnu_Unwind_Restore_VFP
                0x0200ba1c                __gnu_Unwind_Save_VFP
                0x0200ba24                __gnu_Unwind_Restore_VFP_D
                0x0200ba2c                __gnu_Unwind_Save_VFP_D
                0x0200ba34                __gnu_Unwind_Restore_VFP_D_16_to_31
                0x0200ba3c                __gnu_Unwind_Save_VFP_D_16_to_31
                0x0200ba44                __gnu_Unwind_Restore_WMMXD
                0x0200ba88                __gnu_Unwind_Save_WMMXD
                0x0200bacc                __gnu_Unwind_Restore_WMMXC
                0x0200bae0                __gnu_Unwind_Save_WMMXC
                0x0200baf4                ___Unwind_RaiseException
                0x0200baf4                _Unwind_RaiseException
                0x0200bb20                _Unwind_Resume
                0x0200bb20                ___Unwind_Resume
                0x0200bb4c                _Unwind_Resume_or_Rethrow
                0x0200bb4c                ___Unwind_Resume_or_Rethrow
                0x0200bb78                _Unwind_ForcedUnwind
                0x0200bb78                ___Unwind_ForcedUnwind
                0x0200bba4                ___Unwind_Backtrace
                0x0200bba4                _Unwind_Backtrace
 .text          0x0200bbd0      0x3e0 c:/devkitpro/devkitarm/bin/../lib/gcc/arm-none-eabi/4.7.1/thumb\libgcc.a(pr-support.o)
                0x0200bc2c                __gnu_unwind_execute
                0x0200bf4c                __gnu_unwind_frame
                0x0200bf78                _Unwind_GetRegionStart
                0x0200bf88                _Unwind_GetLanguageSpecificData
                0x0200bfa0                _Unwind_GetDataRelBase
                0x0200bfa8                _Unwind_GetTextRelBase
 .text          0x0200bfb0       0x10 c:/devkitpro/devkitarm/bin/../lib/gcc/arm-none-eabi/4.7.1/../../../../arm-none-eabi/lib/thumb\libg.a(lib_a-abort.o)
                0x0200bfb0                abort
 .text          0x0200bfc0       0x64 c:/devkitpro/devkitarm/bin/../lib/gcc/arm-none-eabi/4.7.1/../../../../arm-none-eabi/lib/thumb\libg.a(lib_a-bsearch.o)
                0x0200bfc0                bsearch
 .text          0x0200c024       0xb0 c:/devkitpro/devkitarm/bin/../lib/gcc/arm-none-eabi/4.7.1/../../../../arm-none-eabi/lib/thumb\libg.a(lib_a-fclose.o)
                0x0200c024                _fclose_r
                0x0200c0b8                fclose
 .text          0x0200c0d4      0x1b8 c:/devkitpro/devkitarm/bin/../lib/gcc/arm-none-eabi/4.7.1/../../../../arm-none-eabi/lib/thumb\libg.a(lib_a-fflush.o)
                0x0200c0d4                __sflush_r
                0x0200c22c                _fflush_r
                0x0200c25c                fflush
 .text          0x0200c28c      0x1d8 c:/devkitpro/devkitarm/bin/../lib/gcc/arm-none-eabi/4.7.1/../../../../arm-none-eabi/lib/thumb\libg.a(lib_a-findfp.o)
                0x0200c294                _cleanup_r
                0x0200c2f4                __sfmoreglue
                0x0200c324                _cleanup
                0x0200c338                __sinit
                0x0200c38c                __sfp
                0x0200c41c                __sfp_lock_acquire
                0x0200c420                __sfp_lock_release
                0x0200c424                __sinit_lock_acquire
                0x0200c428                __sinit_lock_release
                0x0200c42c                __fp_lock_all
                0x0200c448                __fp_unlock_all
 .text          0x0200c464       0xa8 c:/devkitpro/devkitarm/bin/../lib/gcc/arm-none-eabi/4.7.1/../../../../arm-none-eabi/lib/thumb\libg.a(lib_a-fopen.o)
                0x0200c464                _fopen_r
                0x0200c4f0                fopen
 .text          0x0200c50c       0x54 c:/devkitpro/devkitarm/bin/../lib/gcc/arm-none-eabi/4.7.1/../../../../arm-none-eabi/lib/thumb\libg.a(lib_a-fputc.o)
                0x0200c50c                _fputc_r
                0x0200c534                fputc
 .text          0x0200c560       0x78 c:/devkitpro/devkitarm/bin/../lib/gcc/arm-none-eabi/4.7.1/../../../../arm-none-eabi/lib/thumb\libg.a(lib_a-fputs.o)
                0x0200c560                _fputs_r
                0x0200c5bc                fputs
 .text          0x0200c5d8      0x190 c:/devkitpro/devkitarm/bin/../lib/gcc/arm-none-eabi/4.7.1/../../../../arm-none-eabi/lib/thumb\libg.a(lib_a-fread.o)
                0x0200c5d8                _fread_r
                0x0200c740                fread
 .text          0x0200c768      0x238 c:/devkitpro/devkitarm/bin/../lib/gcc/arm-none-eabi/4.7.1/../../../../arm-none-eabi/lib/thumb\libg.a(lib_a-freer.o)
                0x0200c768                _malloc_trim_r
                0x0200c80c                _free_r
 .text          0x0200c9a0      0x328 c:/devkitpro/devkitarm/bin/../lib/gcc/arm-none-eabi/4.7.1/../../../../arm-none-eabi/lib/thumb\libg.a(lib_a-fseek.o)
                0x0200c9a0                _fseek_r
                0x0200cca4                fseek
 .text          0x0200ccc8      0x2fc c:/devkitpro/devkitarm/bin/../lib/gcc/arm-none-eabi/4.7.1/../../../../arm-none-eabi/lib/thumb\libg.a(lib_a-fvwrite.o)
                0x0200ccc8                __sfvwrite_r
 .text          0x0200cfc4       0xb4 c:/devkitpro/devkitarm/bin/../lib/gcc/arm-none-eabi/4.7.1/../../../../arm-none-eabi/lib/thumb\libg.a(lib_a-fwalk.o)
                0x0200cfc4                _fwalk
                0x0200d018                _fwalk_reent
 .text          0x0200d078       0x9c c:/devkitpro/devkitarm/bin/../lib/gcc/arm-none-eabi/4.7.1/../../../../arm-none-eabi/lib/thumb\libg.a(lib_a-fwrite.o)
                0x0200d078                _fwrite_r
                0x0200d0ec                fwrite
 .text          0x0200d114        0x0 c:/devkitpro/devkitarm/bin/../lib/gcc/arm-none-eabi/4.7.1/../../../../arm-none-eabi/lib/thumb\libg.a(lib_a-impure.o)
 .text          0x0200d114       0x54 c:/devkitpro/devkitarm/bin/../lib/gcc/arm-none-eabi/4.7.1/../../../../arm-none-eabi/lib/thumb\libg.a(lib_a-init.o)
                0x0200d114                __libc_init_array
 .text          0x0200d168       0x40 c:/devkitpro/devkitarm/bin/../lib/gcc/arm-none-eabi/4.7.1/../../../../arm-none-eabi/lib/thumb\libg.a(lib_a-iprintf.o)
                0x0200d168                iprintf
                0x0200d18c                _iprintf_r
 .text          0x0200d1a8       0xe0 c:/devkitpro/devkitarm/bin/../lib/gcc/arm-none-eabi/4.7.1/../../../../arm-none-eabi/lib/thumb\libg.a(lib_a-makebuf.o)
                0x0200d1a8                __smakebuf_r
 .text          0x0200d288       0x30 c:/devkitpro/devkitarm/bin/../lib/gcc/arm-none-eabi/4.7.1/../../../../arm-none-eabi/lib/thumb\libg.a(lib_a-malloc.o)
                0x0200d288                malloc
                0x0200d2a0                free
 .text          0x0200d2b8      0x51c c:/devkitpro/devkitarm/bin/../lib/gcc/arm-none-eabi/4.7.1/../../../../arm-none-eabi/lib/thumb\libg.a(lib_a-mallocr.o)
                0x0200d2b8                _malloc_r
 .text          0x0200d7d4       0x98 c:/devkitpro/devkitarm/bin/../lib/gcc/arm-none-eabi/4.7.1/../../../../arm-none-eabi/lib/thumb\libg.a(lib_a-memchr-stub.o)
                0x0200d7d4                memchr
 .text          0x0200d86c       0x60 c:/devkitpro/devkitarm/bin/../lib/gcc/arm-none-eabi/4.7.1/../../../../arm-none-eabi/lib/thumb\libg.a(lib_a-memcmp.o)
                0x0200d86c                memcmp
 .text          0x0200d8cc       0x90 c:/devkitpro/devkitarm/bin/../lib/gcc/arm-none-eabi/4.7.1/../../../../arm-none-eabi/lib/thumb\libg.a(lib_a-memcpy-stub.o)
                0x0200d8cc                memcpy
 .text          0x0200d95c       0xb0 c:/devkitpro/devkitarm/bin/../lib/gcc/arm-none-eabi/4.7.1/../../../../arm-none-eabi/lib/thumb\libg.a(lib_a-memmove.o)
                0x0200d95c                memmove
 .text          0x0200da0c       0x98 c:/devkitpro/devkitarm/bin/../lib/gcc/arm-none-eabi/4.7.1/../../../../arm-none-eabi/lib/thumb\libg.a(lib_a-memset.o)
                0x0200da0c                memset
 .text          0x0200daa4        0x8 c:/devkitpro/devkitarm/bin/../lib/gcc/arm-none-eabi/4.7.1/../../../../arm-none-eabi/lib/thumb\libg.a(lib_a-mlock.o)
                0x0200daa4                __malloc_lock
                0x0200daa8                __malloc_unlock
 .text          0x0200daac       0xc4 c:/devkitpro/devkitarm/bin/../lib/gcc/arm-none-eabi/4.7.1/../../../../arm-none-eabi/lib/thumb\libg.a(lib_a-putc.o)
                0x0200daac                _putc_r
                0x0200db0c                putc
 .text          0x0200db70       0x1c c:/devkitpro/devkitarm/bin/../lib/gcc/arm-none-eabi/4.7.1/../../../../arm-none-eabi/lib/thumb\libg.a(lib_a-realloc.o)
                0x0200db70                realloc
 .text          0x0200db8c      0x3e8 c:/devkitpro/devkitarm/bin/../lib/gcc/arm-none-eabi/4.7.1/../../../../arm-none-eabi/lib/thumb\libg.a(lib_a-reallocr.o)
                0x0200db8c                _realloc_r
 .text          0x0200df74      0x144 c:/devkitpro/devkitarm/bin/../lib/gcc/arm-none-eabi/4.7.1/../../../../arm-none-eabi/lib/thumb\libg.a(lib_a-refill.o)
                0x0200df94                __srefill_r
 .text          0x0200e0b8      0x120 c:/devkitpro/devkitarm/bin/../lib/gcc/arm-none-eabi/4.7.1/../../../../arm-none-eabi/lib/thumb\libg.a(lib_a-setvbuf.o)
                0x0200e0b8                setvbuf
 .text          0x0200e1d8      0x198 c:/devkitpro/devkitarm/bin/../lib/gcc/arm-none-eabi/4.7.1/../../../../arm-none-eabi/lib/thumb\libg.a(lib_a-signal.o)
                0x0200e1d8                _init_signal_r
                0x0200e218                _signal_r
                0x0200e258                _raise_r
                0x0200e2b8                __sigtramp_r
                0x0200e30c                raise
                0x0200e324                signal
                0x0200e340                _init_signal
                0x0200e354                __sigtramp
 .text          0x0200e370       0xa0 c:/devkitpro/devkitarm/bin/../lib/gcc/arm-none-eabi/4.7.1/../../../../arm-none-eabi/lib/thumb\libg.a(lib_a-siscanf.o)
                0x0200e370                siscanf
                0x0200e3c0                _siscanf_r
 .text          0x0200e410       0x84 c:/devkitpro/devkitarm/bin/../lib/gcc/arm-none-eabi/4.7.1/../../../../arm-none-eabi/lib/thumb\libg.a(lib_a-sprintf.o)
                0x0200e410                _sprintf_r
                0x0200e450                sprintf
 .text          0x0200e494       0xac c:/devkitpro/devkitarm/bin/../lib/gcc/arm-none-eabi/4.7.1/../../../../arm-none-eabi/lib/thumb\libg.a(lib_a-stdio.o)
                0x0200e494                __sread
                0x0200e4c0                __seofread
                0x0200e4c4                __swrite
                0x0200e500                __sseek
                0x0200e530                __sclose
 .text          0x0200e540       0x14 c:/devkitpro/devkitarm/bin/../lib/gcc/arm-none-eabi/4.7.1/../../../../arm-none-eabi/lib/thumb\libg.a(lib_a-strcmp.o)
                0x0200e540                strcmp
 .text          0x0200e554       0x10 c:/devkitpro/devkitarm/bin/../lib/gcc/arm-none-eabi/4.7.1/../../../../arm-none-eabi/lib/thumb\libg.a(lib_a-strlen.o)
                0x0200e554                strlen
 .text          0x0200e564       0xbc c:/devkitpro/devkitarm/bin/../lib/gcc/arm-none-eabi/4.7.1/../../../../arm-none-eabi/lib/thumb\libg.a(lib_a-strncmp.o)
                0x0200e564                strncmp
 .text          0x0200e620      0xa98 c:/devkitpro/devkitarm/bin/../lib/gcc/arm-none-eabi/4.7.1/../../../../arm-none-eabi/lib/thumb\libg.a(lib_a-svfiscanf.o)
                0x0200e620                _sungetc_r
                0x0200e6a8                __ssrefill_r
                0x0200e6ec                _sfread_r
                0x0200e778                __ssvfiscanf_r
 .text          0x0200f0b8     0x1728 c:/devkitpro/devkitarm/bin/../lib/gcc/arm-none-eabi/4.7.1/../../../../arm-none-eabi/lib/thumb\libg.a(lib_a-svfprintf.o)
                0x0200f0b8                _svfprintf_r
 .text          0x020107e0       0x20 c:/devkitpro/devkitarm/bin/../lib/gcc/arm-none-eabi/4.7.1/../../../../arm-none-eabi/lib/thumb\libg.a(lib_a-syswrite.o)
                0x020107e0                write
 .text          0x02010800      0x188 c:/devkitpro/devkitarm/bin/../lib/gcc/arm-none-eabi/4.7.1/../../../../arm-none-eabi/lib/thumb\libg.a(lib_a-ungetc.o)
                0x02010800                __submore
                0x02010888                _ungetc_r
                0x0201096c                ungetc
 .text          0x02010988      0xed4 c:/devkitpro/devkitarm/bin/../lib/gcc/arm-none-eabi/4.7.1/../../../../arm-none-eabi/lib/thumb\libg.a(lib_a-vfiprintf.o)
                0x02010988                __sprint_r
                0x02010a0c                _vfiprintf_r
                0x02011838                vfiprintf
 .text          0x0201185c       0xd0 c:/devkitpro/devkitarm/bin/../lib/gcc/arm-none-eabi/4.7.1/../../../../arm-none-eabi/lib/thumb\libg.a(lib_a-wbuf.o)
                0x0201185c                __swbuf_r
                0x02011910                __swbuf
 .text          0x0201192c       0xe8 c:/devkitpro/devkitarm/bin/../lib/gcc/arm-none-eabi/4.7.1/../../../../arm-none-eabi/lib/thumb\libg.a(lib_a-wcrtomb.o)
                0x0201192c                _wcrtomb_r
                0x02011994                wcrtomb
 .text          0x02011a14       0x40 c:/devkitpro/devkitarm/bin/../lib/gcc/arm-none-eabi/4.7.1/../../../../arm-none-eabi/lib/thumb\libg.a(lib_a-wcsrtombs.o)
                0x02011a14                _wcsrtombs_r
                0x02011a2c                wcsrtombs
 .text          0x02011a54      0x2a4 c:/devkitpro/devkitarm/bin/../lib/gcc/arm-none-eabi/4.7.1/../../../../arm-none-eabi/lib/thumb\libg.a(lib_a-wctomb_r.o)
                0x02011a54                __utf8_wctomb
                0x02011b08                _wctomb_r
                0x02011b40                __ascii_wctomb
                0x02011b60                __sjis_wctomb
                0x02011bdc                __eucjp_wctomb
                0x02011c78                __jis_wctomb
 .text          0x02011cf8       0xd0 c:/devkitpro/devkitarm/bin/../lib/gcc/arm-none-eabi/4.7.1/../../../../arm-none-eabi/lib/thumb\libg.a(lib_a-wsetup.o)
                0x02011cf8                __swsetup_r
 .text          0x02011dc8       0x10 c:/devkitpro/devkitarm/bin/../lib/gcc/arm-none-eabi/4.7.1/../../../../arm-none-eabi/lib/thumb\libg.a(lib_a-ctype_.o)
                0x02011dc8                __set_ctype
 .text          0x02011dd8     0x10a0 c:/devkitpro/devkitarm/bin/../lib/gcc/arm-none-eabi/4.7.1/../../../../arm-none-eabi/lib/thumb\libg.a(lib_a-dtoa.o)
                0x02011f30                _dtoa_r
 .text          0x02012e78       0x70 c:/devkitpro/devkitarm/bin/../lib/gcc/arm-none-eabi/4.7.1/../../../../arm-none-eabi/lib/thumb\libg.a(lib_a-flags.o)
                0x02012e78                __sflags
 .text          0x02012ee8      0x104 c:/devkitpro/devkitarm/bin/../lib/gcc/arm-none-eabi/4.7.1/../../../../arm-none-eabi/lib/thumb\libg.a(lib_a-fputwc.o)
                0x02012ee8                _fputwc_r
                0x02012fc0                fputwc
 .text          0x02012fec       0x78 c:/devkitpro/devkitarm/bin/../lib/gcc/arm-none-eabi/4.7.1/../../../../arm-none-eabi/lib/thumb\libg.a(lib_a-iswspace.o)
                0x02012fec                iswspace
 .text          0x02013064      0x1f0 c:/devkitpro/devkitarm/bin/../lib/gcc/arm-none-eabi/4.7.1/../../../../arm-none-eabi/lib/thumb\libg.a(lib_a-jp2uc.o)
                0x020131f0                _jp2uc
 .text          0x02013254      0x950 c:/devkitpro/devkitarm/bin/../lib/gcc/arm-none-eabi/4.7.1/../../../../arm-none-eabi/lib/thumb\libg.a(lib_a-locale.o)
                0x02013948                _setlocale_r
                0x02013b44                __locale_charset
                0x02013b4c                __locale_mb_cur_max
                0x02013b58                __locale_msgcharset
                0x02013b64                __locale_cjk_lang
                0x02013b70                _localeconv_r
                0x02013b7c                setlocale
                0x02013b98                localeconv
 .text          0x02013ba4      0x104 c:/devkitpro/devkitarm/bin/../lib/gcc/arm-none-eabi/4.7.1/../../../../arm-none-eabi/lib/thumb\libg.a(lib_a-mbrtowc.o)
                0x02013ba4                _mbrtowc_r
                0x02013c1c                mbrtowc
 .text          0x02013ca8      0x584 c:/devkitpro/devkitarm/bin/../lib/gcc/arm-none-eabi/4.7.1/../../../../arm-none-eabi/lib/thumb\libg.a(lib_a-mbtowc_r.o)
                0x02013ca8                __utf8_mbtowc
                0x02013f08                _mbtowc_r
                0x02013f44                __ascii_mbtowc
                0x02013f74                __sjis_mbtowc
                0x02014034                __eucjp_mbtowc
                0x020140fc                __jis_mbtowc
 *fill*         0x0201422c        0x4 ff
 .text          0x02014230      0x978 c:/devkitpro/devkitarm/bin/../lib/gcc/arm-none-eabi/4.7.1/../../../../arm-none-eabi/lib/thumb\libg.a(lib_a-mprec.o)
                0x02014230                _Balloc
                0x02014284                _Bfree
                0x0201429c                __multadd
                0x02014348                __s2b
                0x020143e4                __hi0bits
                0x0201441c                __lo0bits
                0x0201447c                __i2b
                0x02014494                __multiply
                0x020145f8                __pow5mult
                0x020146a8                __lshift
                0x02014778                __mcmp
                0x020147b4                __mdiff
                0x020148a4                __ulp
                0x020148ec                __b2d
                0x02014990                __d2b
                0x02014a48                __ratio
                0x02014ac4                _mprec_log10
                0x02014b04                __copybits
                0x02014b4c                __any_on
 .text          0x02014ba8       0x7c c:/devkitpro/devkitarm/bin/../lib/gcc/arm-none-eabi/4.7.1/../../../../arm-none-eabi/lib/thumb\libg.a(lib_a-sccl.o)
                0x02014ba8                __sccl
 .text          0x02014c24       0x5c c:/devkitpro/devkitarm/bin/../lib/gcc/arm-none-eabi/4.7.1/../../../../arm-none-eabi/lib/thumb\libg.a(lib_a-s_fpclassify.o)
                0x02014c24                __fpclassifyd
 .text          0x02014c80       0x50 c:/devkitpro/devkitarm/bin/../lib/gcc/arm-none-eabi/4.7.1/../../../../arm-none-eabi/lib/thumb\libg.a(lib_a-strcasecmp.o)
                0x02014c80                strcasecmp
 .text          0x02014cd0       0x50 c:/devkitpro/devkitarm/bin/../lib/gcc/arm-none-eabi/4.7.1/../../../../arm-none-eabi/lib/thumb\libg.a(lib_a-strcat.o)
                0x02014cd0                strcat
 .text          0x02014d20       0xd4 c:/devkitpro/devkitarm/bin/../lib/gcc/arm-none-eabi/4.7.1/../../../../arm-none-eabi/lib/thumb\libg.a(lib_a-strchr.o)
                0x02014d20                strchr
 .text          0x02014df4       0x10 c:/devkitpro/devkitarm/bin/../lib/gcc/arm-none-eabi/4.7.1/../../../../arm-none-eabi/lib/thumb\libg.a(lib_a-strcpy.o)
                0x02014df4                strcpy
 .text          0x02014e04       0x48 c:/devkitpro/devkitarm/bin/../lib/gcc/arm-none-eabi/4.7.1/../../../../arm-none-eabi/lib/thumb\libg.a(lib_a-strlcpy.o)
                0x02014e04                strlcpy
 .text          0x02014e4c       0x60 c:/devkitpro/devkitarm/bin/../lib/gcc/arm-none-eabi/4.7.1/../../../../arm-none-eabi/lib/thumb\libg.a(lib_a-strncasecmp.o)
                0x02014e4c                strncasecmp
 .text          0x02014eac       0x60 c:/devkitpro/devkitarm/bin/../lib/gcc/arm-none-eabi/4.7.1/../../../../arm-none-eabi/lib/thumb\libg.a(lib_a-strncpy.o)
                0x02014eac                strncpy
 *fill*         0x02014f0c        0x4 ff
 .text          0x02014f10      0x208 c:/devkitpro/devkitarm/bin/../lib/gcc/arm-none-eabi/4.7.1/../../../../arm-none-eabi/lib/thumb\libg.a(lib_a-strtoll_r.o)
                0x02014f10                _strtoll_r
 .text          0x02015118      0x190 c:/devkitpro/devkitarm/bin/../lib/gcc/arm-none-eabi/4.7.1/../../../../arm-none-eabi/lib/thumb\libg.a(lib_a-strtol.o)
                0x02015118                _strtol_r
                0x02015288                strtol
 .text          0x020152a8      0x238 c:/devkitpro/devkitarm/bin/../lib/gcc/arm-none-eabi/4.7.1/../../../../arm-none-eabi/lib/thumb\libg.a(lib_a-strtoull_r.o)
                0x020152a8                _strtoull_r
 .text          0x020154e0      0x198 c:/devkitpro/devkitarm/bin/../lib/gcc/arm-none-eabi/4.7.1/../../../../arm-none-eabi/lib/thumb\libg.a(lib_a-strtoul.o)
                0x020154e0                _strtoul_r
                0x02015658                strtoul
 .text          0x02015678      0xeb4 c:/devkitpro/devkitarm/bin/../lib/gcc/arm-none-eabi/4.7.1/../../../../arm-none-eabi/lib/thumb\libg.a(lib_a-svfiprintf.o)
                0x02015678                __ssprint_r
                0x020157a8                _svfiprintf_r
 .text          0x0201652c      0x150 c:/devkitpro/devkitarm/bin/../lib/gcc/arm-none-eabi/4.7.1/../../../../arm-none-eabi/lib/thumb\libg.a(lib_a-wcsnrtombs.o)
                0x0201652c                _wcsnrtombs_r
                0x0201664c                wcsnrtombs
 .text          0x0201667c       0x64 c:/devkitpro/devkitarm/bin/../lib/gcc/arm-none-eabi/4.7.1/../../../../arm-none-eabi/lib/thumb\libg.a(lib_a-callocr.o)
                0x0201667c                _calloc_r
 .text          0x020166e0       0xa8 c:/devkitpro/devkitarm/bin/../lib/gcc/arm-none-eabi/4.7.1/../../../../arm-none-eabi/lib/thumb\libg.a(lib_a-getenv_r.o)
                0x020166e0                _findenv_r
                0x02016778                _getenv_r
 .text          0x02016788        0x0 c:/devkitpro/devkitarm/bin/../lib/gcc/arm-none-eabi/4.7.1/../../../../arm-none-eabi/lib/thumb\libg.a(lib_a-environ.o)
 .text          0x02016788        0x8 c:/devkitpro/devkitarm/bin/../lib/gcc/arm-none-eabi/4.7.1/../../../../arm-none-eabi/lib/thumb\libg.a(lib_a-envlock.o)
                0x02016788                __env_lock
                0x0201678c                __env_unlock
 .text          0x02016790      0x144 c:/devkitpro/devkitarm/bin/../lib/gcc/arm-none-eabi/4.7.1/../../../../arm-none-eabi/lib/thumb\libsysbase.a(iosupport.o)
                0x02016790                setDefaultDevice
                0x020167a4                FindDevice
                0x02016814                RemoveDevice
                0x02016838                AddDevice
                0x020168b4                GetDeviceOpTab
 .text          0x020168d4       0x50 c:/devkitpro/devkitarm/bin/../lib/gcc/arm-none-eabi/4.7.1/../../../../arm-none-eabi/lib/thumb\libsysbase.a(close.o)
                0x020168d4                _close_r
 .text          0x02016924       0x50 c:/devkitpro/devkitarm/bin/../lib/gcc/arm-none-eabi/4.7.1/../../../../arm-none-eabi/lib/thumb\libsysbase.a(fstat.o)
                0x02016924                _fstat_r
 .text          0x02016974        0xc c:/devkitpro/devkitarm/bin/../lib/gcc/arm-none-eabi/4.7.1/../../../../arm-none-eabi/lib/thumb\libsysbase.a(getpid.o)
                0x02016974                _getpid_r
 .text          0x02016980        0x4 c:/devkitpro/devkitarm/bin/../lib/gcc/arm-none-eabi/4.7.1/../../../../arm-none-eabi/lib/thumb\libsysbase.a(isatty.o)
                0x02016980                _isatty_r
 .text          0x02016984        0xc c:/devkitpro/devkitarm/bin/../lib/gcc/arm-none-eabi/4.7.1/../../../../arm-none-eabi/lib/thumb\libsysbase.a(kill.o)
                0x02016984                _kill_r
 .text          0x02016990       0x50 c:/devkitpro/devkitarm/bin/../lib/gcc/arm-none-eabi/4.7.1/../../../../arm-none-eabi/lib/thumb\libsysbase.a(lseek.o)
                0x02016990                _lseek_r
 .text          0x020169e0       0xa0 c:/devkitpro/devkitarm/bin/../lib/gcc/arm-none-eabi/4.7.1/../../../../arm-none-eabi/lib/thumb\libsysbase.a(open.o)
                0x020169e0                _open_r
 .text          0x02016a80       0x50 c:/devkitpro/devkitarm/bin/../lib/gcc/arm-none-eabi/4.7.1/../../../../arm-none-eabi/lib/thumb\libsysbase.a(read.o)
                0x02016a80                _read_r
 .text          0x02016ad0       0x54 c:/devkitpro/devkitarm/bin/../lib/gcc/arm-none-eabi/4.7.1/../../../../arm-none-eabi/lib/thumb\libsysbase.a(sbrk.o)
                0x02016ad0                _sbrk_r
 .text          0x02016b24       0x44 c:/devkitpro/devkitarm/bin/../lib/gcc/arm-none-eabi/4.7.1/../../../../arm-none-eabi/lib/thumb\libsysbase.a(times.o)
                0x02016b24                _times
                0x02016b38                _times_r
                0x02016b40                _gettimeofday_r
 .text          0x02016b68       0x58 c:/devkitpro/devkitarm/bin/../lib/gcc/arm-none-eabi/4.7.1/../../../../arm-none-eabi/lib/thumb\libsysbase.a(write.o)
                0x02016b68                _write_r
 .text          0x02016bc0       0x18 c:/devkitpro/devkitarm/bin/../lib/gcc/arm-none-eabi/4.7.1/../../../../arm-none-eabi/lib/thumb\libsysbase.a(_exit.o)
                0x02016bc0                _exit
 .text          0x02016bd8        0x0 c:/devkitpro/devkitarm/bin/../lib/gcc/arm-none-eabi/4.7.1/../../../../arm-none-eabi/lib/thumb\libsysbase.a(malloc_vars.o)
 .text          0x02016bd8       0x4c c:/devkitpro/devkitarm/bin/../lib/gcc/arm-none-eabi/4.7.1/../../../../arm-none-eabi/lib/thumb\libsysbase.a(build_argv.o)
                0x02016bd8                build_argv
 .text          0x02016c24        0x0 c:/devkitpro/devkitarm/bin/../lib/gcc/arm-none-eabi/4.7.1/../../../../arm-none-eabi/lib/thumb\libsysbase.a(syscall_support.o)
 .text          0x02016c24       0x84 c:/devkitpro/devkitarm/bin/../lib/gcc/arm-none-eabi/4.7.1/../../../../arm-none-eabi/lib/thumb\libsysbase.a(handle_manager.o)
                0x02016c24                __release_handle
                0x02016c50                __alloc_handle
                0x02016c88                __get_handle
 .text          0x02016ca8      0x41c c:/devkitpro/devkitarm/bin/../lib/gcc/arm-none-eabi/4.7.1/thumb\libgcc.a(_arm_addsubdf3.o)
                0x02016ca8                __aeabi_drsub
                0x02016cb0                __aeabi_dsub
                0x02016cb0                __subdf3
                0x02016cb4                __aeabi_dadd
                0x02016cb4                __adddf3
                0x02016fc4                __floatunsidf
                0x02016fc4                __aeabi_ui2d
                0x02016fe8                __floatsidf
                0x02016fe8                __aeabi_i2d
                0x02017010                __aeabi_f2d
                0x02017010                __extendsfdf2
                0x02017050                __floatundidf
                0x02017050                __aeabi_ul2d
                0x02017064                __floatdidf
                0x02017064                __aeabi_l2d
 .text          0x020170c4      0x49c c:/devkitpro/devkitarm/bin/../lib/gcc/arm-none-eabi/4.7.1/thumb\libgcc.a(_arm_muldivdf3.o)
                0x020170c4                __aeabi_dmul
                0x020170c4                __muldf3
                0x02017354                __divdf3
                0x02017354                __aeabi_ddiv
 .text          0x02017560      0x144 c:/devkitpro/devkitarm/bin/../lib/gcc/arm-none-eabi/4.7.1/thumb\libgcc.a(_arm_cmpdf2.o)
                0x02017560                __gtdf2
                0x02017560                __gedf2
                0x02017568                __ltdf2
                0x02017568                __ledf2
                0x02017570                __nedf2
                0x02017570                __eqdf2
                0x02017570                __cmpdf2
                0x020175f8                __aeabi_cdrcmple
                0x02017614                __aeabi_cdcmpeq
                0x02017614                __aeabi_cdcmple
                0x0201762c                __aeabi_dcmpeq
                0x02017644                __aeabi_dcmplt
                0x0201765c                __aeabi_dcmple
                0x02017674                __aeabi_dcmpge
                0x0201768c                __aeabi_dcmpgt
 .text          0x020176a4       0x5c c:/devkitpro/devkitarm/bin/../lib/gcc/arm-none-eabi/4.7.1/thumb\libgcc.a(_arm_fixdfsi.o)
                0x020176a4                __aeabi_d2iz
                0x020176a4                __fixdfsi
 .text          0x02017700       0x3c c:/devkitpro/devkitarm/bin/../lib/gcc/arm-none-eabi/4.7.1/thumb\libgcc.a(_aeabi_uldivmod.o)
                0x02017700                __aeabi_uldivmod
 .text          0x0201773c       0x4c c:/devkitpro/devkitarm/bin/../lib/gcc/arm-none-eabi/4.7.1/thumb\libgcc.a(_muldi3.o)
                0x0201773c                __muldi3
                0x0201773c                __aeabi_lmul
 .text          0x02017788       0x7c c:/devkitpro/devkitarm/bin/../lib/gcc/arm-none-eabi/4.7.1/thumb\libgcc.a(bpabi.o)
                0x02017788                __gnu_ldivmod_helper
                0x020177c8                __gnu_uldivmod_helper
 .text          0x02017804      0x3d4 c:/devkitpro/devkitarm/bin/../lib/gcc/arm-none-eabi/4.7.1/thumb\libgcc.a(_divdi3.o)
                0x02017804                __divdi3
 .text          0x02017bd8      0x3a0 c:/devkitpro/devkitarm/bin/../lib/gcc/arm-none-eabi/4.7.1/thumb\libgcc.a(_udivdi3.o)
                0x02017bd8                __udivdi3
 .text          0x02017f78       0x48 c:/devkitpro/devkitarm/bin/../lib/gcc/arm-none-eabi/4.7.1/thumb\libgcc.a(_clzsi2.o)
                0x02017f78                __clzsi2
 .text          0x02017fc0        0xc c:/devkitpro/devkitarm/bin/../lib/gcc/arm-none-eabi/4.7.1/../../../../arm-none-eabi/lib/thumb\libg.a(lib_a-errno.o)
                0x02017fc0                __errno
 .text          0x02017fcc        0x0 c:/devkitpro/devkitarm/bin/../lib/gcc/arm-none-eabi/4.7.1/thumb/crtend.o
 .text          0x02017fcc        0x0 c:/devkitpro/devkitarm/bin/../lib/gcc/arm-none-eabi/4.7.1/thumb/crtn.o
 *(.text.*)
 .text._ZNSt6vectorIP5BlockSaIS1_EE13_M_insert_auxEN9__gnu_cxx17__normal_iteratorIPS1_S3_EERKS1_
                0x02017fcc       0xec ClassDefinitions.o
                0x02017fcc                std::vector<Block*, std::allocator<Block*> >::_M_insert_aux(__gnu_cxx::__normal_iterator<Block**, std::vector<Block*, std::allocator<Block*> > >, Block* const&)
 .text._ZN6Level1D2Ev
                0x020180b8       0x18 Levels.o
                0x020180b8                Level1::~Level1()
                0x020180b8                Level1::~Level1()
 .text._ZN13LevelMainMenuD2Ev
                0x020180d0       0x18 Levels.o
                0x020180d0                LevelMainMenu::~LevelMainMenu()
                0x020180d0                LevelMainMenu::~LevelMainMenu()
 .text._ZN13LevelMainMenuD0Ev
                0x020180e8       0x1c Levels.o
                0x020180e8                LevelMainMenu::~LevelMainMenu()
 .text._ZN6Level1D0Ev
                0x02018104       0x1c Levels.o
                0x02018104                Level1::~Level1()
 .text.startup  0x02018120       0x4c main.o
                0x02018120                main
 .text._Znwj    0x0201816c       0x60 c:/devkitpro/devkitarm/bin/../lib/gcc/arm-none-eabi/4.7.1/../../../../arm-none-eabi/lib/thumb\libstdc++.a(new_op.o)
                0x0201816c                operator new(unsigned int)
 .text._ZN10__cxxabiv1L24__is_gxx_exception_classEPc
                0x020181cc       0x40 c:/devkitpro/devkitarm/bin/../lib/gcc/arm-none-eabi/4.7.1/../../../../arm-none-eabi/lib/thumb\libstdc++.a(eh_call.o)
 .text.__cxa_call_terminate
                0x0201820c       0x24 c:/devkitpro/devkitarm/bin/../lib/gcc/arm-none-eabi/4.7.1/../../../../arm-none-eabi/lib/thumb\libstdc++.a(eh_call.o)
                0x0201820c                __cxa_call_terminate
 .text.__cxa_call_unexpected
                0x02018230       0xec c:/devkitpro/devkitarm/bin/../lib/gcc/arm-none-eabi/4.7.1/../../../../arm-none-eabi/lib/thumb\libstdc++.a(eh_call.o)
                0x02018230                __cxa_call_unexpected
 .text._ZL12read_sleb128PKhPl
                0x0201831c       0x34 c:/devkitpro/devkitarm/bin/../lib/gcc/arm-none-eabi/4.7.1/../../../../arm-none-eabi/lib/thumb\libstdc++.a(eh_personality.o)
 .text._ZL28read_encoded_value_with_basehjPKhPj
                0x02018350       0xd8 c:/devkitpro/devkitarm/bin/../lib/gcc/arm-none-eabi/4.7.1/../../../../arm-none-eabi/lib/thumb\libstdc++.a(eh_personality.o)
 .text._ZL21base_of_encoded_valuehP15_Unwind_Context
                0x02018428       0x4c c:/devkitpro/devkitarm/bin/../lib/gcc/arm-none-eabi/4.7.1/../../../../arm-none-eabi/lib/thumb\libstdc++.a(eh_personality.o)
 .text._ZL17parse_lsda_headerP15_Unwind_ContextPKhP16lsda_header_info
                0x02018474       0x98 c:/devkitpro/devkitarm/bin/../lib/gcc/arm-none-eabi/4.7.1/../../../../arm-none-eabi/lib/thumb\libstdc++.a(eh_personality.o)
 .text.__gxx_personality_v0
                0x0201850c      0x3ec c:/devkitpro/devkitarm/bin/../lib/gcc/arm-none-eabi/4.7.1/../../../../arm-none-eabi/lib/thumb\libstdc++.a(eh_personality.o)
                0x0201850c                __gxx_personality_v0
 .text._ZdlPv   0x020188f8       0x10 c:/devkitpro/devkitarm/bin/../lib/gcc/arm-none-eabi/4.7.1/../../../../arm-none-eabi/lib/thumb\libstdc++.a(del_op.o)
                0x020188f8                operator delete(void*)
 .text._ZN10__cxxabiv111__terminateEPFvvE
                0x02018908       0x2c c:/devkitpro/devkitarm/bin/../lib/gcc/arm-none-eabi/4.7.1/../../../../arm-none-eabi/lib/thumb\libstdc++.a(eh_terminate.o)
                0x02018908                __cxxabiv1::__terminate(void (*)())
 .text._ZSt9terminatev
                0x02018934       0x10 c:/devkitpro/devkitarm/bin/../lib/gcc/arm-none-eabi/4.7.1/../../../../arm-none-eabi/lib/thumb\libstdc++.a(eh_terminate.o)
                0x02018934                std::terminate()
 .text._ZN10__cxxabiv112__unexpectedEPFvvE
                0x02018944        0xc c:/devkitpro/devkitarm/bin/../lib/gcc/arm-none-eabi/4.7.1/../../../../arm-none-eabi/lib/thumb\libstdc++.a(eh_terminate.o)
                0x02018944                __cxxabiv1::__unexpected(void (*)())
 .text._ZSt10unexpectedv
                0x02018950       0x10 c:/devkitpro/devkitarm/bin/../lib/gcc/arm-none-eabi/4.7.1/../../../../arm-none-eabi/lib/thumb\libstdc++.a(eh_terminate.o)
                0x02018950                std::unexpected()
 .text._ZSt13set_terminatePFvvE
                0x02018960       0x10 c:/devkitpro/devkitarm/bin/../lib/gcc/arm-none-eabi/4.7.1/../../../../arm-none-eabi/lib/thumb\libstdc++.a(eh_terminate.o)
                0x02018960                std::set_terminate(void (*)())
 .text._ZSt14set_unexpectedPFvvE
                0x02018970       0x10 c:/devkitpro/devkitarm/bin/../lib/gcc/arm-none-eabi/4.7.1/../../../../arm-none-eabi/lib/thumb\libstdc++.a(eh_terminate.o)
                0x02018970                std::set_unexpected(void (*)())
 .text._ZNSt9exceptionD2Ev
                0x02018980        0xc c:/devkitpro/devkitarm/bin/../lib/gcc/arm-none-eabi/4.7.1/../../../../arm-none-eabi/lib/thumb\libstdc++.a(eh_exception.o)
                0x02018980                std::exception::~exception()
                0x02018980                std::exception::~exception()
 .text._ZNSt13bad_exceptionD2Ev
                0x0201898c        0xc c:/devkitpro/devkitarm/bin/../lib/gcc/arm-none-eabi/4.7.1/../../../../arm-none-eabi/lib/thumb\libstdc++.a(eh_exception.o)
                0x0201898c                std::bad_exception::~bad_exception()
                0x0201898c                std::bad_exception::~bad_exception()
 .text._ZN10__cxxabiv115__forced_unwindD2Ev
                0x02018998        0xc c:/devkitpro/devkitarm/bin/../lib/gcc/arm-none-eabi/4.7.1/../../../../arm-none-eabi/lib/thumb\libstdc++.a(eh_exception.o)
                0x02018998                __cxxabiv1::__forced_unwind::~__forced_unwind()
                0x02018998                __cxxabiv1::__forced_unwind::~__forced_unwind()
 .text._ZN10__cxxabiv119__foreign_exceptionD2Ev
                0x020189a4        0xc c:/devkitpro/devkitarm/bin/../lib/gcc/arm-none-eabi/4.7.1/../../../../arm-none-eabi/lib/thumb\libstdc++.a(eh_exception.o)
                0x020189a4                __cxxabiv1::__foreign_exception::~__foreign_exception()
                0x020189a4                __cxxabiv1::__foreign_exception::~__foreign_exception()
 .text._ZNKSt9exception4whatEv
                0x020189b0        0x8 c:/devkitpro/devkitarm/bin/../lib/gcc/arm-none-eabi/4.7.1/../../../../arm-none-eabi/lib/thumb\libstdc++.a(eh_exception.o)
                0x020189b0                std::exception::what() const
 .text._ZNKSt13bad_exception4whatEv
                0x020189b8        0x8 c:/devkitpro/devkitarm/bin/../lib/gcc/arm-none-eabi/4.7.1/../../../../arm-none-eabi/lib/thumb\libstdc++.a(eh_exception.o)
                0x020189b8                std::bad_exception::what() const
 .text._ZN10__cxxabiv119__foreign_exceptionD0Ev
                0x020189c0       0x1c c:/devkitpro/devkitarm/bin/../lib/gcc/arm-none-eabi/4.7.1/../../../../arm-none-eabi/lib/thumb\libstdc++.a(eh_exception.o)
                0x020189c0                __cxxabiv1::__foreign_exception::~__foreign_exception()
 .text._ZN10__cxxabiv115__forced_unwindD0Ev
                0x020189dc       0x1c c:/devkitpro/devkitarm/bin/../lib/gcc/arm-none-eabi/4.7.1/../../../../arm-none-eabi/lib/thumb\libstdc++.a(eh_exception.o)
                0x020189dc                __cxxabiv1::__forced_unwind::~__forced_unwind()
 .text._ZNSt9exceptionD0Ev
                0x020189f8       0x1c c:/devkitpro/devkitarm/bin/../lib/gcc/arm-none-eabi/4.7.1/../../../../arm-none-eabi/lib/thumb\libstdc++.a(eh_exception.o)
                0x020189f8                std::exception::~exception()
 .text._ZNSt13bad_exceptionD0Ev
                0x02018a14       0x1c c:/devkitpro/devkitarm/bin/../lib/gcc/arm-none-eabi/4.7.1/../../../../arm-none-eabi/lib/thumb\libstdc++.a(eh_exception.o)
                0x02018a14                std::bad_exception::~bad_exception()
 .text.__cxa_allocate_exception
                0x02018a30       0x68 c:/devkitpro/devkitarm/bin/../lib/gcc/arm-none-eabi/4.7.1/../../../../arm-none-eabi/lib/thumb\libstdc++.a(eh_alloc.o)
                0x02018a30                __cxa_allocate_exception
 .text.__cxa_free_exception
                0x02018a98       0x38 c:/devkitpro/devkitarm/bin/../lib/gcc/arm-none-eabi/4.7.1/../../../../arm-none-eabi/lib/thumb\libstdc++.a(eh_alloc.o)
                0x02018a98                __cxa_free_exception
 .text.__cxa_allocate_dependent_exception
                0x02018ad0       0x60 c:/devkitpro/devkitarm/bin/../lib/gcc/arm-none-eabi/4.7.1/../../../../arm-none-eabi/lib/thumb\libstdc++.a(eh_alloc.o)
                0x02018ad0                __cxa_allocate_dependent_exception
 .text.__cxa_free_dependent_exception
                0x02018b30       0x3c c:/devkitpro/devkitarm/bin/../lib/gcc/arm-none-eabi/4.7.1/../../../../arm-none-eabi/lib/thumb\libstdc++.a(eh_alloc.o)
                0x02018b30                __cxa_free_dependent_exception
 .text._ZNKSt9bad_alloc4whatEv
                0x02018b6c        0x8 c:/devkitpro/devkitarm/bin/../lib/gcc/arm-none-eabi/4.7.1/../../../../arm-none-eabi/lib/thumb\libstdc++.a(bad_alloc.o)
                0x02018b6c                std::bad_alloc::what() const
 .text._ZNSt9bad_allocD2Ev
                0x02018b74       0x1c c:/devkitpro/devkitarm/bin/../lib/gcc/arm-none-eabi/4.7.1/../../../../arm-none-eabi/lib/thumb\libstdc++.a(bad_alloc.o)
                0x02018b74                std::bad_alloc::~bad_alloc()
                0x02018b74                std::bad_alloc::~bad_alloc()
 .text._ZNSt9bad_allocD0Ev
                0x02018b90       0x18 c:/devkitpro/devkitarm/bin/../lib/gcc/arm-none-eabi/4.7.1/../../../../arm-none-eabi/lib/thumb\libstdc++.a(bad_alloc.o)
                0x02018b90                std::bad_alloc::~bad_alloc()
 .text._ZNK10__cxxabiv117__class_type_info11__do_upcastEPKS0_PPv
                0x02018ba8       0x40 c:/devkitpro/devkitarm/bin/../lib/gcc/arm-none-eabi/4.7.1/../../../../arm-none-eabi/lib/thumb\libstdc++.a(class_type_info.o)
                0x02018ba8                __cxxabiv1::__class_type_info::__do_upcast(__cxxabiv1::__class_type_info const*, void**) const
 .text._ZNK10__cxxabiv117__class_type_info20__do_find_public_srcEiPKvPKS0_S2_
                0x02018be8       0x14 c:/devkitpro/devkitarm/bin/../lib/gcc/arm-none-eabi/4.7.1/../../../../arm-none-eabi/lib/thumb\libstdc++.a(class_type_info.o)
                0x02018be8                __cxxabiv1::__class_type_info::__do_find_public_src(int, void const*, __cxxabiv1::__class_type_info const*, void const*) const
 .text._ZNK10__cxxabiv117__class_type_info11__do_upcastEPKS0_PKvRNS0_15__upcast_resultE
                0x02018bfc       0x24 c:/devkitpro/devkitarm/bin/../lib/gcc/arm-none-eabi/4.7.1/../../../../arm-none-eabi/lib/thumb\libstdc++.a(class_type_info.o)
                0x02018bfc                __cxxabiv1::__class_type_info::__do_upcast(__cxxabiv1::__class_type_info const*, void const*, __cxxabiv1::__class_type_info::__upcast_result&) const
 .text._ZN10__cxxabiv117__class_type_infoD2Ev
                0x02018c20       0x1c c:/devkitpro/devkitarm/bin/../lib/gcc/arm-none-eabi/4.7.1/../../../../arm-none-eabi/lib/thumb\libstdc++.a(class_type_info.o)
                0x02018c20                __cxxabiv1::__class_type_info::~__class_type_info()
                0x02018c20                __cxxabiv1::__class_type_info::~__class_type_info()
 .text._ZN10__cxxabiv117__class_type_infoD0Ev
                0x02018c3c       0x18 c:/devkitpro/devkitarm/bin/../lib/gcc/arm-none-eabi/4.7.1/../../../../arm-none-eabi/lib/thumb\libstdc++.a(class_type_info.o)
                0x02018c3c                __cxxabiv1::__class_type_info::~__class_type_info()
 .text._ZNK10__cxxabiv117__class_type_info12__do_dyncastEiNS0_10__sub_kindEPKS0_PKvS3_S5_RNS0_16__dyncast_resultE
                0x02018c54       0x44 c:/devkitpro/devkitarm/bin/../lib/gcc/arm-none-eabi/4.7.1/../../../../arm-none-eabi/lib/thumb\libstdc++.a(class_type_info.o)
                0x02018c54                __cxxabiv1::__class_type_info::__do_dyncast(int, __cxxabiv1::__class_type_info::__sub_kind, __cxxabiv1::__class_type_info const*, void const*, __cxxabiv1::__class_type_info const*, void const*, __cxxabiv1::__class_type_info::__dyncast_result&) const
 .text._ZNK10__cxxabiv117__class_type_info10__do_catchEPKSt9type_infoPPvj
                0x02018c98       0x40 c:/devkitpro/devkitarm/bin/../lib/gcc/arm-none-eabi/4.7.1/../../../../arm-none-eabi/lib/thumb\libstdc++.a(class_type_info.o)
                0x02018c98                __cxxabiv1::__class_type_info::__do_catch(std::type_info const*, void**, unsigned int) const
 .text._ZSt15set_new_handlerPFvvE
                0x02018cd8       0x10 c:/devkitpro/devkitarm/bin/../lib/gcc/arm-none-eabi/4.7.1/../../../../arm-none-eabi/lib/thumb\libstdc++.a(new_handler.o)
                0x02018cd8                std::set_new_handler(void (*)())
 .text.__cxa_end_cleanup
                0x02018ce8        0xc c:/devkitpro/devkitarm/bin/../lib/gcc/arm-none-eabi/4.7.1/../../../../arm-none-eabi/lib/thumb\libstdc++.a(eh_arm.o)
                0x02018ce8                __cxa_end_cleanup
 .text.__cxa_type_match
                0x02018cf4       0xcc c:/devkitpro/devkitarm/bin/../lib/gcc/arm-none-eabi/4.7.1/../../../../arm-none-eabi/lib/thumb\libstdc++.a(eh_arm.o)
                0x02018cf4                __cxa_type_match
 .text.__cxa_begin_cleanup
                0x02018dc0       0x64 c:/devkitpro/devkitarm/bin/../lib/gcc/arm-none-eabi/4.7.1/../../../../arm-none-eabi/lib/thumb\libstdc++.a(eh_arm.o)
                0x02018dc0                __cxa_begin_cleanup
 .text.__gnu_end_cleanup
                0x02018e24       0x74 c:/devkitpro/devkitarm/bin/../lib/gcc/arm-none-eabi/4.7.1/../../../../arm-none-eabi/lib/thumb\libstdc++.a(eh_arm.o)
                0x02018e24                __gnu_end_cleanup
 .text._ZL23__gxx_exception_cleanup19_Unwind_Reason_CodeP21_Unwind_Control_Block
                0x02018e98       0x30 c:/devkitpro/devkitarm/bin/../lib/gcc/arm-none-eabi/4.7.1/../../../../arm-none-eabi/lib/thumb\libstdc++.a(eh_throw.o)
 .text.__cxa_throw
                0x02018ec8       0x68 c:/devkitpro/devkitarm/bin/../lib/gcc/arm-none-eabi/4.7.1/../../../../arm-none-eabi/lib/thumb\libstdc++.a(eh_throw.o)
                0x02018ec8                __cxa_throw
 .text.__cxa_rethrow
                0x02018f30       0x74 c:/devkitpro/devkitarm/bin/../lib/gcc/arm-none-eabi/4.7.1/../../../../arm-none-eabi/lib/thumb\libstdc++.a(eh_throw.o)
                0x02018f30                __cxa_rethrow
 .text.__cxa_pure_virtual
                0x02018fa4       0x14 c:/devkitpro/devkitarm/bin/../lib/gcc/arm-none-eabi/4.7.1/../../../../arm-none-eabi/lib/thumb\libstdc++.a(pure.o)
                0x02018fa4                __cxa_pure_virtual
 .text.__cxa_deleted_virtual
                0x02018fb8       0x14 c:/devkitpro/devkitarm/bin/../lib/gcc/arm-none-eabi/4.7.1/../../../../arm-none-eabi/lib/thumb\libstdc++.a(pure.o)
                0x02018fb8                __cxa_deleted_virtual
 .text.__cxa_get_globals_fast
                0x02018fcc        0x8 c:/devkitpro/devkitarm/bin/../lib/gcc/arm-none-eabi/4.7.1/../../../../arm-none-eabi/lib/thumb\libstdc++.a(eh_globals.o)
                0x02018fcc                __cxa_get_globals_fast
 .text.__cxa_get_globals
                0x02018fd4        0x8 c:/devkitpro/devkitarm/bin/../lib/gcc/arm-none-eabi/4.7.1/../../../../arm-none-eabi/lib/thumb\libstdc++.a(eh_globals.o)
                0x02018fd4                __cxa_get_globals
 .text.__cxa_get_exception_ptr
                0x02018fdc        0x4 c:/devkitpro/devkitarm/bin/../lib/gcc/arm-none-eabi/4.7.1/../../../../arm-none-eabi/lib/thumb\libstdc++.a(eh_catch.o)
                0x02018fdc                __cxa_get_exception_ptr
 .text.__cxa_begin_catch
                0x02018fe0       0x88 c:/devkitpro/devkitarm/bin/../lib/gcc/arm-none-eabi/4.7.1/../../../../arm-none-eabi/lib/thumb\libstdc++.a(eh_catch.o)
                0x02018fe0                __cxa_begin_catch
 .text.__cxa_end_catch
                0x02019068       0x94 c:/devkitpro/devkitarm/bin/../lib/gcc/arm-none-eabi/4.7.1/../../../../arm-none-eabi/lib/thumb\libstdc++.a(eh_catch.o)
                0x02019068                __cxa_end_catch
 .text._ZSt18uncaught_exceptionv
                0x020190fc       0x14 c:/devkitpro/devkitarm/bin/../lib/gcc/arm-none-eabi/4.7.1/../../../../arm-none-eabi/lib/thumb\libstdc++.a(eh_catch.o)
                0x020190fc                std::uncaught_exception()
 .text._ZNK10__cxxabiv120__si_class_type_info12__do_dyncastEiNS_17__class_type_info10__sub_kindEPKS1_PKvS4_S6_RNS1_16__dyncast_resultE
                0x02019110       0x90 c:/devkitpro/devkitarm/bin/../lib/gcc/arm-none-eabi/4.7.1/../../../../arm-none-eabi/lib/thumb\libstdc++.a(si_class_type_info.o)
                0x02019110                __cxxabiv1::__si_class_type_info::__do_dyncast(int, __cxxabiv1::__class_type_info::__sub_kind, __cxxabiv1::__class_type_info const*, void const*, __cxxabiv1::__class_type_info const*, void const*, __cxxabiv1::__class_type_info::__dyncast_result&) const
 .text._ZN10__cxxabiv120__si_class_type_infoD2Ev
                0x020191a0       0x1c c:/devkitpro/devkitarm/bin/../lib/gcc/arm-none-eabi/4.7.1/../../../../arm-none-eabi/lib/thumb\libstdc++.a(si_class_type_info.o)
                0x020191a0                __cxxabiv1::__si_class_type_info::~__si_class_type_info()
                0x020191a0                __cxxabiv1::__si_class_type_info::~__si_class_type_info()
 .text._ZN10__cxxabiv120__si_class_type_infoD0Ev
                0x020191bc       0x18 c:/devkitpro/devkitarm/bin/../lib/gcc/arm-none-eabi/4.7.1/../../../../arm-none-eabi/lib/thumb\libstdc++.a(si_class_type_info.o)
                0x020191bc                __cxxabiv1::__si_class_type_info::~__si_class_type_info()
 .text._ZNK10__cxxabiv120__si_class_type_info11__do_upcastEPKNS_17__class_type_infoEPKvRNS1_15__upcast_resultE
                0x020191d4       0x30 c:/devkitpro/devkitarm/bin/../lib/gcc/arm-none-eabi/4.7.1/../../../../arm-none-eabi/lib/thumb\libstdc++.a(si_class_type_info.o)
                0x020191d4                __cxxabiv1::__si_class_type_info::__do_upcast(__cxxabiv1::__class_type_info const*, void const*, __cxxabiv1::__class_type_info::__upcast_result&) const
 .text._ZNK10__cxxabiv120__si_class_type_info20__do_find_public_srcEiPKvPKNS_17__class_type_infoES2_
                0x02019204       0x40 c:/devkitpro/devkitarm/bin/../lib/gcc/arm-none-eabi/4.7.1/../../../../arm-none-eabi/lib/thumb\libstdc++.a(si_class_type_info.o)
                0x02019204                __cxxabiv1::__si_class_type_info::__do_find_public_src(int, void const*, __cxxabiv1::__class_type_info const*, void const*) const
 .text._ZNSt9type_infoD2Ev
                0x02019244        0xc c:/devkitpro/devkitarm/bin/../lib/gcc/arm-none-eabi/4.7.1/../../../../arm-none-eabi/lib/thumb\libstdc++.a(tinfo.o)
                0x02019244                std::type_info::~type_info()
                0x02019244                std::type_info::~type_info()
 .text._ZNKSt9type_info14__is_pointer_pEv
                0x02019250        0x4 c:/devkitpro/devkitarm/bin/../lib/gcc/arm-none-eabi/4.7.1/../../../../arm-none-eabi/lib/thumb\libstdc++.a(tinfo.o)
                0x02019250                std::type_info::__is_pointer_p() const
 .text._ZNKSt9type_info15__is_function_pEv
                0x02019254        0x4 c:/devkitpro/devkitarm/bin/../lib/gcc/arm-none-eabi/4.7.1/../../../../arm-none-eabi/lib/thumb\libstdc++.a(tinfo.o)
                0x02019254                std::type_info::__is_function_p() const
 .text._ZNKSt9type_info11__do_upcastEPKN10__cxxabiv117__class_type_infoEPPv
                0x02019258        0x4 c:/devkitpro/devkitarm/bin/../lib/gcc/arm-none-eabi/4.7.1/../../../../arm-none-eabi/lib/thumb\libstdc++.a(tinfo.o)
                0x02019258                std::type_info::__do_upcast(__cxxabiv1::__class_type_info const*, void**) const
 .text._ZNSt9type_infoD0Ev
                0x0201925c       0x1c c:/devkitpro/devkitarm/bin/../lib/gcc/arm-none-eabi/4.7.1/../../../../arm-none-eabi/lib/thumb\libstdc++.a(tinfo.o)
                0x0201925c                std::type_info::~type_info()
 .text._ZNKSt9type_infoeqERKS_
                0x02019278       0x30 c:/devkitpro/devkitarm/bin/../lib/gcc/arm-none-eabi/4.7.1/../../../../arm-none-eabi/lib/thumb\libstdc++.a(tinfo.o)
                0x02019278                std::type_info::operator==(std::type_info const&) const
 .text._ZNKSt9type_info10__do_catchEPKS_PPvj
                0x020192a8        0xc c:/devkitpro/devkitarm/bin/../lib/gcc/arm-none-eabi/4.7.1/../../../../arm-none-eabi/lib/thumb\libstdc++.a(tinfo.o)
                0x020192a8                std::type_info::__do_catch(std::type_info const*, void**, unsigned int) const
 .text._ZN9__gnu_cxx27__verbose_terminate_handlerEv
                0x020192b4      0x11c c:/devkitpro/devkitarm/bin/../lib/gcc/arm-none-eabi/4.7.1/../../../../arm-none-eabi/lib/thumb\libstdc++.a(vterminate.o)
                0x020192b4                __gnu_cxx::__verbose_terminate_handler()
 .text.__cxa_current_exception_type
                0x020193d0       0x28 c:/devkitpro/devkitarm/bin/../lib/gcc/arm-none-eabi/4.7.1/../../../../arm-none-eabi/lib/thumb\libstdc++.a(eh_type.o)
                0x020193d0                __cxa_current_exception_type
 .text.__cxa_current_exception_type.stub
                0x020193f8      0x140 linker stubs
 *(.stub)
 *(.gnu.warning)
 *(.gnu.linkonce.t*)
 *(.glue_7)
 .glue_7        0x00000000        0x0 linker stubs
 *(.glue_7t)
 .glue_7t       0x00000000        0x0 linker stubs
                0x02019538                . = ALIGN (0x4)

.vfp11_veneer   0x02019548        0x0
 .vfp11_veneer  0x00000000        0x0 linker stubs

.v4_bx          0x02019548        0x0
 .v4_bx         0x00000000        0x0 linker stubs

.iplt           0x02019548        0x0
 .iplt          0x00000000        0x0 c:/devkitpro/devkitarm/bin/../lib/gcc/arm-none-eabi/4.7.1/../../../../arm-none-eabi/lib/thumb/ds_arm9_crt0.o

.fini           0x02019548        0xc
 *(.fini)
 .fini          0x02019548        0x4 c:/devkitpro/devkitarm/bin/../lib/gcc/arm-none-eabi/4.7.1/thumb/crti.o
                0x02019548                _fini
 .fini          0x0201954c        0x8 c:/devkitpro/devkitarm/bin/../lib/gcc/arm-none-eabi/4.7.1/thumb/crtn.o
                0x02019554                __text_end = .

.rodata         0x02019558   0x1a215c
 *(.rodata)
 .rodata        0x02019558   0x181718 soundbank.bin.o
                0x02019558                soundbank_bin
                0x0219ac6c                soundbank_bin_size
                0x0219ac6c                soundbank_bin_end
 .rodata        0x0219ac70       0x80 Blocks.o
                0x0219ac70                vtable for Door
                0x0219ac90                vtable for Triggerable
                0x0219acb0                vtable for Actuator
                0x0219acd0                vtable for Plate
 .rodata        0x0219acf0       0x58 ClassDefinitions.o
                0x0219acf0                vtable for Level
                0x0219ad10                vtable for Entity
                0x0219ad28                vtable for Block
 .rodata        0x0219ad48       0x48 Entities.o
                0x0219ad48                vtable for Player
                0x0219ad60                vtable for Mob
                0x0219ad78                vtable for Rock
 .rodata        0x0219ad90       0x40 Levels.o
                0x0219ad90                vtable for Level1
                0x0219adb0                vtable for LevelMainMenu
 .rodata        0x0219add0       0x60 LevelMainMenu.o
                0x0219add0                LevelMainMenuBitmap
 .rodata        0x0219ae30      0x100 LevelTest.o
                0x0219ae30                LevelTestBitmap
 .rodata        0x0219af30     0x8200 Sprites.o
                0x0219af30                SpritesPal
                0x0219b130                SpritesTiles
 .rodata        0x021a3130    0x10200 Tileset.o
                0x021a3130                TilesetPal
                0x021a3330                TilesetTiles
 .rodata        0x021b3330      0x200 c:/devkitPro/libnds/lib\libnds9.a(console.o)
 .rodata        0x021b3530      0x308 c:/devkitPro/libnds/lib\libnds9.a(trig.o)
                0x021b3530                SIN_LUT
                0x021b3634                TAN_LUT
 .rodata        0x021b3838     0x2004 c:/devkitPro/libnds/lib\libnds9.a(default_font.bin.o)
                0x021b3838                default_font_bin
                0x021b5838                default_font_bin_size
                0x021b5838                default_font_bin_end
 .rodata        0x021b583c      0xf7c c:/devkitpro/devkitarm/bin/../lib/gcc/arm-none-eabi/4.7.1/../../../../arm-none-eabi/lib/thumb\libstdc++.a(cp-demangle.o)
 .rodata        0x021b67b8       0x14 c:/devkitpro/devkitarm/bin/../lib/gcc/arm-none-eabi/4.7.1/thumb\libgcc.a(unwind-arm.o)
 .rodata        0x021b67cc        0x4 c:/devkitpro/devkitarm/bin/../lib/gcc/arm-none-eabi/4.7.1/../../../../arm-none-eabi/lib/thumb\libg.a(lib_a-impure.o)
                0x021b67cc                _global_impure_ptr
 .rodata        0x021b67d0      0x340 c:/devkitpro/devkitarm/bin/../lib/gcc/arm-none-eabi/4.7.1/../../../../arm-none-eabi/lib/thumb\libg.a(lib_a-svfiscanf.o)
 .rodata        0x021b6b10      0x184 c:/devkitpro/devkitarm/bin/../lib/gcc/arm-none-eabi/4.7.1/../../../../arm-none-eabi/lib/thumb\libg.a(lib_a-svfprintf.o)
 .rodata        0x021b6c94      0x184 c:/devkitpro/devkitarm/bin/../lib/gcc/arm-none-eabi/4.7.1/../../../../arm-none-eabi/lib/thumb\libg.a(lib_a-vfiprintf.o)
 .rodata        0x021b6e18      0x104 c:/devkitpro/devkitarm/bin/../lib/gcc/arm-none-eabi/4.7.1/../../../../arm-none-eabi/lib/thumb\libg.a(lib_a-ctype_.o)
                0x021b6e18                _ctype_
 .rodata        0x021b6f1c     0x34f0 c:/devkitpro/devkitarm/bin/../lib/gcc/arm-none-eabi/4.7.1/../../../../arm-none-eabi/lib/thumb\libg.a(lib_a-jp2uc.o)
 .rodata        0x021ba40c       0xf0 c:/devkitpro/devkitarm/bin/../lib/gcc/arm-none-eabi/4.7.1/../../../../arm-none-eabi/lib/thumb\libg.a(lib_a-locale.o)
 .rodata        0x021ba4fc       0xa8 c:/devkitpro/devkitarm/bin/../lib/gcc/arm-none-eabi/4.7.1/../../../../arm-none-eabi/lib/thumb\libg.a(lib_a-mbtowc_r.o)
 *fill*         0x021ba5a4        0x4 ff
 .rodata        0x021ba5a8      0x128 c:/devkitpro/devkitarm/bin/../lib/gcc/arm-none-eabi/4.7.1/../../../../arm-none-eabi/lib/thumb\libg.a(lib_a-mprec.o)
                0x021ba5b8                __mprec_tens
                0x021ba680                __mprec_tinytens
                0x021ba6a8                __mprec_bigtens
 .rodata        0x021ba6d0      0x184 c:/devkitpro/devkitarm/bin/../lib/gcc/arm-none-eabi/4.7.1/../../../../arm-none-eabi/lib/thumb\libg.a(lib_a-svfiprintf.o)
 .rodata        0x021ba854       0x64 c:/devkitpro/devkitarm/bin/../lib/gcc/arm-none-eabi/4.7.1/../../../../arm-none-eabi/lib/thumb\libsysbase.a(iosupport.o)
                0x021ba854                dotab_stdnull
 *all.rodata*(*)
 *(.roda)
 *(.rodata.*)
 .rodata._ZTV4Wall
                0x021ba8b8       0x20 Blocks.o
                0x021ba8b8                vtable for Wall
 .rodata._ZTV5Floor
                0x021ba8d8       0x20 Blocks.o
                0x021ba8d8                vtable for Floor
 .rodata.str1.4
                0x021ba8f8       0x27 Blocks.o
                                 0x28 (size before relaxing)
 *fill*         0x021ba91f        0x1 ff
 .rodata.str1.4
                0x021ba920       0x8f ClassDefinitions.o
                                 0x90 (size before relaxing)
 *fill*         0x021ba9af        0x1 ff
 .rodata.str1.4
                0x021ba9b0       0x15 Entities.o
                                 0x18 (size before relaxing)
 *fill*         0x021ba9c5        0x3 ff
 .rodata.str1.4
                0x021ba9c8        0xe main.o
                                 0x10 (size before relaxing)
 *fill*         0x021ba9d6        0x2 ff
 .rodata.str1.4
                0x021ba9d8       0x49 c:/devkitPro/libnds/lib\libnds9.a(console.o)
                                 0x4c (size before relaxing)
 *fill*         0x021baa21        0x3 ff
 .rodata.str1.4
                0x021baa24       0x44 c:/devkitPro/libnds/lib\libnds9.a(sassert.o)
 .rodata._ZL28read_encoded_value_with_basehjPKhPj
                0x021baa68       0x34 c:/devkitpro/devkitarm/bin/../lib/gcc/arm-none-eabi/4.7.1/../../../../arm-none-eabi/lib/thumb\libstdc++.a(eh_personality.o)
 *fill*         0x021baa9c        0x4 ff
 .rodata._ZTVN10__cxxabiv115__forced_unwindE
                0x021baaa0       0x18 c:/devkitpro/devkitarm/bin/../lib/gcc/arm-none-eabi/4.7.1/../../../../arm-none-eabi/lib/thumb\libstdc++.a(eh_exception.o)
                0x021baaa0                vtable for __cxxabiv1::__forced_unwind
 .rodata._ZTVSt9exception
                0x021baab8       0x18 c:/devkitpro/devkitarm/bin/../lib/gcc/arm-none-eabi/4.7.1/../../../../arm-none-eabi/lib/thumb\libstdc++.a(eh_exception.o)
                0x021baab8                vtable for std::exception
 .rodata._ZTIN10__cxxabiv115__forced_unwindE
                0x021baad0        0x8 c:/devkitpro/devkitarm/bin/../lib/gcc/arm-none-eabi/4.7.1/../../../../arm-none-eabi/lib/thumb\libstdc++.a(eh_exception.o)
                0x021baad0                typeinfo for __cxxabiv1::__forced_unwind
 .rodata._ZTISt9exception
                0x021baad8        0x8 c:/devkitpro/devkitarm/bin/../lib/gcc/arm-none-eabi/4.7.1/../../../../arm-none-eabi/lib/thumb\libstdc++.a(eh_exception.o)
                0x021baad8                typeinfo for std::exception
 .rodata._ZTSSt13bad_exception
                0x021baae0       0x14 c:/devkitpro/devkitarm/bin/../lib/gcc/arm-none-eabi/4.7.1/../../../../arm-none-eabi/lib/thumb\libstdc++.a(eh_exception.o)
                0x021baae0                typeinfo name for std::bad_exception
 .rodata.str1.4
                0x021baaf4       0x23 c:/devkitpro/devkitarm/bin/../lib/gcc/arm-none-eabi/4.7.1/../../../../arm-none-eabi/lib/thumb\libstdc++.a(eh_exception.o)
                                 0x24 (size before relaxing)
 *fill*         0x021bab17        0x1 ff
 .rodata._ZTSN10__cxxabiv119__foreign_exceptionE
                0x021bab18       0x24 c:/devkitpro/devkitarm/bin/../lib/gcc/arm-none-eabi/4.7.1/../../../../arm-none-eabi/lib/thumb\libstdc++.a(eh_exception.o)
                0x021bab18                typeinfo name for __cxxabiv1::__foreign_exception
 .rodata._ZTIN10__cxxabiv119__foreign_exceptionE
                0x021bab3c        0x8 c:/devkitpro/devkitarm/bin/../lib/gcc/arm-none-eabi/4.7.1/../../../../arm-none-eabi/lib/thumb\libstdc++.a(eh_exception.o)
                0x021bab3c                typeinfo for __cxxabiv1::__foreign_exception
 *fill*         0x021bab44        0x4 ff
 .rodata._ZTVSt13bad_exception
                0x021bab48       0x18 c:/devkitpro/devkitarm/bin/../lib/gcc/arm-none-eabi/4.7.1/../../../../arm-none-eabi/lib/thumb\libstdc++.a(eh_exception.o)
                0x021bab48                vtable for std::bad_exception
 .rodata._ZTSSt9exception
                0x021bab60       0x10 c:/devkitpro/devkitarm/bin/../lib/gcc/arm-none-eabi/4.7.1/../../../../arm-none-eabi/lib/thumb\libstdc++.a(eh_exception.o)
                0x021bab60                typeinfo name for std::exception
 .rodata._ZTVN10__cxxabiv119__foreign_exceptionE
                0x021bab70       0x18 c:/devkitpro/devkitarm/bin/../lib/gcc/arm-none-eabi/4.7.1/../../../../arm-none-eabi/lib/thumb\libstdc++.a(eh_exception.o)
                0x021bab70                vtable for __cxxabiv1::__foreign_exception
 .rodata._ZTSN10__cxxabiv115__forced_unwindE
                0x021bab88       0x20 c:/devkitpro/devkitarm/bin/../lib/gcc/arm-none-eabi/4.7.1/../../../../arm-none-eabi/lib/thumb\libstdc++.a(eh_exception.o)
                0x021bab88                typeinfo name for __cxxabiv1::__forced_unwind
 .rodata._ZTISt13bad_exception
                0x021baba8        0xc c:/devkitpro/devkitarm/bin/../lib/gcc/arm-none-eabi/4.7.1/../../../../arm-none-eabi/lib/thumb\libstdc++.a(eh_exception.o)
                0x021baba8                typeinfo for std::bad_exception
 *fill*         0x021babb4        0x4 ff
 .rodata._ZTVSt9bad_alloc
                0x021babb8       0x18 c:/devkitpro/devkitarm/bin/../lib/gcc/arm-none-eabi/4.7.1/../../../../arm-none-eabi/lib/thumb\libstdc++.a(bad_alloc.o)
                0x021babb8                vtable for std::bad_alloc
 .rodata._ZTISt9bad_alloc
                0x021babd0        0xc c:/devkitpro/devkitarm/bin/../lib/gcc/arm-none-eabi/4.7.1/../../../../arm-none-eabi/lib/thumb\libstdc++.a(bad_alloc.o)
                0x021babd0                typeinfo for std::bad_alloc
 .rodata.str1.4
                0x021babdc        0xf c:/devkitpro/devkitarm/bin/../lib/gcc/arm-none-eabi/4.7.1/../../../../arm-none-eabi/lib/thumb\libstdc++.a(bad_alloc.o)
                                 0x10 (size before relaxing)
 *fill*         0x021babeb        0x1 ff
 .rodata._ZTSSt9bad_alloc
                0x021babec       0x10 c:/devkitpro/devkitarm/bin/../lib/gcc/arm-none-eabi/4.7.1/../../../../arm-none-eabi/lib/thumb\libstdc++.a(bad_alloc.o)
                0x021babec                typeinfo name for std::bad_alloc
 *fill*         0x021babfc        0x4 ff
 .rodata._ZTVN10__cxxabiv117__class_type_infoE
                0x021bac00       0x30 c:/devkitpro/devkitarm/bin/../lib/gcc/arm-none-eabi/4.7.1/../../../../arm-none-eabi/lib/thumb\libstdc++.a(class_type_info.o)
                0x021bac00                vtable for __cxxabiv1::__class_type_info
 .rodata._ZTIN10__cxxabiv117__class_type_infoE
                0x021bac30        0xc c:/devkitpro/devkitarm/bin/../lib/gcc/arm-none-eabi/4.7.1/../../../../arm-none-eabi/lib/thumb\libstdc++.a(class_type_info.o)
                0x021bac30                typeinfo for __cxxabiv1::__class_type_info
 .rodata._ZTSN10__cxxabiv117__class_type_infoE
                0x021bac3c       0x24 c:/devkitpro/devkitarm/bin/../lib/gcc/arm-none-eabi/4.7.1/../../../../arm-none-eabi/lib/thumb\libstdc++.a(class_type_info.o)
                0x021bac3c                typeinfo name for __cxxabiv1::__class_type_info
 .rodata._ZSt7nothrow
                0x021bac60        0x4 c:/devkitpro/devkitarm/bin/../lib/gcc/arm-none-eabi/4.7.1/../../../../arm-none-eabi/lib/thumb\libstdc++.a(new_handler.o)
                0x021bac60                std::nothrow
 .rodata.str1.4
                0x021bac64       0x3b c:/devkitpro/devkitarm/bin/../lib/gcc/arm-none-eabi/4.7.1/../../../../arm-none-eabi/lib/thumb\libstdc++.a(pure.o)
                                 0x3c (size before relaxing)
 *fill*         0x021bac9f        0x1 ff
 .rodata._ZTVN10__cxxabiv120__si_class_type_infoE
                0x021baca0       0x30 c:/devkitpro/devkitarm/bin/../lib/gcc/arm-none-eabi/4.7.1/../../../../arm-none-eabi/lib/thumb\libstdc++.a(si_class_type_info.o)
                0x021baca0                vtable for __cxxabiv1::__si_class_type_info
 .rodata._ZTIN10__cxxabiv120__si_class_type_infoE
                0x021bacd0        0xc c:/devkitpro/devkitarm/bin/../lib/gcc/arm-none-eabi/4.7.1/../../../../arm-none-eabi/lib/thumb\libstdc++.a(si_class_type_info.o)
                0x021bacd0                typeinfo for __cxxabiv1::__si_class_type_info
 .rodata._ZTSN10__cxxabiv120__si_class_type_infoE
                0x021bacdc       0x28 c:/devkitpro/devkitarm/bin/../lib/gcc/arm-none-eabi/4.7.1/../../../../arm-none-eabi/lib/thumb\libstdc++.a(si_class_type_info.o)
                0x021bacdc                typeinfo name for __cxxabiv1::__si_class_type_info
 .rodata._ZTISt9type_info
                0x021bad04        0x8 c:/devkitpro/devkitarm/bin/../lib/gcc/arm-none-eabi/4.7.1/../../../../arm-none-eabi/lib/thumb\libstdc++.a(tinfo.o)
                0x021bad04                typeinfo for std::type_info
 .rodata._ZTSSt9type_info
                0x021bad0c       0x10 c:/devkitpro/devkitarm/bin/../lib/gcc/arm-none-eabi/4.7.1/../../../../arm-none-eabi/lib/thumb\libstdc++.a(tinfo.o)
                0x021bad0c                typeinfo name for std::type_info
 *fill*         0x021bad1c        0x4 ff
 .rodata._ZTVSt9type_info
                0x021bad20       0x20 c:/devkitpro/devkitarm/bin/../lib/gcc/arm-none-eabi/4.7.1/../../../../arm-none-eabi/lib/thumb\libstdc++.a(tinfo.o)
                0x021bad20                vtable for std::type_info
 .rodata.str1.4
                0x021bad40       0x94 c:/devkitpro/devkitarm/bin/../lib/gcc/arm-none-eabi/4.7.1/../../../../arm-none-eabi/lib/thumb\libstdc++.a(vterminate.o)
 .rodata.str1.4
                0x021badd4      0x75f c:/devkitpro/devkitarm/bin/../lib/gcc/arm-none-eabi/4.7.1/../../../../arm-none-eabi/lib/thumb\libstdc++.a(cp-demangle.o)
                                0x7b4 (size before relaxing)
 *fill*         0x021bb533        0x1 ff
 .rodata.str1.4
                0x021bb534        0x2 c:/devkitpro/devkitarm/bin/../lib/gcc/arm-none-eabi/4.7.1/../../../../arm-none-eabi/lib/thumb\libg.a(lib_a-impure.o)
                                  0x4 (size before relaxing)
 *fill*         0x021bb536        0x2 ff
 .rodata.str1.4
                0x021bb538       0x42 c:/devkitpro/devkitarm/bin/../lib/gcc/arm-none-eabi/4.7.1/../../../../arm-none-eabi/lib/thumb\libg.a(lib_a-svfprintf.o)
                                 0x44 (size before relaxing)
 .rodata.str1.4