Archive member included because of file (symbol)

c:/devkitPro/libnds/lib\libmm9.a(mm_comms.o)
                              ClassDefinitions.o (mmStart)
c:/devkitPro/libnds/lib\libmm9.a(mm_main9.o)
                              c:/devkitPro/libnds/lib\libmm9.a(mm_comms.o) (mmCallback)
c:/devkitPro/libnds/lib\libmm9.a(mm_memory.o)
                              ClassDefinitions.o (mmLoad)
c:/devkitPro/libnds/lib\libmm9.a(mm_soundbank.o)
                              c:/devkitPro/libnds/lib\libmm9.a(mm_main9.o) (mmSoundBankInMemory)
c:/devkitPro/libnds/lib\libmm9.a(mm_flusher.o)
                              c:/devkitPro/libnds/lib\libmm9.a(mm_memory.o) (mmFlushBank)
c:/devkitPro/libnds/lib\libnds9.a(console.o)
                              main.o (consoleDemoInit)
c:/devkitPro/libnds/lib\libnds9.a(keys.o)
                              main.o (scanKeys)
c:/devkitPro/libnds/lib\libnds9.a(sprite.o)
                              ClassDefinitions.o (oamInit)
c:/devkitPro/libnds/lib\libnds9.a(sprite_alloc.o)
                              c:/devkitPro/libnds/lib\libnds9.a(sprite.o) (oamAllocReset)
c:/devkitPro/libnds/lib\libnds9.a(trig.o)
                              c:/devkitPro/libnds/lib\libnds9.a(sprite.o) (sinLerp)
c:/devkitPro/libnds/lib\libnds9.a(initSystem.o)
                              c:/devkitpro/devkitarm/bin/../lib/gcc/arm-none-eabi/4.7.1/../../../../arm-none-eabi/lib/thumb/ds_arm9_crt0.o (initSystem)
c:/devkitPro/libnds/lib\libnds9.a(fifosystem.o)
                              c:/devkitPro/libnds/lib\libnds9.a(initSystem.o) (fifoSendValue32)
c:/devkitPro/libnds/lib\libnds9.a(interrupts.o)
                              c:/devkitPro/libnds/lib\libnds9.a(fifosystem.o) (irqSet)
c:/devkitPro/libnds/lib\libnds9.a(libnds_exit.arm.o)
                              c:/devkitpro/devkitarm/bin/../lib/gcc/arm-none-eabi/4.7.1/../../../../arm-none-eabi/lib/thumb/ds_arm9_crt0.o (__libnds_exit)
c:/devkitPro/libnds/lib\libnds9.a(dcache.o)
                              c:/devkitPro/libnds/lib\libnds9.a(sprite.o) (DC_FlushRange)
c:/devkitPro/libnds/lib\libnds9.a(mpu_setup.o)
                              c:/devkitpro/devkitarm/bin/../lib/gcc/arm-none-eabi/4.7.1/../../../../arm-none-eabi/lib/thumb/ds_arm9_crt0.o (__libnds_mpu_setup)
c:/devkitPro/libnds/lib\libnds9.a(biosCalls.o)
                              c:/devkitPro/libnds/lib\libnds9.a(fifosystem.o) (swiIntrWait)
c:/devkitPro/libnds/lib\libnds9.a(debugprint.o)
                              c:/devkitPro/libnds/lib\libnds9.a(console.o) (nocashWrite)
c:/devkitPro/libnds/lib\libnds9.a(interruptDispatcher.o)
                              c:/devkitPro/libnds/lib\libnds9.a(interrupts.o) (IntrMain)
c:/devkitPro/libnds/lib\libnds9.a(swiSoftReset.o)
                              c:/devkitPro/libnds/lib\libnds9.a(fifosystem.o) (swiSoftReset)
c:/devkitPro/libnds/lib\libnds9.a(default_font.bin.o)
                              c:/devkitPro/libnds/lib\libnds9.a(console.o) (default_font_bin)
c:/devkitPro/libnds/lib\libnds9.a(background.o)
                              c:/devkitPro/libnds/lib\libnds9.a(console.o) (bgState)
c:/devkitPro/libnds/lib\libnds9.a(system.o)
                              c:/devkitPro/libnds/lib\libnds9.a(initSystem.o) (systemMsgHandler)
c:/devkitPro/libnds/lib\libnds9.a(video.o)
                              c:/devkitPro/libnds/lib\libnds9.a(initSystem.o) (vramDefault)
c:/devkitpro/devkitarm/bin/../lib/gcc/arm-none-eabi/4.7.1/../../../../arm-none-eabi/lib/thumb\libstdc++.a(new_op.o)
                              ClassDefinitions.o (operator new(unsigned int))
c:/devkitpro/devkitarm/bin/../lib/gcc/arm-none-eabi/4.7.1/../../../../arm-none-eabi/lib/thumb\libstdc++.a(eh_call.o)
                              c:/devkitpro/devkitarm/bin/../lib/gcc/arm-none-eabi/4.7.1/../../../../arm-none-eabi/lib/thumb\libstdc++.a(new_op.o) (__cxa_call_unexpected)
c:/devkitpro/devkitarm/bin/../lib/gcc/arm-none-eabi/4.7.1/../../../../arm-none-eabi/lib/thumb\libstdc++.a(eh_personality.o)
                              c:/devkitpro/devkitarm/bin/../lib/gcc/arm-none-eabi/4.7.1/../../../../arm-none-eabi/lib/thumb\libstdc++.a(new_op.o) (__gxx_personality_v0)
c:/devkitpro/devkitarm/bin/../lib/gcc/arm-none-eabi/4.7.1/../../../../arm-none-eabi/lib/thumb\libstdc++.a(del_op.o)
                              ClassDefinitions.o (operator delete(void*))
c:/devkitpro/devkitarm/bin/../lib/gcc/arm-none-eabi/4.7.1/../../../../arm-none-eabi/lib/thumb\libstdc++.a(eh_terminate.o)
                              c:/devkitpro/devkitarm/bin/../lib/gcc/arm-none-eabi/4.7.1/../../../../arm-none-eabi/lib/thumb\libstdc++.a(eh_call.o) (__cxxabiv1::__terminate(void (*)()))
c:/devkitpro/devkitarm/bin/../lib/gcc/arm-none-eabi/4.7.1/../../../../arm-none-eabi/lib/thumb\libstdc++.a(eh_exception.o)
                              c:/devkitpro/devkitarm/bin/../lib/gcc/arm-none-eabi/4.7.1/../../../../arm-none-eabi/lib/thumb\libstdc++.a(eh_call.o) (std::bad_exception::~bad_exception())
[...]
Memory Configuration

Name             Origin             Length             Attributes
rom              0x08000000         0x02000000
ewram            0x02000000         0x003ff000
dtcm             0x0b000000         0x00004000
vectors          0x01000000         0x00000100
itcm             0x01000100         0x00007f00
*default*        0x00000000         0xffffffff

Linker script and memory map

                0x01000000                __vectors_start = ORIGIN (vectors)
                0x01000100                __itcm_start = ORIGIN (itcm)
                0x023ff000                __ewram_end = (ORIGIN (ewram) + 0x3ff000)
                0x023ff000                __eheap_end = (ORIGIN (ewram) + 0x3ff000)
                0x0b000000                __dtcm_start = ORIGIN (dtcm)
                0x0b004000                __dtcm_top = (ORIGIN (dtcm) + 0x4000)
                0x0b003ff8                __irq_flags = (__dtcm_top - 0x8)
                0x0b003ffc                __irq_vector = (__dtcm_top - 0x4)
                0x0b003f00                __sp_svc = (__dtcm_top - 0x100)
                0x0b003e00                __sp_irq = (__sp_svc - 0x100)
                0x0b003d00                __sp_usr = (__sp_irq - 0x100)

.init           0x02000000      0x23c
                0x02000000                __text_start = .
 *(.init)
 .init          0x02000000      0x230 c:/devkitpro/devkitarm/bin/../lib/gcc/arm-none-eabi/4.7.1/../../../../arm-none-eabi/lib/thumb/ds_arm9_crt0.o
                0x02000000                _start
 .init          0x02000230        0x4 c:/devkitpro/devkitarm/bin/../lib/gcc/arm-none-eabi/4.7.1/thumb/crti.o
                0x02000230                _init
 .init          0x02000234        0x8 c:/devkitpro/devkitarm/bin/../lib/gcc/arm-none-eabi/4.7.1/thumb/crtn.o
                0x0200023c                . = ALIGN (0x4)

.plt
 *(.plt)

.text           0x02000240    0x17d18
 *(EXCLUDE_FILE(*.itcm*) .text)
 .text          0x02000240        0x0 c:/devkitpro/devkitarm/bin/../lib/gcc/arm-none-eabi/4.7.1/../../../../arm-none-eabi/lib/thumb/ds_arm9_crt0.o
 .text          0x02000240        0x0 c:/devkitpro/devkitarm/bin/../lib/gcc/arm-none-eabi/4.7.1/thumb/crti.o
 .text          0x02000240       0xd0 c:/devkitpro/devkitarm/bin/../lib/gcc/arm-none-eabi/4.7.1/thumb/crtbegin.o
 .text          0x02000310        0x0 soundbank.bin.o
 .text          0x02000310      0x484 ClassDefinitions.o
                0x02000310                Block::onLoad()
                0x02000314                Block::tick()
                0x02000318                Block::useOn(Item*, Entity*)
                0x0200031c                Level::onUnload()
                0x02000320                Block::getTileIndex()
                0x02000324                Level::drawLevel()
                0x02000414                Level::tick()
                0x020004c8                SoundManager::SoundManager()
                0x020004c8                SoundManager::SoundManager()
                0x02000524                SoundManager::playBGM(unsigned char, bool)
                0x02000558                SoundManager::stopBGM()
                0x02000570                SoundManager::setBGMVol(unsigned int)
                0x02000584                SoundManager::setBGMTempo(unsigned int)
                0x020005a8                SoundManager::playSFX(unsigned char, unsigned int)
                0x020005c8                Game::Game()
                0x020005c8                Game::Game()
                0x02000634                Game::loadLevel(Level*)
                0x02000668                Game::mainLoop()
                0x02000688                Level::onLoad(Game*)
 .text          0x02000794        0x0 main.o
 .text          0x02000794        0x0 Tileset.o
 .text          0x02000794      0x24c c:/devkitPro/libnds/lib\libmm9.a(mm_comms.o)
                0x02000794                mmSetupComms
                0x020007e6                mmSendBank
                0x020007f0                mmLockChannels
                0x020007f6                mmUnlockChannels
                0x020007fc                mmStart
                0x02000806                mmPause
                0x0200080a                mmResume
                0x0200080e                mmStop
                0x02000812                mmPosition
                0x02000816                mmJingle
                0x0200081a                mmSetModuleVolume
                0x0200081e                mmSetJingleVolume
                0x02000822                mmSetModuleTempo
                0x02000826                mmSetModulePitch
                0x0200082a                mmSetEffectsVolume
                0x0200082e                mmSelectMode
                0x02000832                mmStreamBegin
                0x02000846                mmStreamEnd
                0x0200089c                mmEffect
                0x020008c0                mmEffectVolume
                0x020008c4                mmEffectPanning
                0x020008c8                mmEffectRate
                0x020008d2                mmEffectScaleRate
                0x020008dc                mmEffectRelease
                0x020008e2                mmEffectCancel
                0x020008e8                mmEffectEx
                0x02000926                mmEffectCancelAll
                0x0200092a                mmReverbEnable
                0x0200092e                mmReverbDisable
                0x02000932                mmReverbConfigure
                0x0200098e                mmReverbStart
                0x02000992                mmReverbStop
 .text          0x020009e0      0x108 c:/devkitPro/libnds/lib\libmm9.a(mm_main9.o)
                0x020009e0                mmActive
                0x020009e6                mmSetEventHandler
                0x020009ec                mmInit
                0x02000a16                mmInitDefault
                0x02000a60                mmInitDefaultMem
                0x02000a82                mmSuspendIRQ_t
                0x02000aa0                mmRestoreIRQ_t
 .text          0x02000ae8      0x120 c:/devkitPro/libnds/lib\libmm9.a(mm_memory.o)
                0x02000ae8                mmLoad
                0x02000b38                mmUnload
                0x02000b90                mmLoadEffect
                0x02000bc8                mmUnloadEffect
 .text          0x02000c08      0x100 c:/devkitPro/libnds/lib\libmm9.a(mm_soundbank.o)
                0x02000c08                mmSoundBankInMemory
                0x02000c10                mmSoundBankInFiles
                0x02000c22                mmSetCustomSoundBankHandler
                0x02000c4e                mmsHandleFileOp
 .text          0x02000d08       0x3c c:/devkitPro/libnds/lib\libmm9.a(mm_flusher.o)
                0x02000d08                mmFlushBank
 .text          0x02000d44      0xa4c c:/devkitPro/libnds/lib\libnds9.a(console.o)
                0x02000de4                nocash_write
                0x02000df4                consoleGetDefault
                0x02000e00                consoleSelect
                0x02000e10                consoleDebugInit
                0x02000e60                consolePrintChar
                0x0200102c                consoleLoadFont
                0x020012b4                consoleSetFont
                0x020012d4                consoleInit
                0x0200143c                consoleDemoInit
                0x02001480                con_write
                0x0200175c                consoleClear
                0x0200176c                consoleSetWindow
 .text          0x02001790       0xf4 c:/devkitPro/libnds/lib\libnds9.a(keys.o)
                0x02001790                scanKeys
                0x020017fc                keysHeld
                0x02001808                keysDown
                0x02001818                keysDownRepeat
                0x02001828                keysSetRepeat
                0x02001840                keysUp
                0x02001850                keysCurrent
 .text          0x02001884      0x3f4 c:/devkitPro/libnds/lib\libnds9.a(sprite.o)
                0x02001884                oamInit
                0x02001998                oamDisable
                0x020019c8                oamEnable
                0x020019ec                oamGetGfxPtr
                0x02001a20                oamClear
                0x02001a48                oamGfxPtrToOffset
                0x02001a7c                oamSet
                0x02001bcc                oamUpdate
                0x02001c2c                oamRotateScale
 .text          0x02001c78      0x450 c:/devkitPro/libnds/lib\libnds9.a(sprite_alloc.o)
                0x02001ca8                oamAllocReset
                0x02001cdc                oamAllocateGfx
                0x02001ee0                oamFreeGfx
                0x0200207c                oamCountFragments
 .text          0x020020c8      0x244 c:/devkitPro/libnds/lib\libnds9.a(trig.o)
                0x020020c8                asinComp
                0x020020f0                sinLutLookup
                0x0200212c                sinLerp
                0x02002164                cosLerp
                0x02002178                tanLutLookup
                0x020021b0                tanLerp
                0x02002254                asinLerp
                0x020022d0                acosLerp
                0x020022e4                atanComp
 .text          0x0200230c      0x140 c:/devkitPro/libnds/lib\libnds9.a(initSystem.o)
                0x0200230c                initSystem
 .text          0x0200244c      0xc58 c:/devkitPro/libnds/lib\libnds9.a(fifosystem.o)
                0x020026a0                fifoSendAddress
                0x020026cc                fifoSendValue32
                0x0200270c                fifoSendDatamsg
                0x0200277c                fifoGetAddress
                0x020027f4                fifoSetAddressHandler
                0x02002868                fifoGetValue32
                0x020028dc                fifoSetValue32Handler
                0x02002950                fifoGetDatamsg
                0x02002dd4                fifoSetDatamsgHandler
                0x02002e6c                fifoCheckAddress
                0x02002e90                fifoCheckDatamsg
                0x02002eb4                fifoCheckValue32
                0x02002ed8                fifoInit
 .text          0x020030a4      0x1ec c:/devkitPro/libnds/lib\libnds9.a(interrupts.o)
                0x020030a4                irqDummy
                0x020030a8                irqSet
                0x02003114                irqInit
                0x02003160                irqInitHandler
                0x02003190                irqEnable
                0x020031f4                irqDisable
                0x02003258                irqClear
 .text          0x02003290       0x58 c:/devkitPro/libnds/lib\libnds9.a(libnds_exit.arm.o)
                0x02003290                systemErrorExit
                0x02003294                __libnds_exit
 .text          0x020032e8       0x70 c:/devkitPro/libnds/lib\libnds9.a(dcache.o)
                0x020032e8                DC_FlushAll
                0x02003314                DC_FlushRange
                0x02003330                DC_InvalidateAll
                0x0200333c                DC_InvalidateRange
 .text          0x02003358      0x1b4 c:/devkitPro/libnds/lib\libnds9.a(mpu_setup.o)
                0x02003358                __libnds_mpu_setup
                0x02003498                memCached
                0x020034b0                memUncached
 *fill*         0x0200350c        0x4 ff
 .text          0x02003510       0x70 c:/devkitPro/libnds/lib\libnds9.a(biosCalls.o)
                0x02003510                swiDelay
                0x02003514                swiIntrWait
                0x02003518                swiWaitForVBlank
                0x0200351c                swiSleep
                0x02003520                swiChangeSoundBias
                0x02003524                swiDivide
                0x02003528                swiRemainder
                0x0200352e                swiDivMod
                0x0200353a                swiCopy
                0x0200353e                swiFastCopy
                0x02003542                swiSqrt
                0x02003546                swiCRC16
                0x0200354a                swiIsDebugger
                0x0200354e                swiUnpackBits
                0x02003552                swiDecompressLZSSWram
                0x02003556                swiDecompressLZSSVramNTR
                0x0200355a                swiDecompressLZSSVramTWL
                0x0200355e                swiDecompressHuffman
                0x02003562                swiDecompressRLEWram
                0x02003566                swiDecompressRLEVram
                0x0200356a                swiWaitForIRQ
                0x0200356e                swiDecodeDelta8
                0x02003572                swiDecodeDelta16
                0x02003576                swiSetHaltCR
 .text          0x02003580       0xa4 c:/devkitPro/libnds/lib\libnds9.a(debugprint.o)
                0x02003580                nocashWrite
                0x02003582                nocashMessage
 .text          0x02003624        0x0 c:/devkitPro/libnds/lib\libnds9.a(interruptDispatcher.o)
 *fill*         0x02003624        0xc ff
 .text          0x02003630       0x30 c:/devkitPro/libnds/lib\libnds9.a(swiSoftReset.o)
                0x02003630                swiSoftReset
 .text          0x02003660        0x0 c:/devkitPro/libnds/lib\libnds9.a(default_font.bin.o)
 .text          0x02003660      0x2e8 c:/devkitPro/libnds/lib\libnds9.a(background.o)
                0x02003660                bgIsText
                0x0200366c                checkIfText
                0x020036c4                bgUpdate
                0x020037b8                bgInit_call
                0x0200387c                bgInitSub_call
 .text          0x02003948      0x128 c:/devkitPro/libnds/lib\libnds9.a(system.o)
                0x02003948                setSDcallback
                0x02003954                systemMsgHandler
                0x02003998                systemSleep
                0x020039b0                systemValueHandler
                0x020039ec                powerOn
                0x02003a18                powerOff
                0x02003a40                ledBlink
                0x02003a50                getBatteryLevel
 .text          0x02003a70      0x1f8 c:/devkitPro/libnds/lib\libnds9.a(video.o)
                0x02003a70                vramSetPrimaryBanks
                0x02003ab4                vramSetMainBanks
                0x02003af8                vramSetBanks_EFG
                0x02003b30                vramRestorePrimaryBanks
                0x02003b3c                vramRestoreMainBanks
                0x02003b48                vramRestoreBanks_EFG
                0x02003b54                setBrightness
                0x02003b94                vramDefault
 .text          0x02003c68        0x0 c:/devkitpro/devkitarm/bin/../lib/gcc/arm-none-eabi/4.7.1/../../../../arm-none-eabi/lib/thumb\libstdc++.a(new_op.o)
 .text          0x02003c68        0x0 c:/devkitpro/devkitarm/bin/../lib/gcc/arm-none-eabi/4.7.1/../../../../arm-none-eabi/lib/thumb\libstdc++.a(eh_call.o)
 .text          0x02003c68        0x0 c:/devkitpro/devkitarm/bin/../lib/gcc/arm-none-eabi/4.7.1/../../../../arm-none-eabi/lib/thumb\libstdc++.a(eh_personality.o)
 .text          0x02003c68        0x0 c:/devkitpro/devkitarm/bin/../lib/gcc/arm-none-eabi/4.7.1/../../../../arm-none-eabi/lib/thumb\libstdc++.a(del_op.o)
 .text          0x02003c68        0x0 c:/devkitpro/devkitarm/bin/../lib/gcc/arm-none-eabi/4.7.1/../../../../arm-none-eabi/lib/thumb\libstdc++.a(eh_terminate.o)
 .text          0x02003c68        0x0 c:/devkitpro/devkitarm/bin/../lib/gcc/arm-none-eabi/4.7.1/../../../../arm-none-eabi/lib/thumb\libstdc++.a(eh_exception.o)
 .text          0x02003c68        0x0 c:/devkitpro/devkitarm/bin/../lib/gcc/arm-none-eabi/4.7.1/../../../../arm-none-eabi/lib/thumb\libstdc++.a(eh_alloc.o)
 .text          0x02003c68        0x0 c:/devkitpro/devkitarm/bin/../lib/gcc/arm-none-eabi/4.7.1/../../../../arm-none-eabi/lib/thumb\libstdc++.a(bad_alloc.o)
 .text          0x02003c68        0x0 c:/devkitpro/devkitarm/bin/../lib/gcc/arm-none-eabi/4.7.1/../../../../arm-none-eabi/lib/thumb\libstdc++.a(class_type_info.o)
 .text          0x02003c68        0x0 c:/devkitpro/devkitarm/bin/../lib/gcc/arm-none-eabi/4.7.1/../../../../arm-none-eabi/lib/thumb\libstdc++.a(new_handler.o)
 .text          0x02003c68        0x0 c:/devkitpro/devkitarm/bin/../lib/gcc/arm-none-eabi/4.7.1/../../../../arm-none-eabi/lib/thumb\libstdc++.a(eh_arm.o)
 .text          0x02003c68        0x0 c:/devkitpro/devkitarm/bin/../lib/gcc/arm-none-eabi/4.7.1/../../../../arm-none-eabi/lib/thumb\libstdc++.a(eh_throw.o)
 .text          0x02003c68        0x0 c:/devkitpro/devkitarm/bin/../lib/gcc/arm-none-eabi/4.7.1/../../../../arm-none-eabi/lib/thumb\libstdc++.a(pure.o)
 .text          0x02003c68        0x0 c:/devkitpro/devkitarm/bin/../lib/gcc/arm-none-eabi/4.7.1/../../../../arm-none-eabi/lib/thumb\libstdc++.a(eh_globals.o)
 .text          0x02003c68        0x0 c:/devkitpro/devkitarm/bin/../lib/gcc/arm-none-eabi/4.7.1/../../../../arm-none-eabi/lib/thumb\libstdc++.a(eh_catch.o)
 .text          0x02003c68        0x0 c:/devkitpro/devkitarm/bin/../lib/gcc/arm-none-eabi/4.7.1/../../../../arm-none-eabi/lib/thumb\libstdc++.a(si_class_type_info.o)
 .text          0x02003c68        0x0 c:/devkitpro/devkitarm/bin/../lib/gcc/arm-none-eabi/4.7.1/../../../../arm-none-eabi/lib/thumb\libstdc++.a(eh_unex_handler.o)
 .text          0x02003c68        0x0 c:/devkitpro/devkitarm/bin/../lib/gcc/arm-none-eabi/4.7.1/../../../../arm-none-eabi/lib/thumb\libstdc++.a(tinfo.o)
 .text          0x02003c68        0x0 c:/devkitpro/devkitarm/bin/../lib/gcc/arm-none-eabi/4.7.1/../../../../arm-none-eabi/lib/thumb\libstdc++.a(eh_term_handler.o)
 .text          0x02003c68        0x0 c:/devkitpro/devkitarm/bin/../lib/gcc/arm-none-eabi/4.7.1/../../../../arm-none-eabi/lib/thumb\libstdc++.a(vterminate.o)
 .text          0x02003c68        0x0 c:/devkitpro/devkitarm/bin/../lib/gcc/arm-none-eabi/4.7.1/../../../../arm-none-eabi/lib/thumb\libstdc++.a(eh_type.o)
 .text          0x02003c68     0x5984 c:/devkitpro/devkitarm/bin/../lib/gcc/arm-none-eabi/4.7.1/../../../../arm-none-eabi/lib/thumb\libstdc++.a(cp-demangle.o)
                0x020094f8                __cxa_demangle
                0x020095c0                __gcclibcxx_demangle_callback
 .text          0x020095ec      0x11c c:/devkitpro/devkitarm/bin/../lib/gcc/arm-none-eabi/4.7.1/thumb\libgcc.a(_udivsi3.o)
                0x020095ec                __aeabi_uidiv
                0x020095ec                __udivsi3
                0x020096e8                __aeabi_uidivmod
 .text          0x02009708      0x150 c:/devkitpro/devkitarm/bin/../lib/gcc/arm-none-eabi/4.7.1/thumb\libgcc.a(_divsi3.o)
                0x02009708                __divsi3
                0x02009708                __aeabi_idiv
                0x02009838                __aeabi_idivmod
 .text          0x02009858        0x4 c:/devkitpro/devkitarm/bin/../lib/gcc/arm-none-eabi/4.7.1/thumb\libgcc.a(_dvmd_tls.o)
                0x02009858                __aeabi_idiv0
                0x02009858                __aeabi_ldiv0
 .text          0x0200985c      0xab4 c:/devkitpro/devkitarm/bin/../lib/gcc/arm-none-eabi/4.7.1/thumb\libgcc.a(unwind-arm.o)
                0x02009b58                _Unwind_GetCFA
                0x02009b5c                __gnu_Unwind_RaiseException
                0x02009bbc                __gnu_Unwind_ForcedUnwind
                0x02009bd4                __gnu_Unwind_Resume
                0x02009c1c                __gnu_Unwind_Resume_or_Rethrow
                0x02009c3c                _Unwind_Complete
                0x02009c40                _Unwind_DeleteException
                0x02009c58                _Unwind_VRS_Get
                0x02009ca4                _Unwind_VRS_Set
                0x0200a000                __aeabi_unwind_cpp_pr2
                0x0200a010                __aeabi_unwind_cpp_pr1
                0x0200a020                __aeabi_unwind_cpp_pr0
                0x0200a030                __gnu_Unwind_Backtrace
                0x0200a0a4                _Unwind_VRS_Pop
 .text          0x0200a310      0x1d8 c:/devkitpro/devkitarm/bin/../lib/gcc/arm-none-eabi/4.7.1/thumb\libgcc.a(libunwind.o)
                0x0200a310                __restore_core_regs
                0x0200a310                restore_core_regs
                0x0200a32c                __gnu_Unwind_Restore_VFP
                0x0200a334                __gnu_Unwind_Save_VFP
                0x0200a33c                __gnu_Unwind_Restore_VFP_D
                0x0200a344                __gnu_Unwind_Save_VFP_D
                0x0200a34c                __gnu_Unwind_Restore_VFP_D_16_to_31
                0x0200a354                __gnu_Unwind_Save_VFP_D_16_to_31
                0x0200a35c                __gnu_Unwind_Restore_WMMXD
                0x0200a3a0                __gnu_Unwind_Save_WMMXD
                0x0200a3e4                __gnu_Unwind_Restore_WMMXC
                0x0200a3f8                __gnu_Unwind_Save_WMMXC
                0x0200a40c                ___Unwind_RaiseException
                0x0200a40c                _Unwind_RaiseException
                0x0200a438                _Unwind_Resume
                0x0200a438                ___Unwind_Resume
                0x0200a464                _Unwind_Resume_or_Rethrow
                0x0200a464                ___Unwind_Resume_or_Rethrow
                0x0200a490                _Unwind_ForcedUnwind
                0x0200a490                ___Unwind_ForcedUnwind
                0x0200a4bc                ___Unwind_Backtrace
                0x0200a4bc                _Unwind_Backtrace
 .text          0x0200a4e8      0x3e0 c:/devkitpro/devkitarm/bin/../lib/gcc/arm-none-eabi/4.7.1/thumb\libgcc.a(pr-support.o)
                0x0200a544                __gnu_unwind_execute
                0x0200a864                __gnu_unwind_frame
                0x0200a890                _Unwind_GetRegionStart
                0x0200a8a0                _Unwind_GetLanguageSpecificData
                0x0200a8b8                _Unwind_GetDataRelBase
                0x0200a8c0                _Unwind_GetTextRelBase
 .text          0x0200a8c8       0x10 c:/devkitpro/devkitarm/bin/../lib/gcc/arm-none-eabi/4.7.1/../../../../arm-none-eabi/lib/thumb\libg.a(lib_a-abort.o)
                0x0200a8c8                abort
 .text          0x0200a8d8       0x64 c:/devkitpro/devkitarm/bin/../lib/gcc/arm-none-eabi/4.7.1/../../../../arm-none-eabi/lib/thumb\libg.a(lib_a-bsearch.o)
                0x0200a8d8                bsearch
 .text          0x0200a93c       0xb0 c:/devkitpro/devkitarm/bin/../lib/gcc/arm-none-eabi/4.7.1/../../../../arm-none-eabi/lib/thumb\libg.a(lib_a-fclose.o)
                0x0200a93c                _fclose_r
                0x0200a9d0                fclose
 .text          0x0200a9ec      0x1b8 c:/devkitpro/devkitarm/bin/../lib/gcc/arm-none-eabi/4.7.1/../../../../arm-none-eabi/lib/thumb\libg.a(lib_a-fflush.o)
                0x0200a9ec                __sflush_r
                0x0200ab44                _fflush_r
                0x0200ab74                fflush
 .text          0x0200aba4      0x1d8 c:/devkitpro/devkitarm/bin/../lib/gcc/arm-none-eabi/4.7.1/../../../../arm-none-eabi/lib/thumb\libg.a(lib_a-findfp.o)
                0x0200abac                _cleanup_r
                0x0200ac0c                __sfmoreglue
                0x0200ac3c                _cleanup
                0x0200ac50                __sinit
                0x0200aca4                __sfp
                0x0200ad34                __sfp_lock_acquire
                0x0200ad38                __sfp_lock_release
                0x0200ad3c                __sinit_lock_acquire
                0x0200ad40                __sinit_lock_release
                0x0200ad44                __fp_lock_all
                0x0200ad60                __fp_unlock_all
 .text          0x0200ad7c       0xa8 c:/devkitpro/devkitarm/bin/../lib/gcc/arm-none-eabi/4.7.1/../../../../arm-none-eabi/lib/thumb\libg.a(lib_a-fopen.o)
                0x0200ad7c                _fopen_r
                0x0200ae08                fopen
 .text          0x0200ae24       0x54 c:/devkitpro/devkitarm/bin/../lib/gcc/arm-none-eabi/4.7.1/../../../../arm-none-eabi/lib/thumb\libg.a(lib_a-fputc.o)
                0x0200ae24                _fputc_r
                0x0200ae4c                fputc
 .text          0x0200ae78       0x78 c:/devkitpro/devkitarm/bin/../lib/gcc/arm-none-eabi/4.7.1/../../../../arm-none-eabi/lib/thumb\libg.a(lib_a-fputs.o)
                0x0200ae78                _fputs_r
                0x0200aed4                fputs
 .text          0x0200aef0      0x190 c:/devkitpro/devkitarm/bin/../lib/gcc/arm-none-eabi/4.7.1/../../../../arm-none-eabi/lib/thumb\libg.a(lib_a-fread.o)
                0x0200aef0                _fread_r
                0x0200b058                fread
 .text          0x0200b080      0x238 c:/devkitpro/devkitarm/bin/../lib/gcc/arm-none-eabi/4.7.1/../../../../arm-none-eabi/lib/thumb\libg.a(lib_a-freer.o)
                0x0200b080                _malloc_trim_r
                0x0200b124                _free_r
 .text          0x0200b2b8      0x328 c:/devkitpro/devkitarm/bin/../lib/gcc/arm-none-eabi/4.7.1/../../../../arm-none-eabi/lib/thumb\libg.a(lib_a-fseek.o)
                0x0200b2b8                _fseek_r
                0x0200b5bc                fseek
 .text          0x0200b5e0      0x2fc c:/devkitpro/devkitarm/bin/../lib/gcc/arm-none-eabi/4.7.1/../../../../arm-none-eabi/lib/thumb\libg.a(lib_a-fvwrite.o)
                0x0200b5e0                __sfvwrite_r
 .text          0x0200b8dc       0xb4 c:/devkitpro/devkitarm/bin/../lib/gcc/arm-none-eabi/4.7.1/../../../../arm-none-eabi/lib/thumb\libg.a(lib_a-fwalk.o)
                0x0200b8dc                _fwalk
                0x0200b930                _fwalk_reent
 .text          0x0200b990       0x9c c:/devkitpro/devkitarm/bin/../lib/gcc/arm-none-eabi/4.7.1/../../../../arm-none-eabi/lib/thumb\libg.a(lib_a-fwrite.o)
                0x0200b990                _fwrite_r
                0x0200ba04                fwrite
 .text          0x0200ba2c        0x0 c:/devkitpro/devkitarm/bin/../lib/gcc/arm-none-eabi/4.7.1/../../../../arm-none-eabi/lib/thumb\libg.a(lib_a-impure.o)
 .text          0x0200ba2c       0x54 c:/devkitpro/devkitarm/bin/../lib/gcc/arm-none-eabi/4.7.1/../../../../arm-none-eabi/lib/thumb\libg.a(lib_a-init.o)
                0x0200ba2c                __libc_init_array
 .text          0x0200ba80       0x40 c:/devkitpro/devkitarm/bin/../lib/gcc/arm-none-eabi/4.7.1/../../../../arm-none-eabi/lib/thumb\libg.a(lib_a-iprintf.o)
                0x0200ba80                iprintf
                0x0200baa4                _iprintf_r
 .text          0x0200bac0       0xe0 c:/devkitpro/devkitarm/bin/../lib/gcc/arm-none-eabi/4.7.1/../../../../arm-none-eabi/lib/thumb\libg.a(lib_a-makebuf.o)
                0x0200bac0                __smakebuf_r
 .text          0x0200bba0       0x30 c:/devkitpro/devkitarm/bin/../lib/gcc/arm-none-eabi/4.7.1/../../../../arm-none-eabi/lib/thumb\libg.a(lib_a-malloc.o)
                0x0200bba0                malloc
                0x0200bbb8                free
 .text          0x0200bbd0      0x51c c:/devkitpro/devkitarm/bin/../lib/gcc/arm-none-eabi/4.7.1/../../../../arm-none-eabi/lib/thumb\libg.a(lib_a-mallocr.o)
                0x0200bbd0                _malloc_r
 .text          0x0200c0ec       0x98 c:/devkitpro/devkitarm/bin/../lib/gcc/arm-none-eabi/4.7.1/../../../../arm-none-eabi/lib/thumb\libg.a(lib_a-memchr-stub.o)
                0x0200c0ec                memchr
 .text          0x0200c184       0x60 c:/devkitpro/devkitarm/bin/../lib/gcc/arm-none-eabi/4.7.1/../../../../arm-none-eabi/lib/thumb\libg.a(lib_a-memcmp.o)
                0x0200c184                memcmp
 .text          0x0200c1e4       0x90 c:/devkitpro/devkitarm/bin/../lib/gcc/arm-none-eabi/4.7.1/../../../../arm-none-eabi/lib/thumb\libg.a(lib_a-memcpy-stub.o)
                0x0200c1e4                memcpy
 .text          0x0200c274       0xb0 c:/devkitpro/devkitarm/bin/../lib/gcc/arm-none-eabi/4.7.1/../../../../arm-none-eabi/lib/thumb\libg.a(lib_a-memmove.o)
                0x0200c274                memmove
 .text          0x0200c324       0x98 c:/devkitpro/devkitarm/bin/../lib/gcc/arm-none-eabi/4.7.1/../../../../arm-none-eabi/lib/thumb\libg.a(lib_a-memset.o)
                0x0200c324                memset
 .text          0x0200c3bc        0x8 c:/devkitpro/devkitarm/bin/../lib/gcc/arm-none-eabi/4.7.1/../../../../arm-none-eabi/lib/thumb\libg.a(lib_a-mlock.o)
                0x0200c3bc                __malloc_lock
                0x0200c3c0                __malloc_unlock
 .text          0x0200c3c4       0xc4 c:/devkitpro/devkitarm/bin/../lib/gcc/arm-none-eabi/4.7.1/../../../../arm-none-eabi/lib/thumb\libg.a(lib_a-putc.o)
                0x0200c3c4                _putc_r
                0x0200c424                putc
 .text          0x0200c488       0x1c c:/devkitpro/devkitarm/bin/../lib/gcc/arm-none-eabi/4.7.1/../../../../arm-none-eabi/lib/thumb\libg.a(lib_a-realloc.o)
                0x0200c488                realloc
 .text          0x0200c4a4      0x3e8 c:/devkitpro/devkitarm/bin/../lib/gcc/arm-none-eabi/4.7.1/../../../../arm-none-eabi/lib/thumb\libg.a(lib_a-reallocr.o)
                0x0200c4a4                _realloc_r
 .text          0x0200c88c      0x144 c:/devkitpro/devkitarm/bin/../lib/gcc/arm-none-eabi/4.7.1/../../../../arm-none-eabi/lib/thumb\libg.a(lib_a-refill.o)
                0x0200c8ac                __srefill_r
 .text          0x0200c9d0      0x120 c:/devkitpro/devkitarm/bin/../lib/gcc/arm-none-eabi/4.7.1/../../../../arm-none-eabi/lib/thumb\libg.a(lib_a-setvbuf.o)
                0x0200c9d0                setvbuf
 .text          0x0200caf0      0x198 c:/devkitpro/devkitarm/bin/../lib/gcc/arm-none-eabi/4.7.1/../../../../arm-none-eabi/lib/thumb\libg.a(lib_a-signal.o)
                0x0200caf0                _init_signal_r
                0x0200cb30                _signal_r
                0x0200cb70                _raise_r
                0x0200cbd0                __sigtramp_r
                0x0200cc24                raise
                0x0200cc3c                signal
                0x0200cc58                _init_signal
                0x0200cc6c                __sigtramp
 .text          0x0200cc88       0xa0 c:/devkitpro/devkitarm/bin/../lib/gcc/arm-none-eabi/4.7.1/../../../../arm-none-eabi/lib/thumb\libg.a(lib_a-siscanf.o)
                0x0200cc88                siscanf
                0x0200ccd8                _siscanf_r
 .text          0x0200cd28       0x84 c:/devkitpro/devkitarm/bin/../lib/gcc/arm-none-eabi/4.7.1/../../../../arm-none-eabi/lib/thumb\libg.a(lib_a-sprintf.o)
                0x0200cd28                _sprintf_r
                0x0200cd68                sprintf
 .text          0x0200cdac       0xac c:/devkitpro/devkitarm/bin/../lib/gcc/arm-none-eabi/4.7.1/../../../../arm-none-eabi/lib/thumb\libg.a(lib_a-stdio.o)
                0x0200cdac                __sread
                0x0200cdd8                __seofread
                0x0200cddc                __swrite
                0x0200ce18                __sseek
                0x0200ce48                __sclose
 .text          0x0200ce58       0x14 c:/devkitpro/devkitarm/bin/../lib/gcc/arm-none-eabi/4.7.1/../../../../arm-none-eabi/lib/thumb\libg.a(lib_a-strcmp.o)
                0x0200ce58                strcmp
 .text          0x0200ce6c       0x10 c:/devkitpro/devkitarm/bin/../lib/gcc/arm-none-eabi/4.7.1/../../../../arm-none-eabi/lib/thumb\libg.a(lib_a-strlen.o)
                0x0200ce6c                strlen
 .text          0x0200ce7c       0xbc c:/devkitpro/devkitarm/bin/../lib/gcc/arm-none-eabi/4.7.1/../../../../arm-none-eabi/lib/thumb\libg.a(lib_a-strncmp.o)
                0x0200ce7c                strncmp
 .text          0x0200cf38      0xa98 c:/devkitpro/devkitarm/bin/../lib/gcc/arm-none-eabi/4.7.1/../../../../arm-none-eabi/lib/thumb\libg.a(lib_a-svfiscanf.o)
                0x0200cf38                _sungetc_r
                0x0200cfc0                __ssrefill_r
                0x0200d004                _sfread_r
                0x0200d090                __ssvfiscanf_r
 .text          0x0200d9d0     0x1728 c:/devkitpro/devkitarm/bin/../lib/gcc/arm-none-eabi/4.7.1/../../../../arm-none-eabi/lib/thumb\libg.a(lib_a-svfprintf.o)
                0x0200d9d0                _svfprintf_r
 .text          0x0200f0f8       0x20 c:/devkitpro/devkitarm/bin/../lib/gcc/arm-none-eabi/4.7.1/../../../../arm-none-eabi/lib/thumb\libg.a(lib_a-syswrite.o)
                0x0200f0f8                write
 .text          0x0200f118      0x188 c:/devkitpro/devkitarm/bin/../lib/gcc/arm-none-eabi/4.7.1/../../../../arm-none-eabi/lib/thumb\libg.a(lib_a-ungetc.o)
                0x0200f118                __submore
                0x0200f1a0                _ungetc_r
                0x0200f284                ungetc
 .text          0x0200f2a0      0xed4 c:/devkitpro/devkitarm/bin/../lib/gcc/arm-none-eabi/4.7.1/../../../../arm-none-eabi/lib/thumb\libg.a(lib_a-vfiprintf.o)
                0x0200f2a0                __sprint_r
                0x0200f324                _vfiprintf_r
                0x02010150                vfiprintf
 .text          0x02010174       0xd0 c:/devkitpro/devkitarm/bin/../lib/gcc/arm-none-eabi/4.7.1/../../../../arm-none-eabi/lib/thumb\libg.a(lib_a-wbuf.o)
                0x02010174                __swbuf_r
                0x02010228                __swbuf
 .text          0x02010244       0xe8 c:/devkitpro/devkitarm/bin/../lib/gcc/arm-none-eabi/4.7.1/../../../../arm-none-eabi/lib/thumb\libg.a(lib_a-wcrtomb.o)
                0x02010244                _wcrtomb_r
                0x020102ac                wcrtomb
 .text          0x0201032c       0x40 c:/devkitpro/devkitarm/bin/../lib/gcc/arm-none-eabi/4.7.1/../../../../arm-none-eabi/lib/thumb\libg.a(lib_a-wcsrtombs.o)
                0x0201032c                _wcsrtombs_r
                0x02010344                wcsrtombs
 .text          0x0201036c      0x2a4 c:/devkitpro/devkitarm/bin/../lib/gcc/arm-none-eabi/4.7.1/../../../../arm-none-eabi/lib/thumb\libg.a(lib_a-wctomb_r.o)
                0x0201036c                __utf8_wctomb
                0x02010420                _wctomb_r
                0x02010458                __ascii_wctomb
                0x02010478                __sjis_wctomb
                0x020104f4                __eucjp_wctomb
                0x02010590                __jis_wctomb
 .text          0x02010610       0xd0 c:/devkitpro/devkitarm/bin/../lib/gcc/arm-none-eabi/4.7.1/../../../../arm-none-eabi/lib/thumb\libg.a(lib_a-wsetup.o)
                0x02010610                __swsetup_r
 .text          0x020106e0       0x10 c:/devkitpro/devkitarm/bin/../lib/gcc/arm-none-eabi/4.7.1/../../../../arm-none-eabi/lib/thumb\libg.a(lib_a-ctype_.o)
                0x020106e0                __set_ctype
 .text          0x020106f0     0x10a0 c:/devkitpro/devkitarm/bin/../lib/gcc/arm-none-eabi/4.7.1/../../../../arm-none-eabi/lib/thumb\libg.a(lib_a-dtoa.o)
                0x02010848                _dtoa_r
 .text          0x02011790       0x70 c:/devkitpro/devkitarm/bin/../lib/gcc/arm-none-eabi/4.7.1/../../../../arm-none-eabi/lib/thumb\libg.a(lib_a-flags.o)
                0x02011790                __sflags
 .text          0x02011800      0x104 c:/devkitpro/devkitarm/bin/../lib/gcc/arm-none-eabi/4.7.1/../../../../arm-none-eabi/lib/thumb\libg.a(lib_a-fputwc.o)
                0x02011800                _fputwc_r
                0x020118d8                fputwc
 .text          0x02011904       0x78 c:/devkitpro/devkitarm/bin/../lib/gcc/arm-none-eabi/4.7.1/../../../../arm-none-eabi/lib/thumb\libg.a(lib_a-iswspace.o)
                0x02011904                iswspace
 .text          0x0201197c      0x1f0 c:/devkitpro/devkitarm/bin/../lib/gcc/arm-none-eabi/4.7.1/../../../../arm-none-eabi/lib/thumb\libg.a(lib_a-jp2uc.o)
                0x02011b08                _jp2uc
 .text          0x02011b6c      0x950 c:/devkitpro/devkitarm/bin/../lib/gcc/arm-none-eabi/4.7.1/../../../../arm-none-eabi/lib/thumb\libg.a(lib_a-locale.o)
                0x02012260                _setlocale_r
                0x0201245c                __locale_charset
                0x02012464                __locale_mb_cur_max
                0x02012470                __locale_msgcharset
                0x0201247c                __locale_cjk_lang
                0x02012488                _localeconv_r
                0x02012494                setlocale
                0x020124b0                localeconv
 .text          0x020124bc      0x104 c:/devkitpro/devkitarm/bin/../lib/gcc/arm-none-eabi/4.7.1/../../../../arm-none-eabi/lib/thumb\libg.a(lib_a-mbrtowc.o)
                0x020124bc                _mbrtowc_r
                0x02012534                mbrtowc
 .text          0x020125c0      0x584 c:/devkitpro/devkitarm/bin/../lib/gcc/arm-none-eabi/4.7.1/../../../../arm-none-eabi/lib/thumb\libg.a(lib_a-mbtowc_r.o)
                0x020125c0                __utf8_mbtowc
                0x02012820                _mbtowc_r
                0x0201285c                __ascii_mbtowc
                0x0201288c                __sjis_mbtowc
                0x0201294c                __eucjp_mbtowc
                0x02012a14                __jis_mbtowc
 *fill*         0x02012b44        0x4 ff
 .text          0x02012b48      0x978 c:/devkitpro/devkitarm/bin/../lib/gcc/arm-none-eabi/4.7.1/../../../../arm-none-eabi/lib/thumb\libg.a(lib_a-mprec.o)
                0x02012b48                _Balloc
                0x02012b9c                _Bfree
                0x02012bb4                __multadd
                0x02012c60                __s2b
                0x02012cfc                __hi0bits
                0x02012d34                __lo0bits
                0x02012d94                __i2b
                0x02012dac                __multiply
                0x02012f10                __pow5mult
                0x02012fc0                __lshift
                0x02013090                __mcmp
                0x020130cc                __mdiff
                0x020131bc                __ulp
                0x02013204                __b2d
                0x020132a8                __d2b
                0x02013360                __ratio
                0x020133dc                _mprec_log10
                0x0201341c                __copybits
                0x02013464                __any_on
 .text          0x020134c0       0x7c c:/devkitpro/devkitarm/bin/../lib/gcc/arm-none-eabi/4.7.1/../../../../arm-none-eabi/lib/thumb\libg.a(lib_a-sccl.o)
                0x020134c0                __sccl
 .text          0x0201353c       0x5c c:/devkitpro/devkitarm/bin/../lib/gcc/arm-none-eabi/4.7.1/../../../../arm-none-eabi/lib/thumb\libg.a(lib_a-s_fpclassify.o)
                0x0201353c                __fpclassifyd
 .text          0x02013598       0x50 c:/devkitpro/devkitarm/bin/../lib/gcc/arm-none-eabi/4.7.1/../../../../arm-none-eabi/lib/thumb\libg.a(lib_a-strcasecmp.o)
                0x02013598                strcasecmp
 .text          0x020135e8       0x50 c:/devkitpro/devkitarm/bin/../lib/gcc/arm-none-eabi/4.7.1/../../../../arm-none-eabi/lib/thumb\libg.a(lib_a-strcat.o)
                0x020135e8                strcat
 .text          0x02013638       0xd4 c:/devkitpro/devkitarm/bin/../lib/gcc/arm-none-eabi/4.7.1/../../../../arm-none-eabi/lib/thumb\libg.a(lib_a-strchr.o)
                0x02013638                strchr
 .text          0x0201370c       0x10 c:/devkitpro/devkitarm/bin/../lib/gcc/arm-none-eabi/4.7.1/../../../../arm-none-eabi/lib/thumb\libg.a(lib_a-strcpy.o)
                0x0201370c                strcpy
 .text          0x0201371c       0x48 c:/devkitpro/devkitarm/bin/../lib/gcc/arm-none-eabi/4.7.1/../../../../arm-none-eabi/lib/thumb\libg.a(lib_a-strlcpy.o)
                0x0201371c                strlcpy
 .text          0x02013764       0x60 c:/devkitpro/devkitarm/bin/../lib/gcc/arm-none-eabi/4.7.1/../../../../arm-none-eabi/lib/thumb\libg.a(lib_a-strncasecmp.o)
                0x02013764                strncasecmp
 .text          0x020137c4       0x60 c:/devkitpro/devkitarm/bin/../lib/gcc/arm-none-eabi/4.7.1/../../../../arm-none-eabi/lib/thumb\libg.a(lib_a-strncpy.o)
                0x020137c4                strncpy
 *fill*         0x02013824        0x4 ff
 .text          0x02013828      0x208 c:/devkitpro/devkitarm/bin/../lib/gcc/arm-none-eabi/4.7.1/../../../../arm-none-eabi/lib/thumb\libg.a(lib_a-strtoll_r.o)
                0x02013828                _strtoll_r
 .text          0x02013a30      0x190 c:/devkitpro/devkitarm/bin/../lib/gcc/arm-none-eabi/4.7.1/../../../../arm-none-eabi/lib/thumb\libg.a(lib_a-strtol.o)
                0x02013a30                _strtol_r
                0x02013ba0                strtol
 .text          0x02013bc0      0x238 c:/devkitpro/devkitarm/bin/../lib/gcc/arm-none-eabi/4.7.1/../../../../arm-none-eabi/lib/thumb\libg.a(lib_a-strtoull_r.o)
                0x02013bc0                _strtoull_r
 .text          0x02013df8      0x198 c:/devkitpro/devkitarm/bin/../lib/gcc/arm-none-eabi/4.7.1/../../../../arm-none-eabi/lib/thumb\libg.a(lib_a-strtoul.o)
                0x02013df8                _strtoul_r
                0x02013f70                strtoul
 .text          0x02013f90      0xeb4 c:/devkitpro/devkitarm/bin/../lib/gcc/arm-none-eabi/4.7.1/../../../../arm-none-eabi/lib/thumb\libg.a(lib_a-svfiprintf.o)
                0x02013f90                __ssprint_r
                0x020140c0                _svfiprintf_r
 .text          0x02014e44      0x150 c:/devkitpro/devkitarm/bin/../lib/gcc/arm-none-eabi/4.7.1/../../../../arm-none-eabi/lib/thumb\libg.a(lib_a-wcsnrtombs.o)
                0x02014e44                _wcsnrtombs_r
                0x02014f64                wcsnrtombs
 .text          0x02014f94       0x64 c:/devkitpro/devkitarm/bin/../lib/gcc/arm-none-eabi/4.7.1/../../../../arm-none-eabi/lib/thumb\libg.a(lib_a-callocr.o)
                0x02014f94                _calloc_r
 .text          0x02014ff8       0xa8 c:/devkitpro/devkitarm/bin/../lib/gcc/arm-none-eabi/4.7.1/../../../../arm-none-eabi/lib/thumb\libg.a(lib_a-getenv_r.o)
                0x02014ff8                _findenv_r
                0x02015090                _getenv_r
 .text          0x020150a0        0x0 c:/devkitpro/devkitarm/bin/../lib/gcc/arm-none-eabi/4.7.1/../../../../arm-none-eabi/lib/thumb\libg.a(lib_a-environ.o)
 .text          0x020150a0        0x8 c:/devkitpro/devkitarm/bin/../lib/gcc/arm-none-eabi/4.7.1/../../../../arm-none-eabi/lib/thumb\libg.a(lib_a-envlock.o)
                0x020150a0                __env_lock
                0x020150a4                __env_unlock
 .text          0x020150a8      0x144 c:/devkitpro/devkitarm/bin/../lib/gcc/arm-none-eabi/4.7.1/../../../../arm-none-eabi/lib/thumb\libsysbase.a(iosupport.o)
                0x020150a8                setDefaultDevice
                0x020150bc                FindDevice
                0x0201512c                RemoveDevice
                0x02015150                AddDevice
                0x020151cc                GetDeviceOpTab
 .text          0x020151ec       0x50 c:/devkitpro/devkitarm/bin/../lib/gcc/arm-none-eabi/4.7.1/../../../../arm-none-eabi/lib/thumb\libsysbase.a(close.o)
                0x020151ec                _close_r
 .text          0x0201523c       0x50 c:/devkitpro/devkitarm/bin/../lib/gcc/arm-none-eabi/4.7.1/../../../../arm-none-eabi/lib/thumb\libsysbase.a(fstat.o)
                0x0201523c                _fstat_r
 .text          0x0201528c        0xc c:/devkitpro/devkitarm/bin/../lib/gcc/arm-none-eabi/4.7.1/../../../../arm-none-eabi/lib/thumb\libsysbase.a(getpid.o)
                0x0201528c                _getpid_r
 .text          0x02015298        0x4 c:/devkitpro/devkitarm/bin/../lib/gcc/arm-none-eabi/4.7.1/../../../../arm-none-eabi/lib/thumb\libsysbase.a(isatty.o)
                0x02015298                _isatty_r
 .text          0x0201529c        0xc c:/devkitpro/devkitarm/bin/../lib/gcc/arm-none-eabi/4.7.1/../../../../arm-none-eabi/lib/thumb\libsysbase.a(kill.o)
                0x0201529c                _kill_r
 .text          0x020152a8       0x50 c:/devkitpro/devkitarm/bin/../lib/gcc/arm-none-eabi/4.7.1/../../../../arm-none-eabi/lib/thumb\libsysbase.a(lseek.o)
                0x020152a8                _lseek_r
 .text          0x020152f8       0xa0 c:/devkitpro/devkitarm/bin/../lib/gcc/arm-none-eabi/4.7.1/../../../../arm-none-eabi/lib/thumb\libsysbase.a(open.o)
                0x020152f8                _open_r
 .text          0x02015398       0x50 c:/devkitpro/devkitarm/bin/../lib/gcc/arm-none-eabi/4.7.1/../../../../arm-none-eabi/lib/thumb\libsysbase.a(read.o)
                0x02015398                _read_r
 .text          0x020153e8       0x54 c:/devkitpro/devkitarm/bin/../lib/gcc/arm-none-eabi/4.7.1/../../../../arm-none-eabi/lib/thumb\libsysbase.a(sbrk.o)
                0x020153e8                _sbrk_r
 .text          0x0201543c       0x44 c:/devkitpro/devkitarm/bin/../lib/gcc/arm-none-eabi/4.7.1/../../../../arm-none-eabi/lib/thumb\libsysbase.a(times.o)
                0x0201543c                _times
                0x02015450                _times_r
                0x02015458                _gettimeofday_r
 .text          0x02015480       0x58 c:/devkitpro/devkitarm/bin/../lib/gcc/arm-none-eabi/4.7.1/../../../../arm-none-eabi/lib/thumb\libsysbase.a(write.o)
                0x02015480                _write_r
 .text          0x020154d8       0x18 c:/devkitpro/devkitarm/bin/../lib/gcc/arm-none-eabi/4.7.1/../../../../arm-none-eabi/lib/thumb\libsysbase.a(_exit.o)
                0x020154d8                _exit
 .text          0x020154f0        0x0 c:/devkitpro/devkitarm/bin/../lib/gcc/arm-none-eabi/4.7.1/../../../../arm-none-eabi/lib/thumb\libsysbase.a(malloc_vars.o)
 .text          0x020154f0       0x4c c:/devkitpro/devkitarm/bin/../lib/gcc/arm-none-eabi/4.7.1/../../../../arm-none-eabi/lib/thumb\libsysbase.a(build_argv.o)
                0x020154f0                build_argv
 .text          0x0201553c        0x0 c:/devkitpro/devkitarm/bin/../lib/gcc/arm-none-eabi/4.7.1/../../../../arm-none-eabi/lib/thumb\libsysbase.a(syscall_support.o)
 .text          0x0201553c       0x84 c:/devkitpro/devkitarm/bin/../lib/gcc/arm-none-eabi/4.7.1/../../../../arm-none-eabi/lib/thumb\libsysbase.a(handle_manager.o)
                0x0201553c                __release_handle
                0x02015568                __alloc_handle
                0x020155a0                __get_handle
 .text          0x020155c0      0x41c c:/devkitpro/devkitarm/bin/../lib/gcc/arm-none-eabi/4.7.1/thumb\libgcc.a(_arm_addsubdf3.o)
                0x020155c0                __aeabi_drsub
                0x020155c8                __aeabi_dsub
                0x020155c8                __subdf3
                0x020155cc                __aeabi_dadd
                0x020155cc                __adddf3
                0x020158dc                __floatunsidf
                0x020158dc                __aeabi_ui2d
                0x02015900                __floatsidf
                0x02015900                __aeabi_i2d
                0x02015928                __aeabi_f2d
                0x02015928                __extendsfdf2
                0x02015968                __floatundidf
                0x02015968                __aeabi_ul2d
                0x0201597c                __floatdidf
                0x0201597c                __aeabi_l2d
 .text          0x020159dc      0x49c c:/devkitpro/devkitarm/bin/../lib/gcc/arm-none-eabi/4.7.1/thumb\libgcc.a(_arm_muldivdf3.o)
                0x020159dc                __aeabi_dmul
                0x020159dc                __muldf3
                0x02015c6c                __divdf3
                0x02015c6c                __aeabi_ddiv
 .text          0x02015e78      0x144 c:/devkitpro/devkitarm/bin/../lib/gcc/arm-none-eabi/4.7.1/thumb\libgcc.a(_arm_cmpdf2.o)
                0x02015e78                __gtdf2
                0x02015e78                __gedf2
                0x02015e80                __ltdf2
                0x02015e80                __ledf2
                0x02015e88                __nedf2
                0x02015e88                __eqdf2
                0x02015e88                __cmpdf2
                0x02015f10                __aeabi_cdrcmple
                0x02015f2c                __aeabi_cdcmpeq
                0x02015f2c                __aeabi_cdcmple
                0x02015f44                __aeabi_dcmpeq
                0x02015f5c                __aeabi_dcmplt
                0x02015f74                __aeabi_dcmple
                0x02015f8c                __aeabi_dcmpge
                0x02015fa4                __aeabi_dcmpgt
 .text          0x02015fbc       0x5c c:/devkitpro/devkitarm/bin/../lib/gcc/arm-none-eabi/4.7.1/thumb\libgcc.a(_arm_fixdfsi.o)
                0x02015fbc                __aeabi_d2iz
                0x02015fbc                __fixdfsi
 .text          0x02016018       0x3c c:/devkitpro/devkitarm/bin/../lib/gcc/arm-none-eabi/4.7.1/thumb\libgcc.a(_aeabi_uldivmod.o)
                0x02016018                __aeabi_uldivmod
 .text          0x02016054       0x4c c:/devkitpro/devkitarm/bin/../lib/gcc/arm-none-eabi/4.7.1/thumb\libgcc.a(_muldi3.o)
                0x02016054                __muldi3
                0x02016054                __aeabi_lmul
 .text          0x020160a0       0x7c c:/devkitpro/devkitarm/bin/../lib/gcc/arm-none-eabi/4.7.1/thumb\libgcc.a(bpabi.o)
                0x020160a0                __gnu_ldivmod_helper
                0x020160e0                __gnu_uldivmod_helper
 .text          0x0201611c      0x3d4 c:/devkitpro/devkitarm/bin/../lib/gcc/arm-none-eabi/4.7.1/thumb\libgcc.a(_divdi3.o)
                0x0201611c                __divdi3
 .text          0x020164f0      0x3a0 c:/devkitpro/devkitarm/bin/../lib/gcc/arm-none-eabi/4.7.1/thumb\libgcc.a(_udivdi3.o)
                0x020164f0                __udivdi3
 .text          0x02016890       0x48 c:/devkitpro/devkitarm/bin/../lib/gcc/arm-none-eabi/4.7.1/thumb\libgcc.a(_clzsi2.o)
                0x02016890                __clzsi2
 .text          0x020168d8        0xc c:/devkitpro/devkitarm/bin/../lib/gcc/arm-none-eabi/4.7.1/../../../../arm-none-eabi/lib/thumb\libg.a(lib_a-errno.o)
                0x020168d8                __errno
 .text          0x020168e4        0x0 c:/devkitpro/devkitarm/bin/../lib/gcc/arm-none-eabi/4.7.1/thumb/crtend.o
 .text          0x020168e4        0x0 c:/devkitpro/devkitarm/bin/../lib/gcc/arm-none-eabi/4.7.1/thumb/crtn.o
 *(.text.*)
 .text._ZNSt6vectorI5BlockSaIS0_EE13_M_insert_auxEN9__gnu_cxx17__normal_iteratorIPS0_S2_EERKS0_
                0x020168e4      0x250 ClassDefinitions.o
                0x020168e4                std::vector<Block, std::allocator<Block> >::_M_insert_aux(__gnu_cxx::__normal_iterator<Block*, std::vector<Block, std::allocator<Block> > >, Block const&)
 .text.startup  0x02016b34       0x48 main.o
                0x02016b34                main
 .text._Znwj    0x02016b7c       0x60 c:/devkitpro/devkitarm/bin/../lib/gcc/arm-none-eabi/4.7.1/../../../../arm-none-eabi/lib/thumb\libstdc++.a(new_op.o)
                0x02016b7c                operator new(unsigned int)
 .text._ZN10__cxxabiv1L24__is_gxx_exception_classEPc
                0x02016bdc       0x40 c:/devkitpro/devkitarm/bin/../lib/gcc/arm-none-eabi/4.7.1/../../../../arm-none-eabi/lib/thumb\libstdc++.a(eh_call.o)
 .text.__cxa_call_terminate
                0x02016c1c       0x24 c:/devkitpro/devkitarm/bin/../lib/gcc/arm-none-eabi/4.7.1/../../../../arm-none-eabi/lib/thumb\libstdc++.a(eh_call.o)
                0x02016c1c                __cxa_call_terminate
 .text.__cxa_call_unexpected
                0x02016c40       0xec c:/devkitpro/devkitarm/bin/../lib/gcc/arm-none-eabi/4.7.1/../../../../arm-none-eabi/lib/thumb\libstdc++.a(eh_call.o)
                0x02016c40                __cxa_call_unexpected
 .text._ZL12read_sleb128PKhPl
                0x02016d2c       0x34 c:/devkitpro/devkitarm/bin/../lib/gcc/arm-none-eabi/4.7.1/../../../../arm-none-eabi/lib/thumb\libstdc++.a(eh_personality.o)
 .text._ZL28read_encoded_value_with_basehjPKhPj
                0x02016d60       0xd8 c:/devkitpro/devkitarm/bin/../lib/gcc/arm-none-eabi/4.7.1/../../../../arm-none-eabi/lib/thumb\libstdc++.a(eh_personality.o)
 .text._ZL21base_of_encoded_valuehP15_Unwind_Context
                0x02016e38       0x4c c:/devkitpro/devkitarm/bin/../lib/gcc/arm-none-eabi/4.7.1/../../../../arm-none-eabi/lib/thumb\libstdc++.a(eh_personality.o)
 .text._ZL17parse_lsda_headerP15_Unwind_ContextPKhP16lsda_header_info
                0x02016e84       0x98 c:/devkitpro/devkitarm/bin/../lib/gcc/arm-none-eabi/4.7.1/../../../../arm-none-eabi/lib/thumb\libstdc++.a(eh_personality.o)
 .text.__gxx_personality_v0
                0x02016f1c      0x3ec c:/devkitpro/devkitarm/bin/../lib/gcc/arm-none-eabi/4.7.1/../../../../arm-none-eabi/lib/thumb\libstdc++.a(eh_personality.o)
                0x02016f1c                __gxx_personality_v0
 .text._ZdlPv   0x02017308       0x10 c:/devkitpro/devkitarm/bin/../lib/gcc/arm-none-eabi/4.7.1/../../../../arm-none-eabi/lib/thumb\libstdc++.a(del_op.o)
                0x02017308                operator delete(void*)
 .text._ZN10__cxxabiv111__terminateEPFvvE
                0x02017318       0x2c c:/devkitpro/devkitarm/bin/../lib/gcc/arm-none-eabi/4.7.1/../../../../arm-none-eabi/lib/thumb\libstdc++.a(eh_terminate.o)
                0x02017318                __cxxabiv1::__terminate(void (*)())
 .text._ZSt9terminatev
                0x02017344       0x10 c:/devkitpro/devkitarm/bin/../lib/gcc/arm-none-eabi/4.7.1/../../../../arm-none-eabi/lib/thumb\libstdc++.a(eh_terminate.o)
                0x02017344                std::terminate()
 .text._ZN10__cxxabiv112__unexpectedEPFvvE
                0x02017354        0xc c:/devkitpro/devkitarm/bin/../lib/gcc/arm-none-eabi/4.7.1/../../../../arm-none-eabi/lib/thumb\libstdc++.a(eh_terminate.o)
                0x02017354                __cxxabiv1::__unexpected(void (*)())
 .text._ZSt10unexpectedv
                0x02017360       0x10 c:/devkitpro/devkitarm/bin/../lib/gcc/arm-none-eabi/4.7.1/../../../../arm-none-eabi/lib/thumb\libstdc++.a(eh_terminate.o)
                0x02017360                std::unexpected()
 .text._ZSt13set_terminatePFvvE
                0x02017370       0x10 c:/devkitpro/devkitarm/bin/../lib/gcc/arm-none-eabi/4.7.1/../../../../arm-none-eabi/lib/thumb\libstdc++.a(eh_terminate.o)
                0x02017370                std::set_terminate(void (*)())
 .text._ZSt14set_unexpectedPFvvE
                0x02017380       0x10 c:/devkitpro/devkitarm/bin/../lib/gcc/arm-none-eabi/4.7.1/../../../../arm-none-eabi/lib/thumb\libstdc++.a(eh_terminate.o)
                0x02017380                std::set_unexpected(void (*)())
 .text._ZNSt9exceptionD2Ev
                0x02017390        0xc c:/devkitpro/devkitarm/bin/../lib/gcc/arm-none-eabi/4.7.1/../../../../arm-none-eabi/lib/thumb\libstdc++.a(eh_exception.o)
                0x02017390                std::exception::~exception()
                0x02017390                std::exception::~exception()
 .text._ZNSt13bad_exceptionD2Ev
                0x0201739c        0xc c:/devkitpro/devkitarm/bin/../lib/gcc/arm-none-eabi/4.7.1/../../../../arm-none-eabi/lib/thumb\libstdc++.a(eh_exception.o)
                0x0201739c                std::bad_exception::~bad_exception()
                0x0201739c                std::bad_exception::~bad_exception()
 .text._ZN10__cxxabiv115__forced_unwindD2Ev
                0x020173a8        0xc c:/devkitpro/devkitarm/bin/../lib/gcc/arm-none-eabi/4.7.1/../../../../arm-none-eabi/lib/thumb\libstdc++.a(eh_exception.o)
                0x020173a8                __cxxabiv1::__forced_unwind::~__forced_unwind()
                0x020173a8                __cxxabiv1::__forced_unwind::~__forced_unwind()
 .text._ZN10__cxxabiv119__foreign_exceptionD2Ev
                0x020173b4        0xc c:/devkitpro/devkitarm/bin/../lib/gcc/arm-none-eabi/4.7.1/../../../../arm-none-eabi/lib/thumb\libstdc++.a(eh_exception.o)
                0x020173b4                __cxxabiv1::__foreign_exception::~__foreign_exception()
                0x020173b4                __cxxabiv1::__foreign_exception::~__foreign_exception()
 .text._ZNKSt9exception4whatEv
                0x020173c0        0x8 c:/devkitpro/devkitarm/bin/../lib/gcc/arm-none-eabi/4.7.1/../../../../arm-none-eabi/lib/thumb\libstdc++.a(eh_exception.o)
                0x020173c0                std::exception::what() const
 .text._ZNKSt13bad_exception4whatEv
                0x020173c8        0x8 c:/devkitpro/devkitarm/bin/../lib/gcc/arm-none-eabi/4.7.1/../../../../arm-none-eabi/lib/thumb\libstdc++.a(eh_exception.o)
                0x020173c8                std::bad_exception::what() const
 .text._ZN10__cxxabiv119__foreign_exceptionD0Ev
                0x020173d0       0x1c c:/devkitpro/devkitarm/bin/../lib/gcc/arm-none-eabi/4.7.1/../../../../arm-none-eabi/lib/thumb\libstdc++.a(eh_exception.o)
                0x020173d0                __cxxabiv1::__foreign_exception::~__foreign_exception()
 .text._ZN10__cxxabiv115__forced_unwindD0Ev
                0x020173ec       0x1c c:/devkitpro/devkitarm/bin/../lib/gcc/arm-none-eabi/4.7.1/../../../../arm-none-eabi/lib/thumb\libstdc++.a(eh_exception.o)
                0x020173ec                __cxxabiv1::__forced_unwind::~__forced_unwind()
 .text._ZNSt9exceptionD0Ev
                0x02017408       0x1c c:/devkitpro/devkitarm/bin/../lib/gcc/arm-none-eabi/4.7.1/../../../../arm-none-eabi/lib/thumb\libstdc++.a(eh_exception.o)
                0x02017408                std::exception::~exception()
 .text._ZNSt13bad_exceptionD0Ev
                0x02017424       0x1c c:/devkitpro/devkitarm/bin/../lib/gcc/arm-none-eabi/4.7.1/../../../../arm-none-eabi/lib/thumb\libstdc++.a(eh_exception.o)
                0x02017424                std::bad_exception::~bad_exception()
 .text.__cxa_allocate_exception
                0x02017440       0x68 c:/devkitpro/devkitarm/bin/../lib/gcc/arm-none-eabi/4.7.1/../../../../arm-none-eabi/lib/thumb\libstdc++.a(eh_alloc.o)
                0x02017440                __cxa_allocate_exception
 .text.__cxa_free_exception
                0x020174a8       0x38 c:/devkitpro/devkitarm/bin/../lib/gcc/arm-none-eabi/4.7.1/../../../../arm-none-eabi/lib/thumb\libstdc++.a(eh_alloc.o)
                0x020174a8                __cxa_free_exception
 .text.__cxa_allocate_dependent_exception
                0x020174e0       0x60 c:/devkitpro/devkitarm/bin/../lib/gcc/arm-none-eabi/4.7.1/../../../../arm-none-eabi/lib/thumb\libstdc++.a(eh_alloc.o)
                0x020174e0                __cxa_allocate_dependent_exception
 .text.__cxa_free_dependent_exception
                0x02017540       0x3c c:/devkitpro/devkitarm/bin/../lib/gcc/arm-none-eabi/4.7.1/../../../../arm-none-eabi/lib/thumb\libstdc++.a(eh_alloc.o)
                0x02017540                __cxa_free_dependent_exception
 .text._ZNKSt9bad_alloc4whatEv
                0x0201757c        0x8 c:/devkitpro/devkitarm/bin/../lib/gcc/arm-none-eabi/4.7.1/../../../../arm-none-eabi/lib/thumb\libstdc++.a(bad_alloc.o)
                0x0201757c                std::bad_alloc::what() const
 .text._ZNSt9bad_allocD2Ev
                0x02017584       0x1c c:/devkitpro/devkitarm/bin/../lib/gcc/arm-none-eabi/4.7.1/../../../../arm-none-eabi/lib/thumb\libstdc++.a(bad_alloc.o)
                0x02017584                std::bad_alloc::~bad_alloc()
                0x02017584                std::bad_alloc::~bad_alloc()
 .text._ZNSt9bad_allocD0Ev
                0x020175a0       0x18 c:/devkitpro/devkitarm/bin/../lib/gcc/arm-none-eabi/4.7.1/../../../../arm-none-eabi/lib/thumb\libstdc++.a(bad_alloc.o)
                0x020175a0                std::bad_alloc::~bad_alloc()
 .text._ZNK10__cxxabiv117__class_type_info11__do_upcastEPKS0_PPv
                0x020175b8       0x40 c:/devkitpro/devkitarm/bin/../lib/gcc/arm-none-eabi/4.7.1/../../../../arm-none-eabi/lib/thumb\libstdc++.a(class_type_info.o)
                0x020175b8                __cxxabiv1::__class_type_info::__do_upcast(__cxxabiv1::__class_type_info const*, void**) const
 .text._ZNK10__cxxabiv117__class_type_info20__do_find_public_srcEiPKvPKS0_S2_
                0x020175f8       0x14 c:/devkitpro/devkitarm/bin/../lib/gcc/arm-none-eabi/4.7.1/../../../../arm-none-eabi/lib/thumb\libstdc++.a(class_type_info.o)
                0x020175f8                __cxxabiv1::__class_type_info::__do_find_public_src(int, void const*, __cxxabiv1::__class_type_info const*, void const*) const
 .text._ZNK10__cxxabiv117__class_type_info11__do_upcastEPKS0_PKvRNS0_15__upcast_resultE
                0x0201760c       0x24 c:/devkitpro/devkitarm/bin/../lib/gcc/arm-none-eabi/4.7.1/../../../../arm-none-eabi/lib/thumb\libstdc++.a(class_type_info.o)
                0x0201760c                __cxxabiv1::__class_type_info::__do_upcast(__cxxabiv1::__class_type_info const*, void const*, __cxxabiv1::__class_type_info::__upcast_result&) const
 .text._ZN10__cxxabiv117__class_type_infoD2Ev
                0x02017630       0x1c c:/devkitpro/devkitarm/bin/../lib/gcc/arm-none-eabi/4.7.1/../../../../arm-none-eabi/lib/thumb\libstdc++.a(class_type_info.o)
                0x02017630                __cxxabiv1::__class_type_info::~__class_type_info()
                0x02017630                __cxxabiv1::__class_type_info::~__class_type_info()
 .text._ZN10__cxxabiv117__class_type_infoD0Ev
                0x0201764c       0x18 c:/devkitpro/devkitarm/bin/../lib/gcc/arm-none-eabi/4.7.1/../../../../arm-none-eabi/lib/thumb\libstdc++.a(class_type_info.o)
                0x0201764c                __cxxabiv1::__class_type_info::~__class_type_info()
 .text._ZNK10__cxxabiv117__class_type_info12__do_dyncastEiNS0_10__sub_kindEPKS0_PKvS3_S5_RNS0_16__dyncast_resultE
                0x02017664       0x44 c:/devkitpro/devkitarm/bin/../lib/gcc/arm-none-eabi/4.7.1/../../../../arm-none-eabi/lib/thumb\libstdc++.a(class_type_info.o)
                0x02017664                __cxxabiv1::__class_type_info::__do_dyncast(int, __cxxabiv1::__class_type_info::__sub_kind, __cxxabiv1::__class_type_info const*, void const*, __cxxabiv1::__class_type_info const*, void const*, __cxxabiv1::__class_type_info::__dyncast_result&) const
 .text._ZNK10__cxxabiv117__class_type_info10__do_catchEPKSt9type_infoPPvj
                0x020176a8       0x40 c:/devkitpro/devkitarm/bin/../lib/gcc/arm-none-eabi/4.7.1/../../../../arm-none-eabi/lib/thumb\libstdc++.a(class_type_info.o)
                0x020176a8                __cxxabiv1::__class_type_info::__do_catch(std::type_info const*, void**, unsigned int) const
 .text._ZSt15set_new_handlerPFvvE
                0x020176e8       0x10 c:/devkitpro/devkitarm/bin/../lib/gcc/arm-none-eabi/4.7.1/../../../../arm-none-eabi/lib/thumb\libstdc++.a(new_handler.o)
                0x020176e8                std::set_new_handler(void (*)())
 .text.__cxa_end_cleanup
                0x020176f8        0xc c:/devkitpro/devkitarm/bin/../lib/gcc/arm-none-eabi/4.7.1/../../../../arm-none-eabi/lib/thumb\libstdc++.a(eh_arm.o)
                0x020176f8                __cxa_end_cleanup
 .text.__cxa_type_match
                0x02017704       0xcc c:/devkitpro/devkitarm/bin/../lib/gcc/arm-none-eabi/4.7.1/../../../../arm-none-eabi/lib/thumb\libstdc++.a(eh_arm.o)
                0x02017704                __cxa_type_match
 .text.__cxa_begin_cleanup
                0x020177d0       0x64 c:/devkitpro/devkitarm/bin/../lib/gcc/arm-none-eabi/4.7.1/../../../../arm-none-eabi/lib/thumb\libstdc++.a(eh_arm.o)
                0x020177d0                __cxa_begin_cleanup
 .text.__gnu_end_cleanup
                0x02017834       0x74 c:/devkitpro/devkitarm/bin/../lib/gcc/arm-none-eabi/4.7.1/../../../../arm-none-eabi/lib/thumb\libstdc++.a(eh_arm.o)
                0x02017834                __gnu_end_cleanup
 .text._ZL23__gxx_exception_cleanup19_Unwind_Reason_CodeP21_Unwind_Control_Block
                0x020178a8       0x30 c:/devkitpro/devkitarm/bin/../lib/gcc/arm-none-eabi/4.7.1/../../../../arm-none-eabi/lib/thumb\libstdc++.a(eh_throw.o)
 .text.__cxa_throw
                0x020178d8       0x68 c:/devkitpro/devkitarm/bin/../lib/gcc/arm-none-eabi/4.7.1/../../../../arm-none-eabi/lib/thumb\libstdc++.a(eh_throw.o)
                0x020178d8                __cxa_throw
 .text.__cxa_rethrow
                0x02017940       0x74 c:/devkitpro/devkitarm/bin/../lib/gcc/arm-none-eabi/4.7.1/../../../../arm-none-eabi/lib/thumb\libstdc++.a(eh_throw.o)
                0x02017940                __cxa_rethrow
 .text.__cxa_pure_virtual
                0x020179b4       0x14 c:/devkitpro/devkitarm/bin/../lib/gcc/arm-none-eabi/4.7.1/../../../../arm-none-eabi/lib/thumb\libstdc++.a(pure.o)
                0x020179b4                __cxa_pure_virtual
 .text.__cxa_deleted_virtual
                0x020179c8       0x14 c:/devkitpro/devkitarm/bin/../lib/gcc/arm-none-eabi/4.7.1/../../../../arm-none-eabi/lib/thumb\libstdc++.a(pure.o)
                0x020179c8                __cxa_deleted_virtual
 .text.__cxa_get_globals_fast
                0x020179dc        0x8 c:/devkitpro/devkitarm/bin/../lib/gcc/arm-none-eabi/4.7.1/../../../../arm-none-eabi/lib/thumb\libstdc++.a(eh_globals.o)
                0x020179dc                __cxa_get_globals_fast
 .text.__cxa_get_globals
                0x020179e4        0x8 c:/devkitpro/devkitarm/bin/../lib/gcc/arm-none-eabi/4.7.1/../../../../arm-none-eabi/lib/thumb\libstdc++.a(eh_globals.o)
                0x020179e4                __cxa_get_globals
 .text.__cxa_get_exception_ptr
                0x020179ec        0x4 c:/devkitpro/devkitarm/bin/../lib/gcc/arm-none-eabi/4.7.1/../../../../arm-none-eabi/lib/thumb\libstdc++.a(eh_catch.o)
                0x020179ec                __cxa_get_exception_ptr
 .text.__cxa_begin_catch
                0x020179f0       0x88 c:/devkitpro/devkitarm/bin/../lib/gcc/arm-none-eabi/4.7.1/../../../../arm-none-eabi/lib/thumb\libstdc++.a(eh_catch.o)
                0x020179f0                __cxa_begin_catch
 .text.__cxa_end_catch
                0x02017a78       0x94 c:/devkitpro/devkitarm/bin/../lib/gcc/arm-none-eabi/4.7.1/../../../../arm-none-eabi/lib/thumb\libstdc++.a(eh_catch.o)
                0x02017a78                __cxa_end_catch
 .text._ZSt18uncaught_exceptionv
                0x02017b0c       0x14 c:/devkitpro/devkitarm/bin/../lib/gcc/arm-none-eabi/4.7.1/../../../../arm-none-eabi/lib/thumb\libstdc++.a(eh_catch.o)
                0x02017b0c                std::uncaught_exception()
 .text._ZNK10__cxxabiv120__si_class_type_info12__do_dyncastEiNS_17__class_type_info10__sub_kindEPKS1_PKvS4_S6_RNS1_16__dyncast_resultE
                0x02017b20       0x90 c:/devkitpro/devkitarm/bin/../lib/gcc/arm-none-eabi/4.7.1/../../../../arm-none-eabi/lib/thumb\libstdc++.a(si_class_type_info.o)
                0x02017b20                __cxxabiv1::__si_class_type_info::__do_dyncast(int, __cxxabiv1::__class_type_info::__sub_kind, __cxxabiv1::__class_type_info const*, void const*, __cxxabiv1::__class_type_info const*, void const*, __cxxabiv1::__class_type_info::__dyncast_result&) const
 .text._ZN10__cxxabiv120__si_class_type_infoD2Ev
                0x02017bb0       0x1c c:/devkitpro/devkitarm/bin/../lib/gcc/arm-none-eabi/4.7.1/../../../../arm-none-eabi/lib/thumb\libstdc++.a(si_class_type_info.o)
                0x02017bb0                __cxxabiv1::__si_class_type_info::~__si_class_type_info()
                0x02017bb0                __cxxabiv1::__si_class_type_info::~__si_class_type_info()
 .text._ZN10__cxxabiv120__si_class_type_infoD0Ev
                0x02017bcc       0x18 c:/devkitpro/devkitarm/bin/../lib/gcc/arm-none-eabi/4.7.1/../../../../arm-none-eabi/lib/thumb\libstdc++.a(si_class_type_info.o)
                0x02017bcc                __cxxabiv1::__si_class_type_info::~__si_class_type_info()
 .text._ZNK10__cxxabiv120__si_class_type_info11__do_upcastEPKNS_17__class_type_infoEPKvRNS1_15__upcast_resultE
                0x02017be4       0x30 c:/devkitpro/devkitarm/bin/../lib/gcc/arm-none-eabi/4.7.1/../../../../arm-none-eabi/lib/thumb\libstdc++.a(si_class_type_info.o)
                0x02017be4                __cxxabiv1::__si_class_type_info::__do_upcast(__cxxabiv1::__class_type_info const*, void const*, __cxxabiv1::__class_type_info::__upcast_result&) const
 .text._ZNK10__cxxabiv120__si_class_type_info20__do_find_public_srcEiPKvPKNS_17__class_type_infoES2_
                0x02017c14       0x40 c:/devkitpro/devkitarm/bin/../lib/gcc/arm-none-eabi/4.7.1/../../../../arm-none-eabi/lib/thumb\libstdc++.a(si_class_type_info.o)
                0x02017c14                __cxxabiv1::__si_class_type_info::__do_find_public_src(int, void const*, __cxxabiv1::__class_type_info const*, void const*) const
 .text._ZNSt9type_infoD2Ev
                0x02017c54        0xc c:/devkitpro/devkitarm/bin/../lib/gcc/arm-none-eabi/4.7.1/../../../../arm-none-eabi/lib/thumb\libstdc++.a(tinfo.o)
                0x02017c54                std::type_info::~type_info()
                0x02017c54                std::type_info::~type_info()
 .text._ZNKSt9type_info14__is_pointer_pEv
                0x02017c60        0x4 c:/devkitpro/devkitarm/bin/../lib/gcc/arm-none-eabi/4.7.1/../../../../arm-none-eabi/lib/thumb\libstdc++.a(tinfo.o)
                0x02017c60                std::type_info::__is_pointer_p() const
 .text._ZNKSt9type_info15__is_function_pEv
                0x02017c64        0x4 c:/devkitpro/devkitarm/bin/../lib/gcc/arm-none-eabi/4.7.1/../../../../arm-none-eabi/lib/thumb\libstdc++.a(tinfo.o)
                0x02017c64                std::type_info::__is_function_p() const
 .text._ZNKSt9type_info11__do_upcastEPKN10__cxxabiv117__class_type_infoEPPv
                0x02017c68        0x4 c:/devkitpro/devkitarm/bin/../lib/gcc/arm-none-eabi/4.7.1/../../../../arm-none-eabi/lib/thumb\libstdc++.a(tinfo.o)
                0x02017c68                std::type_info::__do_upcast(__cxxabiv1::__class_type_info const*, void**) const
 .text._ZNSt9type_infoD0Ev
                0x02017c6c       0x1c c:/devkitpro/devkitarm/bin/../lib/gcc/arm-none-eabi/4.7.1/../../../../arm-none-eabi/lib/thumb\libstdc++.a(tinfo.o)
                0x02017c6c                std::type_info::~type_info()
 .text._ZNKSt9type_infoeqERKS_
                0x02017c88       0x30 c:/devkitpro/devkitarm/bin/../lib/gcc/arm-none-eabi/4.7.1/../../../../arm-none-eabi/lib/thumb\libstdc++.a(tinfo.o)
                0x02017c88                std::type_info::operator==(std::type_info const&) const
 .text._ZNKSt9type_info10__do_catchEPKS_PPvj
                0x02017cb8        0xc c:/devkitpro/devkitarm/bin/../lib/gcc/arm-none-eabi/4.7.1/../../../../arm-none-eabi/lib/thumb\libstdc++.a(tinfo.o)
                0x02017cb8                std::type_info::__do_catch(std::type_info const*, void**, unsigned int) const
 .text._ZN9__gnu_cxx27__verbose_terminate_handlerEv
                0x02017cc4      0x11c c:/devkitpro/devkitarm/bin/../lib/gcc/arm-none-eabi/4.7.1/../../../../arm-none-eabi/lib/thumb\libstdc++.a(vterminate.o)
                0x02017cc4                __gnu_cxx::__verbose_terminate_handler()
 .text.__cxa_current_exception_type
                0x02017de0       0x28 c:/devkitpro/devkitarm/bin/../lib/gcc/arm-none-eabi/4.7.1/../../../../arm-none-eabi/lib/thumb\libstdc++.a(eh_type.o)
                0x02017de0                __cxa_current_exception_type
 .text.__cxa_current_exception_type.stub
                0x02017e08      0x140 linker stubs
 *(.stub)
 *(.gnu.warning)
 *(.gnu.linkonce.t*)
 *(.glue_7)
 .glue_7        0x00000000        0x0 linker stubs
 *(.glue_7t)
 .glue_7t       0x00000000        0x0 linker stubs
                0x02017f48                . = ALIGN (0x4)

.vfp11_veneer   0x02017f58        0x0
 .vfp11_veneer  0x00000000        0x0 linker stubs

.v4_bx          0x02017f58        0x0
 .v4_bx         0x00000000        0x0 linker stubs

.iplt           0x02017f58        0x0
 .iplt          0x00000000        0x0 c:/devkitpro/devkitarm/bin/../lib/gcc/arm-none-eabi/4.7.1/../../../../arm-none-eabi/lib/thumb/ds_arm9_crt0.o

.fini           0x02017f58        0xc
 *(.fini)
 .fini          0x02017f58        0x4 c:/devkitpro/devkitarm/bin/../lib/gcc/arm-none-eabi/4.7.1/thumb/crti.o
                0x02017f58                _fini
 .fini          0x02017f5c        0x8 c:/devkitpro/devkitarm/bin/../lib/gcc/arm-none-eabi/4.7.1/thumb/crtn.o
                0x02017f64                __text_end = .

.rodata         0x02017f68   0x189244
 *(.rodata)
 .rodata        0x02017f68   0x170dd4 soundbank.bin.o
                0x02017f68                soundbank_bin
                0x02188d38                soundbank_bin_size
                0x02188d38                soundbank_bin_end
 *fill*         0x02188d3c        0x4 ff
 .rodata        0x02188d40       0x30 ClassDefinitions.o
                0x02188d40                vtable for Block
                0x02188d58                vtable for Level
 .rodata        0x02188d70    0x10200 Tileset.o
                0x02188d70                TilesetPal
                0x02188f70                TilesetTiles
 .rodata        0x02198f70      0x200 c:/devkitPro/libnds/lib\libnds9.a(console.o)
 .rodata        0x02199170      0x308 c:/devkitPro/libnds/lib\libnds9.a(trig.o)
                0x02199170                SIN_LUT
                0x02199274                TAN_LUT
 .rodata        0x02199478     0x2004 c:/devkitPro/libnds/lib\libnds9.a(default_font.bin.o)
                0x02199478                default_font_bin
                0x0219b478                default_font_bin_size
                0x0219b478                default_font_bin_end
 .rodata        0x0219b47c      0xf7c c:/devkitpro/devkitarm/bin/../lib/gcc/arm-none-eabi/4.7.1/../../../../arm-none-eabi/lib/thumb\libstdc++.a(cp-demangle.o)
 .rodata        0x0219c3f8       0x14 c:/devkitpro/devkitarm/bin/../lib/gcc/arm-none-eabi/4.7.1/thumb\libgcc.a(unwind-arm.o)
 .rodata        0x0219c40c        0x4 c:/devkitpro/devkitarm/bin/../lib/gcc/arm-none-eabi/4.7.1/../../../../arm-none-eabi/lib/thumb\libg.a(lib_a-impure.o)
                0x0219c40c                _global_impure_ptr
 .rodata        0x0219c410      0x340 c:/devkitpro/devkitarm/bin/../lib/gcc/arm-none-eabi/4.7.1/../../../../arm-none-eabi/lib/thumb\libg.a(lib_a-svfiscanf.o)
 .rodata        0x0219c750      0x184 c:/devkitpro/devkitarm/bin/../lib/gcc/arm-none-eabi/4.7.1/../../../../arm-none-eabi/lib/thumb\libg.a(lib_a-svfprintf.o)
 .rodata        0x0219c8d4      0x184 c:/devkitpro/devkitarm/bin/../lib/gcc/arm-none-eabi/4.7.1/../../../../arm-none-eabi/lib/thumb\libg.a(lib_a-vfiprintf.o)
 .rodata        0x0219ca58      0x104 c:/devkitpro/devkitarm/bin/../lib/gcc/arm-none-eabi/4.7.1/../../../../arm-none-eabi/lib/thumb\libg.a(lib_a-ctype_.o)
                0x0219ca58                _ctype_
 .rodata        0x0219cb5c     0x34f0 c:/devkitpro/devkitarm/bin/../lib/gcc/arm-none-eabi/4.7.1/../../../../arm-none-eabi/lib/thumb\libg.a(lib_a-jp2uc.o)
 .rodata        0x021a004c       0xf0 c:/devkitpro/devkitarm/bin/../lib/gcc/arm-none-eabi/4.7.1/../../../../arm-none-eabi/lib/thumb\libg.a(lib_a-locale.o)
 .rodata        0x021a013c       0xa8 c:/devkitpro/devkitarm/bin/../lib/gcc/arm-none-eabi/4.7.1/../../../../arm-none-eabi/lib/thumb\libg.a(lib_a-mbtowc_r.o)
 *fill*         0x021a01e4        0x4 ff
 .rodata        0x021a01e8      0x128 c:/devkitpro/devkitarm/bin/../lib/gcc/arm-none-eabi/4.7.1/../../../../arm-none-eabi/lib/thumb\libg.a(lib_a-mprec.o)
                0x021a01f8                __mprec_tens
                0x021a02c0                __mprec_tinytens
                0x021a02e8                __mprec_bigtens
 .rodata        0x021a0310      0x184 c:/devkitpro/devkitarm/bin/../lib/gcc/arm-none-eabi/4.7.1/../../../../arm-none-eabi/lib/thumb\libg.a(lib_a-svfiprintf.o)
 .rodata        0x021a0494       0x64 c:/devkitpro/devkitarm/bin/../lib/gcc/arm-none-eabi/4.7.1/../../../../arm-none-eabi/lib/thumb\libsysbase.a(iosupport.o)
                0x021a0494                dotab_stdnull
 *all.rodata*(*)
 *(.roda)
 *(.rodata.*)
 .rodata.str1.4
                0x021a04f8        0xb ClassDefinitions.o
                                  0xc (size before relaxing)
 *fill*         0x021a0503        0x1 ff
 .rodata.str1.4
                0x021a0504        0xe main.o
                                 0x10 (size before relaxing)
 *fill*         0x021a0512        0x2 ff
 .rodata.str1.4
                0x021a0514       0x49 c:/devkitPro/libnds/lib\libnds9.a(console.o)
                                 0x4c (size before relaxing)
 *fill*         0x021a055d        0x3 ff
 .rodata._ZL28read_encoded_value_with_basehjPKhPj
                0x021a0560       0x34 c:/devkitpro/devkitarm/bin/../lib/gcc/arm-none-eabi/4.7.1/../../../../arm-none-eabi/lib/thumb\libstdc++.a(eh_personality.o)
 *fill*         0x021a0594        0x4 ff
 .rodata._ZTVN10__cxxabiv115__forced_unwindE
                0x021a0598       0x18 c:/devkitpro/devkitarm/bin/../lib/gcc/arm-none-eabi/4.7.1/../../../../arm-none-eabi/lib/thumb\libstdc++.a(eh_exception.o)
                0x021a0598                vtable for __cxxabiv1::__forced_unwind
 .rodata._ZTVSt9exception
                0x021a05b0       0x18 c:/devkitpro/devkitarm/bin/../lib/gcc/arm-none-eabi/4.7.1/../../../../arm-none-eabi/lib/thumb\libstdc++.a(eh_exception.o)
                0x021a05b0                vtable for std::exception
 .rodata._ZTIN10__cxxabiv115__forced_unwindE
                0x021a05c8        0x8 c:/devkitpro/devkitarm/bin/../lib/gcc/arm-none-eabi/4.7.1/../../../../arm-none-eabi/lib/thumb\libstdc++.a(eh_exception.o)
                0x021a05c8                typeinfo for __cxxabiv1::__forced_unwind
 .rodata._ZTISt9exception
                0x021a05d0        0x8 c:/devkitpro/devkitarm/bin/../lib/gcc/arm-none-eabi/4.7.1/../../../../arm-none-eabi/lib/thumb\libstdc++.a(eh_exception.o)
                0x021a05d0                typeinfo for std::exception
 .rodata._ZTSSt13bad_exception
                0x021a05d8       0x14 c:/devkitpro/devkitarm/bin/../lib/gcc/arm-none-eabi/4.7.1/../../../../arm-none-eabi/lib/thumb\libstdc++.a(eh_exception.o)
                0x021a05d8                typeinfo name for std::bad_exception
 .rodata.str1.4
                0x021a05ec       0x23 c:/devkitpro/devkitarm/bin/../lib/gcc/arm-none-eabi/4.7.1/../../../../arm-none-eabi/lib/thumb\libstdc++.a(eh_exception.o)
                                 0x24 (size before relaxing)
 *fill*         0x021a060f        0x1 ff
 .rodata._ZTSN10__cxxabiv119__foreign_exceptionE
                0x021a0610       0x24 c:/devkitpro/devkitarm/bin/../lib/gcc/arm-none-eabi/4.7.1/../../../../arm-none-eabi/lib/thumb\libstdc++.a(eh_exception.o)
                0x021a0610                typeinfo name for __cxxabiv1::__foreign_exception
 .rodata._ZTIN10__cxxabiv119__foreign_exceptionE
                0x021a0634        0x8 c:/devkitpro/devkitarm/bin/../lib/gcc/arm-none-eabi/4.7.1/../../../../arm-none-eabi/lib/thumb\libstdc++.a(eh_exception.o)
                0x021a0634                typeinfo for __cxxabiv1::__foreign_exception
 *fill*         0x021a063c        0x4 ff
 .rodata._ZTVSt13bad_exception
                0x021a0640       0x18 c:/devkitpro/devkitarm/bin/../lib/gcc/arm-none-eabi/4.7.1/../../../../arm-none-eabi/lib/thumb\libstdc++.a(eh_exception.o)
                0x021a0640                vtable for std::bad_exception
 .rodata._ZTSSt9exception
                0x021a0658       0x10 c:/devkitpro/devkitarm/bin/../lib/gcc/arm-none-eabi/4.7.1/../../../../arm-none-eabi/lib/thumb\libstdc++.a(eh_exception.o)
                0x021a0658                typeinfo name for std::exception
 .rodata._ZTVN10__cxxabiv119__foreign_exceptionE
                0x021a0668       0x18 c:/devkitpro/devkitarm/bin/../lib/gcc/arm-none-eabi/4.7.1/../../../../arm-none-eabi/lib/thumb\libstdc++.a(eh_exception.o)
                0x021a0668                vtable for __cxxabiv1::__foreign_exception
 .rodata._ZTSN10__cxxabiv115__forced_unwindE
                0x021a0680       0x20 c:/devkitpro/devkitarm/bin/../lib/gcc/arm-none-eabi/4.7.1/../../../../arm-none-eabi/lib/thumb\libstdc++.a(eh_exception.o)
                0x021a0680                typeinfo name for __cxxabiv1::__forced_unwind
 .rodata._ZTISt13bad_exception
                0x021a06a0        0xc c:/devkitpro/devkitarm/bin/../lib/gcc/arm-none-eabi/4.7.1/../../../../arm-none-eabi/lib/thumb\libstdc++.a(eh_exception.o)
                0x021a06a0                typeinfo for std::bad_exception
 *fill*         0x021a06ac        0x4 ff
 .rodata._ZTVSt9bad_alloc
                0x021a06b0       0x18 c:/devkitpro/devkitarm/bin/../lib/gcc/arm-none-eabi/4.7.1/../../../../arm-none-eabi/lib/thumb\libstdc++.a(bad_alloc.o)
                0x021a06b0                vtable for std::bad_alloc
 .rodata._ZTISt9bad_alloc
                0x021a06c8        0xc c:/devkitpro/devkitarm/bin/../lib/gcc/arm-none-eabi/4.7.1/../../../../arm-none-eabi/lib/thumb\libstdc++.a(bad_alloc.o)
                0x021a06c8                typeinfo for std::bad_alloc
 .rodata.str1.4
                0x021a06d4        0xf c:/devkitpro/devkitarm/bin/../lib/gcc/arm-none-eabi/4.7.1/../../../../arm-none-eabi/lib/thumb\libstdc++.a(bad_alloc.o)
                                 0x10 (size before relaxing)
 *fill*         0x021a06e3        0x1 ff
 .rodata._ZTSSt9bad_alloc
                0x021a06e4       0x10 c:/devkitpro/devkitarm/bin/../lib/gcc/arm-none-eabi/4.7.1/../../../../arm-none-eabi/lib/thumb\libstdc++.a(bad_alloc.o)
                0x021a06e4                typeinfo name for std::bad_alloc
 *fill*         0x021a06f4        0x4 ff
 .rodata._ZTVN10__cxxabiv117__class_type_infoE
                0x021a06f8       0x30 c:/devkitpro/devkitarm/bin/../lib/gcc/arm-none-eabi/4.7.1/../../../../arm-none-eabi/lib/thumb\libstdc++.a(class_type_info.o)
                0x021a06f8                vtable for __cxxabiv1::__class_type_info
 .rodata._ZTIN10__cxxabiv117__class_type_infoE
                0x021a0728        0xc c:/devkitpro/devkitarm/bin/../lib/gcc/arm-none-eabi/4.7.1/../../../../arm-none-eabi/lib/thumb\libstdc++.a(class_type_info.o)
                0x021a0728                typeinfo for __cxxabiv1::__class_type_info
 .rodata._ZTSN10__cxxabiv117__class_type_infoE
                0x021a0734       0x24 c:/devkitpro/devkitarm/bin/../lib/gcc/arm-none-eabi/4.7.1/../../../../arm-none-eabi/lib/thumb\libstdc++.a(class_type_info.o)
                0x021a0734                typeinfo name for __cxxabiv1::__class_type_info
 .rodata._ZSt7nothrow
                0x021a0758        0x4 c:/devkitpro/devkitarm/bin/../lib/gcc/arm-none-eabi/4.7.1/../../../../arm-none-eabi/lib/thumb\libstdc++.a(new_handler.o)
                0x021a0758                std::nothrow
 .rodata.str1.4
                0x021a075c       0x3b c:/devkitpro/devkitarm/bin/../lib/gcc/arm-none-eabi/4.7.1/../../../../arm-none-eabi/lib/thumb\libstdc++.a(pure.o)
                                 0x3c (size before relaxing)
 *fill*         0x021a0797        0x1 ff
 .rodata._ZTVN10__cxxabiv120__si_class_type_infoE
                0x021a0798       0x30 c:/devkitpro/devkitarm/bin/../lib/gcc/arm-none-eabi/4.7.1/../../../../arm-none-eabi/lib/thumb\libstdc++.a(si_class_type_info.o)
                0x021a0798                vtable for __cxxabiv1::__si_class_type_info
 .rodata._ZTIN10__cxxabiv120__si_class_type_infoE
                0x021a07c8        0xc c:/devkitpro/devkitarm/bin/../lib/gcc/arm-none-eabi/4.7.1/../../../../arm-none-eabi/lib/thumb\libstdc++.a(si_class_type_info.o)
                0x021a07c8                typeinfo for __cxxabiv1::__si_class_type_info
 .rodata._ZTSN10__cxxabiv120__si_class_type_infoE
                0x021a07d4       0x28 c:/devkitpro/devkitarm/bin/../lib/gcc/arm-none-eabi/4.7.1/../../../../arm-none-eabi/lib/thumb\libstdc++.a(si_class_type_info.o)
                0x021a07d4                typeinfo name for __cxxabiv1::__si_class_type_info
 .rodata._ZTISt9type_info
                0x021a07fc        0x8 c:/devkitpro/devkitarm/bin/../lib/gcc/arm-none-eabi/4.7.1/../../../../arm-none-eabi/lib/thumb\libstdc++.a(tinfo.o)
                0x021a07fc                typeinfo for std::type_info
 .rodata._ZTSSt9type_info
                0x021a0804       0x10 c:/devkitpro/devkitarm/bin/../lib/gcc/arm-none-eabi/4.7.1/../../../../arm-none-eabi/lib/thumb\libstdc++.a(tinfo.o)
                0x021a0804                typeinfo name for std::type_info
 *fill*         0x021a0814        0x4 ff
 .rodata._ZTVSt9type_info
                0x021a0818       0x20 c:/devkitpro/devkitarm/bin/../lib/gcc/arm-none-eabi/4.7.1/../../../../arm-none-eabi/lib/thumb\libstdc++.a(tinfo.o)
                0x021a0818                vtable for std::type_info
 .rodata.str1.4
                0x021a0838       0x94 c:/devkitpro/devkitarm/bin/../lib/gcc/arm-none-eabi/4.7.1/../../../../arm-none-eabi/lib/thumb\libstdc++.a(vterminate.o)
 .rodata.str1.4
                0x021a08cc      0x75f c:/devkitpro/devkitarm/bin/../lib/gcc/arm-none-eabi/4.7.1/../../../../arm-none-eabi/lib/thumb\libstdc++.a(cp-demangle.o)
                                0x7b4 (size before relaxing)
 *fill*         0x021a102b        0x1 ff
 .rodata.str1.4
                0x021a102c        0x2 c:/devkitpro/devkitarm/bin/../lib/gcc/arm-none-eabi/4.7.1/../../../../arm-none-eabi/lib/thumb\libg.a(lib_a-impure.o)
                                  0x4 (size before relaxing)
 *fill*         0x021a102e        0x2 ff
 .rodata.str1.4
                0x021a1030       0x42 c:/devkitpro/devkitarm/bin/../lib/gcc/arm-none-eabi/4.7.1/../../../../arm-none-eabi/lib/thumb\libg.a(lib_a-svfprintf.o)
                                 0x44 (size before relaxing)
 .rodata.str1.4
                0x00000000       0x30 c:/devkitpro/devkitarm/bin/../lib/gcc/arm-none-eabi/4.7.1/../../../../arm-none-eabi/lib/thumb\libg.a(lib_a-vfiprintf.o)
 *fill*         0x021a1072        0x2 ff
 .rodata.str1.4
                0x021a1074       0x10 c:/devkitpro/devkitarm/bin/../lib/gcc/arm-none-eabi/4.7.1/../../../../arm-none-eabi/lib/thumb\libg.a(lib_a-dtoa.o)
                                 0x14 (size before relaxing)
 .rodata.str1.4
                0x021a1084       0x12 c:/devkitpro/devkitarm/bin/../lib/gcc/arm-none-eabi/4.7.1/../../../../arm-none-eabi/lib/thumb\libg.a(lib_a-jp2uc.o)
                                 0x14 (size before relaxing)
 *fill*         0x021a1096        0x2 ff
 .rodata.str1.4
                0x021a1098      0x10c c:/devkitpro/devkitarm/bin/../lib/gcc/arm-none-eabi/4.7.1/../../../../arm-none-eabi/lib/thumb\libg.a(lib_a-locale.o)
                                0x130 (size before relaxing)
 .rodata.str1.4
                0x00000000        0x4 c:/devkitpro/devkitarm/bin/../lib/gcc/arm-none-eabi/4.7.1/../../../../arm-none-eabi/lib/thumb\libg.a(lib_a-mbrtowc.o)
 .rodata.str1.4
                0x00000000       0x30 c:/devkitpro/devkitarm/bin/../lib/gcc/arm-none-eabi/4.7.1/../../../../arm-none-eabi/lib/thumb\libg.a(lib_a-svfiprintf.o)
 .rodata.str1.4
                0x021a11a4        0x8 c:/devkitpro/devkitarm/bin/../lib/gcc/arm-none-eabi/4.7.1/../../../../arm-none-eabi/lib/thumb\libsysbase.a(iosupport.o)
 *(.gnu.linkonce.r*)
                0x021a11ac                . = ALIGN (0x4)

.ARM.extab      0x021a11ac      0x158
 *(.ARM.extab* .gnu.linkonce.armextab.*)
 .ARM.extab.text._Znwj
                0x021a11ac       0x20 c:/devkitpro/devkitarm/bin/../lib/gcc/arm-none-eabi/4.7.1/../../../../arm-none-eabi/lib/thumb\libstdc++.a(new_op.o)
 .ARM.extab.text._ZN10__cxxabiv1L24__is_gxx_exception_classEPc
                0x021a11cc        0x0 c:/devkitpro/devkitarm/bin/../lib/gcc/arm-none-eabi/4.7.1/../../../../arm-none-eabi/lib/thumb\libstdc++.a(eh_call.o)
 .ARM.extab.text.__cxa_call_terminate
                0x021a11cc        0x0 c:/devkitpro/devkitarm/bin/../lib/gcc/arm-none-eabi/4.7.1/../../../../arm-none-eabi/lib/thumb\libstdc++.a(eh_call.o)
 .ARM.extab.text.__cxa_call_unexpected
                0x021a11cc       0x30 c:/devkitpro/devkitarm/bin/../lib/gcc/arm-none-eabi/4.7.1/../../../../arm-none-eabi/lib/thumb\libstdc++.a(eh_call.o)
 .ARM.extab.text._ZL12read_sleb128PKhPl
                0x021a11fc        0x0 c:/devkitpro/devkitarm/bin/../lib/gcc/arm-none-eabi/4.7.1/../../../../arm-none-eabi/lib/thumb\libstdc++.a(eh_personality.o)
 .ARM.extab.text._ZL28read_encoded_value_with_basehjPKhPj
                0x021a11fc        0xc c:/devkitpro/devkitarm/bin/../lib/gcc/arm-none-eabi/4.7.1/../../../../arm-none-eabi/lib/thumb\libstdc++.a(eh_personality.o)
 .ARM.extab.text._ZL21base_of_encoded_valuehP15_Unwind_Context
                0x021a1208        0xc c:/devkitpro/devkitarm/bin/../lib/gcc/arm-none-eabi/4.7.1/../../../../arm-none-eabi/lib/thumb\libstdc++.a(eh_personality.o)
 .ARM.extab.text._ZL17parse_lsda_headerP15_Unwind_ContextPKhP16lsda_header_info
                0x021a1214        0x0 c:/devkitpro/devkitarm/bin/../lib/gcc/arm-none-eabi/4.7.1/../../../../arm-none-eabi/lib/thumb\libstdc++.a(eh_personality.o)
 .ARM.extab.text.__gxx_personality_v0
                0x021a1214       0x24 c:/devkitpro/devkitarm/bin/../lib/gcc/arm-none-eabi/4.7.1/../../../../arm-none-eabi/lib/thumb\libstdc++.a(eh_personality.o)
 .ARM.extab.text._ZdlPv
                0x021a1238        0x0 c:/devkitpro/devkitarm/bin/../lib/gcc/arm-none-eabi/4.7.1/../../../../arm-none-eabi/lib/thumb\libstdc++.a(del_op.o)
 .ARM.extab.text._ZN10__cxxabiv111__terminateEPFvvE
                0x021a1238       0x28 c:/devkitpro/devkitarm/bin/../lib/gcc/arm-none-eabi/4.7.1/../../../../arm-none-eabi/lib/thumb\libstdc++.a(eh_terminate.o)
 .ARM.extab.text._ZSt9terminatev
                0x021a1260        0x0 c:/devkitpro/devkitarm/bin/../lib/gcc/arm-none-eabi/4.7.1/../../../../arm-none-eabi/lib/thumb\libstdc++.a(eh_terminate.o)
 .ARM.extab.text._ZN10__cxxabiv112__unexpectedEPFvvE
                0x021a1260        0xc c:/devkitpro/devkitarm/bin/../lib/gcc/arm-none-eabi/4.7.1/../../../../arm-none-eabi/lib/thumb\libstdc++.a(eh_terminate.o)
 .ARM.extab.text._ZSt10unexpectedv
                0x021a126c        0xc c:/devkitpro/devkitarm/bin/../lib/gcc/arm-none-eabi/4.7.1/../../../../arm-none-eabi/lib/thumb\libstdc++.a(eh_terminate.o)
 .ARM.extab.text._ZSt13set_terminatePFvvE
                0x021a1278        0x0 c:/devkitpro/devkitarm/bin/../lib/gcc/arm-none-eabi/4.7.1/../../../../arm-none-eabi/lib/thumb\libstdc++.a(eh_terminate.o)
 .ARM.extab.text._ZSt14set_unexpectedPFvvE
                0x021a1278        0x0 c:/devkitpro/devkitarm/bin/../lib/gcc/arm-none-eabi/4.7.1/../../../../arm-none-eabi/lib/thumb\libstdc++.a(eh_terminate.o)
 .ARM.extab.text._ZNSt9exceptionD2Ev
                0x021a1278        0x0 c:/devkitpro/devkitarm/bin/../lib/gcc/arm-none-eabi/4.7.1/../../../../arm-none-eabi/lib/thumb\libstdc++.a(eh_exception.o)
 .ARM.extab.text._ZNSt13bad_exceptionD2Ev
                0x021a1278        0x0 c:/devkitpro/devkitarm/bin/../lib/gcc/arm-none-eabi/4.7.1/../../../../arm-none-eabi/lib/thumb\libstdc++.a(eh_exception.o)
 .ARM.extab.text._ZN10__cxxabiv115__forced_unwindD2Ev
                0x021a1278        0x0 c:/devkitpro/devkitarm/bin/../lib/gcc/arm-none-eabi/4.7.1/../../../../arm-none-eabi/lib/thumb\libstdc++.a(eh_exception.o)
 .ARM.extab.text._ZN10__cxxabiv119__foreign_exceptionD2Ev
                0x021a1278        0x0 c:/devkitpro/devkitarm/bin/../lib/gcc/arm-none-eabi/4.7.1/../../../../arm-none-eabi/lib/thumb\libstdc++.a(eh_exception.o)
 .ARM.extab.text._ZNKSt9exception4whatEv
                0x021a1278        0x0 c:/devkitpro/devkitarm/bin/../lib/gcc/arm-none-eabi/4.7.1/../../../../arm-none-eabi/lib/thumb\libstdc++.a(eh_exception.o)
 .ARM.extab.text._ZNKSt13bad_exception4whatEv
                0x021a1278        0x0 c:/devkitpro/devkitarm/bin/../lib/gcc/arm-none-eabi/4.7.1/../../../../arm-none-eabi/lib/thumb\libstdc++.a(eh_exception.o)
 .ARM.extab.text._ZN10__cxxabiv119__foreign_exceptionD0Ev
                0x021a1278        0x0 c:/devkitpro/devkitarm/bin/../lib/gcc/arm-none-eabi/4.7.1/../../../../arm-none-eabi/lib/thumb\libstdc++.a(eh_exception.o)
 .ARM.extab.text._ZN10__cxxabiv115__forced_unwindD0Ev
                0x021a1278        0x0 c:/devkitpro/devkitarm/bin/../lib/gcc/arm-none-eabi/4.7.1/../../../../arm-none-eabi/lib/thumb\libstdc++.a(eh_exception.o)
 .ARM.extab.text._ZNSt9exceptionD0Ev
                0x021a1278        0x0 c:/devkitpro/devkitarm/bin/../lib/gcc/arm-none-eabi/4.7.1/../../../../arm-none-eabi/lib/thumb\libstdc++.a(eh_exception.o)
 .ARM.extab.text._ZNSt13bad_exceptionD0Ev
                0x021a1278        0x0 c:/devkitpro/devkitarm/bin/../lib/gcc/arm-none-eabi/4.7.1/../../../../arm-none-eabi/lib/thumb\libstdc++.a(eh_exception.o)
 .ARM.extab.text.__cxa_allocate_exception
                0x021a1278        0x0 c:/devkitpro/devkitarm/bin/../lib/gcc/arm-none-eabi/4.7.1/../../../../arm-none-eabi/lib/thumb\libstdc++.a(eh_alloc.o)
 .ARM.extab.text.__cxa_free_exception
                0x021a1278        0x0 c:/devkitpro/devkitarm/bin/../lib/gcc/arm-none-eabi/4.7.1/../../../../arm-none-eabi/lib/thumb\libstdc++.a(eh_alloc.o)
 .ARM.extab.text.__cxa_allocate_dependent_exception
                0x021a1278        0x0 c:/devkitpro/devkitarm/bin/../lib/gcc/arm-none-eabi/4.7.1/../../../../arm-none-eabi/lib/thumb\libstdc++.a(eh_alloc.o)
 .ARM.extab.text.__cxa_free_dependent_exception
                0x021a1278        0x0 c:/devkitpro/devkitarm/bin/../lib/gcc/arm-none-eabi/4.7.1/../../../../arm-none-eabi/lib/thumb\libstdc++.a(eh_alloc.o)
 .ARM.extab.text._ZNKSt9bad_alloc4whatEv
                0x021a1278        0x0 c:/devkitpro/devkitarm/bin/../lib/gcc/arm-none-eabi/4.7.1/../../../../arm-none-eabi/lib/thumb\libstdc++.a(bad_alloc.o)
 .ARM.extab.text._ZNSt9bad_allocD2Ev
                0x021a1278        0x0 c:/devkitpro/devkitarm/bin/../lib/gcc/arm-none-eabi/4.7.1/../../../../arm-none-eabi/lib/thumb\libstdc++.a(bad_alloc.o)
 .ARM.extab.text._ZNSt9bad_allocD0Ev